data/ml_task_data.csv
"product_id","date","sell_price","margin","sales"
"58fba35ac3591d27507b733ea4a6dc1c8b1c2cf04ddbbd6b3d4a4da3a3c8fd3c","2019-11-27",98.89,29.67,58
"58fba35ac3591d27507b733ea4a6dc1c8b1c2cf04ddbbd6b3d4a4da3a3c8fd3c","2019-11-01",98.89,29.67,37
"58fba35ac3591d27507b733ea4a6dc1c8b1c2cf04ddbbd6b3d4a4da3a3c8fd3c","2019-06-09",98.89,29.67,57
"58fba35ac3591d27507b733ea4a6dc1c8b1c2cf04ddbbd6b3d4a4da3a3c8fd3c","2020-05-18",93.39,28.02,56
"58fba35ac3591d27507b733ea4a6dc1c8b1c2cf04ddbbd6b3d4a4da3a3c8fd3c","2020-11-05",93.39,28.02,76
"58fba35ac3591d27507b733ea4a6dc1c8b1c2cf04ddbbd6b3d4a4da3a3c8fd3c","2020-02-10",93.39,28.02,75
"58fba35ac3591d27507b733ea4a6dc1c8b1c2cf04ddbbd6b3d4a4da3a3c8fd3c","2019-04-29",98.89,29.67,28
"58fba35ac3591d27507b733ea4a6dc1c8b1c2cf04ddbbd6b3d4a4da3a3c8fd3c","2019-01-10",81.57,24.47,74
"58fba35ac3591d27507b733ea4a6dc1c8b1c2cf04ddbbd6b3d4a4da3a3c8fd3c","2019-08-31",98.89,29.67,42
"58fba35ac3591d27507b733ea4a6dc1c8b1c2cf04ddbbd6b3d4a4da3a3c8fd3c","2019-10-07",98.89,29.67,36
"58fba35ac3591d27507b733ea4a6dc1c8b1c2cf04ddbbd6b3d4a4da3a3c8fd3c","2020-03-06",120.89,36.27,33
"58fba35ac3591d27507b733ea4a6dc1c8b1c2cf04ddbbd6b3d4a4da3a3c8fd3c","2020-09-01",93.39,28.02,65
"58fba35ac3591d27507b733ea4a6dc1c8b1c2cf04ddbbd6b3d4a4da3a3c8fd3c","2020-06-30",93.39,28.02,53
"58fba35ac3591d27507b733ea4a6dc1c8b1c2cf04ddbbd6b3d4a4da3a3c8fd3c","2020-11-11",98.89,29.67,55
"58fba35ac3591d27507b733ea4a6dc1c8b1c2cf04ddbbd6b3d4a4da3a3c8fd3c","2019-10-30",98.89,29.67,57
"58fba35ac3591d27507b733ea4a6dc1c8b1c2cf04ddbbd6b3d4a4da3a3c8fd3c","2019-11-28",98.89,29.67,24
"58fba35ac3591d27507b733ea4a6dc1c8b1c2cf04ddbbd6b3d4a4da3a3c8fd3c","2019-10-19",98.89,29.67,24
"58fba35ac3591d27507b733ea4a6dc1c8b1c2cf04ddbbd6b3d4a4da3a3c8fd3c","2020-09-12",93.39,28.02,58
"58fba35ac3591d27507b733ea4a6dc1c8b1c2cf04ddbbd6b3d4a4da3a3c8fd3c","2020-06-16",93.39,28.02,66
"58fba35ac3591d27507b733ea4a6dc1c8b1c2cf04ddbbd6b3d4a4da3a3c8fd3c","2019-10-15",98.89,29.67,53
"58fba35ac3591d27507b733ea4a6dc1c8b1c2cf04ddbbd6b3d4a4da3a3c8fd3c","2020-04-24",93.39,28.02,45
"58fba35ac3591d27507b733ea4a6dc1c8b1c2cf04ddbbd6b3d4a4da3a3c8fd3c","2020-07-07",93.39,28.02,71
"58fba35ac3591d27507b733ea4a6dc1c8b1c2cf04ddbbd6b3d4a4da3a3c8fd3c","2020-03-15",120.89,36.27,183
"58fba35ac3591d27507b733ea4a6dc1c8b1c2cf04ddbbd6b3d4a4da3a3c8fd3c","2020-04-02",120.89,36.27,43
"58fba35ac3591d27507b733ea4a6dc1c8b1c2cf04ddbbd6b3d4a4da3a3c8fd3c","2019-12-13",98.89,29.67,57
"58fba35ac3591d27507b733ea4a6dc1c8b1c2cf04ddbbd6b3d4a4da3a3c8fd3c","2019-07-20",98.89,29.67,36
"58fba35ac3591d27507b733ea4a6dc1c8b1c2cf04ddbbd6b3d4a4da3a3c8fd3c","2019-06-10",98.89,29.67,62
"58fba35ac3591d27507b733ea4a6dc1c8b1c2cf04ddbbd6b3d4a4da3a3c8fd3c","2020-03-29",120.89,36.27,33
"58fba35ac3591d27507b733ea4a6dc1c8b1c2cf04ddbbd6b3d4a4da3a3c8fd3c","2020-02-12",93.39,28.02,47
"58fba35ac3591d27507b733ea4a6dc1c8b1c2cf04ddbbd6b3d4a4da3a3c8fd3c","2020-03-27",120.89,36.27,29
"58fba35ac3591d27507b733ea4a6dc1c8b1c2cf04ddbbd6b3d4a4da3a3c8fd3c","2020-12-17",98.89,29.67,38
"58fba35ac3591d27507b733ea4a6dc1c8b1c2cf04ddbbd6b3d4a4da3a3c8fd3c","2020-05-28",93.39,28.02,85
"58fba35ac3591d27507b733ea4a6dc1c8b1c2cf04ddbbd6b3d4a4da3a3c8fd3c","2021-01-01",98.89,29.67,15
"58fba35ac3591d27507b733ea4a6dc1c8b1c2cf04ddbbd6b3d4a4da3a3c8fd3c","2020-08-05",93.39,28.02,36
"58fba35ac3591d27507b733ea4a6dc1c8b1c2cf04ddbbd6b3d4a4da3a3c8fd3c","2020-12-29",98.89,29.67,36
"58fba35ac3591d27507b733ea4a6dc1c8b1c2cf04ddbbd6b3d4a4da3a3c8fd3c","2019-03-01",82.39,24.72,80
"58fba35ac3591d27507b733ea4a6dc1c8b1c2cf04ddbbd6b3d4a4da3a3c8fd3c","2019-12-14",98.89,29.67,36
"58fba35ac3591d27507b733ea4a6dc1c8b1c2cf04ddbbd6b3d4a4da3a3c8fd3c","2019-12-12",98.89,29.67,32
"58fba35ac3591d27507b733ea4a6dc1c8b1c2cf04ddbbd6b3d4a4da3a3c8fd3c","2020-04-28",93.39,28.02,81
"58fba35ac3591d27507b733ea4a6dc1c8b1c2cf04ddbbd6b3d4a4da3a3c8fd3c","2020-03-17",120.89,36.27,86
"58fba35ac3591d27507b733ea4a6dc1c8b1c2cf04ddbbd6b3d4a4da3a3c8fd3c","2019-10-31",98.89,29.67,53
"58fba35ac3591d27507b733ea4a6dc1c8b1c2cf04ddbbd6b3d4a4da3a3c8fd3c","2021-01-12",98.89,29.67,26
"58fba35ac3591d27507b733ea4a6dc1c8b1c2cf04ddbbd6b3d4a4da3a3c8fd3c","2019-12-05",98.89,29.67,24
"58fba35ac3591d27507b733ea4a6dc1c8b1c2cf04ddbbd6b3d4a4da3a3c8fd3c","2020-09-19",54.89,16.47,360
"58fba35ac3591d27507b733ea4a6dc1c8b1c2cf04ddbbd6b3d4a4da3a3c8fd3c","2020-09-04",93.39,28.02,68
"58fba35ac3591d27507b733ea4a6dc1c8b1c2cf04ddbbd6b3d4a4da3a3c8fd3c","2020-03-30",120.89,36.27,40
"58fba35ac3591d27507b733ea4a6dc1c8b1c2cf04ddbbd6b3d4a4da3a3c8fd3c","2020-12-15",98.89,29.67,30
"58fba35ac3591d27507b733ea4a6dc1c8b1c2cf04ddbbd6b3d4a4da3a3c8fd3c","2019-11-23",98.89,29.67,43
"58fba35ac3591d27507b733ea4a6dc1c8b1c2cf04ddbbd6b3d4a4da3a3c8fd3c","2020-07-30",93.39,28.02,82
"58fba35ac3591d27507b733ea4a6dc1c8b1c2cf04ddbbd6b3d4a4da3a3c8fd3c","2019-10-06",54.89,16.47,382
"58fba35ac3591d27507b733ea4a6dc1c8b1c2cf04ddbbd6b3d4a4da3a3c8fd3c","2021-01-27",98.89,29.67,53
"58fba35ac3591d27507b733ea4a6dc1c8b1c2cf04ddbbd6b3d4a4da3a3c8fd3c","2019-03-31",82.39,24.72,58
"58fba35ac3591d27507b733ea4a6dc1c8b1c2cf04ddbbd6b3d4a4da3a3c8fd3c","2020-02-22",93.39,28.02,59
"58fba35ac3591d27507b733ea4a6dc1c8b1c2cf04ddbbd6b3d4a4da3a3c8fd3c","2019-06-05",98.89,29.67,52
"58fba35ac3591d27507b733ea4a6dc1c8b1c2cf04ddbbd6b3d4a4da3a3c8fd3c","2020-04-11",94.51,28.35,52
"58fba35ac3591d27507b733ea4a6dc1c8b1c2cf04ddbbd6b3d4a4da3a3c8fd3c","2019-01-17",82.39,24.72,68
"58fba35ac3591d27507b733ea4a6dc1c8b1c2cf04ddbbd6b3d4a4da3a3c8fd3c","2020-08-19",93.39,28.02,46
"58fba35ac3591d27507b733ea4a6dc1c8b1c2cf04ddbbd6b3d4a4da3a3c8fd3c","2020-05-22",93.39,28.02,48
"58fba35ac3591d27507b733ea4a6dc1c8b1c2cf04ddbbd6b3d4a4da3a3c8fd3c","2019-08-28",98.89,29.67,67
"58fba35ac3591d27507b733ea4a6dc1c8b1c2cf04ddbbd6b3d4a4da3a3c8fd3c","2020-10-25",93.39,28.02,62
"58fba35ac3591d27507b733ea4a6dc1c8b1c2cf04ddbbd6b3d4a4da3a3c8fd3c","2020-05-27",93.39,28.02,103
"58fba35ac3591d27507b733ea4a6dc1c8b1c2cf04ddbbd6b3d4a4da3a3c8fd3c","2020-01-17",93.39,28.02,72
"58fba35ac3591d27507b733ea4a6dc1c8b1c2cf04ddbbd6b3d4a4da3a3c8fd3c","2020-03-02",99.53,29.86,103
"58fba35ac3591d27507b733ea4a6dc1c8b1c2cf04ddbbd6b3d4a4da3a3c8fd3c","2020-12-26",98.89,29.67,36
"58fba35ac3591d27507b733ea4a6dc1c8b1c2cf04ddbbd6b3d4a4da3a3c8fd3c","2019-11-05",98.89,29.67,35
"58fba35ac3591d27507b733ea4a6dc1c8b1c2cf04ddbbd6b3d4a4da3a3c8fd3c","2019-07-18",98.89,29.67,45
"58fba35ac3591d27507b733ea4a6dc1c8b1c2cf04ddbbd6b3d4a4da3a3c8fd3c","2019-09-21",98.89,29.67,27
"58fba35ac3591d27507b733ea4a6dc1c8b1c2cf04ddbbd6b3d4a4da3a3c8fd3c","2019-06-14",98.89,29.67,49
"58fba35ac3591d27507b733ea4a6dc1c8b1c2cf04ddbbd6b3d4a4da3a3c8fd3c","2019-03-08",82.39,24.72,66
"58fba35ac3591d27507b733ea4a6dc1c8b1c2cf04ddbbd6b3d4a4da3a3c8fd3c","2020-12-02",98.89,29.67,36
"58fba35ac3591d27507b733ea4a6dc1c8b1c2cf04ddbbd6b3d4a4da3a3c8fd3c","2020-03-13",120.89,36.27,176
"58fba35ac3591d27507b733ea4a6dc1c8b1c2cf04ddbbd6b3d4a4da3a3c8fd3c","2019-06-27",60.39,18.12,287
"58fba35ac3591d27507b733ea4a6dc1c8b1c2cf04ddbbd6b3d4a4da3a3c8fd3c","2019-02-20",82.39,24.72,59
"58fba35ac3591d27507b733ea4a6dc1c8b1c2cf04ddbbd6b3d4a4da3a3c8fd3c","2019-12-25",98.89,29.67,15
"58fba35ac3591d27507b733ea4a6dc1c8b1c2cf04ddbbd6b3d4a4da3a3c8fd3c","2020-10-08",93.39,28.02,85
"58fba35ac3591d27507b733ea4a6dc1c8b1c2cf04ddbbd6b3d4a4da3a3c8fd3c","2020-08-27",93.39,28.02,73
"58fba35ac3591d27507b733ea4a6dc1c8b1c2cf04ddbbd6b3d4a4da3a3c8fd3c","2019-06-04",98.89,29.67,51
"58fba35ac3591d27507b733ea4a6dc1c8b1c2cf04ddbbd6b3d4a4da3a3c8fd3c","2019-01-29",82.39,24.72,42
"58fba35ac3591d27507b733ea4a6dc1c8b1c2cf04ddbbd6b3d4a4da3a3c8fd3c","2019-06-24",64.23,19.27,261
"58fba35ac3591d27507b733ea4a6dc1c8b1c2cf04ddbbd6b3d4a4da3a3c8fd3c","2020-02-11",93.39,28.02,65
"58fba35ac3591d27507b733ea4a6dc1c8b1c2cf04ddbbd6b3d4a4da3a3c8fd3c","2019-06-28",61.09,18.33,219
"58fba35ac3591d27507b733ea4a6dc1c8b1c2cf04ddbbd6b3d4a4da3a3c8fd3c","2019-10-09",98.89,29.67,33
"58fba35ac3591d27507b733ea4a6dc1c8b1c2cf04ddbbd6b3d4a4da3a3c8fd3c","2020-06-02",93.39,28.02,47
"58fba35ac3591d27507b733ea4a6dc1c8b1c2cf04ddbbd6b3d4a4da3a3c8fd3c","2020-08-17",92.61,27.78,84
"58fba35ac3591d27507b733ea4a6dc1c8b1c2cf04ddbbd6b3d4a4da3a3c8fd3c","2019-01-01",82.39,24.72,19
"58fba35ac3591d27507b733ea4a6dc1c8b1c2cf04ddbbd6b3d4a4da3a3c8fd3c","2019-03-21",54.89,16.47,284
"58fba35ac3591d27507b733ea4a6dc1c8b1c2cf04ddbbd6b3d4a4da3a3c8fd3c","2020-08-18",92.71,27.81,64
"58fba35ac3591d27507b733ea4a6dc1c8b1c2cf04ddbbd6b3d4a4da3a3c8fd3c","2019-01-31",82.39,24.72,61
"58fba35ac3591d27507b733ea4a6dc1c8b1c2cf04ddbbd6b3d4a4da3a3c8fd3c","2020-09-17",54.89,16.47,591
"58fba35ac3591d27507b733ea4a6dc1c8b1c2cf04ddbbd6b3d4a4da3a3c8fd3c","2019-03-03",82.39,24.72,84
"58fba35ac3591d27507b733ea4a6dc1c8b1c2cf04ddbbd6b3d4a4da3a3c8fd3c","2019-09-13",98.89,29.67,47
"58fba35ac3591d27507b733ea4a6dc1c8b1c2cf04ddbbd6b3d4a4da3a3c8fd3c","2020-04-09",95.68,28.70,52
"58fba35ac3591d27507b733ea4a6dc1c8b1c2cf04ddbbd6b3d4a4da3a3c8fd3c","2019-07-01",60.39,18.12,231
"58fba35ac3591d27507b733ea4a6dc1c8b1c2cf04ddbbd6b3d4a4da3a3c8fd3c","2020-02-26",65.89,19.77,1371
"58fba35ac3591d27507b733ea4a6dc1c8b1c2cf04ddbbd6b3d4a4da3a3c8fd3c","2020-01-26",93.39,28.02,78
"58fba35ac3591d27507b733ea4a6dc1c8b1c2cf04ddbbd6b3d4a4da3a3c8fd3c","2020-07-05",93.39,28.02,59
"58fba35ac3591d27507b733ea4a6dc1c8b1c2cf04ddbbd6b3d4a4da3a3c8fd3c","2019-08-01",98.89,29.67,34
"58fba35ac3591d27507b733ea4a6dc1c8b1c2cf04ddbbd6b3d4a4da3a3c8fd3c","2019-01-05",82.39,24.72,77
"58fba35ac3591d27507b733ea4a6dc1c8b1c2cf04ddbbd6b3d4a4da3a3c8fd3c","2019-07-24",60.39,18.12,203
"58fba35ac3591d27507b733ea4a6dc1c8b1c2cf04ddbbd6b3d4a4da3a3c8fd3c","2019-05-18",54.89,16.47,272
"58fba35ac3591d27507b733ea4a6dc1c8b1c2cf04ddbbd6b3d4a4da3a3c8fd3c","2020-10-01",93.39,28.02,94
"58fba35ac3591d27507b733ea4a6dc1c8b1c2cf04ddbbd6b3d4a4da3a3c8fd3c","2020-12-14",98.89,29.67,33
"58fba35ac3591d27507b733ea4a6dc1c8b1c2cf04ddbbd6b3d4a4da3a3c8fd3c","2020-09-21",54.89,16.47,665
"58fba35ac3591d27507b733ea4a6dc1c8b1c2cf04ddbbd6b3d4a4da3a3c8fd3c","2019-02-07",82.39,24.72,71
"58fba35ac3591d27507b733ea4a6dc1c8b1c2cf04ddbbd6b3d4a4da3a3c8fd3c","2020-03-05",120.89,36.27,37
"58fba35ac3591d27507b733ea4a6dc1c8b1c2cf04ddbbd6b3d4a4da3a3c8fd3c","2020-10-29",93.39,28.02,63
"58fba35ac3591d27507b733ea4a6dc1c8b1c2cf04ddbbd6b3d4a4da3a3c8fd3c","2019-07-13",98.89,29.67,39
"58fba35ac3591d27507b733ea4a6dc1c8b1c2cf04ddbbd6b3d4a4da3a3c8fd3c","2020-11-02",93.39,28.02,90
"58fba35ac3591d27507b733ea4a6dc1c8b1c2cf04ddbbd6b3d4a4da3a3c8fd3c","2020-08-12",71.51,21.45,179
"58fba35ac3591d27507b733ea4a6dc1c8b1c2cf04ddbbd6b3d4a4da3a3c8fd3c","2019-09-12",98.89,29.67,23
"58fba35ac3591d27507b733ea4a6dc1c8b1c2cf04ddbbd6b3d4a4da3a3c8fd3c","2019-05-15",54.89,16.47,438
"58fba35ac3591d27507b733ea4a6dc1c8b1c2cf04ddbbd6b3d4a4da3a3c8fd3c","2020-12-25",98.89,29.67,16
"58fba35ac3591d27507b733ea4a6dc1c8b1c2cf04ddbbd6b3d4a4da3a3c8fd3c","2019-04-20",98.89,29.67,33
"58fba35ac3591d27507b733ea4a6dc1c8b1c2cf04ddbbd6b3d4a4da3a3c8fd3c","2020-07-15",93.39,28.02,84
"58fba35ac3591d27507b733ea4a6dc1c8b1c2cf04ddbbd6b3d4a4da3a3c8fd3c","2020-09-09",93.39,28.02,82
"58fba35ac3591d27507b733ea4a6dc1c8b1c2cf04ddbbd6b3d4a4da3a3c8fd3c","2020-10-30",93.39,28.02,53
"58fba35ac3591d27507b733ea4a6dc1c8b1c2cf04ddbbd6b3d4a4da3a3c8fd3c","2019-10-10",98.89,29.67,53
"58fba35ac3591d27507b733ea4a6dc1c8b1c2cf04ddbbd6b3d4a4da3a3c8fd3c","2019-11-22",98.89,29.67,43
"58fba35ac3591d27507b733ea4a6dc1c8b1c2cf04ddbbd6b3d4a4da3a3c8fd3c","2020-11-25",98.89,29.67,33
"58fba35ac3591d27507b733ea4a6dc1c8b1c2cf04ddbbd6b3d4a4da3a3c8fd3c","2019-10-20",98.89,29.67,66
"58fba35ac3591d27507b733ea4a6dc1c8b1c2cf04ddbbd6b3d4a4da3a3c8fd3c","2019-08-02",98.89,29.67,57
"58fba35ac3591d27507b733ea4a6dc1c8b1c2cf04ddbbd6b3d4a4da3a3c8fd3c","2020-08-31",93.39,28.02,76
"58fba35ac3591d27507b733ea4a6dc1c8b1c2cf04ddbbd6b3d4a4da3a3c8fd3c","2020-12-06",98.89,29.67,26
"58fba35ac3591d27507b733ea4a6dc1c8b1c2cf04ddbbd6b3d4a4da3a3c8fd3c","2020-12-16",98.89,29.67,47
"58fba35ac3591d27507b733ea4a6dc1c8b1c2cf04ddbbd6b3d4a4da3a3c8fd3c","2019-01-16",82.39,24.72,43
"58fba35ac3591d27507b733ea4a6dc1c8b1c2cf04ddbbd6b3d4a4da3a3c8fd3c","2019-11-12",98.89,29.67,38
"58fba35ac3591d27507b733ea4a6dc1c8b1c2cf04ddbbd6b3d4a4da3a3c8fd3c","2020-02-03",93.39,28.02,54
"58fba35ac3591d27507b733ea4a6dc1c8b1c2cf04ddbbd6b3d4a4da3a3c8fd3c","2019-05-22",98.89,29.67,17
"58fba35ac3591d27507b733ea4a6dc1c8b1c2cf04ddbbd6b3d4a4da3a3c8fd3c","2019-11-13",98.89,29.67,61
"58fba35ac3591d27507b733ea4a6dc1c8b1c2cf04ddbbd6b3d4a4da3a3c8fd3c","2020-06-11",93.39,28.02,63
"58fba35ac3591d27507b733ea4a6dc1c8b1c2cf04ddbbd6b3d4a4da3a3c8fd3c","2020-03-03",120.89,36.27,34
"58fba35ac3591d27507b733ea4a6dc1c8b1c2cf04ddbbd6b3d4a4da3a3c8fd3c","2020-09-25",54.89,16.47,557
"58fba35ac3591d27507b733ea4a6dc1c8b1c2cf04ddbbd6b3d4a4da3a3c8fd3c","2021-01-14",98.89,29.67,50
"58fba35ac3591d27507b733ea4a6dc1c8b1c2cf04ddbbd6b3d4a4da3a3c8fd3c","2020-07-02",93.39,28.02,77
"58fba35ac3591d27507b733ea4a6dc1c8b1c2cf04ddbbd6b3d4a4da3a3c8fd3c","2019-02-12",82.39,24.72,42
"58fba35ac3591d27507b733ea4a6dc1c8b1c2cf04ddbbd6b3d4a4da3a3c8fd3c","2020-02-02",93.39,28.02,43
"58fba35ac3591d27507b733ea4a6dc1c8b1c2cf04ddbbd6b3d4a4da3a3c8fd3c","2021-01-10",98.89,29.67,26
"58fba35ac3591d27507b733ea4a6dc1c8b1c2cf04ddbbd6b3d4a4da3a3c8fd3c","2019-01-12",82.39,24.72,70
"58fba35ac3591d27507b733ea4a6dc1c8b1c2cf04ddbbd6b3d4a4da3a3c8fd3c","2019-05-24",98.89,29.67,42
"58fba35ac3591d27507b733ea4a6dc1c8b1c2cf04ddbbd6b3d4a4da3a3c8fd3c","2020-10-06",93.39,28.02,49
"58fba35ac3591d27507b733ea4a6dc1c8b1c2cf04ddbbd6b3d4a4da3a3c8fd3c","2020-04-26",93.39,28.02,48
"58fba35ac3591d27507b733ea4a6dc1c8b1c2cf04ddbbd6b3d4a4da3a3c8fd3c","2020-07-04",93.39,28.02,37
"58fba35ac3591d27507b733ea4a6dc1c8b1c2cf04ddbbd6b3d4a4da3a3c8fd3c","2019-09-05",98.89,29.67,39
"58fba35ac3591d27507b733ea4a6dc1c8b1c2cf04ddbbd6b3d4a4da3a3c8fd3c","2019-05-12",98.89,29.67,35
"58fba35ac3591d27507b733ea4a6dc1c8b1c2cf04ddbbd6b3d4a4da3a3c8fd3c","2020-08-09",93.39,28.02,46
"58fba35ac3591d27507b733ea4a6dc1c8b1c2cf04ddbbd6b3d4a4da3a3c8fd3c","2019-06-20",98.89,29.67,50
"58fba35ac3591d27507b733ea4a6dc1c8b1c2cf04ddbbd6b3d4a4da3a3c8fd3c","2019-09-30",54.89,16.47,557
"58fba35ac3591d27507b733ea4a6dc1c8b1c2cf04ddbbd6b3d4a4da3a3c8fd3c","2019-08-14",98.89,29.67,69
"58fba35ac3591d27507b733ea4a6dc1c8b1c2cf04ddbbd6b3d4a4da3a3c8fd3c","2019-04-14",82.39,24.72,63
"58fba35ac3591d27507b733ea4a6dc1c8b1c2cf04ddbbd6b3d4a4da3a3c8fd3c","2019-08-21",98.89,29.67,38
"58fba35ac3591d27507b733ea4a6dc1c8b1c2cf04ddbbd6b3d4a4da3a3c8fd3c","2021-01-05",98.89,29.67,24
"58fba35ac3591d27507b733ea4a6dc1c8b1c2cf04ddbbd6b3d4a4da3a3c8fd3c","2020-10-15",93.39,28.02,86
"58fba35ac3591d27507b733ea4a6dc1c8b1c2cf04ddbbd6b3d4a4da3a3c8fd3c","2020-02-25",65.89,19.77,785
"58fba35ac3591d27507b733ea4a6dc1c8b1c2cf04ddbbd6b3d4a4da3a3c8fd3c","2020-12-03",98.89,29.67,53
"58fba35ac3591d27507b733ea4a6dc1c8b1c2cf04ddbbd6b3d4a4da3a3c8fd3c","2019-11-06",98.89,29.67,64
"58fba35ac3591d27507b733ea4a6dc1c8b1c2cf04ddbbd6b3d4a4da3a3c8fd3c","2019-03-04",82.39,24.72,47
"58fba35ac3591d27507b733ea4a6dc1c8b1c2cf04ddbbd6b3d4a4da3a3c8fd3c","2020-09-29",54.89,16.47,483
"58fba35ac3591d27507b733ea4a6dc1c8b1c2cf04ddbbd6b3d4a4da3a3c8fd3c","2019-11-07",98.89,29.67,63
"58fba35ac3591d27507b733ea4a6dc1c8b1c2cf04ddbbd6b3d4a4da3a3c8fd3c","2020-07-21",93.39,28.02,62
"58fba35ac3591d27507b733ea4a6dc1c8b1c2cf04ddbbd6b3d4a4da3a3c8fd3c","2019-03-15",82.39,24.72,66
"58fba35ac3591d27507b733ea4a6dc1c8b1c2cf04ddbbd6b3d4a4da3a3c8fd3c","2019-01-21",66.51,19.95,160
"58fba35ac3591d27507b733ea4a6dc1c8b1c2cf04ddbbd6b3d4a4da3a3c8fd3c","2020-12-21",98.89,29.67,33
"58fba35ac3591d27507b733ea4a6dc1c8b1c2cf04ddbbd6b3d4a4da3a3c8fd3c","2019-08-06",54.89,16.47,356
"58fba35ac3591d27507b733ea4a6dc1c8b1c2cf04ddbbd6b3d4a4da3a3c8fd3c","2020-05-04",93.39,28.02,53
"58fba35ac3591d27507b733ea4a6dc1c8b1c2cf04ddbbd6b3d4a4da3a3c8fd3c","2019-05-03",98.89,29.67,38
"58fba35ac3591d27507b733ea4a6dc1c8b1c2cf04ddbbd6b3d4a4da3a3c8fd3c","2019-06-22",98.89,29.67,55
"58fba35ac3591d27507b733ea4a6dc1c8b1c2cf04ddbbd6b3d4a4da3a3c8fd3c","2019-08-19",98.89,29.67,37
"58fba35ac3591d27507b733ea4a6dc1c8b1c2cf04ddbbd6b3d4a4da3a3c8fd3c","2019-04-05",82.39,24.72,72
"58fba35ac3591d27507b733ea4a6dc1c8b1c2cf04ddbbd6b3d4a4da3a3c8fd3c","2019-03-26",82.39,24.72,71
"58fba35ac3591d27507b733ea4a6dc1c8b1c2cf04ddbbd6b3d4a4da3a3c8fd3c","2020-05-26",93.39,28.02,48
"58fba35ac3591d27507b733ea4a6dc1c8b1c2cf04ddbbd6b3d4a4da3a3c8fd3c","2019-03-20",54.89,16.47,188
"58fba35ac3591d27507b733ea4a6dc1c8b1c2cf04ddbbd6b3d4a4da3a3c8fd3c","2020-01-10",93.39,28.02,68
"58fba35ac3591d27507b733ea4a6dc1c8b1c2cf04ddbbd6b3d4a4da3a3c8fd3c","2019-05-10",98.89,29.67,24
"58fba35ac3591d27507b733ea4a6dc1c8b1c2cf04ddbbd6b3d4a4da3a3c8fd3c","2020-11-03",93.39,28.02,63
"58fba35ac3591d27507b733ea4a6dc1c8b1c2cf04ddbbd6b3d4a4da3a3c8fd3c","2019-04-18",98.89,29.67,57
"58fba35ac3591d27507b733ea4a6dc1c8b1c2cf04ddbbd6b3d4a4da3a3c8fd3c","2020-09-10",93.39,28.02,98
"58fba35ac3591d27507b733ea4a6dc1c8b1c2cf04ddbbd6b3d4a4da3a3c8fd3c","2020-07-10",93.02,27.90,62
"58fba35ac3591d27507b733ea4a6dc1c8b1c2cf04ddbbd6b3d4a4da3a3c8fd3c","2019-11-18",98.89,29.67,63
"58fba35ac3591d27507b733ea4a6dc1c8b1c2cf04ddbbd6b3d4a4da3a3c8fd3c","2020-03-10",120.89,36.27,192
"58fba35ac3591d27507b733ea4a6dc1c8b1c2cf04ddbbd6b3d4a4da3a3c8fd3c","2020-11-20",98.89,29.67,34
"58fba35ac3591d27507b733ea4a6dc1c8b1c2cf04ddbbd6b3d4a4da3a3c8fd3c","2020-10-27",93.39,28.02,64
"58fba35ac3591d27507b733ea4a6dc1c8b1c2cf04ddbbd6b3d4a4da3a3c8fd3c","2019-05-19",54.89,16.47,336
"58fba35ac3591d27507b733ea4a6dc1c8b1c2cf04ddbbd6b3d4a4da3a3c8fd3c","2020-04-08",120.89,36.27,31
"58fba35ac3591d27507b733ea4a6dc1c8b1c2cf04ddbbd6b3d4a4da3a3c8fd3c","2019-08-05",54.90,16.47,345
"58fba35ac3591d27507b733ea4a6dc1c8b1c2cf04ddbbd6b3d4a4da3a3c8fd3c","2020-08-24",93.39,28.02,56
"58fba35ac3591d27507b733ea4a6dc1c8b1c2cf04ddbbd6b3d4a4da3a3c8fd3c","2020-01-24",93.39,28.02,76
"58fba35ac3591d27507b733ea4a6dc1c8b1c2cf04ddbbd6b3d4a4da3a3c8fd3c","2019-10-25",65.89,19.77,310
"58fba35ac3591d27507b733ea4a6dc1c8b1c2cf04ddbbd6b3d4a4da3a3c8fd3c","2019-09-10",98.89,29.67,25
