data/ml_task_data.csv
"product_id","date","sell_price","margin","sales"
"58fba35ac3591d27507b733ea4a6dc1c8b1c2cf04ddbbd6b3d4a4da3a3c8fd3c","2019-03-18",54.89,16.47,251
"58fba35ac3591d27507b733ea4a6dc1c8b1c2cf04ddbbd6b3d4a4da3a3c8fd3c","2019-07-02",60.39,18.12,254
"58fba35ac3591d27507b733ea4a6dc1c8b1c2cf04ddbbd6b3d4a4da3a3c8fd3c","2020-04-10",93.39,28.02,63
"58fba35ac3591d27507b733ea4a6dc1c8b1c2cf04ddbbd6b3d4a4da3a3c8fd3c","2021-01-04",98.89,29.67,45
"58fba35ac3591d27507b733ea4a6dc1c8b1c2cf04ddbbd6b3d4a4da3a3c8fd3c","2021-01-11",98.89,29.67,48
"58fba35ac3591d27507b733ea4a6dc1c8b1c2cf04ddbbd6b3d4a4da3a3c8fd3c","2019-05-04",98.89,29.67,23
"58fba35ac3591d27507b733ea4a6dc1c8b1c2cf04ddbbd6b3d4a4da3a3c8fd3c","2020-12-28",98.89,29.67,49
"58fba35ac3591d27507b733ea4a6dc1c8b1c2cf04ddbbd6b3d4a4da3a3c8fd3c","2020-06-07",93.39,28.02,62
"58fba35ac3591d27507b733ea4a6dc1c8b1c2cf04ddbbd6b3d4a4da3a3c8fd3c","2020-01-12",92.64,27.79,65
"58fba35ac3591d27507b733ea4a6dc1c8b1c2cf04ddbbd6b3d4a4da3a3c8fd3c","2019-07-27",60.39,18.12,196
"58fba35ac3591d27507b733ea4a6dc1c8b1c2cf04ddbbd6b3d4a4da3a3c8fd3c","2019-02-19",82.39,24.72,72
"58fba35ac3591d27507b733ea4a6dc1c8b1c2cf04ddbbd6b3d4a4da3a3c8fd3c","2021-01-25",98.89,29.67,53
"58fba35ac3591d27507b733ea4a6dc1c8b1c2cf04ddbbd6b3d4a4da3a3c8fd3c","2020-08-11",71.39,21.42,114
"58fba35ac3591d27507b733ea4a6dc1c8b1c2cf04ddbbd6b3d4a4da3a3c8fd3c","2020-09-27",54.89,16.47,470
"58fba35ac3591d27507b733ea4a6dc1c8b1c2cf04ddbbd6b3d4a4da3a3c8fd3c","2020-12-01",98.89,29.67,26
"58fba35ac3591d27507b733ea4a6dc1c8b1c2cf04ddbbd6b3d4a4da3a3c8fd3c","2021-01-19",98.89,29.67,40
"58fba35ac3591d27507b733ea4a6dc1c8b1c2cf04ddbbd6b3d4a4da3a3c8fd3c","2021-01-15",98.89,29.67,45
"58fba35ac3591d27507b733ea4a6dc1c8b1c2cf04ddbbd6b3d4a4da3a3c8fd3c","2020-10-24",93.39,28.02,47
"58fba35ac3591d27507b733ea4a6dc1c8b1c2cf04ddbbd6b3d4a4da3a3c8fd3c","2019-12-16",98.89,29.67,62
"58fba35ac3591d27507b733ea4a6dc1c8b1c2cf04ddbbd6b3d4a4da3a3c8fd3c","2019-04-09",82.39,24.72,47
"58fba35ac3591d27507b733ea4a6dc1c8b1c2cf04ddbbd6b3d4a4da3a3c8fd3c","2020-09-24",54.89,16.47,544
"58fba35ac3591d27507b733ea4a6dc1c8b1c2cf04ddbbd6b3d4a4da3a3c8fd3c","2020-07-26",93.39,28.02,51
"58fba35ac3591d27507b733ea4a6dc1c8b1c2cf04ddbbd6b3d4a4da3a3c8fd3c","2019-09-09",98.89,29.67,35
"58fba35ac3591d27507b733ea4a6dc1c8b1c2cf04ddbbd6b3d4a4da3a3c8fd3c","2019-06-02",98.89,29.67,33
"58fba35ac3591d27507b733ea4a6dc1c8b1c2cf04ddbbd6b3d4a4da3a3c8fd3c","2019-11-08",98.89,29.67,52
"58fba35ac3591d27507b733ea4a6dc1c8b1c2cf04ddbbd6b3d4a4da3a3c8fd3c","2019-08-04",96.33,28.90,60
"58fba35ac3591d27507b733ea4a6dc1c8b1c2cf04ddbbd6b3d4a4da3a3c8fd3c","2020-12-31",98.89,29.67,4
"58fba35ac3591d27507b733ea4a6dc1c8b1c2cf04ddbbd6b3d4a4da3a3c8fd3c","2020-11-19",98.89,29.67,77
"58fba35ac3591d27507b733ea4a6dc1c8b1c2cf04ddbbd6b3d4a4da3a3c8fd3c","2020-05-05",92.72,27.82,73
"58fba35ac3591d27507b733ea4a6dc1c8b1c2cf04ddbbd6b3d4a4da3a3c8fd3c","2020-12-10",98.89,29.67,36
"58fba35ac3591d27507b733ea4a6dc1c8b1c2cf04ddbbd6b3d4a4da3a3c8fd3c","2021-01-02",98.89,29.67,73
"58fba35ac3591d27507b733ea4a6dc1c8b1c2cf04ddbbd6b3d4a4da3a3c8fd3c","2020-02-20",93.39,28.02,61
"58fba35ac3591d27507b733ea4a6dc1c8b1c2cf04ddbbd6b3d4a4da3a3c8fd3c","2019-10-13",98.89,29.67,36
"58fba35ac3591d27507b733ea4a6dc1c8b1c2cf04ddbbd6b3d4a4da3a3c8fd3c","2020-02-23",93.39,28.02,61
"58fba35ac3591d27507b733ea4a6dc1c8b1c2cf04ddbbd6b3d4a4da3a3c8fd3c","2019-04-23",98.89,29.67,48
"58fba35ac3591d27507b733ea4a6dc1c8b1c2cf04ddbbd6b3d4a4da3a3c8fd3c","2020-11-12",98.89,29.67,68
"58fba35ac3591d27507b733ea4a6dc1c8b1c2cf04ddbbd6b3d4a4da3a3c8fd3c","2019-11-21",98.89,29.67,59
"58fba35ac3591d27507b733ea4a6dc1c8b1c2cf04ddbbd6b3d4a4da3a3c8fd3c","2020-05-15",93.39,28.02,81
"58fba35ac3591d27507b733ea4a6dc1c8b1c2cf04ddbbd6b3d4a4da3a3c8fd3c","2019-07-25",60.39,18.12,289
"58fba35ac3591d27507b733ea4a6dc1c8b1c2cf04ddbbd6b3d4a4da3a3c8fd3c","2019-09-15",98.89,29.67,35
"58fba35ac3591d27507b733ea4a6dc1c8b1c2cf04ddbbd6b3d4a4da3a3c8fd3c","2019-03-14",82.39,24.72,87
"58fba35ac3591d27507b733ea4a6dc1c8b1c2cf04ddbbd6b3d4a4da3a3c8fd3c","2021-01-08",98.89,29.67,26
"58fba35ac3591d27507b733ea4a6dc1c8b1c2cf04ddbbd6b3d4a4da3a3c8fd3c","2019-07-05",98.89,29.67,30
"58fba35ac3591d27507b733ea4a6dc1c8b1c2cf04ddbbd6b3d4a4da3a3c8fd3c","2019-06-16",98.89,29.67,41
"58fba35ac3591d27507b733ea4a6dc1c8b1c2cf04ddbbd6b3d4a4da3a3c8fd3c","2019-05-28",98.89,29.67,55
"58fba35ac3591d27507b733ea4a6dc1c8b1c2cf04ddbbd6b3d4a4da3a3c8fd3c","2020-10-17",93.39,28.02,47
"58fba35ac3591d27507b733ea4a6dc1c8b1c2cf04ddbbd6b3d4a4da3a3c8fd3c","2020-04-16",93.97,28.19,102
"58fba35ac3591d27507b733ea4a6dc1c8b1c2cf04ddbbd6b3d4a4da3a3c8fd3c","2020-01-14",93.39,28.02,58
"58fba35ac3591d27507b733ea4a6dc1c8b1c2cf04ddbbd6b3d4a4da3a3c8fd3c","2019-07-04",98.89,29.67,50
"58fba35ac3591d27507b733ea4a6dc1c8b1c2cf04ddbbd6b3d4a4da3a3c8fd3c","2020-12-23",98.89,29.67,7
"58fba35ac3591d27507b733ea4a6dc1c8b1c2cf04ddbbd6b3d4a4da3a3c8fd3c","2019-05-27",98.89,29.67,49
"58fba35ac3591d27507b733ea4a6dc1c8b1c2cf04ddbbd6b3d4a4da3a3c8fd3c","2020-08-14",71.39,21.42,155
"58fba35ac3591d27507b733ea4a6dc1c8b1c2cf04ddbbd6b3d4a4da3a3c8fd3c","2020-09-06",93.39,28.02,54
"58fba35ac3591d27507b733ea4a6dc1c8b1c2cf04ddbbd6b3d4a4da3a3c8fd3c","2019-09-28",98.89,29.67,16
"58fba35ac3591d27507b733ea4a6dc1c8b1c2cf04ddbbd6b3d4a4da3a3c8fd3c","2020-05-31",93.39,28.02,56
"58fba35ac3591d27507b733ea4a6dc1c8b1c2cf04ddbbd6b3d4a4da3a3c8fd3c","2019-05-17",54.89,16.47,363
"58fba35ac3591d27507b733ea4a6dc1c8b1c2cf04ddbbd6b3d4a4da3a3c8fd3c","2020-08-02",93.39,28.02,92
"58fba35ac3591d27507b733ea4a6dc1c8b1c2cf04ddbbd6b3d4a4da3a3c8fd3c","2020-10-09",93.39,28.02,51
"58fba35ac3591d27507b733ea4a6dc1c8b1c2cf04ddbbd6b3d4a4da3a3c8fd3c","2020-08-16",71.39,21.42,200
"58fba35ac3591d27507b733ea4a6dc1c8b1c2cf04ddbbd6b3d4a4da3a3c8fd3c","2019-01-02",82.39,24.72,41
"58fba35ac3591d27507b733ea4a6dc1c8b1c2cf04ddbbd6b3d4a4da3a3c8fd3c","2020-10-14",93.39,28.02,68
"58fba35ac3591d27507b733ea4a6dc1c8b1c2cf04ddbbd6b3d4a4da3a3c8fd3c","2020-04-30",93.39,28.02,64
"58fba35ac3591d27507b733ea4a6dc1c8b1c2cf04ddbbd6b3d4a4da3a3c8fd3c","2019-03-09",82.39,24.72,60
"58fba35ac3591d27507b733ea4a6dc1c8b1c2cf04ddbbd6b3d4a4da3a3c8fd3c","2019-08-26",98.89,29.67,58
"58fba35ac3591d27507b733ea4a6dc1c8b1c2cf04ddbbd6b3d4a4da3a3c8fd3c","2019-06-29",60.39,18.12,167
"58fba35ac3591d27507b733ea4a6dc1c8b1c2cf04ddbbd6b3d4a4da3a3c8fd3c","2020-04-23",93.39,28.02,82
"58fba35ac3591d27507b733ea4a6dc1c8b1c2cf04ddbbd6b3d4a4da3a3c8fd3c","2020-11-13",98.89,29.67,48
"58fba35ac3591d27507b733ea4a6dc1c8b1c2cf04ddbbd6b3d4a4da3a3c8fd3c","2020-06-14",93.39,28.02,60
"58fba35ac3591d27507b733ea4a6dc1c8b1c2cf04ddbbd6b3d4a4da3a3c8fd3c","2020-03-23",120.89,36.27,42
"58fba35ac3591d27507b733ea4a6dc1c8b1c2cf04ddbbd6b3d4a4da3a3c8fd3c","2020-01-04",93.39,28.02,66
"58fba35ac3591d27507b733ea4a6dc1c8b1c2cf04ddbbd6b3d4a4da3a3c8fd3c","2020-07-23",93.39,28.02,50
"58fba35ac3591d27507b733ea4a6dc1c8b1c2cf04ddbbd6b3d4a4da3a3c8fd3c","2020-06-04",93.39,28.02,88
"58fba35ac3591d27507b733ea4a6dc1c8b1c2cf04ddbbd6b3d4a4da3a3c8fd3c","2020-09-05",93.39,28.02,75
"58fba35ac3591d27507b733ea4a6dc1c8b1c2cf04ddbbd6b3d4a4da3a3c8fd3c","2019-02-15",82.39,24.72,30
"58fba35ac3591d27507b733ea4a6dc1c8b1c2cf04ddbbd6b3d4a4da3a3c8fd3c","2020-11-28",98.89,29.67,85
"58fba35ac3591d27507b733ea4a6dc1c8b1c2cf04ddbbd6b3d4a4da3a3c8fd3c","2020-01-13",93.39,28.02,58
"58fba35ac3591d27507b733ea4a6dc1c8b1c2cf04ddbbd6b3d4a4da3a3c8fd3c","2020-10-07",93.39,28.02,39
"58fba35ac3591d27507b733ea4a6dc1c8b1c2cf04ddbbd6b3d4a4da3a3c8fd3c","2019-10-08",98.89,29.67,40
"58fba35ac3591d27507b733ea4a6dc1c8b1c2cf04ddbbd6b3d4a4da3a3c8fd3c","2019-09-25",98.89,29.67,44
"58fba35ac3591d27507b733ea4a6dc1c8b1c2cf04ddbbd6b3d4a4da3a3c8fd3c","2019-11-03",98.89,29.67,46
"58fba35ac3591d27507b733ea4a6dc1c8b1c2cf04ddbbd6b3d4a4da3a3c8fd3c","2019-12-23",98.89,29.67,26
"58fba35ac3591d27507b733ea4a6dc1c8b1c2cf04ddbbd6b3d4a4da3a3c8fd3c","2020-01-03",93.39,28.02,51
"58fba35ac3591d27507b733ea4a6dc1c8b1c2cf04ddbbd6b3d4a4da3a3c8fd3c","2019-08-18",98.89,29.67,28
"58fba35ac3591d27507b733ea4a6dc1c8b1c2cf04ddbbd6b3d4a4da3a3c8fd3c","2020-12-11",98.89,29.67,44
"58fba35ac3591d27507b733ea4a6dc1c8b1c2cf04ddbbd6b3d4a4da3a3c8fd3c","2020-06-24",93.39,28.02,87
"58fba35ac3591d27507b733ea4a6dc1c8b1c2cf04ddbbd6b3d4a4da3a3c8fd3c","2019-03-16",82.39,24.72,56
"58fba35ac3591d27507b733ea4a6dc1c8b1c2cf04ddbbd6b3d4a4da3a3c8fd3c","2020-04-29",93.39,28.02,73
"58fba35ac3591d27507b733ea4a6dc1c8b1c2cf04ddbbd6b3d4a4da3a3c8fd3c","2020-09-11",93.39,28.02,65
"58fba35ac3591d27507b733ea4a6dc1c8b1c2cf04ddbbd6b3d4a4da3a3c8fd3c","2020-03-04",120.89,36.27,27
"58fba35ac3591d27507b733ea4a6dc1c8b1c2cf04ddbbd6b3d4a4da3a3c8fd3c","2020-08-01",93.39,28.02,45
"58fba35ac3591d27507b733ea4a6dc1c8b1c2cf04ddbbd6b3d4a4da3a3c8fd3c","2019-08-23",98.89,29.67,47
"58fba35ac3591d27507b733ea4a6dc1c8b1c2cf04ddbbd6b3d4a4da3a3c8fd3c","2020-11-17",98.89,29.67,63
"58fba35ac3591d27507b733ea4a6dc1c8b1c2cf04ddbbd6b3d4a4da3a3c8fd3c","2019-07-03",98.89,29.67,65
"58fba35ac3591d27507b733ea4a6dc1c8b1c2cf04ddbbd6b3d4a4da3a3c8fd3c","2020-11-26",98.89,29.67,43
"58fba35ac3591d27507b733ea4a6dc1c8b1c2cf04ddbbd6b3d4a4da3a3c8fd3c","2019-09-14",98.89,29.67,39
"58fba35ac3591d27507b733ea4a6dc1c8b1c2cf04ddbbd6b3d4a4da3a3c8fd3c","2020-05-10",93.39,28.02,86
"58fba35ac3591d27507b733ea4a6dc1c8b1c2cf04ddbbd6b3d4a4da3a3c8fd3c","2020-07-13",93.39,28.02,49
"58fba35ac3591d27507b733ea4a6dc1c8b1c2cf04ddbbd6b3d4a4da3a3c8fd3c","2020-12-09",98.89,29.67,39
"58fba35ac3591d27507b733ea4a6dc1c8b1c2cf04ddbbd6b3d4a4da3a3c8fd3c","2020-06-19",93.39,28.02,59
"58fba35ac3591d27507b733ea4a6dc1c8b1c2cf04ddbbd6b3d4a4da3a3c8fd3c","2019-12-19",98.89,29.67,38
"58fba35ac3591d27507b733ea4a6dc1c8b1c2cf04ddbbd6b3d4a4da3a3c8fd3c","2020-08-13",71.39,21.42,205
"58fba35ac3591d27507b733ea4a6dc1c8b1c2cf04ddbbd6b3d4a4da3a3c8fd3c","2020-07-27",93.39,28.02,65
"58fba35ac3591d27507b733ea4a6dc1c8b1c2cf04ddbbd6b3d4a4da3a3c8fd3c","2020-02-19",93.39,28.02,50
"58fba35ac3591d27507b733ea4a6dc1c8b1c2cf04ddbbd6b3d4a4da3a3c8fd3c","2020-05-16",92.69,27.81,35
"58fba35ac3591d27507b733ea4a6dc1c8b1c2cf04ddbbd6b3d4a4da3a3c8fd3c","2020-05-17",93.39,28.02,58
"58fba35ac3591d27507b733ea4a6dc1c8b1c2cf04ddbbd6b3d4a4da3a3c8fd3c","2020-09-03",93.39,28.02,80
"58fba35ac3591d27507b733ea4a6dc1c8b1c2cf04ddbbd6b3d4a4da3a3c8fd3c","2020-03-11",120.74,36.22,205
"58fba35ac3591d27507b733ea4a6dc1c8b1c2cf04ddbbd6b3d4a4da3a3c8fd3c","2019-09-17",98.89,29.67,37
"58fba35ac3591d27507b733ea4a6dc1c8b1c2cf04ddbbd6b3d4a4da3a3c8fd3c","2020-11-10",97.56,29.27,122
"58fba35ac3591d27507b733ea4a6dc1c8b1c2cf04ddbbd6b3d4a4da3a3c8fd3c","2019-02-22",82.39,24.72,54
"58fba35ac3591d27507b733ea4a6dc1c8b1c2cf04ddbbd6b3d4a4da3a3c8fd3c","2020-02-04",93.39,28.02,72
"58fba35ac3591d27507b733ea4a6dc1c8b1c2cf04ddbbd6b3d4a4da3a3c8fd3c","2020-11-27",98.89,29.67,66
"58fba35ac3591d27507b733ea4a6dc1c8b1c2cf04ddbbd6b3d4a4da3a3c8fd3c","2020-08-21",93.39,28.02,66
"58fba35ac3591d27507b733ea4a6dc1c8b1c2cf04ddbbd6b3d4a4da3a3c8fd3c","2019-12-31",96.89,29.07,11
"58fba35ac3591d27507b733ea4a6dc1c8b1c2cf04ddbbd6b3d4a4da3a3c8fd3c","2020-04-25",93.39,28.02,39
"58fba35ac3591d27507b733ea4a6dc1c8b1c2cf04ddbbd6b3d4a4da3a3c8fd3c","2019-03-30",82.39,24.72,56
"58fba35ac3591d27507b733ea4a6dc1c8b1c2cf04ddbbd6b3d4a4da3a3c8fd3c","2019-09-26",98.89,29.67,54
"58fba35ac3591d27507b733ea4a6dc1c8b1c2cf04ddbbd6b3d4a4da3a3c8fd3c","2020-07-31",93.39,28.02,65
"58fba35ac3591d27507b733ea4a6dc1c8b1c2cf04ddbbd6b3d4a4da3a3c8fd3c","2019-05-08",98.89,29.67,47
"58fba35ac3591d27507b733ea4a6dc1c8b1c2cf04ddbbd6b3d4a4da3a3c8fd3c","2020-04-13",93.39,28.02,64
"58fba35ac3591d27507b733ea4a6dc1c8b1c2cf04ddbbd6b3d4a4da3a3c8fd3c","2020-11-18",98.89,29.67,60
"58fba35ac3591d27507b733ea4a6dc1c8b1c2cf04ddbbd6b3d4a4da3a3c8fd3c","2019-02-05",82.39,24.72,52
"58fba35ac3591d27507b733ea4a6dc1c8b1c2cf04ddbbd6b3d4a4da3a3c8fd3c","2019-12-07",98.89,29.67,40
"58fba35ac3591d27507b733ea4a6dc1c8b1c2cf04ddbbd6b3d4a4da3a3c8fd3c","2020-11-21",98.89,29.67,57
"58fba35ac3591d27507b733ea4a6dc1c8b1c2cf04ddbbd6b3d4a4da3a3c8fd3c","2020-04-20",93.39,28.02,103
"58fba35ac3591d27507b733ea4a6dc1c8b1c2cf04ddbbd6b3d4a4da3a3c8fd3c","2020-05-21",93.39,28.02,52
"58fba35ac3591d27507b733ea4a6dc1c8b1c2cf04ddbbd6b3d4a4da3a3c8fd3c","2020-05-29",93.39,28.02,45
"58fba35ac3591d27507b733ea4a6dc1c8b1c2cf04ddbbd6b3d4a4da3a3c8fd3c","2019-08-30",98.89,29.67,49
"58fba35ac3591d27507b733ea4a6dc1c8b1c2cf04ddbbd6b3d4a4da3a3c8fd3c","2019-07-14",98.89,29.67,35
"58fba35ac3591d27507b733ea4a6dc1c8b1c2cf04ddbbd6b3d4a4da3a3c8fd3c","2020-12-08",98.89,29.67,30
"58fba35ac3591d27507b733ea4a6dc1c8b1c2cf04ddbbd6b3d4a4da3a3c8fd3c","2021-01-26",98.89,29.67,47
"58fba35ac3591d27507b733ea4a6dc1c8b1c2cf04ddbbd6b3d4a4da3a3c8fd3c","2020-05-20",93.39,28.02,58
"58fba35ac3591d27507b733ea4a6dc1c8b1c2cf04ddbbd6b3d4a4da3a3c8fd3c","2020-04-21",93.39,28.02,83
"58fba35ac3591d27507b733ea4a6dc1c8b1c2cf04ddbbd6b3d4a4da3a3c8fd3c","2020-01-08",93.39,28.02,67
"58fba35ac3591d27507b733ea4a6dc1c8b1c2cf04ddbbd6b3d4a4da3a3c8fd3c","2020-05-11",93.39,28.02,79
"58fba35ac3591d27507b733ea4a6dc1c8b1c2cf04ddbbd6b3d4a4da3a3c8fd3c","2020-10-11",93.39,28.02,61
"58fba35ac3591d27507b733ea4a6dc1c8b1c2cf04ddbbd6b3d4a4da3a3c8fd3c","2019-01-09",82.39,24.72,73
"58fba35ac3591d27507b733ea4a6dc1c8b1c2cf04ddbbd6b3d4a4da3a3c8fd3c","2020-06-05",93.39,28.02,78
"58fba35ac3591d27507b733ea4a6dc1c8b1c2cf04ddbbd6b3d4a4da3a3c8fd3c","2019-07-08",98.89,29.67,57
"58fba35ac3591d27507b733ea4a6dc1c8b1c2cf04ddbbd6b3d4a4da3a3c8fd3c","2019-02-23",82.39,24.72,51
"58fba35ac3591d27507b733ea4a6dc1c8b1c2cf04ddbbd6b3d4a4da3a3c8fd3c","2019-09-02",98.89,29.67,73
"58fba35ac3591d27507b733ea4a6dc1c8b1c2cf04ddbbd6b3d4a4da3a3c8fd3c","2020-02-29",65.89,19.77,269
"58fba35ac3591d27507b733ea4a6dc1c8b1c2cf04ddbbd6b3d4a4da3a3c8fd3c","2019-02-18",82.39,24.72,35
"58fba35ac3591d27507b733ea4a6dc1c8b1c2cf04ddbbd6b3d4a4da3a3c8fd3c","2019-06-30",60.39,18.12,245
"58fba35ac3591d27507b733ea4a6dc1c8b1c2cf04ddbbd6b3d4a4da3a3c8fd3c","2019-01-20",82.39,24.72,61
"58fba35ac3591d27507b733ea4a6dc1c8b1c2cf04ddbbd6b3d4a4da3a3c8fd3c","2019-03-05",82.39,24.72,77
"58fba35ac3591d27507b733ea4a6dc1c8b1c2cf04ddbbd6b3d4a4da3a3c8fd3c","2019-08-13",98.89,29.67,29
"58fba35ac3591d27507b733ea4a6dc1c8b1c2cf04ddbbd6b3d4a4da3a3c8fd3c","2021-01-16",98.89,29.67,40
"58fba35ac3591d27507b733ea4a6dc1c8b1c2cf04ddbbd6b3d4a4da3a3c8fd3c","2019-04-28",98.89,29.67,12
"58fba35ac3591d27507b733ea4a6dc1c8b1c2cf04ddbbd6b3d4a4da3a3c8fd3c","2020-03-14",120.89,36.27,157
"58fba35ac3591d27507b733ea4a6dc1c8b1c2cf04ddbbd6b3d4a4da3a3c8fd3c","2019-01-04",82.39,24.72,77
"58fba35ac3591d27507b733ea4a6dc1c8b1c2cf04ddbbd6b3d4a4da3a3c8fd3c","2020-04-04",120.89,36.27,34
"58fba35ac3591d27507b733ea4a6dc1c8b1c2cf04ddbbd6b3d4a4da3a3c8fd3c","2019-01-22",65.89,19.77,197
"58fba35ac3591d27507b733ea4a6dc1c8b1c2cf04ddbbd6b3d4a4da3a3c8fd3c","2019-02-06",82.39,24.72,46
"58fba35ac3591d27507b733ea4a6dc1c8b1c2cf04ddbbd6b3d4a4da3a3c8fd3c","2019-05-31",98.89,29.67,77
"58fba35ac3591d27507b733ea4a6dc1c8b1c2cf04ddbbd6b3d4a4da3a3c8fd3c","2019-10-12",98.89,29.67,34
"58fba35ac3591d27507b733ea4a6dc1c8b1c2cf04ddbbd6b3d4a4da3a3c8fd3c","2019-04-16",82.39,24.72,76
"58fba35ac3591d27507b733ea4a6dc1c8b1c2cf04ddbbd6b3d4a4da3a3c8fd3c","2020-10-18",93.39,28.02,39
"58fba35ac3591d27507b733ea4a6dc1c8b1c2cf04ddbbd6b3d4a4da3a3c8fd3c","2019-11-02",98.89,29.67,42
"58fba35ac3591d27507b733ea4a6dc1c8b1c2cf04ddbbd6b3d4a4da3a3c8fd3c","2019-10-29",98.89,29.67,36
"58fba35ac3591d27507b733ea4a6dc1c8b1c2cf04ddbbd6b3d4a4da3a3c8fd3c","2019-06-07",98.89,29.67,46
"58fba35ac3591d27507b733ea4a6dc1c8b1c2cf04ddbbd6b3d4a4da3a3c8fd3c","2020-08-30",93.39,28.02,104
"58fba35ac3591d27507b733ea4a6dc1c8b1c2cf04ddbbd6b3d4a4da3a3c8fd3c","2020-03-22",120.89,36.27,38
"58fba35ac3591d27507b733ea4a6dc1c8b1c2cf04ddbbd6b3d4a4da3a3c8fd3c","2019-07-12",98.89,29.67,48
"58fba35ac3591d27507b733ea4a6dc1c8b1c2cf04ddbbd6b3d4a4da3a3c8fd3c","2020-04-27",93.39,28.02,88
"58fba35ac3591d27507b733ea4a6dc1c8b1c2cf04ddbbd6b3d4a4da3a3c8fd3c","2020-08-23",93.39,28.02,86
"58fba35ac3591d27507b733ea4a6dc1c8b1c2cf04ddbbd6b3d4a4da3a3c8fd3c","2019-02-11",82.39,24.72,74
"58fba35ac3591d27507b733ea4a6dc1c8b1c2cf04ddbbd6b3d4a4da3a3c8fd3c","2020-09-30",54.89,16.47,387
"58fba35ac3591d27507b733ea4a6dc1c8b1c2cf04ddbbd6b3d4a4da3a3c8fd3c","2019-05-21",98.89,29.67,26
"58fba35ac3591d27507b733ea4a6dc1c8b1c2cf04ddbbd6b3d4a4da3a3c8fd3c","2019-06-03",98.89,29.67,55
"58fba35ac3591d27507b733ea4a6dc1c8b1c2cf04ddbbd6b3d4a4da3a3c8fd3c","2020-05-24",93.39,28.02,32
"58fba35ac3591d27507b733ea4a6dc1c8b1c2cf04ddbbd6b3d4a4da3a3c8fd3c","2020-03-31",120.89,36.27,33
"58fba35ac3591d27507b733ea4a6dc1c8b1c2cf04ddbbd6b3d4a4da3a3c8fd3c","2019-06-01",98.89,29.67,38
"58fba35ac3591d27507b733ea4a6dc1c8b1c2cf04ddbbd6b3d4a4da3a3c8fd3c","2019-12-02",98.89,29.67,56
"58fba35ac3591d27507b733ea4a6dc1c8b1c2cf04ddbbd6b3d4a4da3a3c8fd3c","2019-12-28",98.89,29.67,34
"58fba35ac3591d27507b733ea4a6dc1c8b1c2cf04ddbbd6b3d4a4da3a3c8fd3c","2019-08-20",98.89,29.67,25
"58fba35ac3591d27507b733ea4a6dc1c8b1c2cf04ddbbd6b3d4a4da3a3c8fd3c","2020-11-14",98.89,29.67,58
"58fba35ac3591d27507b733ea4a6dc1c8b1c2cf04ddbbd6b3d4a4da3a3c8fd3c","2020-02-27",65.89,19.77,355
"58fba35ac3591d27507b733ea4a6dc1c8b1c2cf04ddbbd6b3d4a4da3a3c8fd3c","2020-06-22",93.39,28.02,53
"58fba35ac3591d27507b733ea4a6dc1c8b1c2cf04ddbbd6b3d4a4da3a3c8fd3c","2019-12-30",98.89,29.67,28
"58fba35ac3591d27507b733ea4a6dc1c8b1c2cf04ddbbd6b3d4a4da3a3c8fd3c","2020-05-07",93.39,28.02,74
"58fba35ac3591d27507b733ea4a6dc1c8b1c2cf04ddbbd6b3d4a4da3a3c8fd3c","2020-01-20",93.39,28.02,57
"58fba35ac3591d27507b733ea4a6dc1c8b1c2cf04ddbbd6b3d4a4da3a3c8fd3c","2019-12-18",98.89,29.67,41
"58fba35ac3591d27507b733ea4a6dc1c8b1c2cf04ddbbd6b3d4a4da3a3c8fd3c","2020-09-02",93.39,28.02,45
"58fba35ac3591d27507b733ea4a6dc1c8b1c2cf04ddbbd6b3d4a4da3a3c8fd3c","2019-09-03",98.89,29.67,38
"58fba35ac3591d27507b733ea4a6dc1c8b1c2cf04ddbbd6b3d4a4da3a3c8fd3c","2019-03-25",82.39,24.72,66
"58fba35ac3591d27507b733ea4a6dc1c8b1c2cf04ddbbd6b3d4a4da3a3c8fd3c","2020-08-07",93.39,28.02,54
"58fba35ac3591d27507b733ea4a6dc1c8b1c2cf04ddbbd6b3d4a4da3a3c8fd3c","2020-04-18",93.39,28.02,53
