data/ml_task_data.csv
"product_id","date","sell_price","margin","sales"
"58fba35ac3591d27507b733ea4a6dc1c8b1c2cf04ddbbd6b3d4a4da3a3c8fd3c","2020-03-24",120.89,36.27,35
"58fba35ac3591d27507b733ea4a6dc1c8b1c2cf04ddbbd6b3d4a4da3a3c8fd3c","2019-11-09",98.89,29.67,47
"58fba35ac3591d27507b733ea4a6dc1c8b1c2cf04ddbbd6b3d4a4da3a3c8fd3c","2019-10-01",54.89,16.47,658
"58fba35ac3591d27507b733ea4a6dc1c8b1c2cf04ddbbd6b3d4a4da3a3c8fd3c","2020-11-04",93.39,28.02,73
"58fba35ac3591d27507b733ea4a6dc1c8b1c2cf04ddbbd6b3d4a4da3a3c8fd3c","2019-02-03",82.39,24.72,53
"58fba35ac3591d27507b733ea4a6dc1c8b1c2cf04ddbbd6b3d4a4da3a3c8fd3c","2020-12-12",98.89,29.67,29
"58fba35ac3591d27507b733ea4a6dc1c8b1c2cf04ddbbd6b3d4a4da3a3c8fd3c","2019-10-23",65.89,19.77,241
"58fba35ac3591d27507b733ea4a6dc1c8b1c2cf04ddbbd6b3d4a4da3a3c8fd3c","2020-06-26",93.39,28.02,76
"58fba35ac3591d27507b733ea4a6dc1c8b1c2cf04ddbbd6b3d4a4da3a3c8fd3c","2020-04-19",93.39,28.02,65
"58fba35ac3591d27507b733ea4a6dc1c8b1c2cf04ddbbd6b3d4a4da3a3c8fd3c","2020-08-10",71.76,21.53,176
"58fba35ac3591d27507b733ea4a6dc1c8b1c2cf04ddbbd6b3d4a4da3a3c8fd3c","2020-07-22",93.39,28.02,70
"58fba35ac3591d27507b733ea4a6dc1c8b1c2cf04ddbbd6b3d4a4da3a3c8fd3c","2020-10-20",93.39,28.02,49
"58fba35ac3591d27507b733ea4a6dc1c8b1c2cf04ddbbd6b3d4a4da3a3c8fd3c","2020-01-25",93.39,28.02,82
"58fba35ac3591d27507b733ea4a6dc1c8b1c2cf04ddbbd6b3d4a4da3a3c8fd3c","2019-09-01",98.89,29.67,68
"58fba35ac3591d27507b733ea4a6dc1c8b1c2cf04ddbbd6b3d4a4da3a3c8fd3c","2019-11-29",98.89,29.67,45
"58fba35ac3591d27507b733ea4a6dc1c8b1c2cf04ddbbd6b3d4a4da3a3c8fd3c","2020-10-22",93.39,28.02,70
"58fba35ac3591d27507b733ea4a6dc1c8b1c2cf04ddbbd6b3d4a4da3a3c8fd3c","2020-06-03",93.39,28.02,59
"58fba35ac3591d27507b733ea4a6dc1c8b1c2cf04ddbbd6b3d4a4da3a3c8fd3c","2020-09-26",54.89,16.47,463
"58fba35ac3591d27507b733ea4a6dc1c8b1c2cf04ddbbd6b3d4a4da3a3c8fd3c","2020-03-08",120.89,36.27,22
"58fba35ac3591d27507b733ea4a6dc1c8b1c2cf04ddbbd6b3d4a4da3a3c8fd3c","2020-11-08",93.39,28.02,58
"58fba35ac3591d27507b733ea4a6dc1c8b1c2cf04ddbbd6b3d4a4da3a3c8fd3c","2019-01-13",82.39,24.72,69
"58fba35ac3591d27507b733ea4a6dc1c8b1c2cf04ddbbd6b3d4a4da3a3c8fd3c","2019-08-09",54.89,16.47,314
"58fba35ac3591d27507b733ea4a6dc1c8b1c2cf04ddbbd6b3d4a4da3a3c8fd3c","2020-08-25",93.39,28.02,56
"58fba35ac3591d27507b733ea4a6dc1c8b1c2cf04ddbbd6b3d4a4da3a3c8fd3c","2020-04-03",120.89,36.27,35
"58fba35ac3591d27507b733ea4a6dc1c8b1c2cf04ddbbd6b3d4a4da3a3c8fd3c","2019-03-29",82.39,24.72,75
"58fba35ac3591d27507b733ea4a6dc1c8b1c2cf04ddbbd6b3d4a4da3a3c8fd3c","2020-04-07",120.89,36.27,42
"58fba35ac3591d27507b733ea4a6dc1c8b1c2cf04ddbbd6b3d4a4da3a3c8fd3c","2019-08-24",98.89,29.67,19
"58fba35ac3591d27507b733ea4a6dc1c8b1c2cf04ddbbd6b3d4a4da3a3c8fd3c","2019-10-28",98.89,29.67,39
"58fba35ac3591d27507b733ea4a6dc1c8b1c2cf04ddbbd6b3d4a4da3a3c8fd3c","2019-05-25",98.89,29.67,47
"58fba35ac3591d27507b733ea4a6dc1c8b1c2cf04ddbbd6b3d4a4da3a3c8fd3c","2020-07-08",93.39,28.02,65
"58fba35ac3591d27507b733ea4a6dc1c8b1c2cf04ddbbd6b3d4a4da3a3c8fd3c","2019-02-02",82.39,24.72,33
"58fba35ac3591d27507b733ea4a6dc1c8b1c2cf04ddbbd6b3d4a4da3a3c8fd3c","2019-12-08",98.89,29.67,25
"58fba35ac3591d27507b733ea4a6dc1c8b1c2cf04ddbbd6b3d4a4da3a3c8fd3c","2020-07-09",93.39,28.02,62
"58fba35ac3591d27507b733ea4a6dc1c8b1c2cf04ddbbd6b3d4a4da3a3c8fd3c","2020-04-15",93.39,28.02,82
"58fba35ac3591d27507b733ea4a6dc1c8b1c2cf04ddbbd6b3d4a4da3a3c8fd3c","2020-01-01",93.39,28.02,25
"58fba35ac3591d27507b733ea4a6dc1c8b1c2cf04ddbbd6b3d4a4da3a3c8fd3c","2019-04-03",82.39,24.72,73
"58fba35ac3591d27507b733ea4a6dc1c8b1c2cf04ddbbd6b3d4a4da3a3c8fd3c","2020-02-07",93.39,28.02,41
"58fba35ac3591d27507b733ea4a6dc1c8b1c2cf04ddbbd6b3d4a4da3a3c8fd3c","2020-05-19",93.39,28.02,91
"58fba35ac3591d27507b733ea4a6dc1c8b1c2cf04ddbbd6b3d4a4da3a3c8fd3c","2019-02-09",82.39,24.72,60
"58fba35ac3591d27507b733ea4a6dc1c8b1c2cf04ddbbd6b3d4a4da3a3c8fd3c","2020-03-16",120.89,36.27,92
"58fba35ac3591d27507b733ea4a6dc1c8b1c2cf04ddbbd6b3d4a4da3a3c8fd3c","2020-01-09",93.39,28.02,72
"58fba35ac3591d27507b733ea4a6dc1c8b1c2cf04ddbbd6b3d4a4da3a3c8fd3c","2019-12-20",98.89,29.67,44
"58fba35ac3591d27507b733ea4a6dc1c8b1c2cf04ddbbd6b3d4a4da3a3c8fd3c","2020-07-20",93.39,28.02,94
"58fba35ac3591d27507b733ea4a6dc1c8b1c2cf04ddbbd6b3d4a4da3a3c8fd3c","2019-12-21",98.89,29.67,29
"58fba35ac3591d27507b733ea4a6dc1c8b1c2cf04ddbbd6b3d4a4da3a3c8fd3c","2019-01-18",82.39,24.72,60
"58fba35ac3591d27507b733ea4a6dc1c8b1c2cf04ddbbd6b3d4a4da3a3c8fd3c","2019-12-10",98.89,29.67,33
"58fba35ac3591d27507b733ea4a6dc1c8b1c2cf04ddbbd6b3d4a4da3a3c8fd3c","2019-04-21",98.89,29.67,26
"58fba35ac3591d27507b733ea4a6dc1c8b1c2cf04ddbbd6b3d4a4da3a3c8fd3c","2019-03-23",54.89,16.47,171
"58fba35ac3591d27507b733ea4a6dc1c8b1c2cf04ddbbd6b3d4a4da3a3c8fd3c","2021-01-23",98.89,29.67,32
"58fba35ac3591d27507b733ea4a6dc1c8b1c2cf04ddbbd6b3d4a4da3a3c8fd3c","2019-12-29",98.89,29.67,35
"58fba35ac3591d27507b733ea4a6dc1c8b1c2cf04ddbbd6b3d4a4da3a3c8fd3c","2019-03-10",82.39,24.72,57
"58fba35ac3591d27507b733ea4a6dc1c8b1c2cf04ddbbd6b3d4a4da3a3c8fd3c","2019-11-04",98.89,29.67,41
"58fba35ac3591d27507b733ea4a6dc1c8b1c2cf04ddbbd6b3d4a4da3a3c8fd3c","2020-12-04",98.89,29.67,15
"58fba35ac3591d27507b733ea4a6dc1c8b1c2cf04ddbbd6b3d4a4da3a3c8fd3c","2019-01-03",82.39,24.72,66
"58fba35ac3591d27507b733ea4a6dc1c8b1c2cf04ddbbd6b3d4a4da3a3c8fd3c","2019-12-27",98.89,29.67,28
"58fba35ac3591d27507b733ea4a6dc1c8b1c2cf04ddbbd6b3d4a4da3a3c8fd3c","2019-02-26",82.39,24.72,49
"58fba35ac3591d27507b733ea4a6dc1c8b1c2cf04ddbbd6b3d4a4da3a3c8fd3c","2019-10-26",65.89,19.77,164
"58fba35ac3591d27507b733ea4a6dc1c8b1c2cf04ddbbd6b3d4a4da3a3c8fd3c","2019-11-10",98.89,29.67,60
"58fba35ac3591d27507b733ea4a6dc1c8b1c2cf04ddbbd6b3d4a4da3a3c8fd3c","2020-06-29",93.39,28.02,89
"58fba35ac3591d27507b733ea4a6dc1c8b1c2cf04ddbbd6b3d4a4da3a3c8fd3c","2019-08-15",98.89,29.67,42
"58fba35ac3591d27507b733ea4a6dc1c8b1c2cf04ddbbd6b3d4a4da3a3c8fd3c","2020-03-28",120.89,36.27,41
"58fba35ac3591d27507b733ea4a6dc1c8b1c2cf04ddbbd6b3d4a4da3a3c8fd3c","2020-03-20",120.89,36.27,100
"58fba35ac3591d27507b733ea4a6dc1c8b1c2cf04ddbbd6b3d4a4da3a3c8fd3c","2020-12-20",98.89,29.67,55
"58fba35ac3591d27507b733ea4a6dc1c8b1c2cf04ddbbd6b3d4a4da3a3c8fd3c","2019-03-27",82.39,24.72,67
"58fba35ac3591d27507b733ea4a6dc1c8b1c2cf04ddbbd6b3d4a4da3a3c8fd3c","2020-11-30",98.89,29.67,23
"58fba35ac3591d27507b733ea4a6dc1c8b1c2cf04ddbbd6b3d4a4da3a3c8fd3c","2021-01-09",98.89,29.67,52
"58fba35ac3591d27507b733ea4a6dc1c8b1c2cf04ddbbd6b3d4a4da3a3c8fd3c","2020-01-22",93.39,28.02,45
"58fba35ac3591d27507b733ea4a6dc1c8b1c2cf04ddbbd6b3d4a4da3a3c8fd3c","2019-02-17",82.39,24.72,45
"58fba35ac3591d27507b733ea4a6dc1c8b1c2cf04ddbbd6b3d4a4da3a3c8fd3c","2020-10-23",93.39,28.02,59
"58fba35ac3591d27507b733ea4a6dc1c8b1c2cf04ddbbd6b3d4a4da3a3c8fd3c","2019-04-25",98.89,29.67,30
"58fba35ac3591d27507b733ea4a6dc1c8b1c2cf04ddbbd6b3d4a4da3a3c8fd3c","2019-07-28",60.39,18.12,254
"58fba35ac3591d27507b733ea4a6dc1c8b1c2cf04ddbbd6b3d4a4da3a3c8fd3c","2019-10-04",54.89,16.47,549
"58fba35ac3591d27507b733ea4a6dc1c8b1c2cf04ddbbd6b3d4a4da3a3c8fd3c","2019-10-18",98.89,29.67,29
"58fba35ac3591d27507b733ea4a6dc1c8b1c2cf04ddbbd6b3d4a4da3a3c8fd3c","2019-04-06",82.39,24.72,60
"58fba35ac3591d27507b733ea4a6dc1c8b1c2cf04ddbbd6b3d4a4da3a3c8fd3c","2020-07-03",93.39,28.02,53
"58fba35ac3591d27507b733ea4a6dc1c8b1c2cf04ddbbd6b3d4a4da3a3c8fd3c","2019-09-16",98.89,29.67,55
"58fba35ac3591d27507b733ea4a6dc1c8b1c2cf04ddbbd6b3d4a4da3a3c8fd3c","2019-12-26",98.89,29.67,34
"58fba35ac3591d27507b733ea4a6dc1c8b1c2cf04ddbbd6b3d4a4da3a3c8fd3c","2020-06-09",93.39,28.02,99
"58fba35ac3591d27507b733ea4a6dc1c8b1c2cf04ddbbd6b3d4a4da3a3c8fd3c","2019-02-04",82.39,24.72,105
"58fba35ac3591d27507b733ea4a6dc1c8b1c2cf04ddbbd6b3d4a4da3a3c8fd3c","2019-06-26",60.39,18.12,265
"58fba35ac3591d27507b733ea4a6dc1c8b1c2cf04ddbbd6b3d4a4da3a3c8fd3c","2019-04-12",82.39,24.72,99
"58fba35ac3591d27507b733ea4a6dc1c8b1c2cf04ddbbd6b3d4a4da3a3c8fd3c","2019-07-17",98.89,29.67,51
"58fba35ac3591d27507b733ea4a6dc1c8b1c2cf04ddbbd6b3d4a4da3a3c8fd3c","2019-02-16",82.39,24.72,49
"58fba35ac3591d27507b733ea4a6dc1c8b1c2cf04ddbbd6b3d4a4da3a3c8fd3c","2020-05-30",93.39,28.02,33
"58fba35ac3591d27507b733ea4a6dc1c8b1c2cf04ddbbd6b3d4a4da3a3c8fd3c","2019-04-08",82.39,24.72,59
"58fba35ac3591d27507b733ea4a6dc1c8b1c2cf04ddbbd6b3d4a4da3a3c8fd3c","2021-01-18",98.89,29.67,32
"58fba35ac3591d27507b733ea4a6dc1c8b1c2cf04ddbbd6b3d4a4da3a3c8fd3c","2019-04-13",82.39,24.72,75
"58fba35ac3591d27507b733ea4a6dc1c8b1c2cf04ddbbd6b3d4a4da3a3c8fd3c","2020-12-13",98.89,29.67,47
"58fba35ac3591d27507b733ea4a6dc1c8b1c2cf04ddbbd6b3d4a4da3a3c8fd3c","2019-04-26",98.89,29.67,27
"58fba35ac3591d27507b733ea4a6dc1c8b1c2cf04ddbbd6b3d4a4da3a3c8fd3c","2019-05-05",97.86,29.36,32
"58fba35ac3591d27507b733ea4a6dc1c8b1c2cf04ddbbd6b3d4a4da3a3c8fd3c","2019-11-14",98.89,29.67,27
"58fba35ac3591d27507b733ea4a6dc1c8b1c2cf04ddbbd6b3d4a4da3a3c8fd3c","2020-01-11",93.39,28.02,68
"58fba35ac3591d27507b733ea4a6dc1c8b1c2cf04ddbbd6b3d4a4da3a3c8fd3c","2020-02-05",93.39,28.02,45
"58fba35ac3591d27507b733ea4a6dc1c8b1c2cf04ddbbd6b3d4a4da3a3c8fd3c","2019-08-12",98.89,29.67,55
"58fba35ac3591d27507b733ea4a6dc1c8b1c2cf04ddbbd6b3d4a4da3a3c8fd3c","2020-06-15",93.39,28.02,133
"58fba35ac3591d27507b733ea4a6dc1c8b1c2cf04ddbbd6b3d4a4da3a3c8fd3c","2019-10-17",98.89,29.67,45
"58fba35ac3591d27507b733ea4a6dc1c8b1c2cf04ddbbd6b3d4a4da3a3c8fd3c","2020-10-10",93.39,28.02,61
"58fba35ac3591d27507b733ea4a6dc1c8b1c2cf04ddbbd6b3d4a4da3a3c8fd3c","2020-09-14",54.89,16.47,646
"58fba35ac3591d27507b733ea4a6dc1c8b1c2cf04ddbbd6b3d4a4da3a3c8fd3c","2020-08-29",93.39,28.02,89
"58fba35ac3591d27507b733ea4a6dc1c8b1c2cf04ddbbd6b3d4a4da3a3c8fd3c","2019-02-27",82.39,24.72,56
"58fba35ac3591d27507b733ea4a6dc1c8b1c2cf04ddbbd6b3d4a4da3a3c8fd3c","2019-02-10",82.39,24.72,87
"58fba35ac3591d27507b733ea4a6dc1c8b1c2cf04ddbbd6b3d4a4da3a3c8fd3c","2020-10-04",93.39,28.02,71
"58fba35ac3591d27507b733ea4a6dc1c8b1c2cf04ddbbd6b3d4a4da3a3c8fd3c","2020-05-02",93.39,28.02,35
"58fba35ac3591d27507b733ea4a6dc1c8b1c2cf04ddbbd6b3d4a4da3a3c8fd3c","2019-07-29",98.89,29.67,39
"58fba35ac3591d27507b733ea4a6dc1c8b1c2cf04ddbbd6b3d4a4da3a3c8fd3c","2020-06-12",93.39,28.02,67
"58fba35ac3591d27507b733ea4a6dc1c8b1c2cf04ddbbd6b3d4a4da3a3c8fd3c","2020-01-21",93.39,28.02,64
"58fba35ac3591d27507b733ea4a6dc1c8b1c2cf04ddbbd6b3d4a4da3a3c8fd3c","2020-12-07",98.89,29.67,31
"58fba35ac3591d27507b733ea4a6dc1c8b1c2cf04ddbbd6b3d4a4da3a3c8fd3c","2021-01-13",98.89,29.67,38
"58fba35ac3591d27507b733ea4a6dc1c8b1c2cf04ddbbd6b3d4a4da3a3c8fd3c","2019-02-14",82.39,24.72,55
"58fba35ac3591d27507b733ea4a6dc1c8b1c2cf04ddbbd6b3d4a4da3a3c8fd3c","2019-02-21",82.39,24.72,54
"58fba35ac3591d27507b733ea4a6dc1c8b1c2cf04ddbbd6b3d4a4da3a3c8fd3c","2019-04-02",82.39,24.72,51
"58fba35ac3591d27507b733ea4a6dc1c8b1c2cf04ddbbd6b3d4a4da3a3c8fd3c","2019-06-15",98.89,29.67,37
"58fba35ac3591d27507b733ea4a6dc1c8b1c2cf04ddbbd6b3d4a4da3a3c8fd3c","2019-09-04",98.89,29.67,23
"58fba35ac3591d27507b733ea4a6dc1c8b1c2cf04ddbbd6b3d4a4da3a3c8fd3c","2019-06-21",98.89,29.67,49
"58fba35ac3591d27507b733ea4a6dc1c8b1c2cf04ddbbd6b3d4a4da3a3c8fd3c","2019-01-15",82.39,24.72,62
"58fba35ac3591d27507b733ea4a6dc1c8b1c2cf04ddbbd6b3d4a4da3a3c8fd3c","2019-05-07",98.89,29.67,37
"58fba35ac3591d27507b733ea4a6dc1c8b1c2cf04ddbbd6b3d4a4da3a3c8fd3c","2020-04-06",120.89,36.27,44
"58fba35ac3591d27507b733ea4a6dc1c8b1c2cf04ddbbd6b3d4a4da3a3c8fd3c","2020-05-01",93.39,28.02,61
"58fba35ac3591d27507b733ea4a6dc1c8b1c2cf04ddbbd6b3d4a4da3a3c8fd3c","2019-08-11",54.91,16.47,307
"58fba35ac3591d27507b733ea4a6dc1c8b1c2cf04ddbbd6b3d4a4da3a3c8fd3c","2020-07-25",93.39,28.02,48
"58fba35ac3591d27507b733ea4a6dc1c8b1c2cf04ddbbd6b3d4a4da3a3c8fd3c","2021-01-20",98.89,29.67,46
"58fba35ac3591d27507b733ea4a6dc1c8b1c2cf04ddbbd6b3d4a4da3a3c8fd3c","2019-09-20",98.89,29.67,64
"58fba35ac3591d27507b733ea4a6dc1c8b1c2cf04ddbbd6b3d4a4da3a3c8fd3c","2020-03-25",120.89,36.27,28
"58fba35ac3591d27507b733ea4a6dc1c8b1c2cf04ddbbd6b3d4a4da3a3c8fd3c","2019-02-25",82.39,24.72,60
"58fba35ac3591d27507b733ea4a6dc1c8b1c2cf04ddbbd6b3d4a4da3a3c8fd3c","2020-06-25",93.39,28.02,70
"58fba35ac3591d27507b733ea4a6dc1c8b1c2cf04ddbbd6b3d4a4da3a3c8fd3c","2019-05-14",54.89,16.47,378
"58fba35ac3591d27507b733ea4a6dc1c8b1c2cf04ddbbd6b3d4a4da3a3c8fd3c","2020-04-14",94.80,28.44,81
"58fba35ac3591d27507b733ea4a6dc1c8b1c2cf04ddbbd6b3d4a4da3a3c8fd3c","2020-07-29",93.39,28.02,56
"58fba35ac3591d27507b733ea4a6dc1c8b1c2cf04ddbbd6b3d4a4da3a3c8fd3c","2020-01-15",93.39,28.02,71
"58fba35ac3591d27507b733ea4a6dc1c8b1c2cf04ddbbd6b3d4a4da3a3c8fd3c","2020-10-26",93.39,28.02,91
"58fba35ac3591d27507b733ea4a6dc1c8b1c2cf04ddbbd6b3d4a4da3a3c8fd3c","2020-07-19",93.39,28.02,75
"58fba35ac3591d27507b733ea4a6dc1c8b1c2cf04ddbbd6b3d4a4da3a3c8fd3c","2019-02-01",82.39,24.72,50
"58fba35ac3591d27507b733ea4a6dc1c8b1c2cf04ddbbd6b3d4a4da3a3c8fd3c","2019-01-08",82.39,24.72,76
"58fba35ac3591d27507b733ea4a6dc1c8b1c2cf04ddbbd6b3d4a4da3a3c8fd3c","2019-10-11",98.89,29.67,44
"58fba35ac3591d27507b733ea4a6dc1c8b1c2cf04ddbbd6b3d4a4da3a3c8fd3c","2019-08-16",98.19,29.46,35
"58fba35ac3591d27507b733ea4a6dc1c8b1c2cf04ddbbd6b3d4a4da3a3c8fd3c","2019-10-14",98.89,29.67,37
"58fba35ac3591d27507b733ea4a6dc1c8b1c2cf04ddbbd6b3d4a4da3a3c8fd3c","2020-05-25",93.39,28.02,58
"58fba35ac3591d27507b733ea4a6dc1c8b1c2cf04ddbbd6b3d4a4da3a3c8fd3c","2019-06-17",98.89,29.67,63
"58fba35ac3591d27507b733ea4a6dc1c8b1c2cf04ddbbd6b3d4a4da3a3c8fd3c","2019-12-22",98.89,29.67,34
"58fba35ac3591d27507b733ea4a6dc1c8b1c2cf04ddbbd6b3d4a4da3a3c8fd3c","2020-06-23",93.39,28.02,48
"58fba35ac3591d27507b733ea4a6dc1c8b1c2cf04ddbbd6b3d4a4da3a3c8fd3c","2019-12-01",98.89,29.67,49
"58fba35ac3591d27507b733ea4a6dc1c8b1c2cf04ddbbd6b3d4a4da3a3c8fd3c","2020-05-14",93.39,28.02,50
"58fba35ac3591d27507b733ea4a6dc1c8b1c2cf04ddbbd6b3d4a4da3a3c8fd3c","2019-05-06",98.89,29.67,27
"58fba35ac3591d27507b733ea4a6dc1c8b1c2cf04ddbbd6b3d4a4da3a3c8fd3c","2019-01-19",82.39,24.72,46
"58fba35ac3591d27507b733ea4a6dc1c8b1c2cf04ddbbd6b3d4a4da3a3c8fd3c","2020-07-11",93.39,28.02,58
"58fba35ac3591d27507b733ea4a6dc1c8b1c2cf04ddbbd6b3d4a4da3a3c8fd3c","2020-04-12",93.39,28.02,74
"58fba35ac3591d27507b733ea4a6dc1c8b1c2cf04ddbbd6b3d4a4da3a3c8fd3c","2020-01-28",93.39,28.02,48
"58fba35ac3591d27507b733ea4a6dc1c8b1c2cf04ddbbd6b3d4a4da3a3c8fd3c","2020-06-18",93.39,28.02,74
"58fba35ac3591d27507b733ea4a6dc1c8b1c2cf04ddbbd6b3d4a4da3a3c8fd3c","2020-08-06",93.39,28.02,31
"58fba35ac3591d27507b733ea4a6dc1c8b1c2cf04ddbbd6b3d4a4da3a3c8fd3c","2020-12-19",98.89,29.67,69
"58fba35ac3591d27507b733ea4a6dc1c8b1c2cf04ddbbd6b3d4a4da3a3c8fd3c","2020-10-03",93.39,28.02,45
"58fba35ac3591d27507b733ea4a6dc1c8b1c2cf04ddbbd6b3d4a4da3a3c8fd3c","2020-01-07",93.39,28.02,46
"58fba35ac3591d27507b733ea4a6dc1c8b1c2cf04ddbbd6b3d4a4da3a3c8fd3c","2019-06-23",98.89,29.67,42
"58fba35ac3591d27507b733ea4a6dc1c8b1c2cf04ddbbd6b3d4a4da3a3c8fd3c","2019-07-07",98.89,29.67,38
"58fba35ac3591d27507b733ea4a6dc1c8b1c2cf04ddbbd6b3d4a4da3a3c8fd3c","2020-07-28",93.06,27.92,70
"58fba35ac3591d27507b733ea4a6dc1c8b1c2cf04ddbbd6b3d4a4da3a3c8fd3c","2020-05-06",93.39,28.02,88
"58fba35ac3591d27507b733ea4a6dc1c8b1c2cf04ddbbd6b3d4a4da3a3c8fd3c","2019-07-19",98.89,29.67,39
"58fba35ac3591d27507b733ea4a6dc1c8b1c2cf04ddbbd6b3d4a4da3a3c8fd3c","2019-03-17",82.39,24.72,50
"58fba35ac3591d27507b733ea4a6dc1c8b1c2cf04ddbbd6b3d4a4da3a3c8fd3c","2019-05-16",54.89,16.47,410
"58fba35ac3591d27507b733ea4a6dc1c8b1c2cf04ddbbd6b3d4a4da3a3c8fd3c","2019-01-23",65.89,19.77,127
"58fba35ac3591d27507b733ea4a6dc1c8b1c2cf04ddbbd6b3d4a4da3a3c8fd3c","2020-03-07",120.89,36.27,49
"58fba35ac3591d27507b733ea4a6dc1c8b1c2cf04ddbbd6b3d4a4da3a3c8fd3c","2019-07-15",98.89,29.67,57
"58fba35ac3591d27507b733ea4a6dc1c8b1c2cf04ddbbd6b3d4a4da3a3c8fd3c","2020-10-13",93.39,28.02,91
"58fba35ac3591d27507b733ea4a6dc1c8b1c2cf04ddbbd6b3d4a4da3a3c8fd3c","2019-04-10",82.39,24.72,125
"58fba35ac3591d27507b733ea4a6dc1c8b1c2cf04ddbbd6b3d4a4da3a3c8fd3c","2020-09-08",93.39,28.02,64
"58fba35ac3591d27507b733ea4a6dc1c8b1c2cf04ddbbd6b3d4a4da3a3c8fd3c","2019-06-12",98.89,29.67,24
"58fba35ac3591d27507b733ea4a6dc1c8b1c2cf04ddbbd6b3d4a4da3a3c8fd3c","2021-01-22",98.89,29.67,29
"58fba35ac3591d27507b733ea4a6dc1c8b1c2cf04ddbbd6b3d4a4da3a3c8fd3c","2019-05-23",98.89,29.67,22
"58fba35ac3591d27507b733ea4a6dc1c8b1c2cf04ddbbd6b3d4a4da3a3c8fd3c","2019-07-23",60.39,18.12,248
"58fba35ac3591d27507b733ea4a6dc1c8b1c2cf04ddbbd6b3d4a4da3a3c8fd3c","2019-01-14",82.39,24.72,46
"58fba35ac3591d27507b733ea4a6dc1c8b1c2cf04ddbbd6b3d4a4da3a3c8fd3c","2020-01-06",93.39,28.02,64
"58fba35ac3591d27507b733ea4a6dc1c8b1c2cf04ddbbd6b3d4a4da3a3c8fd3c","2019-10-24",65.89,19.77,274
"58fba35ac3591d27507b733ea4a6dc1c8b1c2cf04ddbbd6b3d4a4da3a3c8fd3c","2020-10-05",93.39,28.02,51
"58fba35ac3591d27507b733ea4a6dc1c8b1c2cf04ddbbd6b3d4a4da3a3c8fd3c","2019-10-02",54.89,16.47,454
"58fba35ac3591d27507b733ea4a6dc1c8b1c2cf04ddbbd6b3d4a4da3a3c8fd3c","2020-07-16",93.39,28.02,67
"58fba35ac3591d27507b733ea4a6dc1c8b1c2cf04ddbbd6b3d4a4da3a3c8fd3c","2020-03-26",120.89,36.27,17
"58fba35ac3591d27507b733ea4a6dc1c8b1c2cf04ddbbd6b3d4a4da3a3c8fd3c","2020-07-24",93.39,28.02,86
"58fba35ac3591d27507b733ea4a6dc1c8b1c2cf04ddbbd6b3d4a4da3a3c8fd3c","2019-03-24",54.89,16.47,242
"58fba35ac3591d27507b733ea4a6dc1c8b1c2cf04ddbbd6b3d4a4da3a3c8fd3c","2019-08-10",54.92,16.48,393
"58fba35ac3591d27507b733ea4a6dc1c8b1c2cf04ddbbd6b3d4a4da3a3c8fd3c","2020-12-27",98.89,29.67,36
"58fba35ac3591d27507b733ea4a6dc1c8b1c2cf04ddbbd6b3d4a4da3a3c8fd3c","2020-06-13",93.39,28.02,48
"58fba35ac3591d27507b733ea4a6dc1c8b1c2cf04ddbbd6b3d4a4da3a3c8fd3c","2019-06-08",98.89,29.67,51
"58fba35ac3591d27507b733ea4a6dc1c8b1c2cf04ddbbd6b3d4a4da3a3c8fd3c","2019-08-03",98.89,29.67,38
"58fba35ac3591d27507b733ea4a6dc1c8b1c2cf04ddbbd6b3d4a4da3a3c8fd3c","2020-04-22",93.39,28.02,61
"58fba35ac3591d27507b733ea4a6dc1c8b1c2cf04ddbbd6b3d4a4da3a3c8fd3c","2020-10-31",93.39,28.02,69
"58fba35ac3591d27507b733ea4a6dc1c8b1c2cf04ddbbd6b3d4a4da3a3c8fd3c","2020-09-15",54.89,16.47,431
"58fba35ac3591d27507b733ea4a6dc1c8b1c2cf04ddbbd6b3d4a4da3a3c8fd3c","2019-03-11",82.39,24.72,72
"58fba35ac3591d27507b733ea4a6dc1c8b1c2cf04ddbbd6b3d4a4da3a3c8fd3c","2019-05-01",98.89,29.67,23
