data/ml_task_data.csv
"product_id","date","sell_price","margin","sales"
"58fba35ac3591d27507b733ea4a6dc1c8b1c2cf04ddbbd6b3d4a4da3a3c8fd3c","2020-08-22",93.39,28.02,44
"58fba35ac3591d27507b733ea4a6dc1c8b1c2cf04ddbbd6b3d4a4da3a3c8fd3c","2019-10-16",98.89,29.67,39
"58fba35ac3591d27507b733ea4a6dc1c8b1c2cf04ddbbd6b3d4a4da3a3c8fd3c","2019-04-04",82.39,24.72,46
"58fba35ac3591d27507b733ea4a6dc1c8b1c2cf04ddbbd6b3d4a4da3a3c8fd3c","2020-08-03",93.39,28.02,79
"58fba35ac3591d27507b733ea4a6dc1c8b1c2cf04ddbbd6b3d4a4da3a3c8fd3c","2019-09-18",98.89,29.67,33
"58fba35ac3591d27507b733ea4a6dc1c8b1c2cf04ddbbd6b3d4a4da3a3c8fd3c","2020-06-10",93.39,28.02,25
"58fba35ac3591d27507b733ea4a6dc1c8b1c2cf04ddbbd6b3d4a4da3a3c8fd3c","2019-06-19",98.89,29.67,37
"58fba35ac3591d27507b733ea4a6dc1c8b1c2cf04ddbbd6b3d4a4da3a3c8fd3c","2019-07-22",60.39,18.12,244
"58fba35ac3591d27507b733ea4a6dc1c8b1c2cf04ddbbd6b3d4a4da3a3c8fd3c","2019-11-19",98.89,29.67,44
"58fba35ac3591d27507b733ea4a6dc1c8b1c2cf04ddbbd6b3d4a4da3a3c8fd3c","2019-11-26",98.89,29.67,36
"58fba35ac3591d27507b733ea4a6dc1c8b1c2cf04ddbbd6b3d4a4da3a3c8fd3c","2020-07-12",93.39,28.02,68
"58fba35ac3591d27507b733ea4a6dc1c8b1c2cf04ddbbd6b3d4a4da3a3c8fd3c","2019-09-08",98.89,29.67,57
"58fba35ac3591d27507b733ea4a6dc1c8b1c2cf04ddbbd6b3d4a4da3a3c8fd3c","2020-04-05",120.89,36.27,27
"58fba35ac3591d27507b733ea4a6dc1c8b1c2cf04ddbbd6b3d4a4da3a3c8fd3c","2020-12-22",98.89,29.67,38
"58fba35ac3591d27507b733ea4a6dc1c8b1c2cf04ddbbd6b3d4a4da3a3c8fd3c","2019-03-12",82.39,24.72,47
"58fba35ac3591d27507b733ea4a6dc1c8b1c2cf04ddbbd6b3d4a4da3a3c8fd3c","2020-01-27",93.39,28.02,73
"58fba35ac3591d27507b733ea4a6dc1c8b1c2cf04ddbbd6b3d4a4da3a3c8fd3c","2019-03-07",82.39,24.72,59
"58fba35ac3591d27507b733ea4a6dc1c8b1c2cf04ddbbd6b3d4a4da3a3c8fd3c","2019-08-17",98.89,29.67,44
"58fba35ac3591d27507b733ea4a6dc1c8b1c2cf04ddbbd6b3d4a4da3a3c8fd3c","2019-04-24",98.89,29.67,16
"58fba35ac3591d27507b733ea4a6dc1c8b1c2cf04ddbbd6b3d4a4da3a3c8fd3c","2019-01-28",82.39,24.72,54
"58fba35ac3591d27507b733ea4a6dc1c8b1c2cf04ddbbd6b3d4a4da3a3c8fd3c","2019-04-22",98.89,29.67,56
"58fba35ac3591d27507b733ea4a6dc1c8b1c2cf04ddbbd6b3d4a4da3a3c8fd3c","2019-07-30",98.89,29.67,56
"58fba35ac3591d27507b733ea4a6dc1c8b1c2cf04ddbbd6b3d4a4da3a3c8fd3c","2020-01-31",93.39,28.02,35
"58fba35ac3591d27507b733ea4a6dc1c8b1c2cf04ddbbd6b3d4a4da3a3c8fd3c","2020-05-12",93.39,28.02,68
"58fba35ac3591d27507b733ea4a6dc1c8b1c2cf04ddbbd6b3d4a4da3a3c8fd3c","2019-02-13",82.39,24.72,30
"58fba35ac3591d27507b733ea4a6dc1c8b1c2cf04ddbbd6b3d4a4da3a3c8fd3c","2020-06-27",93.39,28.02,51
"58fba35ac3591d27507b733ea4a6dc1c8b1c2cf04ddbbd6b3d4a4da3a3c8fd3c","2020-11-01",93.39,28.02,79
"58fba35ac3591d27507b733ea4a6dc1c8b1c2cf04ddbbd6b3d4a4da3a3c8fd3c","2020-09-07",93.39,28.02,93
"58fba35ac3591d27507b733ea4a6dc1c8b1c2cf04ddbbd6b3d4a4da3a3c8fd3c","2019-04-17",95.45,28.63,67
"58fba35ac3591d27507b733ea4a6dc1c8b1c2cf04ddbbd6b3d4a4da3a3c8fd3c","2019-03-02",82.39,24.72,65
"58fba35ac3591d27507b733ea4a6dc1c8b1c2cf04ddbbd6b3d4a4da3a3c8fd3c","2020-01-19",93.39,28.02,57
"58fba35ac3591d27507b733ea4a6dc1c8b1c2cf04ddbbd6b3d4a4da3a3c8fd3c","2020-11-24",98.89,29.67,45
"58fba35ac3591d27507b733ea4a6dc1c8b1c2cf04ddbbd6b3d4a4da3a3c8fd3c","2020-10-02",93.39,28.02,52
"58fba35ac3591d27507b733ea4a6dc1c8b1c2cf04ddbbd6b3d4a4da3a3c8fd3c","2020-09-16",54.89,16.47,485
"58fba35ac3591d27507b733ea4a6dc1c8b1c2cf04ddbbd6b3d4a4da3a3c8fd3c","2020-07-14",93.39,28.02,70
"58fba35ac3591d27507b733ea4a6dc1c8b1c2cf04ddbbd6b3d4a4da3a3c8fd3c","2020-11-07",93.39,28.02,55
"58fba35ac3591d27507b733ea4a6dc1c8b1c2cf04ddbbd6b3d4a4da3a3c8fd3c","2019-10-05",54.89,16.47,374
"58fba35ac3591d27507b733ea4a6dc1c8b1c2cf04ddbbd6b3d4a4da3a3c8fd3c","2020-12-05",98.89,29.67,33
"58fba35ac3591d27507b733ea4a6dc1c8b1c2cf04ddbbd6b3d4a4da3a3c8fd3c","2019-01-24",65.89,19.77,174
"58fba35ac3591d27507b733ea4a6dc1c8b1c2cf04ddbbd6b3d4a4da3a3c8fd3c","2019-11-25",98.89,29.67,41
"58fba35ac3591d27507b733ea4a6dc1c8b1c2cf04ddbbd6b3d4a4da3a3c8fd3c","2019-12-03",98.89,29.67,34
"58fba35ac3591d27507b733ea4a6dc1c8b1c2cf04ddbbd6b3d4a4da3a3c8fd3c","2020-05-08",93.39,28.02,69
"58fba35ac3591d27507b733ea4a6dc1c8b1c2cf04ddbbd6b3d4a4da3a3c8fd3c","2019-12-09",98.89,29.67,57
"58fba35ac3591d27507b733ea4a6dc1c8b1c2cf04ddbbd6b3d4a4da3a3c8fd3c","2020-07-06",93.39,28.02,64
"58fba35ac3591d27507b733ea4a6dc1c8b1c2cf04ddbbd6b3d4a4da3a3c8fd3c","2019-10-21",65.89,19.77,239
"58fba35ac3591d27507b733ea4a6dc1c8b1c2cf04ddbbd6b3d4a4da3a3c8fd3c","2020-03-18",120.89,36.27,81
"58fba35ac3591d27507b733ea4a6dc1c8b1c2cf04ddbbd6b3d4a4da3a3c8fd3c","2020-02-13",93.39,28.02,71
"58fba35ac3591d27507b733ea4a6dc1c8b1c2cf04ddbbd6b3d4a4da3a3c8fd3c","2019-07-16",98.89,29.67,57
"58fba35ac3591d27507b733ea4a6dc1c8b1c2cf04ddbbd6b3d4a4da3a3c8fd3c","2019-04-01",82.39,24.72,55
"58fba35ac3591d27507b733ea4a6dc1c8b1c2cf04ddbbd6b3d4a4da3a3c8fd3c","2020-02-15",93.39,28.02,49
"58fba35ac3591d27507b733ea4a6dc1c8b1c2cf04ddbbd6b3d4a4da3a3c8fd3c","2019-12-17",98.89,29.67,47
"58fba35ac3591d27507b733ea4a6dc1c8b1c2cf04ddbbd6b3d4a4da3a3c8fd3c","2020-01-05",93.39,28.02,56
"58fba35ac3591d27507b733ea4a6dc1c8b1c2cf04ddbbd6b3d4a4da3a3c8fd3c","2020-02-16",93.39,28.02,77
"58fba35ac3591d27507b733ea4a6dc1c8b1c2cf04ddbbd6b3d4a4da3a3c8fd3c","2019-08-07",54.90,16.47,362
"58fba35ac3591d27507b733ea4a6dc1c8b1c2cf04ddbbd6b3d4a4da3a3c8fd3c","2019-09-24",98.89,29.67,39
"58fba35ac3591d27507b733ea4a6dc1c8b1c2cf04ddbbd6b3d4a4da3a3c8fd3c","2020-10-12",93.39,28.02,84
"58fba35ac3591d27507b733ea4a6dc1c8b1c2cf04ddbbd6b3d4a4da3a3c8fd3c","2020-11-15",98.89,29.67,86
"58fba35ac3591d27507b733ea4a6dc1c8b1c2cf04ddbbd6b3d4a4da3a3c8fd3c","2019-12-04",98.89,29.67,35
"58fba35ac3591d27507b733ea4a6dc1c8b1c2cf04ddbbd6b3d4a4da3a3c8fd3c","2019-06-11",98.89,29.67,30
"58fba35ac3591d27507b733ea4a6dc1c8b1c2cf04ddbbd6b3d4a4da3a3c8fd3c","2019-05-30",98.89,29.67,56
"58fba35ac3591d27507b733ea4a6dc1c8b1c2cf04ddbbd6b3d4a4da3a3c8fd3c","2020-07-18",93.39,28.02,60
"58fba35ac3591d27507b733ea4a6dc1c8b1c2cf04ddbbd6b3d4a4da3a3c8fd3c","2019-07-10",98.89,29.67,24
"58fba35ac3591d27507b733ea4a6dc1c8b1c2cf04ddbbd6b3d4a4da3a3c8fd3c","2020-08-08",93.39,28.02,45
"58fba35ac3591d27507b733ea4a6dc1c8b1c2cf04ddbbd6b3d4a4da3a3c8fd3c","2019-05-26",98.89,29.67,64
"58fba35ac3591d27507b733ea4a6dc1c8b1c2cf04ddbbd6b3d4a4da3a3c8fd3c","2019-04-15",82.39,24.72,60
"58fba35ac3591d27507b733ea4a6dc1c8b1c2cf04ddbbd6b3d4a4da3a3c8fd3c","2019-02-24",82.39,24.72,57
"58fba35ac3591d27507b733ea4a6dc1c8b1c2cf04ddbbd6b3d4a4da3a3c8fd3c","2020-09-13",93.39,28.02,77
"58fba35ac3591d27507b733ea4a6dc1c8b1c2cf04ddbbd6b3d4a4da3a3c8fd3c","2021-01-03",98.89,29.67,57
"58fba35ac3591d27507b733ea4a6dc1c8b1c2cf04ddbbd6b3d4a4da3a3c8fd3c","2019-03-13",82.39,24.72,63
"58fba35ac3591d27507b733ea4a6dc1c8b1c2cf04ddbbd6b3d4a4da3a3c8fd3c","2020-02-21",93.39,28.02,55
"58fba35ac3591d27507b733ea4a6dc1c8b1c2cf04ddbbd6b3d4a4da3a3c8fd3c","2021-01-17",98.89,29.67,29
"58fba35ac3591d27507b733ea4a6dc1c8b1c2cf04ddbbd6b3d4a4da3a3c8fd3c","2020-02-06",93.39,28.02,70
"58fba35ac3591d27507b733ea4a6dc1c8b1c2cf04ddbbd6b3d4a4da3a3c8fd3c","2020-03-21",120.89,36.27,70
"58fba35ac3591d27507b733ea4a6dc1c8b1c2cf04ddbbd6b3d4a4da3a3c8fd3c","2019-07-21",98.89,29.67,61
"58fba35ac3591d27507b733ea4a6dc1c8b1c2cf04ddbbd6b3d4a4da3a3c8fd3c","2020-01-18",93.39,28.02,65
"58fba35ac3591d27507b733ea4a6dc1c8b1c2cf04ddbbd6b3d4a4da3a3c8fd3c","2020-02-18",93.39,28.02,23
"58fba35ac3591d27507b733ea4a6dc1c8b1c2cf04ddbbd6b3d4a4da3a3c8fd3c","2019-08-29",98.89,29.67,59
"58fba35ac3591d27507b733ea4a6dc1c8b1c2cf04ddbbd6b3d4a4da3a3c8fd3c","2020-04-01",120.89,36.27,23
"58fba35ac3591d27507b733ea4a6dc1c8b1c2cf04ddbbd6b3d4a4da3a3c8fd3c","2019-09-22",98.89,29.67,72
"58fba35ac3591d27507b733ea4a6dc1c8b1c2cf04ddbbd6b3d4a4da3a3c8fd3c","2021-01-21",98.89,29.67,41
"58fba35ac3591d27507b733ea4a6dc1c8b1c2cf04ddbbd6b3d4a4da3a3c8fd3c","2020-09-28",54.89,16.47,469
"58fba35ac3591d27507b733ea4a6dc1c8b1c2cf04ddbbd6b3d4a4da3a3c8fd3c","2020-11-09",93.39,28.02,67
"58fba35ac3591d27507b733ea4a6dc1c8b1c2cf04ddbbd6b3d4a4da3a3c8fd3c","2020-02-09",93.39,28.02,64
"58fba35ac3591d27507b733ea4a6dc1c8b1c2cf04ddbbd6b3d4a4da3a3c8fd3c","2019-01-30",82.39,24.72,56
"58fba35ac3591d27507b733ea4a6dc1c8b1c2cf04ddbbd6b3d4a4da3a3c8fd3c","2019-02-28",82.39,24.72,70
"58fba35ac3591d27507b733ea4a6dc1c8b1c2cf04ddbbd6b3d4a4da3a3c8fd3c","2020-05-13",93.39,28.02,71
"58fba35ac3591d27507b733ea4a6dc1c8b1c2cf04ddbbd6b3d4a4da3a3c8fd3c","2020-10-28",93.39,28.02,45
"58fba35ac3591d27507b733ea4a6dc1c8b1c2cf04ddbbd6b3d4a4da3a3c8fd3c","2020-06-21",93.39,28.02,63
"58fba35ac3591d27507b733ea4a6dc1c8b1c2cf04ddbbd6b3d4a4da3a3c8fd3c","2020-02-08",93.39,28.02,55
"58fba35ac3591d27507b733ea4a6dc1c8b1c2cf04ddbbd6b3d4a4da3a3c8fd3c","2019-11-11",98.89,29.67,50
"58fba35ac3591d27507b733ea4a6dc1c8b1c2cf04ddbbd6b3d4a4da3a3c8fd3c","2020-12-18",98.89,29.67,35
"58fba35ac3591d27507b733ea4a6dc1c8b1c2cf04ddbbd6b3d4a4da3a3c8fd3c","2019-06-13",98.89,29.67,20
"58fba35ac3591d27507b733ea4a6dc1c8b1c2cf04ddbbd6b3d4a4da3a3c8fd3c","2019-08-27",98.89,29.67,38
"58fba35ac3591d27507b733ea4a6dc1c8b1c2cf04ddbbd6b3d4a4da3a3c8fd3c","2019-04-11",82.39,24.72,67
"58fba35ac3591d27507b733ea4a6dc1c8b1c2cf04ddbbd6b3d4a4da3a3c8fd3c","2020-01-16",93.39,28.02,62
"58fba35ac3591d27507b733ea4a6dc1c8b1c2cf04ddbbd6b3d4a4da3a3c8fd3c","2020-11-16",98.89,29.67,44
"58fba35ac3591d27507b733ea4a6dc1c8b1c2cf04ddbbd6b3d4a4da3a3c8fd3c","2019-11-15",98.89,29.67,59
"58fba35ac3591d27507b733ea4a6dc1c8b1c2cf04ddbbd6b3d4a4da3a3c8fd3c","2019-07-26",60.39,18.12,271
"58fba35ac3591d27507b733ea4a6dc1c8b1c2cf04ddbbd6b3d4a4da3a3c8fd3c","2019-09-06",98.89,29.67,54
"58fba35ac3591d27507b733ea4a6dc1c8b1c2cf04ddbbd6b3d4a4da3a3c8fd3c","2019-07-31",98.89,29.67,36
"58fba35ac3591d27507b733ea4a6dc1c8b1c2cf04ddbbd6b3d4a4da3a3c8fd3c","2020-08-15",71.39,21.42,194
"58fba35ac3591d27507b733ea4a6dc1c8b1c2cf04ddbbd6b3d4a4da3a3c8fd3c","2019-07-11",98.89,29.67,37
"58fba35ac3591d27507b733ea4a6dc1c8b1c2cf04ddbbd6b3d4a4da3a3c8fd3c","2020-07-01",93.39,28.02,59
"58fba35ac3591d27507b733ea4a6dc1c8b1c2cf04ddbbd6b3d4a4da3a3c8fd3c","2019-12-06",98.89,29.67,24
"58fba35ac3591d27507b733ea4a6dc1c8b1c2cf04ddbbd6b3d4a4da3a3c8fd3c","2019-06-25",60.39,18.12,279
"58fba35ac3591d27507b733ea4a6dc1c8b1c2cf04ddbbd6b3d4a4da3a3c8fd3c","2019-11-16",98.89,29.67,37
"58fba35ac3591d27507b733ea4a6dc1c8b1c2cf04ddbbd6b3d4a4da3a3c8fd3c","2019-03-22",54.89,16.47,265
"58fba35ac3591d27507b733ea4a6dc1c8b1c2cf04ddbbd6b3d4a4da3a3c8fd3c","2019-05-29",98.89,29.67,40
"58fba35ac3591d27507b733ea4a6dc1c8b1c2cf04ddbbd6b3d4a4da3a3c8fd3c","2020-05-03",93.39,28.02,43
"58fba35ac3591d27507b733ea4a6dc1c8b1c2cf04ddbbd6b3d4a4da3a3c8fd3c","2019-11-30",98.89,29.67,41
"58fba35ac3591d27507b733ea4a6dc1c8b1c2cf04ddbbd6b3d4a4da3a3c8fd3c","2019-01-27",65.89,19.77,118
"58fba35ac3591d27507b733ea4a6dc1c8b1c2cf04ddbbd6b3d4a4da3a3c8fd3c","2020-10-21",93.39,28.02,114
"58fba35ac3591d27507b733ea4a6dc1c8b1c2cf04ddbbd6b3d4a4da3a3c8fd3c","2019-07-06",98.89,29.67,29
"58fba35ac3591d27507b733ea4a6dc1c8b1c2cf04ddbbd6b3d4a4da3a3c8fd3c","2019-09-07",98.89,29.67,42
"58fba35ac3591d27507b733ea4a6dc1c8b1c2cf04ddbbd6b3d4a4da3a3c8fd3c","2019-06-18",98.89,29.67,64
"58fba35ac3591d27507b733ea4a6dc1c8b1c2cf04ddbbd6b3d4a4da3a3c8fd3c","2020-09-23",54.89,16.47,513
"58fba35ac3591d27507b733ea4a6dc1c8b1c2cf04ddbbd6b3d4a4da3a3c8fd3c","2020-06-17",93.39,28.02,79
"58fba35ac3591d27507b733ea4a6dc1c8b1c2cf04ddbbd6b3d4a4da3a3c8fd3c","2019-04-27",98.89,29.67,30
"58fba35ac3591d27507b733ea4a6dc1c8b1c2cf04ddbbd6b3d4a4da3a3c8fd3c","2020-06-08",93.39,28.02,81
"58fba35ac3591d27507b733ea4a6dc1c8b1c2cf04ddbbd6b3d4a4da3a3c8fd3c","2020-12-24",98.89,29.67,2
"58fba35ac3591d27507b733ea4a6dc1c8b1c2cf04ddbbd6b3d4a4da3a3c8fd3c","2019-09-23",98.89,29.67,61
"58fba35ac3591d27507b733ea4a6dc1c8b1c2cf04ddbbd6b3d4a4da3a3c8fd3c","2019-03-19",54.89,16.47,204
"58fba35ac3591d27507b733ea4a6dc1c8b1c2cf04ddbbd6b3d4a4da3a3c8fd3c","2019-10-03",54.89,16.47,581
"58fba35ac3591d27507b733ea4a6dc1c8b1c2cf04ddbbd6b3d4a4da3a3c8fd3c","2020-06-28",93.39,28.02,71
"58fba35ac3591d27507b733ea4a6dc1c8b1c2cf04ddbbd6b3d4a4da3a3c8fd3c","2020-01-29",93.39,28.02,55
"58fba35ac3591d27507b733ea4a6dc1c8b1c2cf04ddbbd6b3d4a4da3a3c8fd3c","2020-09-22",54.89,16.47,561
"58fba35ac3591d27507b733ea4a6dc1c8b1c2cf04ddbbd6b3d4a4da3a3c8fd3c","2019-05-11",98.89,29.67,22
"58fba35ac3591d27507b733ea4a6dc1c8b1c2cf04ddbbd6b3d4a4da3a3c8fd3c","2019-08-08",54.89,16.47,277
"58fba35ac3591d27507b733ea4a6dc1c8b1c2cf04ddbbd6b3d4a4da3a3c8fd3c","2020-08-04",93.39,28.02,46
"58fba35ac3591d27507b733ea4a6dc1c8b1c2cf04ddbbd6b3d4a4da3a3c8fd3c","2020-11-06",93.39,28.02,87
"58fba35ac3591d27507b733ea4a6dc1c8b1c2cf04ddbbd6b3d4a4da3a3c8fd3c","2020-02-01",93.39,28.02,51
"58fba35ac3591d27507b733ea4a6dc1c8b1c2cf04ddbbd6b3d4a4da3a3c8fd3c","2019-09-29",98.89,29.67,50
"58fba35ac3591d27507b733ea4a6dc1c8b1c2cf04ddbbd6b3d4a4da3a3c8fd3c","2020-05-09",93.39,28.02,51
"58fba35ac3591d27507b733ea4a6dc1c8b1c2cf04ddbbd6b3d4a4da3a3c8fd3c","2019-10-22",65.89,19.77,214
"58fba35ac3591d27507b733ea4a6dc1c8b1c2cf04ddbbd6b3d4a4da3a3c8fd3c","2021-01-24",98.89,29.67,29
"58fba35ac3591d27507b733ea4a6dc1c8b1c2cf04ddbbd6b3d4a4da3a3c8fd3c","2020-08-20",93.39,28.02,51
"58fba35ac3591d27507b733ea4a6dc1c8b1c2cf04ddbbd6b3d4a4da3a3c8fd3c","2020-07-17",93.39,28.02,59
"58fba35ac3591d27507b733ea4a6dc1c8b1c2cf04ddbbd6b3d4a4da3a3c8fd3c","2019-07-09",97.11,29.13,65
"58fba35ac3591d27507b733ea4a6dc1c8b1c2cf04ddbbd6b3d4a4da3a3c8fd3c","2019-11-24",98.89,29.67,45
"58fba35ac3591d27507b733ea4a6dc1c8b1c2cf04ddbbd6b3d4a4da3a3c8fd3c","2019-12-11",98.89,29.67,43
"58fba35ac3591d27507b733ea4a6dc1c8b1c2cf04ddbbd6b3d4a4da3a3c8fd3c","2019-03-06",82.39,24.72,55
"58fba35ac3591d27507b733ea4a6dc1c8b1c2cf04ddbbd6b3d4a4da3a3c8fd3c","2020-03-19",120.89,36.27,76
"58fba35ac3591d27507b733ea4a6dc1c8b1c2cf04ddbbd6b3d4a4da3a3c8fd3c","2020-02-28",65.89,19.77,546
"58fba35ac3591d27507b733ea4a6dc1c8b1c2cf04ddbbd6b3d4a4da3a3c8fd3c","2020-02-17",93.39,28.02,44
"58fba35ac3591d27507b733ea4a6dc1c8b1c2cf04ddbbd6b3d4a4da3a3c8fd3c","2021-01-07",98.89,29.67,50
"58fba35ac3591d27507b733ea4a6dc1c8b1c2cf04ddbbd6b3d4a4da3a3c8fd3c","2019-05-20",98.89,29.67,43
"58fba35ac3591d27507b733ea4a6dc1c8b1c2cf04ddbbd6b3d4a4da3a3c8fd3c","2020-01-30",93.39,28.02,103
"58fba35ac3591d27507b733ea4a6dc1c8b1c2cf04ddbbd6b3d4a4da3a3c8fd3c","2019-11-20",98.89,29.67,56
"58fba35ac3591d27507b733ea4a6dc1c8b1c2cf04ddbbd6b3d4a4da3a3c8fd3c","2019-08-22",98.89,29.67,72
"58fba35ac3591d27507b733ea4a6dc1c8b1c2cf04ddbbd6b3d4a4da3a3c8fd3c","2020-09-20",54.89,16.47,364
"58fba35ac3591d27507b733ea4a6dc1c8b1c2cf04ddbbd6b3d4a4da3a3c8fd3c","2020-08-26",93.39,28.02,49
"58fba35ac3591d27507b733ea4a6dc1c8b1c2cf04ddbbd6b3d4a4da3a3c8fd3c","2020-05-23",93.39,28.02,37
"58fba35ac3591d27507b733ea4a6dc1c8b1c2cf04ddbbd6b3d4a4da3a3c8fd3c","2019-05-02",98.89,29.67,34
"58fba35ac3591d27507b733ea4a6dc1c8b1c2cf04ddbbd6b3d4a4da3a3c8fd3c","2019-01-07",82.12,24.63,60
"58fba35ac3591d27507b733ea4a6dc1c8b1c2cf04ddbbd6b3d4a4da3a3c8fd3c","2020-08-28",93.39,28.02,86
"58fba35ac3591d27507b733ea4a6dc1c8b1c2cf04ddbbd6b3d4a4da3a3c8fd3c","2019-06-06",98.89,29.67,42
"58fba35ac3591d27507b733ea4a6dc1c8b1c2cf04ddbbd6b3d4a4da3a3c8fd3c","2019-11-17",98.89,29.67,36
"58fba35ac3591d27507b733ea4a6dc1c8b1c2cf04ddbbd6b3d4a4da3a3c8fd3c","2020-02-24",65.89,19.77,537
"58fba35ac3591d27507b733ea4a6dc1c8b1c2cf04ddbbd6b3d4a4da3a3c8fd3c","2020-06-01",93.39,28.02,60
"58fba35ac3591d27507b733ea4a6dc1c8b1c2cf04ddbbd6b3d4a4da3a3c8fd3c","2020-06-20",93.39,28.02,67
"58fba35ac3591d27507b733ea4a6dc1c8b1c2cf04ddbbd6b3d4a4da3a3c8fd3c","2019-08-25",98.89,29.67,36
"58fba35ac3591d27507b733ea4a6dc1c8b1c2cf04ddbbd6b3d4a4da3a3c8fd3c","2019-05-13",54.89,16.47,389
"58fba35ac3591d27507b733ea4a6dc1c8b1c2cf04ddbbd6b3d4a4da3a3c8fd3c","2020-10-16",93.39,28.02,88
"58fba35ac3591d27507b733ea4a6dc1c8b1c2cf04ddbbd6b3d4a4da3a3c8fd3c","2020-11-22",98.89,29.67,58
"58fba35ac3591d27507b733ea4a6dc1c8b1c2cf04ddbbd6b3d4a4da3a3c8fd3c","2020-03-12",120.89,36.27,188
"58fba35ac3591d27507b733ea4a6dc1c8b1c2cf04ddbbd6b3d4a4da3a3c8fd3c","2019-04-30",98.89,29.67,11
"58fba35ac3591d27507b733ea4a6dc1c8b1c2cf04ddbbd6b3d4a4da3a3c8fd3c","2020-01-23",93.39,28.02,68
"58fba35ac3591d27507b733ea4a6dc1c8b1c2cf04ddbbd6b3d4a4da3a3c8fd3c","2020-04-17",94.33,28.30,66
"58fba35ac3591d27507b733ea4a6dc1c8b1c2cf04ddbbd6b3d4a4da3a3c8fd3c","2020-12-30",98.89,29.67,53
"58fba35ac3591d27507b733ea4a6dc1c8b1c2cf04ddbbd6b3d4a4da3a3c8fd3c","2021-01-06",98.89,29.67,32
"58fba35ac3591d27507b733ea4a6dc1c8b1c2cf04ddbbd6b3d4a4da3a3c8fd3c","2019-09-11",98.89,29.67,30
"58fba35ac3591d27507b733ea4a6dc1c8b1c2cf04ddbbd6b3d4a4da3a3c8fd3c","2019-03-28",82.39,24.72,63
"58fba35ac3591d27507b733ea4a6dc1c8b1c2cf04ddbbd6b3d4a4da3a3c8fd3c","2019-12-15",98.89,29.67,39
"58fba35ac3591d27507b733ea4a6dc1c8b1c2cf04ddbbd6b3d4a4da3a3c8fd3c","2020-11-23",98.89,29.67,48
"58fba35ac3591d27507b733ea4a6dc1c8b1c2cf04ddbbd6b3d4a4da3a3c8fd3c","2020-09-18",54.89,16.47,402
"58fba35ac3591d27507b733ea4a6dc1c8b1c2cf04ddbbd6b3d4a4da3a3c8fd3c","2020-06-06",93.39,28.02,45
"58fba35ac3591d27507b733ea4a6dc1c8b1c2cf04ddbbd6b3d4a4da3a3c8fd3c","2019-09-19",98.89,29.67,59
"58fba35ac3591d27507b733ea4a6dc1c8b1c2cf04ddbbd6b3d4a4da3a3c8fd3c","2020-03-09",120.89,36.27,41
"58fba35ac3591d27507b733ea4a6dc1c8b1c2cf04ddbbd6b3d4a4da3a3c8fd3c","2019-01-06",82.39,24.72,70
"58fba35ac3591d27507b733ea4a6dc1c8b1c2cf04ddbbd6b3d4a4da3a3c8fd3c","2020-10-19",93.39,28.02,48
"58fba35ac3591d27507b733ea4a6dc1c8b1c2cf04ddbbd6b3d4a4da3a3c8fd3c","2020-03-01",65.89,19.77,424
"58fba35ac3591d27507b733ea4a6dc1c8b1c2cf04ddbbd6b3d4a4da3a3c8fd3c","2019-10-27",65.89,19.77,229
"58fba35ac3591d27507b733ea4a6dc1c8b1c2cf04ddbbd6b3d4a4da3a3c8fd3c","2019-05-09",98.89,29.67,20
"58fba35ac3591d27507b733ea4a6dc1c8b1c2cf04ddbbd6b3d4a4da3a3c8fd3c","2019-01-25",65.89,19.77,123
"58fba35ac3591d27507b733ea4a6dc1c8b1c2cf04ddbbd6b3d4a4da3a3c8fd3c","2019-04-19",96.54,28.96,28
"58fba35ac3591d27507b733ea4a6dc1c8b1c2cf04ddbbd6b3d4a4da3a3c8fd3c","2019-01-26",66.17,19.85,120
"58fba35ac3591d27507b733ea4a6dc1c8b1c2cf04ddbbd6b3d4a4da3a3c8fd3c","2019-02-08",82.39,24.72,52
"58fba35ac3591d27507b733ea4a6dc1c8b1c2cf04ddbbd6b3d4a4da3a3c8fd3c","2020-11-29",98.89,29.67,43
"58fba35ac3591d27507b733ea4a6dc1c8b1c2cf04ddbbd6b3d4a4da3a3c8fd3c","2020-01-02",93.39,28.02,52
"58fba35ac3591d27507b733ea4a6dc1c8b1c2cf04ddbbd6b3d4a4da3a3c8fd3c","2019-09-27",98.89,29.67,36
"58fba35ac3591d27507b733ea4a6dc1c8b1c2cf04ddbbd6b3d4a4da3a3c8fd3c","2020-02-14",93.39,28.02,54
