data/ml_task_data.csv
"product_id","date","sell_price","margin","sales"
b2141f3341478ce4ee74781f7da95dcbc3ee6d9a5309659d5163026415e98bb9,"2019-12-31",36.19,10.86,11
b2141f3341478ce4ee74781f7da95dcbc3ee6d9a5309659d5163026415e98bb9,"2020-06-19",38.39,11.52,55
b2141f3341478ce4ee74781f7da95dcbc3ee6d9a5309659d5163026415e98bb9,"2020-10-14",38.39,11.52,84
b2141f3341478ce4ee74781f7da95dcbc3ee6d9a5309659d5163026415e98bb9,"2020-02-21",38.39,11.52,21
b2141f3341478ce4ee74781f7da95dcbc3ee6d9a5309659d5163026415e98bb9,"2020-09-19",38.39,11.52,70
b2141f3341478ce4ee74781f7da95dcbc3ee6d9a5309659d5163026415e98bb9,"2020-11-27",38.39,11.52,111
b2141f3341478ce4ee74781f7da95dcbc3ee6d9a5309659d5163026415e98bb9,"2020-11-20",24.09,7.23,1012
b2141f3341478ce4ee74781f7da95dcbc3ee6d9a5309659d5163026415e98bb9,"2020-11-13",38.16,11.45,63
b2141f3341478ce4ee74781f7da95dcbc3ee6d9a5309659d5163026415e98bb9,"2020-11-24",38.39,11.52,63
b2141f3341478ce4ee74781f7da95dcbc3ee6d9a5309659d5163026415e98bb9,"2019-07-07",36.19,10.86,19
b2141f3341478ce4ee74781f7da95dcbc3ee6d9a5309659d5163026415e98bb9,"2020-06-13",38.39,11.52,44
b2141f3341478ce4ee74781f7da95dcbc3ee6d9a5309659d5163026415e98bb9,"2020-03-24",38.39,11.52,74
b2141f3341478ce4ee74781f7da95dcbc3ee6d9a5309659d5163026415e98bb9,"2019-11-20",36.19,10.86,32
b2141f3341478ce4ee74781f7da95dcbc3ee6d9a5309659d5163026415e98bb9,"2019-05-12",36.19,10.86,28
b2141f3341478ce4ee74781f7da95dcbc3ee6d9a5309659d5163026415e98bb9,"2019-12-04",36.19,10.86,25
b2141f3341478ce4ee74781f7da95dcbc3ee6d9a5309659d5163026415e98bb9,"2020-12-21",38.39,11.52,69
b2141f3341478ce4ee74781f7da95dcbc3ee6d9a5309659d5163026415e98bb9,"2019-12-28",36.19,10.86,61
b2141f3341478ce4ee74781f7da95dcbc3ee6d9a5309659d5163026415e98bb9,"2019-05-26",36.19,10.86,34
b2141f3341478ce4ee74781f7da95dcbc3ee6d9a5309659d5163026415e98bb9,"2019-10-10",36.19,10.86,37
b2141f3341478ce4ee74781f7da95dcbc3ee6d9a5309659d5163026415e98bb9,"2020-06-15",38.39,11.52,66
b2141f3341478ce4ee74781f7da95dcbc3ee6d9a5309659d5163026415e98bb9,"2020-02-19",36.19,10.86,19
b2141f3341478ce4ee74781f7da95dcbc3ee6d9a5309659d5163026415e98bb9,"2019-11-24",36.19,10.86,26
b2141f3341478ce4ee74781f7da95dcbc3ee6d9a5309659d5163026415e98bb9,"2020-05-13",38.39,11.52,52
b2141f3341478ce4ee74781f7da95dcbc3ee6d9a5309659d5163026415e98bb9,"2020-11-08",38.39,11.52,62
b2141f3341478ce4ee74781f7da95dcbc3ee6d9a5309659d5163026415e98bb9,"2020-02-14",36.19,10.86,39
b2141f3341478ce4ee74781f7da95dcbc3ee6d9a5309659d5163026415e98bb9,"2019-12-03",36.19,10.86,25
b2141f3341478ce4ee74781f7da95dcbc3ee6d9a5309659d5163026415e98bb9,"2020-03-08",38.39,11.52,23
b2141f3341478ce4ee74781f7da95dcbc3ee6d9a5309659d5163026415e98bb9,"2020-08-22",24.09,7.23,454
b2141f3341478ce4ee74781f7da95dcbc3ee6d9a5309659d5163026415e98bb9,"2020-08-13",38.39,11.52,48
b2141f3341478ce4ee74781f7da95dcbc3ee6d9a5309659d5163026415e98bb9,"2019-09-16",36.19,10.86,28
b2141f3341478ce4ee74781f7da95dcbc3ee6d9a5309659d5163026415e98bb9,"2019-04-23",31.15,9.35,226
b2141f3341478ce4ee74781f7da95dcbc3ee6d9a5309659d5163026415e98bb9,"2020-05-15",38.39,11.52,84
b2141f3341478ce4ee74781f7da95dcbc3ee6d9a5309659d5163026415e98bb9,"2021-01-03",38.39,11.52,44
b2141f3341478ce4ee74781f7da95dcbc3ee6d9a5309659d5163026415e98bb9,"2019-01-10",36.19,10.86,22
b2141f3341478ce4ee74781f7da95dcbc3ee6d9a5309659d5163026415e98bb9,"2019-03-15",36.19,10.86,41
b2141f3341478ce4ee74781f7da95dcbc3ee6d9a5309659d5163026415e98bb9,"2019-12-20",36.19,10.86,84
b2141f3341478ce4ee74781f7da95dcbc3ee6d9a5309659d5163026415e98bb9,"2020-10-06",38.39,11.52,55
b2141f3341478ce4ee74781f7da95dcbc3ee6d9a5309659d5163026415e98bb9,"2019-07-13",36.19,10.86,17
b2141f3341478ce4ee74781f7da95dcbc3ee6d9a5309659d5163026415e98bb9,"2020-06-23",38.39,11.52,34
b2141f3341478ce4ee74781f7da95dcbc3ee6d9a5309659d5163026415e98bb9,"2020-11-04",38.39,11.52,48
b2141f3341478ce4ee74781f7da95dcbc3ee6d9a5309659d5163026415e98bb9,"2019-10-23",36.19,10.86,29
b2141f3341478ce4ee74781f7da95dcbc3ee6d9a5309659d5163026415e98bb9,"2020-06-27",38.39,11.52,46
b2141f3341478ce4ee74781f7da95dcbc3ee6d9a5309659d5163026415e98bb9,"2020-10-27",38.39,11.52,53
b2141f3341478ce4ee74781f7da95dcbc3ee6d9a5309659d5163026415e98bb9,"2019-06-07",36.19,10.86,40
b2141f3341478ce4ee74781f7da95dcbc3ee6d9a5309659d5163026415e98bb9,"2021-01-25",38.39,11.52,45
b2141f3341478ce4ee74781f7da95dcbc3ee6d9a5309659d5163026415e98bb9,"2020-07-24",38.39,11.52,42
b2141f3341478ce4ee74781f7da95dcbc3ee6d9a5309659d5163026415e98bb9,"2021-01-19",38.39,11.52,55
b2141f3341478ce4ee74781f7da95dcbc3ee6d9a5309659d5163026415e98bb9,"2019-01-12",36.19,10.86,33
b2141f3341478ce4ee74781f7da95dcbc3ee6d9a5309659d5163026415e98bb9,"2019-04-28",30.26,9.08,102
b2141f3341478ce4ee74781f7da95dcbc3ee6d9a5309659d5163026415e98bb9,"2020-03-31",38.39,11.52,130
b2141f3341478ce4ee74781f7da95dcbc3ee6d9a5309659d5163026415e98bb9,"2019-08-25",24.09,7.23,248
b2141f3341478ce4ee74781f7da95dcbc3ee6d9a5309659d5163026415e98bb9,"2020-10-26",38.39,11.52,54
b2141f3341478ce4ee74781f7da95dcbc3ee6d9a5309659d5163026415e98bb9,"2020-02-24",38.39,11.52,25
b2141f3341478ce4ee74781f7da95dcbc3ee6d9a5309659d5163026415e98bb9,"2019-01-29",36.19,10.86,21
b2141f3341478ce4ee74781f7da95dcbc3ee6d9a5309659d5163026415e98bb9,"2020-05-26",24.09,7.23,555
b2141f3341478ce4ee74781f7da95dcbc3ee6d9a5309659d5163026415e98bb9,"2019-08-28",36.19,10.86,19
b2141f3341478ce4ee74781f7da95dcbc3ee6d9a5309659d5163026415e98bb9,"2020-03-17",38.39,11.52,375
b2141f3341478ce4ee74781f7da95dcbc3ee6d9a5309659d5163026415e98bb9,"2019-05-25",36.19,10.86,31
b2141f3341478ce4ee74781f7da95dcbc3ee6d9a5309659d5163026415e98bb9,"2019-05-19",36.19,10.86,25
b2141f3341478ce4ee74781f7da95dcbc3ee6d9a5309659d5163026415e98bb9,"2019-12-10",24.09,7.23,291
b2141f3341478ce4ee74781f7da95dcbc3ee6d9a5309659d5163026415e98bb9,"2020-01-21",36.19,10.86,31
b2141f3341478ce4ee74781f7da95dcbc3ee6d9a5309659d5163026415e98bb9,"2019-06-14",36.19,10.86,46
b2141f3341478ce4ee74781f7da95dcbc3ee6d9a5309659d5163026415e98bb9,"2019-08-15",36.19,10.86,60
b2141f3341478ce4ee74781f7da95dcbc3ee6d9a5309659d5163026415e98bb9,"2020-04-23",38.39,11.52,67
b2141f3341478ce4ee74781f7da95dcbc3ee6d9a5309659d5163026415e98bb9,"2019-04-16",36.19,10.86,32
b2141f3341478ce4ee74781f7da95dcbc3ee6d9a5309659d5163026415e98bb9,"2019-05-02",30.64,9.19,85
b2141f3341478ce4ee74781f7da95dcbc3ee6d9a5309659d5163026415e98bb9,"2020-07-28",38.39,11.52,36
b2141f3341478ce4ee74781f7da95dcbc3ee6d9a5309659d5163026415e98bb9,"2019-11-26",36.19,10.86,26
b2141f3341478ce4ee74781f7da95dcbc3ee6d9a5309659d5163026415e98bb9,"2019-08-27",36.19,10.86,59
b2141f3341478ce4ee74781f7da95dcbc3ee6d9a5309659d5163026415e98bb9,"2019-12-06",36.19,10.86,31
b2141f3341478ce4ee74781f7da95dcbc3ee6d9a5309659d5163026415e98bb9,"2019-09-11",36.19,10.86,47
b2141f3341478ce4ee74781f7da95dcbc3ee6d9a5309659d5163026415e98bb9,"2019-08-12",36.19,10.86,33
b2141f3341478ce4ee74781f7da95dcbc3ee6d9a5309659d5163026415e98bb9,"2020-01-25",36.19,10.86,41
b2141f3341478ce4ee74781f7da95dcbc3ee6d9a5309659d5163026415e98bb9,"2020-01-11",36.19,10.86,22
b2141f3341478ce4ee74781f7da95dcbc3ee6d9a5309659d5163026415e98bb9,"2019-01-24",36.19,10.86,26
b2141f3341478ce4ee74781f7da95dcbc3ee6d9a5309659d5163026415e98bb9,"2020-04-04",38.39,11.52,100
b2141f3341478ce4ee74781f7da95dcbc3ee6d9a5309659d5163026415e98bb9,"2019-03-30",36.19,10.86,27
b2141f3341478ce4ee74781f7da95dcbc3ee6d9a5309659d5163026415e98bb9,"2019-03-24",36.19,10.86,31
b2141f3341478ce4ee74781f7da95dcbc3ee6d9a5309659d5163026415e98bb9,"2019-02-15",24.09,7.23,291
b2141f3341478ce4ee74781f7da95dcbc3ee6d9a5309659d5163026415e98bb9,"2020-07-16",38.39,11.52,57
b2141f3341478ce4ee74781f7da95dcbc3ee6d9a5309659d5163026415e98bb9,"2020-08-04",38.39,11.52,15
b2141f3341478ce4ee74781f7da95dcbc3ee6d9a5309659d5163026415e98bb9,"2019-06-30",36.19,10.86,26
b2141f3341478ce4ee74781f7da95dcbc3ee6d9a5309659d5163026415e98bb9,"2019-04-17",36.19,10.86,49
b2141f3341478ce4ee74781f7da95dcbc3ee6d9a5309659d5163026415e98bb9,"2019-03-04",36.19,10.86,26
b2141f3341478ce4ee74781f7da95dcbc3ee6d9a5309659d5163026415e98bb9,"2020-12-15",38.39,11.52,100
b2141f3341478ce4ee74781f7da95dcbc3ee6d9a5309659d5163026415e98bb9,"2019-09-29",24.09,7.23,318
b2141f3341478ce4ee74781f7da95dcbc3ee6d9a5309659d5163026415e98bb9,"2020-06-06",38.39,11.52,38
b2141f3341478ce4ee74781f7da95dcbc3ee6d9a5309659d5163026415e98bb9,"2019-07-25",36.19,10.86,35
b2141f3341478ce4ee74781f7da95dcbc3ee6d9a5309659d5163026415e98bb9,"2019-10-12",36.19,10.86,21
b2141f3341478ce4ee74781f7da95dcbc3ee6d9a5309659d5163026415e98bb9,"2019-10-11",36.19,10.86,57
b2141f3341478ce4ee74781f7da95dcbc3ee6d9a5309659d5163026415e98bb9,"2020-07-12",24.09,7.23,383
b2141f3341478ce4ee74781f7da95dcbc3ee6d9a5309659d5163026415e98bb9,"2020-09-13",37.48,11.24,44
b2141f3341478ce4ee74781f7da95dcbc3ee6d9a5309659d5163026415e98bb9,"2020-05-25",24.34,7.30,592
b2141f3341478ce4ee74781f7da95dcbc3ee6d9a5309659d5163026415e98bb9,"2020-05-05",38.39,11.52,140
b2141f3341478ce4ee74781f7da95dcbc3ee6d9a5309659d5163026415e98bb9,"2019-05-14",36.19,10.86,24
b2141f3341478ce4ee74781f7da95dcbc3ee6d9a5309659d5163026415e98bb9,"2021-01-22",38.39,11.52,76
b2141f3341478ce4ee74781f7da95dcbc3ee6d9a5309659d5163026415e98bb9,"2020-07-14",38.39,11.52,30
b2141f3341478ce4ee74781f7da95dcbc3ee6d9a5309659d5163026415e98bb9,"2019-06-05",36.19,10.86,49
b2141f3341478ce4ee74781f7da95dcbc3ee6d9a5309659d5163026415e98bb9,"2019-03-19",36.19,10.86,26
b2141f3341478ce4ee74781f7da95dcbc3ee6d9a5309659d5163026415e98bb9,"2019-02-14",24.09,7.23,268
b2141f3341478ce4ee74781f7da95dcbc3ee6d9a5309659d5163026415e98bb9,"2020-04-22",38.39,11.52,66
b2141f3341478ce4ee74781f7da95dcbc3ee6d9a5309659d5163026415e98bb9,"2020-03-27",38.39,11.52,82
b2141f3341478ce4ee74781f7da95dcbc3ee6d9a5309659d5163026415e98bb9,"2019-11-05",36.19,10.86,22
b2141f3341478ce4ee74781f7da95dcbc3ee6d9a5309659d5163026415e98bb9,"2020-01-09",36.19,10.86,69
b2141f3341478ce4ee74781f7da95dcbc3ee6d9a5309659d5163026415e98bb9,"2021-01-13",37.96,11.39,67
b2141f3341478ce4ee74781f7da95dcbc3ee6d9a5309659d5163026415e98bb9,"2019-01-11",36.19,10.86,66
b2141f3341478ce4ee74781f7da95dcbc3ee6d9a5309659d5163026415e98bb9,"2020-01-19",36.19,10.86,27
b2141f3341478ce4ee74781f7da95dcbc3ee6d9a5309659d5163026415e98bb9,"2020-10-21",38.39,11.52,81
b2141f3341478ce4ee74781f7da95dcbc3ee6d9a5309659d5163026415e98bb9,"2019-02-13",24.09,7.23,265
b2141f3341478ce4ee74781f7da95dcbc3ee6d9a5309659d5163026415e98bb9,"2019-09-23",24.09,7.23,279
b2141f3341478ce4ee74781f7da95dcbc3ee6d9a5309659d5163026415e98bb9,"2020-08-06",38.39,11.52,32
b2141f3341478ce4ee74781f7da95dcbc3ee6d9a5309659d5163026415e98bb9,"2020-09-11",38.39,11.52,34
b2141f3341478ce4ee74781f7da95dcbc3ee6d9a5309659d5163026415e98bb9,"2019-08-10",36.19,10.86,17
b2141f3341478ce4ee74781f7da95dcbc3ee6d9a5309659d5163026415e98bb9,"2020-06-17",38.39,11.52,40
b2141f3341478ce4ee74781f7da95dcbc3ee6d9a5309659d5163026415e98bb9,"2019-11-22",36.19,10.86,37
b2141f3341478ce4ee74781f7da95dcbc3ee6d9a5309659d5163026415e98bb9,"2019-03-11",36.19,10.86,25
b2141f3341478ce4ee74781f7da95dcbc3ee6d9a5309659d5163026415e98bb9,"2020-08-08",38.39,11.52,33
b2141f3341478ce4ee74781f7da95dcbc3ee6d9a5309659d5163026415e98bb9,"2019-03-12",36.19,10.86,36
b2141f3341478ce4ee74781f7da95dcbc3ee6d9a5309659d5163026415e98bb9,"2020-09-10",38.39,11.52,35
b2141f3341478ce4ee74781f7da95dcbc3ee6d9a5309659d5163026415e98bb9,"2019-02-12",24.09,7.23,319
b2141f3341478ce4ee74781f7da95dcbc3ee6d9a5309659d5163026415e98bb9,"2020-12-16",38.39,11.52,102
b2141f3341478ce4ee74781f7da95dcbc3ee6d9a5309659d5163026415e98bb9,"2020-09-05",38.39,11.52,44
b2141f3341478ce4ee74781f7da95dcbc3ee6d9a5309659d5163026415e98bb9,"2020-12-14",38.39,11.52,85
b2141f3341478ce4ee74781f7da95dcbc3ee6d9a5309659d5163026415e98bb9,"2020-02-20",37.87,11.36,35
b2141f3341478ce4ee74781f7da95dcbc3ee6d9a5309659d5163026415e98bb9,"2020-04-21",38.39,11.52,60
b2141f3341478ce4ee74781f7da95dcbc3ee6d9a5309659d5163026415e98bb9,"2019-08-05",36.19,10.86,31
b2141f3341478ce4ee74781f7da95dcbc3ee6d9a5309659d5163026415e98bb9,"2020-07-09",24.09,7.23,436
b2141f3341478ce4ee74781f7da95dcbc3ee6d9a5309659d5163026415e98bb9,"2019-09-30",25.20,7.56,190
b2141f3341478ce4ee74781f7da95dcbc3ee6d9a5309659d5163026415e98bb9,"2020-07-06",24.09,7.23,453
b2141f3341478ce4ee74781f7da95dcbc3ee6d9a5309659d5163026415e98bb9,"2020-03-14",24.09,7.23,827
b2141f3341478ce4ee74781f7da95dcbc3ee6d9a5309659d5163026415e98bb9,"2020-03-11",24.09,7.23,814
b2141f3341478ce4ee74781f7da95dcbc3ee6d9a5309659d5163026415e98bb9,"2020-04-13",38.39,11.52,53
b2141f3341478ce4ee74781f7da95dcbc3ee6d9a5309659d5163026415e98bb9,"2020-10-15",38.39,11.52,82
b2141f3341478ce4ee74781f7da95dcbc3ee6d9a5309659d5163026415e98bb9,"2019-11-28",36.19,10.86,43
b2141f3341478ce4ee74781f7da95dcbc3ee6d9a5309659d5163026415e98bb9,"2019-04-19",36.19,10.86,37
b2141f3341478ce4ee74781f7da95dcbc3ee6d9a5309659d5163026415e98bb9,"2021-01-07",38.39,11.52,94
b2141f3341478ce4ee74781f7da95dcbc3ee6d9a5309659d5163026415e98bb9,"2019-01-13",36.19,10.86,39
b2141f3341478ce4ee74781f7da95dcbc3ee6d9a5309659d5163026415e98bb9,"2019-01-18",36.19,10.86,54
b2141f3341478ce4ee74781f7da95dcbc3ee6d9a5309659d5163026415e98bb9,"2019-08-04",36.19,10.86,16
b2141f3341478ce4ee74781f7da95dcbc3ee6d9a5309659d5163026415e98bb9,"2020-11-10",38.39,11.52,139
b2141f3341478ce4ee74781f7da95dcbc3ee6d9a5309659d5163026415e98bb9,"2020-01-04",36.19,10.86,56
b2141f3341478ce4ee74781f7da95dcbc3ee6d9a5309659d5163026415e98bb9,"2019-08-29",36.19,10.86,46
b2141f3341478ce4ee74781f7da95dcbc3ee6d9a5309659d5163026415e98bb9,"2020-11-23",38.39,11.52,82
b2141f3341478ce4ee74781f7da95dcbc3ee6d9a5309659d5163026415e98bb9,"2021-01-26",38.39,11.52,77
b2141f3341478ce4ee74781f7da95dcbc3ee6d9a5309659d5163026415e98bb9,"2019-04-06",24.09,7.23,254
b2141f3341478ce4ee74781f7da95dcbc3ee6d9a5309659d5163026415e98bb9,"2021-01-02",38.39,11.52,111
b2141f3341478ce4ee74781f7da95dcbc3ee6d9a5309659d5163026415e98bb9,"2019-02-27",36.19,10.86,33
b2141f3341478ce4ee74781f7da95dcbc3ee6d9a5309659d5163026415e98bb9,"2019-04-15",36.19,10.86,34
b2141f3341478ce4ee74781f7da95dcbc3ee6d9a5309659d5163026415e98bb9,"2020-12-10",38.39,11.52,75
b2141f3341478ce4ee74781f7da95dcbc3ee6d9a5309659d5163026415e98bb9,"2019-11-15",36.19,10.86,37
b2141f3341478ce4ee74781f7da95dcbc3ee6d9a5309659d5163026415e98bb9,"2020-07-29",38.39,11.52,28
b2141f3341478ce4ee74781f7da95dcbc3ee6d9a5309659d5163026415e98bb9,"2019-06-13",36.19,10.86,39
b2141f3341478ce4ee74781f7da95dcbc3ee6d9a5309659d5163026415e98bb9,"2019-10-24",36.19,10.86,27
b2141f3341478ce4ee74781f7da95dcbc3ee6d9a5309659d5163026415e98bb9,"2019-02-19",36.19,10.86,23
b2141f3341478ce4ee74781f7da95dcbc3ee6d9a5309659d5163026415e98bb9,"2020-09-30",24.09,7.23,337
b2141f3341478ce4ee74781f7da95dcbc3ee6d9a5309659d5163026415e98bb9,"2020-02-09",36.19,10.86,40
b2141f3341478ce4ee74781f7da95dcbc3ee6d9a5309659d5163026415e98bb9,"2020-07-21",38.39,11.52,39
b2141f3341478ce4ee74781f7da95dcbc3ee6d9a5309659d5163026415e98bb9,"2019-03-01",36.19,10.86,28
b2141f3341478ce4ee74781f7da95dcbc3ee6d9a5309659d5163026415e98bb9,"2019-05-13",36.19,10.86,23
b2141f3341478ce4ee74781f7da95dcbc3ee6d9a5309659d5163026415e98bb9,"2020-06-28",38.39,11.52,41
b2141f3341478ce4ee74781f7da95dcbc3ee6d9a5309659d5163026415e98bb9,"2020-01-30",24.09,7.23,360
b2141f3341478ce4ee74781f7da95dcbc3ee6d9a5309659d5163026415e98bb9,"2019-08-11",36.19,10.86,28
b2141f3341478ce4ee74781f7da95dcbc3ee6d9a5309659d5163026415e98bb9,"2020-11-16",24.09,7.23,769
b2141f3341478ce4ee74781f7da95dcbc3ee6d9a5309659d5163026415e98bb9,"2019-03-05",36.19,10.86,23
b2141f3341478ce4ee74781f7da95dcbc3ee6d9a5309659d5163026415e98bb9,"2019-08-08",36.19,10.86,28
b2141f3341478ce4ee74781f7da95dcbc3ee6d9a5309659d5163026415e98bb9,"2019-07-21",36.19,10.86,18
b2141f3341478ce4ee74781f7da95dcbc3ee6d9a5309659d5163026415e98bb9,"2020-10-22",38.39,11.52,60
b2141f3341478ce4ee74781f7da95dcbc3ee6d9a5309659d5163026415e98bb9,"2020-10-07",38.39,11.52,41
b2141f3341478ce4ee74781f7da95dcbc3ee6d9a5309659d5163026415e98bb9,"2019-04-01",24.09,7.23,279
b2141f3341478ce4ee74781f7da95dcbc3ee6d9a5309659d5163026415e98bb9,"2019-04-18",36.19,10.86,62
b2141f3341478ce4ee74781f7da95dcbc3ee6d9a5309659d5163026415e98bb9,"2019-02-09",36.19,10.86,29
b2141f3341478ce4ee74781f7da95dcbc3ee6d9a5309659d5163026415e98bb9,"2020-01-01",36.19,10.86,17
b2141f3341478ce4ee74781f7da95dcbc3ee6d9a5309659d5163026415e98bb9,"2020-07-27",38.39,11.52,29
b2141f3341478ce4ee74781f7da95dcbc3ee6d9a5309659d5163026415e98bb9,"2020-04-17",38.39,11.52,45
b2141f3341478ce4ee74781f7da95dcbc3ee6d9a5309659d5163026415e98bb9,"2020-10-03",24.09,7.23,381
b2141f3341478ce4ee74781f7da95dcbc3ee6d9a5309659d5163026415e98bb9,"2020-11-19",24.09,7.23,1109
b2141f3341478ce4ee74781f7da95dcbc3ee6d9a5309659d5163026415e98bb9,"2020-08-27",38.39,11.52,40
b2141f3341478ce4ee74781f7da95dcbc3ee6d9a5309659d5163026415e98bb9,"2020-12-06",38.39,11.52,58
b2141f3341478ce4ee74781f7da95dcbc3ee6d9a5309659d5163026415e98bb9,"2020-07-23",38.39,11.52,57
b2141f3341478ce4ee74781f7da95dcbc3ee6d9a5309659d5163026415e98bb9,"2020-05-23",38.39,11.52,61
b2141f3341478ce4ee74781f7da95dcbc3ee6d9a5309659d5163026415e98bb9,"2020-12-25",38.39,11.52,33
b2141f3341478ce4ee74781f7da95dcbc3ee6d9a5309659d5163026415e98bb9,"2020-03-10",24.09,7.23,599
b2141f3341478ce4ee74781f7da95dcbc3ee6d9a5309659d5163026415e98bb9,"2019-09-05",36.19,10.86,49
b2141f3341478ce4ee74781f7da95dcbc3ee6d9a5309659d5163026415e98bb9,"2020-08-01",38.39,11.52,25
b2141f3341478ce4ee74781f7da95dcbc3ee6d9a5309659d5163026415e98bb9,"2020-11-22",24.09,7.23,837
b2141f3341478ce4ee74781f7da95dcbc3ee6d9a5309659d5163026415e98bb9,"2020-02-06",36.19,10.86,36
b2141f3341478ce4ee74781f7da95dcbc3ee6d9a5309659d5163026415e98bb9,"2020-02-25",38.39,11.52,47
b2141f3341478ce4ee74781f7da95dcbc3ee6d9a5309659d5163026415e98bb9,"2020-11-14",37.15,11.14,51
b2141f3341478ce4ee74781f7da95dcbc3ee6d9a5309659d5163026415e98bb9,"2019-12-12",24.09,7.23,355
b2141f3341478ce4ee74781f7da95dcbc3ee6d9a5309659d5163026415e98bb9,"2020-05-03",38.39,11.52,80
b2141f3341478ce4ee74781f7da95dcbc3ee6d9a5309659d5163026415e98bb9,"2020-09-03",38.24,11.47,62
b2141f3341478ce4ee74781f7da95dcbc3ee6d9a5309659d5163026415e98bb9,"2020-03-26",38.39,11.52,180
