data/ml_task_data.csv
"product_id","date","sell_price","margin","sales"
b2141f3341478ce4ee74781f7da95dcbc3ee6d9a5309659d5163026415e98bb9,"2019-04-14",36.19,10.86,41
b2141f3341478ce4ee74781f7da95dcbc3ee6d9a5309659d5163026415e98bb9,"2020-04-14",38.39,11.52,83
b2141f3341478ce4ee74781f7da95dcbc3ee6d9a5309659d5163026415e98bb9,"2020-12-22",38.39,11.52,158
b2141f3341478ce4ee74781f7da95dcbc3ee6d9a5309659d5163026415e98bb9,"2020-07-13",36.40,10.92,86
b2141f3341478ce4ee74781f7da95dcbc3ee6d9a5309659d5163026415e98bb9,"2019-07-03",36.19,10.86,32
b2141f3341478ce4ee74781f7da95dcbc3ee6d9a5309659d5163026415e98bb9,"2019-02-16",24.09,7.23,258
b2141f3341478ce4ee74781f7da95dcbc3ee6d9a5309659d5163026415e98bb9,"2019-01-07",36.19,10.86,40
b2141f3341478ce4ee74781f7da95dcbc3ee6d9a5309659d5163026415e98bb9,"2019-10-29",36.19,10.86,34
b2141f3341478ce4ee74781f7da95dcbc3ee6d9a5309659d5163026415e98bb9,"2020-12-05",38.39,11.52,57
b2141f3341478ce4ee74781f7da95dcbc3ee6d9a5309659d5163026415e98bb9,"2019-09-15",36.19,10.86,18
b2141f3341478ce4ee74781f7da95dcbc3ee6d9a5309659d5163026415e98bb9,"2019-12-09",24.09,7.23,272
b2141f3341478ce4ee74781f7da95dcbc3ee6d9a5309659d5163026415e98bb9,"2019-10-14",36.19,10.86,38
b2141f3341478ce4ee74781f7da95dcbc3ee6d9a5309659d5163026415e98bb9,"2020-12-09",38.39,11.52,74
b2141f3341478ce4ee74781f7da95dcbc3ee6d9a5309659d5163026415e98bb9,"2019-10-15",36.19,10.86,39
b2141f3341478ce4ee74781f7da95dcbc3ee6d9a5309659d5163026415e98bb9,"2020-04-05",38.39,11.52,55
b2141f3341478ce4ee74781f7da95dcbc3ee6d9a5309659d5163026415e98bb9,"2019-03-27",36.19,10.86,18
b2141f3341478ce4ee74781f7da95dcbc3ee6d9a5309659d5163026415e98bb9,"2020-05-06",38.39,11.52,65
b2141f3341478ce4ee74781f7da95dcbc3ee6d9a5309659d5163026415e98bb9,"2021-01-15",38.39,11.52,78
b2141f3341478ce4ee74781f7da95dcbc3ee6d9a5309659d5163026415e98bb9,"2019-03-13",36.19,10.86,35
b2141f3341478ce4ee74781f7da95dcbc3ee6d9a5309659d5163026415e98bb9,"2020-09-23",38.39,11.52,42
b2141f3341478ce4ee74781f7da95dcbc3ee6d9a5309659d5163026415e98bb9,"2019-07-31",36.19,10.86,23
b2141f3341478ce4ee74781f7da95dcbc3ee6d9a5309659d5163026415e98bb9,"2020-03-04",38.39,11.52,32
b2141f3341478ce4ee74781f7da95dcbc3ee6d9a5309659d5163026415e98bb9,"2020-09-22",38.39,11.52,34
b2141f3341478ce4ee74781f7da95dcbc3ee6d9a5309659d5163026415e98bb9,"2019-12-27",36.19,10.86,53
b2141f3341478ce4ee74781f7da95dcbc3ee6d9a5309659d5163026415e98bb9,"2019-12-22",36.19,10.86,45
b2141f3341478ce4ee74781f7da95dcbc3ee6d9a5309659d5163026415e98bb9,"2020-11-26",38.39,11.52,82
b2141f3341478ce4ee74781f7da95dcbc3ee6d9a5309659d5163026415e98bb9,"2019-11-30",36.19,10.86,36
b2141f3341478ce4ee74781f7da95dcbc3ee6d9a5309659d5163026415e98bb9,"2020-11-21",24.09,7.23,835
b2141f3341478ce4ee74781f7da95dcbc3ee6d9a5309659d5163026415e98bb9,"2020-09-29",24.09,7.23,423
b2141f3341478ce4ee74781f7da95dcbc3ee6d9a5309659d5163026415e98bb9,"2020-03-21",38.39,11.52,88
b2141f3341478ce4ee74781f7da95dcbc3ee6d9a5309659d5163026415e98bb9,"2020-01-15",36.19,10.86,35
b2141f3341478ce4ee74781f7da95dcbc3ee6d9a5309659d5163026415e98bb9,"2020-03-29",38.39,11.52,160
b2141f3341478ce4ee74781f7da95dcbc3ee6d9a5309659d5163026415e98bb9,"2021-01-14",34.30,10.29,159
b2141f3341478ce4ee74781f7da95dcbc3ee6d9a5309659d5163026415e98bb9,"2019-10-17",36.19,10.86,32
b2141f3341478ce4ee74781f7da95dcbc3ee6d9a5309659d5163026415e98bb9,"2019-09-07",36.19,10.86,39
b2141f3341478ce4ee74781f7da95dcbc3ee6d9a5309659d5163026415e98bb9,"2020-12-13",38.39,11.52,60
b2141f3341478ce4ee74781f7da95dcbc3ee6d9a5309659d5163026415e98bb9,"2020-04-25",38.39,11.52,72
b2141f3341478ce4ee74781f7da95dcbc3ee6d9a5309659d5163026415e98bb9,"2020-02-08",36.19,10.86,38
b2141f3341478ce4ee74781f7da95dcbc3ee6d9a5309659d5163026415e98bb9,"2020-01-26",36.19,10.86,16
b2141f3341478ce4ee74781f7da95dcbc3ee6d9a5309659d5163026415e98bb9,"2020-09-24",38.39,11.52,69
b2141f3341478ce4ee74781f7da95dcbc3ee6d9a5309659d5163026415e98bb9,"2020-08-03",38.39,11.52,42
b2141f3341478ce4ee74781f7da95dcbc3ee6d9a5309659d5163026415e98bb9,"2019-12-23",36.19,10.86,22
b2141f3341478ce4ee74781f7da95dcbc3ee6d9a5309659d5163026415e98bb9,"2020-08-12",38.39,11.52,86
b2141f3341478ce4ee74781f7da95dcbc3ee6d9a5309659d5163026415e98bb9,"2019-11-13",36.19,10.86,22
b2141f3341478ce4ee74781f7da95dcbc3ee6d9a5309659d5163026415e98bb9,"2020-12-23",38.39,11.52,20
b2141f3341478ce4ee74781f7da95dcbc3ee6d9a5309659d5163026415e98bb9,"2020-10-20",38.39,11.52,37
b2141f3341478ce4ee74781f7da95dcbc3ee6d9a5309659d5163026415e98bb9,"2019-02-18",36.19,10.86,17
b2141f3341478ce4ee74781f7da95dcbc3ee6d9a5309659d5163026415e98bb9,"2019-03-06",36.19,10.86,25
b2141f3341478ce4ee74781f7da95dcbc3ee6d9a5309659d5163026415e98bb9,"2020-05-22",38.39,11.52,32
b2141f3341478ce4ee74781f7da95dcbc3ee6d9a5309659d5163026415e98bb9,"2020-10-05",38.39,11.52,50
b2141f3341478ce4ee74781f7da95dcbc3ee6d9a5309659d5163026415e98bb9,"2020-05-20",38.39,11.52,65
b2141f3341478ce4ee74781f7da95dcbc3ee6d9a5309659d5163026415e98bb9,"2020-03-30",38.39,11.52,62
b2141f3341478ce4ee74781f7da95dcbc3ee6d9a5309659d5163026415e98bb9,"2020-08-10",38.39,11.52,31
b2141f3341478ce4ee74781f7da95dcbc3ee6d9a5309659d5163026415e98bb9,"2019-12-02",36.19,10.86,34
b2141f3341478ce4ee74781f7da95dcbc3ee6d9a5309659d5163026415e98bb9,"2019-08-24",24.09,7.23,240
b2141f3341478ce4ee74781f7da95dcbc3ee6d9a5309659d5163026415e98bb9,"2019-02-28",36.19,10.86,35
b2141f3341478ce4ee74781f7da95dcbc3ee6d9a5309659d5163026415e98bb9,"2019-11-08",36.19,10.86,37
b2141f3341478ce4ee74781f7da95dcbc3ee6d9a5309659d5163026415e98bb9,"2020-11-09",38.39,11.52,52
b2141f3341478ce4ee74781f7da95dcbc3ee6d9a5309659d5163026415e98bb9,"2019-07-19",36.19,10.86,44
b2141f3341478ce4ee74781f7da95dcbc3ee6d9a5309659d5163026415e98bb9,"2019-07-01",36.19,10.86,20
b2141f3341478ce4ee74781f7da95dcbc3ee6d9a5309659d5163026415e98bb9,"2019-06-09",36.19,10.86,26
b2141f3341478ce4ee74781f7da95dcbc3ee6d9a5309659d5163026415e98bb9,"2020-07-11",24.09,7.23,405
b2141f3341478ce4ee74781f7da95dcbc3ee6d9a5309659d5163026415e98bb9,"2020-06-30",38.39,11.52,40
b2141f3341478ce4ee74781f7da95dcbc3ee6d9a5309659d5163026415e98bb9,"2019-01-30",36.19,10.86,32
b2141f3341478ce4ee74781f7da95dcbc3ee6d9a5309659d5163026415e98bb9,"2020-01-17",36.19,10.86,40
b2141f3341478ce4ee74781f7da95dcbc3ee6d9a5309659d5163026415e98bb9,"2019-01-14",36.19,10.86,20
b2141f3341478ce4ee74781f7da95dcbc3ee6d9a5309659d5163026415e98bb9,"2020-04-11",38.39,11.52,36
b2141f3341478ce4ee74781f7da95dcbc3ee6d9a5309659d5163026415e98bb9,"2019-03-26",36.19,10.86,24
b2141f3341478ce4ee74781f7da95dcbc3ee6d9a5309659d5163026415e98bb9,"2019-07-26",36.19,10.86,35
b2141f3341478ce4ee74781f7da95dcbc3ee6d9a5309659d5163026415e98bb9,"2020-06-04",38.39,11.52,59
b2141f3341478ce4ee74781f7da95dcbc3ee6d9a5309659d5163026415e98bb9,"2021-01-27",38.39,11.52,70
b2141f3341478ce4ee74781f7da95dcbc3ee6d9a5309659d5163026415e98bb9,"2019-01-25",36.19,10.86,41
b2141f3341478ce4ee74781f7da95dcbc3ee6d9a5309659d5163026415e98bb9,"2020-09-25",38.39,11.52,53
b2141f3341478ce4ee74781f7da95dcbc3ee6d9a5309659d5163026415e98bb9,"2020-05-01",38.39,11.52,46
b2141f3341478ce4ee74781f7da95dcbc3ee6d9a5309659d5163026415e98bb9,"2019-07-10",36.19,10.86,18
b2141f3341478ce4ee74781f7da95dcbc3ee6d9a5309659d5163026415e98bb9,"2020-08-05",38.39,11.52,25
b2141f3341478ce4ee74781f7da95dcbc3ee6d9a5309659d5163026415e98bb9,"2019-05-27",36.19,10.86,29
b2141f3341478ce4ee74781f7da95dcbc3ee6d9a5309659d5163026415e98bb9,"2019-09-24",24.09,7.23,256
b2141f3341478ce4ee74781f7da95dcbc3ee6d9a5309659d5163026415e98bb9,"2020-06-08",38.36,11.51,78
b2141f3341478ce4ee74781f7da95dcbc3ee6d9a5309659d5163026415e98bb9,"2020-11-12",38.39,11.52,90
b2141f3341478ce4ee74781f7da95dcbc3ee6d9a5309659d5163026415e98bb9,"2019-02-03",36.19,10.86,27
b2141f3341478ce4ee74781f7da95dcbc3ee6d9a5309659d5163026415e98bb9,"2020-10-18",38.39,11.52,47
b2141f3341478ce4ee74781f7da95dcbc3ee6d9a5309659d5163026415e98bb9,"2020-09-21",38.39,11.52,27
b2141f3341478ce4ee74781f7da95dcbc3ee6d9a5309659d5163026415e98bb9,"2020-01-16",36.19,10.86,35
b2141f3341478ce4ee74781f7da95dcbc3ee6d9a5309659d5163026415e98bb9,"2020-05-28",24.09,7.23,849
b2141f3341478ce4ee74781f7da95dcbc3ee6d9a5309659d5163026415e98bb9,"2020-08-02",38.39,11.52,36
b2141f3341478ce4ee74781f7da95dcbc3ee6d9a5309659d5163026415e98bb9,"2019-11-09",36.19,10.86,25
b2141f3341478ce4ee74781f7da95dcbc3ee6d9a5309659d5163026415e98bb9,"2020-02-26",38.39,11.52,63
b2141f3341478ce4ee74781f7da95dcbc3ee6d9a5309659d5163026415e98bb9,"2020-06-25",38.39,11.52,42
b2141f3341478ce4ee74781f7da95dcbc3ee6d9a5309659d5163026415e98bb9,"2019-06-28",36.19,10.86,21
b2141f3341478ce4ee74781f7da95dcbc3ee6d9a5309659d5163026415e98bb9,"2020-02-02",24.09,7.23,325
b2141f3341478ce4ee74781f7da95dcbc3ee6d9a5309659d5163026415e98bb9,"2020-10-04",24.09,7.23,463
b2141f3341478ce4ee74781f7da95dcbc3ee6d9a5309659d5163026415e98bb9,"2020-08-25",37.47,11.24,31
b2141f3341478ce4ee74781f7da95dcbc3ee6d9a5309659d5163026415e98bb9,"2019-08-06",36.19,10.86,17
b2141f3341478ce4ee74781f7da95dcbc3ee6d9a5309659d5163026415e98bb9,"2020-05-31",24.09,7.23,549
b2141f3341478ce4ee74781f7da95dcbc3ee6d9a5309659d5163026415e98bb9,"2020-03-28",38.39,11.52,57
b2141f3341478ce4ee74781f7da95dcbc3ee6d9a5309659d5163026415e98bb9,"2019-05-28",36.19,10.86,38
b2141f3341478ce4ee74781f7da95dcbc3ee6d9a5309659d5163026415e98bb9,"2019-12-25",36.19,10.86,14
b2141f3341478ce4ee74781f7da95dcbc3ee6d9a5309659d5163026415e98bb9,"2019-04-12",36.19,10.86,41
b2141f3341478ce4ee74781f7da95dcbc3ee6d9a5309659d5163026415e98bb9,"2020-06-02",37.64,11.29,59
b2141f3341478ce4ee74781f7da95dcbc3ee6d9a5309659d5163026415e98bb9,"2019-01-28",36.19,10.86,23
b2141f3341478ce4ee74781f7da95dcbc3ee6d9a5309659d5163026415e98bb9,"2020-11-07",38.39,11.52,38
b2141f3341478ce4ee74781f7da95dcbc3ee6d9a5309659d5163026415e98bb9,"2020-09-02",38.01,11.40,50
b2141f3341478ce4ee74781f7da95dcbc3ee6d9a5309659d5163026415e98bb9,"2020-07-31",38.39,11.52,35
b2141f3341478ce4ee74781f7da95dcbc3ee6d9a5309659d5163026415e98bb9,"2019-12-18",27.39,8.22,419
b2141f3341478ce4ee74781f7da95dcbc3ee6d9a5309659d5163026415e98bb9,"2020-02-04",36.19,10.86,31
b2141f3341478ce4ee74781f7da95dcbc3ee6d9a5309659d5163026415e98bb9,"2020-11-15",35.50,10.65,79
b2141f3341478ce4ee74781f7da95dcbc3ee6d9a5309659d5163026415e98bb9,"2019-07-06",36.19,10.86,18
b2141f3341478ce4ee74781f7da95dcbc3ee6d9a5309659d5163026415e98bb9,"2019-04-22",36.19,10.86,64
b2141f3341478ce4ee74781f7da95dcbc3ee6d9a5309659d5163026415e98bb9,"2020-06-03",38.39,11.52,69
b2141f3341478ce4ee74781f7da95dcbc3ee6d9a5309659d5163026415e98bb9,"2019-05-07",36.19,10.86,44
b2141f3341478ce4ee74781f7da95dcbc3ee6d9a5309659d5163026415e98bb9,"2019-11-16",36.19,10.86,35
b2141f3341478ce4ee74781f7da95dcbc3ee6d9a5309659d5163026415e98bb9,"2020-07-25",38.39,11.52,31
b2141f3341478ce4ee74781f7da95dcbc3ee6d9a5309659d5163026415e98bb9,"2020-08-09",38.39,11.52,25
b2141f3341478ce4ee74781f7da95dcbc3ee6d9a5309659d5163026415e98bb9,"2020-12-02",38.39,11.52,61
b2141f3341478ce4ee74781f7da95dcbc3ee6d9a5309659d5163026415e98bb9,"2019-09-25",24.81,7.44,243
b2141f3341478ce4ee74781f7da95dcbc3ee6d9a5309659d5163026415e98bb9,"2019-04-27",29.48,8.84,117
b2141f3341478ce4ee74781f7da95dcbc3ee6d9a5309659d5163026415e98bb9,"2019-10-16",36.19,10.86,29
b2141f3341478ce4ee74781f7da95dcbc3ee6d9a5309659d5163026415e98bb9,"2020-07-10",24.09,7.23,475
b2141f3341478ce4ee74781f7da95dcbc3ee6d9a5309659d5163026415e98bb9,"2019-01-06",36.19,10.86,22
b2141f3341478ce4ee74781f7da95dcbc3ee6d9a5309659d5163026415e98bb9,"2021-01-17",38.39,11.52,61
b2141f3341478ce4ee74781f7da95dcbc3ee6d9a5309659d5163026415e98bb9,"2019-03-02",36.19,10.86,19
b2141f3341478ce4ee74781f7da95dcbc3ee6d9a5309659d5163026415e98bb9,"2020-01-08",36.19,10.86,49
b2141f3341478ce4ee74781f7da95dcbc3ee6d9a5309659d5163026415e98bb9,"2019-01-15",36.19,10.86,45
b2141f3341478ce4ee74781f7da95dcbc3ee6d9a5309659d5163026415e98bb9,"2019-02-07",36.19,10.86,30
b2141f3341478ce4ee74781f7da95dcbc3ee6d9a5309659d5163026415e98bb9,"2019-03-07",36.19,10.86,35
b2141f3341478ce4ee74781f7da95dcbc3ee6d9a5309659d5163026415e98bb9,"2020-11-29",38.39,11.52,84
b2141f3341478ce4ee74781f7da95dcbc3ee6d9a5309659d5163026415e98bb9,"2020-11-11",38.39,11.52,52
b2141f3341478ce4ee74781f7da95dcbc3ee6d9a5309659d5163026415e98bb9,"2020-10-02",24.09,7.23,518
b2141f3341478ce4ee74781f7da95dcbc3ee6d9a5309659d5163026415e98bb9,"2020-02-03",36.19,10.86,27
b2141f3341478ce4ee74781f7da95dcbc3ee6d9a5309659d5163026415e98bb9,"2019-01-16",36.19,10.86,38
b2141f3341478ce4ee74781f7da95dcbc3ee6d9a5309659d5163026415e98bb9,"2020-04-07",38.39,11.52,157
b2141f3341478ce4ee74781f7da95dcbc3ee6d9a5309659d5163026415e98bb9,"2020-07-01",38.39,11.52,36
b2141f3341478ce4ee74781f7da95dcbc3ee6d9a5309659d5163026415e98bb9,"2021-01-21",38.39,11.52,86
b2141f3341478ce4ee74781f7da95dcbc3ee6d9a5309659d5163026415e98bb9,"2019-10-19",36.19,10.86,26
b2141f3341478ce4ee74781f7da95dcbc3ee6d9a5309659d5163026415e98bb9,"2019-05-31",36.19,10.86,24
b2141f3341478ce4ee74781f7da95dcbc3ee6d9a5309659d5163026415e98bb9,"2020-08-15",38.39,11.52,59
b2141f3341478ce4ee74781f7da95dcbc3ee6d9a5309659d5163026415e98bb9,"2020-05-08",38.39,11.52,73
b2141f3341478ce4ee74781f7da95dcbc3ee6d9a5309659d5163026415e98bb9,"2019-07-05",36.19,10.86,18
b2141f3341478ce4ee74781f7da95dcbc3ee6d9a5309659d5163026415e98bb9,"2019-07-15",36.19,10.86,43
b2141f3341478ce4ee74781f7da95dcbc3ee6d9a5309659d5163026415e98bb9,"2020-01-02",36.19,10.86,37
b2141f3341478ce4ee74781f7da95dcbc3ee6d9a5309659d5163026415e98bb9,"2019-12-16",27.46,8.24,262
b2141f3341478ce4ee74781f7da95dcbc3ee6d9a5309659d5163026415e98bb9,"2020-05-04",37.84,11.35,104
b2141f3341478ce4ee74781f7da95dcbc3ee6d9a5309659d5163026415e98bb9,"2021-01-09",38.39,11.52,159
b2141f3341478ce4ee74781f7da95dcbc3ee6d9a5309659d5163026415e98bb9,"2020-01-07",36.19,10.86,46
b2141f3341478ce4ee74781f7da95dcbc3ee6d9a5309659d5163026415e98bb9,"2019-11-10",35.99,10.80,46
b2141f3341478ce4ee74781f7da95dcbc3ee6d9a5309659d5163026415e98bb9,"2019-07-17",36.19,10.86,20
b2141f3341478ce4ee74781f7da95dcbc3ee6d9a5309659d5163026415e98bb9,"2019-10-30",36.19,10.86,28
b2141f3341478ce4ee74781f7da95dcbc3ee6d9a5309659d5163026415e98bb9,"2020-10-17",38.39,11.52,48
b2141f3341478ce4ee74781f7da95dcbc3ee6d9a5309659d5163026415e98bb9,"2019-01-19",36.19,10.86,22
b2141f3341478ce4ee74781f7da95dcbc3ee6d9a5309659d5163026415e98bb9,"2020-12-18",38.39,11.52,133
b2141f3341478ce4ee74781f7da95dcbc3ee6d9a5309659d5163026415e98bb9,"2019-09-12",36.19,10.86,46
b2141f3341478ce4ee74781f7da95dcbc3ee6d9a5309659d5163026415e98bb9,"2019-05-22",36.19,10.86,18
b2141f3341478ce4ee74781f7da95dcbc3ee6d9a5309659d5163026415e98bb9,"2019-03-31",36.19,10.86,30
b2141f3341478ce4ee74781f7da95dcbc3ee6d9a5309659d5163026415e98bb9,"2019-02-10",36.19,10.86,20
b2141f3341478ce4ee74781f7da95dcbc3ee6d9a5309659d5163026415e98bb9,"2020-05-17",38.39,11.52,80
b2141f3341478ce4ee74781f7da95dcbc3ee6d9a5309659d5163026415e98bb9,"2019-08-26",36.19,10.86,40
b2141f3341478ce4ee74781f7da95dcbc3ee6d9a5309659d5163026415e98bb9,"2019-02-02",36.19,10.86,20
b2141f3341478ce4ee74781f7da95dcbc3ee6d9a5309659d5163026415e98bb9,"2020-07-22",38.39,11.52,38
b2141f3341478ce4ee74781f7da95dcbc3ee6d9a5309659d5163026415e98bb9,"2019-10-28",36.19,10.86,26
b2141f3341478ce4ee74781f7da95dcbc3ee6d9a5309659d5163026415e98bb9,"2021-01-20",38.39,11.52,88
b2141f3341478ce4ee74781f7da95dcbc3ee6d9a5309659d5163026415e98bb9,"2019-11-18",36.19,10.86,30
b2141f3341478ce4ee74781f7da95dcbc3ee6d9a5309659d5163026415e98bb9,"2019-11-03",36.19,10.86,42
b2141f3341478ce4ee74781f7da95dcbc3ee6d9a5309659d5163026415e98bb9,"2019-09-01",36.19,10.86,36
b2141f3341478ce4ee74781f7da95dcbc3ee6d9a5309659d5163026415e98bb9,"2020-03-15",24.09,7.23,1002
b2141f3341478ce4ee74781f7da95dcbc3ee6d9a5309659d5163026415e98bb9,"2020-04-02",38.39,11.52,86
b2141f3341478ce4ee74781f7da95dcbc3ee6d9a5309659d5163026415e98bb9,"2019-04-21",36.19,10.86,77
b2141f3341478ce4ee74781f7da95dcbc3ee6d9a5309659d5163026415e98bb9,"2019-03-09",36.19,10.86,26
b2141f3341478ce4ee74781f7da95dcbc3ee6d9a5309659d5163026415e98bb9,"2020-04-29",38.39,11.52,86
b2141f3341478ce4ee74781f7da95dcbc3ee6d9a5309659d5163026415e98bb9,"2021-01-05",38.39,11.52,52
b2141f3341478ce4ee74781f7da95dcbc3ee6d9a5309659d5163026415e98bb9,"2020-10-30",38.39,11.52,45
b2141f3341478ce4ee74781f7da95dcbc3ee6d9a5309659d5163026415e98bb9,"2020-03-25",38.39,11.52,100
b2141f3341478ce4ee74781f7da95dcbc3ee6d9a5309659d5163026415e98bb9,"2019-08-18",36.19,10.86,31
b2141f3341478ce4ee74781f7da95dcbc3ee6d9a5309659d5163026415e98bb9,"2020-11-01",38.39,11.52,54
b2141f3341478ce4ee74781f7da95dcbc3ee6d9a5309659d5163026415e98bb9,"2020-04-08",38.39,11.52,263
b2141f3341478ce4ee74781f7da95dcbc3ee6d9a5309659d5163026415e98bb9,"2020-12-24",38.39,11.52,12
b2141f3341478ce4ee74781f7da95dcbc3ee6d9a5309659d5163026415e98bb9,"2019-06-17",36.19,10.86,25
b2141f3341478ce4ee74781f7da95dcbc3ee6d9a5309659d5163026415e98bb9,"2020-01-27",24.09,7.23,228
b2141f3341478ce4ee74781f7da95dcbc3ee6d9a5309659d5163026415e98bb9,"2020-04-01",38.39,11.52,123
b2141f3341478ce4ee74781f7da95dcbc3ee6d9a5309659d5163026415e98bb9,"2020-07-07",24.09,7.23,420
b2141f3341478ce4ee74781f7da95dcbc3ee6d9a5309659d5163026415e98bb9,"2019-06-29",36.19,10.86,10
b2141f3341478ce4ee74781f7da95dcbc3ee6d9a5309659d5163026415e98bb9,"2020-05-14",38.39,11.52,70
b2141f3341478ce4ee74781f7da95dcbc3ee6d9a5309659d5163026415e98bb9,"2020-02-15",36.19,10.86,42
b2141f3341478ce4ee74781f7da95dcbc3ee6d9a5309659d5163026415e98bb9,"2020-08-28",38.39,11.52,46
b2141f3341478ce4ee74781f7da95dcbc3ee6d9a5309659d5163026415e98bb9,"2019-08-30",36.19,10.86,46
b2141f3341478ce4ee74781f7da95dcbc3ee6d9a5309659d5163026415e98bb9,"2019-06-18",36.19,10.86,30
b2141f3341478ce4ee74781f7da95dcbc3ee6d9a5309659d5163026415e98bb9,"2019-12-05",36.19,10.86,41
b2141f3341478ce4ee74781f7da95dcbc3ee6d9a5309659d5163026415e98bb9,"2019-03-28",36.19,10.86,35
b2141f3341478ce4ee74781f7da95dcbc3ee6d9a5309659d5163026415e98bb9,"2020-04-27",38.39,11.52,104
b2141f3341478ce4ee74781f7da95dcbc3ee6d9a5309659d5163026415e98bb9,"2020-11-17",24.09,7.23,825
b2141f3341478ce4ee74781f7da95dcbc3ee6d9a5309659d5163026415e98bb9,"2019-09-27",24.09,7.23,443
b2141f3341478ce4ee74781f7da95dcbc3ee6d9a5309659d5163026415e98bb9,"2020-10-29",38.39,11.52,72
