data/ml_task_data.csv
"product_id","date","sell_price","margin","sales"
b2141f3341478ce4ee74781f7da95dcbc3ee6d9a5309659d5163026415e98bb9,"2019-04-26",29.89,8.97,117
b2141f3341478ce4ee74781f7da95dcbc3ee6d9a5309659d5163026415e98bb9,"2019-04-13",36.19,10.86,22
b2141f3341478ce4ee74781f7da95dcbc3ee6d9a5309659d5163026415e98bb9,"2020-10-19",38.39,11.52,31
b2141f3341478ce4ee74781f7da95dcbc3ee6d9a5309659d5163026415e98bb9,"2020-12-01",38.39,11.52,56
b2141f3341478ce4ee74781f7da95dcbc3ee6d9a5309659d5163026415e98bb9,"2019-12-08",36.19,10.86,39
b2141f3341478ce4ee74781f7da95dcbc3ee6d9a5309659d5163026415e98bb9,"2020-03-22",38.39,11.52,75
b2141f3341478ce4ee74781f7da95dcbc3ee6d9a5309659d5163026415e98bb9,"2019-05-11",36.19,10.86,25
b2141f3341478ce4ee74781f7da95dcbc3ee6d9a5309659d5163026415e98bb9,"2020-06-10",38.39,11.52,37
b2141f3341478ce4ee74781f7da95dcbc3ee6d9a5309659d5163026415e98bb9,"2019-11-19",36.19,10.86,26
b2141f3341478ce4ee74781f7da95dcbc3ee6d9a5309659d5163026415e98bb9,"2020-11-05",38.39,11.52,73
b2141f3341478ce4ee74781f7da95dcbc3ee6d9a5309659d5163026415e98bb9,"2021-01-12",38.39,11.52,61
b2141f3341478ce4ee74781f7da95dcbc3ee6d9a5309659d5163026415e98bb9,"2019-06-26",36.19,10.86,35
b2141f3341478ce4ee74781f7da95dcbc3ee6d9a5309659d5163026415e98bb9,"2020-12-07",38.39,11.52,41
b2141f3341478ce4ee74781f7da95dcbc3ee6d9a5309659d5163026415e98bb9,"2019-01-02",36.19,10.86,23
b2141f3341478ce4ee74781f7da95dcbc3ee6d9a5309659d5163026415e98bb9,"2019-07-22",36.19,10.86,48
b2141f3341478ce4ee74781f7da95dcbc3ee6d9a5309659d5163026415e98bb9,"2019-06-20",36.19,10.86,42
b2141f3341478ce4ee74781f7da95dcbc3ee6d9a5309659d5163026415e98bb9,"2020-01-06",36.19,10.86,46
b2141f3341478ce4ee74781f7da95dcbc3ee6d9a5309659d5163026415e98bb9,"2020-12-03",38.39,11.52,68
b2141f3341478ce4ee74781f7da95dcbc3ee6d9a5309659d5163026415e98bb9,"2020-12-08",38.39,11.52,43
b2141f3341478ce4ee74781f7da95dcbc3ee6d9a5309659d5163026415e98bb9,"2019-02-06",36.19,10.86,27
b2141f3341478ce4ee74781f7da95dcbc3ee6d9a5309659d5163026415e98bb9,"2019-11-02",36.19,10.86,19
b2141f3341478ce4ee74781f7da95dcbc3ee6d9a5309659d5163026415e98bb9,"2019-08-01",36.19,10.86,32
b2141f3341478ce4ee74781f7da95dcbc3ee6d9a5309659d5163026415e98bb9,"2020-09-14",38.39,11.52,49
b2141f3341478ce4ee74781f7da95dcbc3ee6d9a5309659d5163026415e98bb9,"2019-01-01",36.19,10.86,6
b2141f3341478ce4ee74781f7da95dcbc3ee6d9a5309659d5163026415e98bb9,"2020-08-14",38.39,11.52,33
b2141f3341478ce4ee74781f7da95dcbc3ee6d9a5309659d5163026415e98bb9,"2019-12-21",36.19,10.86,47
b2141f3341478ce4ee74781f7da95dcbc3ee6d9a5309659d5163026415e98bb9,"2020-08-21",24.09,7.23,497
b2141f3341478ce4ee74781f7da95dcbc3ee6d9a5309659d5163026415e98bb9,"2020-07-17",38.39,11.52,50
b2141f3341478ce4ee74781f7da95dcbc3ee6d9a5309659d5163026415e98bb9,"2019-03-16",36.19,10.86,22
b2141f3341478ce4ee74781f7da95dcbc3ee6d9a5309659d5163026415e98bb9,"2020-05-18",38.39,11.52,64
b2141f3341478ce4ee74781f7da95dcbc3ee6d9a5309659d5163026415e98bb9,"2020-09-09",38.39,11.52,29
b2141f3341478ce4ee74781f7da95dcbc3ee6d9a5309659d5163026415e98bb9,"2019-12-26",36.19,10.86,34
b2141f3341478ce4ee74781f7da95dcbc3ee6d9a5309659d5163026415e98bb9,"2020-10-16",38.39,11.52,58
b2141f3341478ce4ee74781f7da95dcbc3ee6d9a5309659d5163026415e98bb9,"2020-09-20",38.39,11.52,32
b2141f3341478ce4ee74781f7da95dcbc3ee6d9a5309659d5163026415e98bb9,"2019-05-21",36.19,10.86,35
b2141f3341478ce4ee74781f7da95dcbc3ee6d9a5309659d5163026415e98bb9,"2019-02-05",36.19,10.86,13
b2141f3341478ce4ee74781f7da95dcbc3ee6d9a5309659d5163026415e98bb9,"2020-02-10",36.19,10.86,37
b2141f3341478ce4ee74781f7da95dcbc3ee6d9a5309659d5163026415e98bb9,"2021-01-06",38.39,11.52,64
b2141f3341478ce4ee74781f7da95dcbc3ee6d9a5309659d5163026415e98bb9,"2019-08-13",36.19,10.86,29
b2141f3341478ce4ee74781f7da95dcbc3ee6d9a5309659d5163026415e98bb9,"2020-07-03",38.39,11.52,27
b2141f3341478ce4ee74781f7da95dcbc3ee6d9a5309659d5163026415e98bb9,"2019-09-26",24.09,7.23,315
b2141f3341478ce4ee74781f7da95dcbc3ee6d9a5309659d5163026415e98bb9,"2020-01-12",36.19,10.86,17
b2141f3341478ce4ee74781f7da95dcbc3ee6d9a5309659d5163026415e98bb9,"2020-01-23",36.19,10.86,47
b2141f3341478ce4ee74781f7da95dcbc3ee6d9a5309659d5163026415e98bb9,"2020-10-08",38.39,11.52,78
b2141f3341478ce4ee74781f7da95dcbc3ee6d9a5309659d5163026415e98bb9,"2019-11-12",36.19,10.86,29
b2141f3341478ce4ee74781f7da95dcbc3ee6d9a5309659d5163026415e98bb9,"2019-09-18",36.19,10.86,19
b2141f3341478ce4ee74781f7da95dcbc3ee6d9a5309659d5163026415e98bb9,"2020-10-09",38.39,11.52,146
b2141f3341478ce4ee74781f7da95dcbc3ee6d9a5309659d5163026415e98bb9,"2019-12-14",36.19,10.86,26
b2141f3341478ce4ee74781f7da95dcbc3ee6d9a5309659d5163026415e98bb9,"2020-04-24",38.39,11.52,164
b2141f3341478ce4ee74781f7da95dcbc3ee6d9a5309659d5163026415e98bb9,"2020-06-16",38.39,11.52,33
b2141f3341478ce4ee74781f7da95dcbc3ee6d9a5309659d5163026415e98bb9,"2020-11-25",38.39,11.52,68
b2141f3341478ce4ee74781f7da95dcbc3ee6d9a5309659d5163026415e98bb9,"2020-02-22",38.39,11.52,32
b2141f3341478ce4ee74781f7da95dcbc3ee6d9a5309659d5163026415e98bb9,"2019-08-23",24.09,7.23,305
b2141f3341478ce4ee74781f7da95dcbc3ee6d9a5309659d5163026415e98bb9,"2019-11-06",36.19,10.86,22
b2141f3341478ce4ee74781f7da95dcbc3ee6d9a5309659d5163026415e98bb9,"2019-03-21",36.19,10.86,31
b2141f3341478ce4ee74781f7da95dcbc3ee6d9a5309659d5163026415e98bb9,"2019-03-03",36.19,10.86,31
b2141f3341478ce4ee74781f7da95dcbc3ee6d9a5309659d5163026415e98bb9,"2020-06-09",38.39,11.52,67
b2141f3341478ce4ee74781f7da95dcbc3ee6d9a5309659d5163026415e98bb9,"2020-04-16",38.39,11.52,90
b2141f3341478ce4ee74781f7da95dcbc3ee6d9a5309659d5163026415e98bb9,"2020-04-30",38.39,11.52,82
b2141f3341478ce4ee74781f7da95dcbc3ee6d9a5309659d5163026415e98bb9,"2019-10-21",36.19,10.86,20
b2141f3341478ce4ee74781f7da95dcbc3ee6d9a5309659d5163026415e98bb9,"2021-01-24",38.39,11.52,57
b2141f3341478ce4ee74781f7da95dcbc3ee6d9a5309659d5163026415e98bb9,"2020-12-28",38.39,11.52,105
b2141f3341478ce4ee74781f7da95dcbc3ee6d9a5309659d5163026415e98bb9,"2019-09-28",24.09,7.23,339
b2141f3341478ce4ee74781f7da95dcbc3ee6d9a5309659d5163026415e98bb9,"2020-01-13",36.19,10.86,46
b2141f3341478ce4ee74781f7da95dcbc3ee6d9a5309659d5163026415e98bb9,"2020-09-12",38.39,11.52,28
b2141f3341478ce4ee74781f7da95dcbc3ee6d9a5309659d5163026415e98bb9,"2019-09-22",36.19,10.86,25
b2141f3341478ce4ee74781f7da95dcbc3ee6d9a5309659d5163026415e98bb9,"2020-03-16",38.39,11.52,32
b2141f3341478ce4ee74781f7da95dcbc3ee6d9a5309659d5163026415e98bb9,"2020-03-03",38.39,11.52,23
b2141f3341478ce4ee74781f7da95dcbc3ee6d9a5309659d5163026415e98bb9,"2019-06-08",36.19,10.86,30
b2141f3341478ce4ee74781f7da95dcbc3ee6d9a5309659d5163026415e98bb9,"2019-04-20",36.19,10.86,33
b2141f3341478ce4ee74781f7da95dcbc3ee6d9a5309659d5163026415e98bb9,"2021-01-08",38.39,11.52,71
b2141f3341478ce4ee74781f7da95dcbc3ee6d9a5309659d5163026415e98bb9,"2020-06-22",38.39,11.52,45
b2141f3341478ce4ee74781f7da95dcbc3ee6d9a5309659d5163026415e98bb9,"2019-05-29",36.19,10.86,30
b2141f3341478ce4ee74781f7da95dcbc3ee6d9a5309659d5163026415e98bb9,"2020-05-21",38.39,11.52,76
b2141f3341478ce4ee74781f7da95dcbc3ee6d9a5309659d5163026415e98bb9,"2020-03-13",24.09,7.23,245
b2141f3341478ce4ee74781f7da95dcbc3ee6d9a5309659d5163026415e98bb9,"2019-04-04",24.09,7.23,327
b2141f3341478ce4ee74781f7da95dcbc3ee6d9a5309659d5163026415e98bb9,"2019-10-01",27.36,8.21,127
b2141f3341478ce4ee74781f7da95dcbc3ee6d9a5309659d5163026415e98bb9,"2020-03-09",24.17,7.25,384
b2141f3341478ce4ee74781f7da95dcbc3ee6d9a5309659d5163026415e98bb9,"2019-07-30",36.19,10.86,38
b2141f3341478ce4ee74781f7da95dcbc3ee6d9a5309659d5163026415e98bb9,"2020-05-16",38.39,11.52,104
b2141f3341478ce4ee74781f7da95dcbc3ee6d9a5309659d5163026415e98bb9,"2019-03-10",36.19,10.86,24
b2141f3341478ce4ee74781f7da95dcbc3ee6d9a5309659d5163026415e98bb9,"2020-08-11",38.39,11.52,42
b2141f3341478ce4ee74781f7da95dcbc3ee6d9a5309659d5163026415e98bb9,"2020-02-28",38.39,11.52,37
b2141f3341478ce4ee74781f7da95dcbc3ee6d9a5309659d5163026415e98bb9,"2020-05-27",24.09,7.23,685
b2141f3341478ce4ee74781f7da95dcbc3ee6d9a5309659d5163026415e98bb9,"2019-06-02",36.19,10.86,145
b2141f3341478ce4ee74781f7da95dcbc3ee6d9a5309659d5163026415e98bb9,"2020-11-03",38.39,11.52,75
b2141f3341478ce4ee74781f7da95dcbc3ee6d9a5309659d5163026415e98bb9,"2019-11-17",36.19,10.86,26
b2141f3341478ce4ee74781f7da95dcbc3ee6d9a5309659d5163026415e98bb9,"2020-03-06",38.39,11.52,65
b2141f3341478ce4ee74781f7da95dcbc3ee6d9a5309659d5163026415e98bb9,"2019-04-08",36.19,10.86,38
b2141f3341478ce4ee74781f7da95dcbc3ee6d9a5309659d5163026415e98bb9,"2020-10-25",38.39,11.52,42
b2141f3341478ce4ee74781f7da95dcbc3ee6d9a5309659d5163026415e98bb9,"2020-10-31",38.39,11.52,51
b2141f3341478ce4ee74781f7da95dcbc3ee6d9a5309659d5163026415e98bb9,"2020-08-19",24.09,7.23,380
b2141f3341478ce4ee74781f7da95dcbc3ee6d9a5309659d5163026415e98bb9,"2019-08-03",36.19,10.86,25
b2141f3341478ce4ee74781f7da95dcbc3ee6d9a5309659d5163026415e98bb9,"2020-02-18",36.19,10.86,40
b2141f3341478ce4ee74781f7da95dcbc3ee6d9a5309659d5163026415e98bb9,"2019-02-23",36.19,10.86,27
b2141f3341478ce4ee74781f7da95dcbc3ee6d9a5309659d5163026415e98bb9,"2019-02-11",24.09,7.23,269
b2141f3341478ce4ee74781f7da95dcbc3ee6d9a5309659d5163026415e98bb9,"2019-05-17",36.19,10.86,56
b2141f3341478ce4ee74781f7da95dcbc3ee6d9a5309659d5163026415e98bb9,"2020-07-04",38.39,11.52,24
b2141f3341478ce4ee74781f7da95dcbc3ee6d9a5309659d5163026415e98bb9,"2019-09-03",36.19,10.86,29
b2141f3341478ce4ee74781f7da95dcbc3ee6d9a5309659d5163026415e98bb9,"2019-02-17",24.09,7.23,224
b2141f3341478ce4ee74781f7da95dcbc3ee6d9a5309659d5163026415e98bb9,"2020-03-23",38.39,11.52,159
b2141f3341478ce4ee74781f7da95dcbc3ee6d9a5309659d5163026415e98bb9,"2020-08-17",24.11,7.23,596
b2141f3341478ce4ee74781f7da95dcbc3ee6d9a5309659d5163026415e98bb9,"2019-11-21",36.19,10.86,52
b2141f3341478ce4ee74781f7da95dcbc3ee6d9a5309659d5163026415e98bb9,"2019-02-20",36.19,10.86,27
b2141f3341478ce4ee74781f7da95dcbc3ee6d9a5309659d5163026415e98bb9,"2019-10-06",36.19,10.86,43
b2141f3341478ce4ee74781f7da95dcbc3ee6d9a5309659d5163026415e98bb9,"2019-07-28",36.19,10.86,17
b2141f3341478ce4ee74781f7da95dcbc3ee6d9a5309659d5163026415e98bb9,"2020-10-13",38.39,11.52,54
b2141f3341478ce4ee74781f7da95dcbc3ee6d9a5309659d5163026415e98bb9,"2019-10-09",36.19,10.86,27
b2141f3341478ce4ee74781f7da95dcbc3ee6d9a5309659d5163026415e98bb9,"2019-09-02",36.19,10.86,26
b2141f3341478ce4ee74781f7da95dcbc3ee6d9a5309659d5163026415e98bb9,"2019-02-26",36.19,10.86,25
b2141f3341478ce4ee74781f7da95dcbc3ee6d9a5309659d5163026415e98bb9,"2019-07-14",36.19,10.86,37
b2141f3341478ce4ee74781f7da95dcbc3ee6d9a5309659d5163026415e98bb9,"2019-09-09",27.17,8.15,110
b2141f3341478ce4ee74781f7da95dcbc3ee6d9a5309659d5163026415e98bb9,"2020-07-15",38.39,11.52,34
b2141f3341478ce4ee74781f7da95dcbc3ee6d9a5309659d5163026415e98bb9,"2019-06-11",36.19,10.86,23
b2141f3341478ce4ee74781f7da95dcbc3ee6d9a5309659d5163026415e98bb9,"2020-06-24",38.39,11.52,35
b2141f3341478ce4ee74781f7da95dcbc3ee6d9a5309659d5163026415e98bb9,"2020-02-01",24.09,7.23,306
b2141f3341478ce4ee74781f7da95dcbc3ee6d9a5309659d5163026415e98bb9,"2019-06-03",36.19,10.86,44
b2141f3341478ce4ee74781f7da95dcbc3ee6d9a5309659d5163026415e98bb9,"2019-07-27",36.19,10.86,15
b2141f3341478ce4ee74781f7da95dcbc3ee6d9a5309659d5163026415e98bb9,"2019-03-17",36.19,10.86,18
b2141f3341478ce4ee74781f7da95dcbc3ee6d9a5309659d5163026415e98bb9,"2019-09-14",36.19,10.86,33
b2141f3341478ce4ee74781f7da95dcbc3ee6d9a5309659d5163026415e98bb9,"2019-10-13",36.19,10.86,27
b2141f3341478ce4ee74781f7da95dcbc3ee6d9a5309659d5163026415e98bb9,"2020-09-28",24.09,7.23,496
b2141f3341478ce4ee74781f7da95dcbc3ee6d9a5309659d5163026415e98bb9,"2020-05-02",38.39,11.52,72
b2141f3341478ce4ee74781f7da95dcbc3ee6d9a5309659d5163026415e98bb9,"2020-06-12",38.39,11.52,66
b2141f3341478ce4ee74781f7da95dcbc3ee6d9a5309659d5163026415e98bb9,"2019-03-08",36.19,10.86,46
b2141f3341478ce4ee74781f7da95dcbc3ee6d9a5309659d5163026415e98bb9,"2020-01-24",36.19,10.86,46
b2141f3341478ce4ee74781f7da95dcbc3ee6d9a5309659d5163026415e98bb9,"2020-04-28",38.39,11.52,60
b2141f3341478ce4ee74781f7da95dcbc3ee6d9a5309659d5163026415e98bb9,"2020-11-06",38.39,11.52,50
b2141f3341478ce4ee74781f7da95dcbc3ee6d9a5309659d5163026415e98bb9,"2020-07-20",38.39,11.52,44
b2141f3341478ce4ee74781f7da95dcbc3ee6d9a5309659d5163026415e98bb9,"2019-08-19",24.09,7.23,263
b2141f3341478ce4ee74781f7da95dcbc3ee6d9a5309659d5163026415e98bb9,"2020-03-07",38.39,11.52,33
b2141f3341478ce4ee74781f7da95dcbc3ee6d9a5309659d5163026415e98bb9,"2021-01-01",38.39,11.52,61
b2141f3341478ce4ee74781f7da95dcbc3ee6d9a5309659d5163026415e98bb9,"2020-08-20",24.09,7.23,507
b2141f3341478ce4ee74781f7da95dcbc3ee6d9a5309659d5163026415e98bb9,"2019-06-06",36.19,10.86,30
b2141f3341478ce4ee74781f7da95dcbc3ee6d9a5309659d5163026415e98bb9,"2020-06-18",38.39,11.52,46
b2141f3341478ce4ee74781f7da95dcbc3ee6d9a5309659d5163026415e98bb9,"2020-07-02",38.39,11.52,42
b2141f3341478ce4ee74781f7da95dcbc3ee6d9a5309659d5163026415e98bb9,"2020-02-12",36.19,10.86,39
b2141f3341478ce4ee74781f7da95dcbc3ee6d9a5309659d5163026415e98bb9,"2020-01-22",36.19,10.86,42
b2141f3341478ce4ee74781f7da95dcbc3ee6d9a5309659d5163026415e98bb9,"2019-04-05",24.09,7.23,238
b2141f3341478ce4ee74781f7da95dcbc3ee6d9a5309659d5163026415e98bb9,"2019-07-18",36.19,10.86,42
b2141f3341478ce4ee74781f7da95dcbc3ee6d9a5309659d5163026415e98bb9,"2020-02-27",38.39,11.52,127
b2141f3341478ce4ee74781f7da95dcbc3ee6d9a5309659d5163026415e98bb9,"2019-11-11",36.19,10.86,33
b2141f3341478ce4ee74781f7da95dcbc3ee6d9a5309659d5163026415e98bb9,"2020-02-05",36.19,10.86,29
b2141f3341478ce4ee74781f7da95dcbc3ee6d9a5309659d5163026415e98bb9,"2020-11-28",38.39,11.52,120
b2141f3341478ce4ee74781f7da95dcbc3ee6d9a5309659d5163026415e98bb9,"2019-03-22",36.19,10.86,29
b2141f3341478ce4ee74781f7da95dcbc3ee6d9a5309659d5163026415e98bb9,"2019-06-10",36.19,10.86,38
b2141f3341478ce4ee74781f7da95dcbc3ee6d9a5309659d5163026415e98bb9,"2020-11-02",38.39,11.52,49
b2141f3341478ce4ee74781f7da95dcbc3ee6d9a5309659d5163026415e98bb9,"2019-07-16",36.19,10.86,24
b2141f3341478ce4ee74781f7da95dcbc3ee6d9a5309659d5163026415e98bb9,"2020-08-31",38.39,11.52,44
b2141f3341478ce4ee74781f7da95dcbc3ee6d9a5309659d5163026415e98bb9,"2020-08-29",38.39,11.52,42
b2141f3341478ce4ee74781f7da95dcbc3ee6d9a5309659d5163026415e98bb9,"2019-06-21",36.19,10.86,42
b2141f3341478ce4ee74781f7da95dcbc3ee6d9a5309659d5163026415e98bb9,"2019-01-23",36.19,10.86,22
b2141f3341478ce4ee74781f7da95dcbc3ee6d9a5309659d5163026415e98bb9,"2020-05-24",38.39,11.52,96
b2141f3341478ce4ee74781f7da95dcbc3ee6d9a5309659d5163026415e98bb9,"2020-08-23",24.09,7.23,501
b2141f3341478ce4ee74781f7da95dcbc3ee6d9a5309659d5163026415e98bb9,"2020-10-23",38.39,11.52,51
b2141f3341478ce4ee74781f7da95dcbc3ee6d9a5309659d5163026415e98bb9,"2019-04-09",36.19,10.86,34
b2141f3341478ce4ee74781f7da95dcbc3ee6d9a5309659d5163026415e98bb9,"2019-01-26",36.19,10.86,45
b2141f3341478ce4ee74781f7da95dcbc3ee6d9a5309659d5163026415e98bb9,"2020-01-20",36.19,10.86,25
b2141f3341478ce4ee74781f7da95dcbc3ee6d9a5309659d5163026415e98bb9,"2019-06-27",36.19,10.86,35
b2141f3341478ce4ee74781f7da95dcbc3ee6d9a5309659d5163026415e98bb9,"2019-11-07",36.19,10.86,49
b2141f3341478ce4ee74781f7da95dcbc3ee6d9a5309659d5163026415e98bb9,"2020-02-16",36.19,10.86,17
b2141f3341478ce4ee74781f7da95dcbc3ee6d9a5309659d5163026415e98bb9,"2019-10-25",36.19,10.86,30
b2141f3341478ce4ee74781f7da95dcbc3ee6d9a5309659d5163026415e98bb9,"2019-08-22",24.09,7.23,526
b2141f3341478ce4ee74781f7da95dcbc3ee6d9a5309659d5163026415e98bb9,"2019-06-25",36.19,10.86,26
b2141f3341478ce4ee74781f7da95dcbc3ee6d9a5309659d5163026415e98bb9,"2020-07-08",24.09,7.23,450
b2141f3341478ce4ee74781f7da95dcbc3ee6d9a5309659d5163026415e98bb9,"2020-06-05",38.39,11.52,60
b2141f3341478ce4ee74781f7da95dcbc3ee6d9a5309659d5163026415e98bb9,"2019-02-22",36.19,10.86,34
b2141f3341478ce4ee74781f7da95dcbc3ee6d9a5309659d5163026415e98bb9,"2020-12-04",38.39,11.52,85
b2141f3341478ce4ee74781f7da95dcbc3ee6d9a5309659d5163026415e98bb9,"2019-12-19",30.49,9.15,139
b2141f3341478ce4ee74781f7da95dcbc3ee6d9a5309659d5163026415e98bb9,"2019-09-06",36.19,10.86,35
b2141f3341478ce4ee74781f7da95dcbc3ee6d9a5309659d5163026415e98bb9,"2019-01-08",36.19,10.86,29
b2141f3341478ce4ee74781f7da95dcbc3ee6d9a5309659d5163026415e98bb9,"2019-07-24",36.19,10.86,28
b2141f3341478ce4ee74781f7da95dcbc3ee6d9a5309659d5163026415e98bb9,"2020-04-10",38.39,11.52,38
b2141f3341478ce4ee74781f7da95dcbc3ee6d9a5309659d5163026415e98bb9,"2019-06-16",36.19,10.86,25
b2141f3341478ce4ee74781f7da95dcbc3ee6d9a5309659d5163026415e98bb9,"2020-09-16",38.39,11.52,52
b2141f3341478ce4ee74781f7da95dcbc3ee6d9a5309659d5163026415e98bb9,"2019-05-05",30.39,9.12,191
b2141f3341478ce4ee74781f7da95dcbc3ee6d9a5309659d5163026415e98bb9,"2019-11-23",36.19,10.86,22
b2141f3341478ce4ee74781f7da95dcbc3ee6d9a5309659d5163026415e98bb9,"2020-04-15",38.39,11.52,81
b2141f3341478ce4ee74781f7da95dcbc3ee6d9a5309659d5163026415e98bb9,"2020-06-20",38.39,11.52,36
b2141f3341478ce4ee74781f7da95dcbc3ee6d9a5309659d5163026415e98bb9,"2020-01-18",36.19,10.86,24
b2141f3341478ce4ee74781f7da95dcbc3ee6d9a5309659d5163026415e98bb9,"2019-10-31",36.19,10.86,30
b2141f3341478ce4ee74781f7da95dcbc3ee6d9a5309659d5163026415e98bb9,"2019-05-18",36.19,10.86,18
b2141f3341478ce4ee74781f7da95dcbc3ee6d9a5309659d5163026415e98bb9,"2019-01-09",36.19,10.86,32
b2141f3341478ce4ee74781f7da95dcbc3ee6d9a5309659d5163026415e98bb9,"2019-04-29",30.05,9.02,239
b2141f3341478ce4ee74781f7da95dcbc3ee6d9a5309659d5163026415e98bb9,"2019-11-27",36.19,10.86,39
b2141f3341478ce4ee74781f7da95dcbc3ee6d9a5309659d5163026415e98bb9,"2019-06-15",36.19,10.86,23
b2141f3341478ce4ee74781f7da95dcbc3ee6d9a5309659d5163026415e98bb9,"2019-10-27",36.19,10.86,34
b2141f3341478ce4ee74781f7da95dcbc3ee6d9a5309659d5163026415e98bb9,"2019-07-29",36.19,10.86,34
b2141f3341478ce4ee74781f7da95dcbc3ee6d9a5309659d5163026415e98bb9,"2020-12-17",38.39,11.52,116
b2141f3341478ce4ee74781f7da95dcbc3ee6d9a5309659d5163026415e98bb9,"2019-11-29",35.88,10.76,30
b2141f3341478ce4ee74781f7da95dcbc3ee6d9a5309659d5163026415e98bb9,"2020-09-15",38.39,11.52,35
b2141f3341478ce4ee74781f7da95dcbc3ee6d9a5309659d5163026415e98bb9,"2020-10-11",38.39,11.52,59
