data/ml_task_data.csv
"product_id","date","sell_price","margin","sales"
b2141f3341478ce4ee74781f7da95dcbc3ee6d9a5309659d5163026415e98bb9,"2020-12-27",38.39,11.52,74
b2141f3341478ce4ee74781f7da95dcbc3ee6d9a5309659d5163026415e98bb9,"2019-10-20",36.19,10.86,19
b2141f3341478ce4ee74781f7da95dcbc3ee6d9a5309659d5163026415e98bb9,"2019-09-20",36.19,10.86,30
b2141f3341478ce4ee74781f7da95dcbc3ee6d9a5309659d5163026415e98bb9,"2019-01-03",36.19,10.86,37
b2141f3341478ce4ee74781f7da95dcbc3ee6d9a5309659d5163026415e98bb9,"2020-02-07",36.19,10.86,40
b2141f3341478ce4ee74781f7da95dcbc3ee6d9a5309659d5163026415e98bb9,"2020-10-28",38.39,11.52,73
b2141f3341478ce4ee74781f7da95dcbc3ee6d9a5309659d5163026415e98bb9,"2019-05-06",36.19,10.86,26
b2141f3341478ce4ee74781f7da95dcbc3ee6d9a5309659d5163026415e98bb9,"2020-07-05",38.39,11.52,32
b2141f3341478ce4ee74781f7da95dcbc3ee6d9a5309659d5163026415e98bb9,"2020-01-05",36.19,10.86,34
b2141f3341478ce4ee74781f7da95dcbc3ee6d9a5309659d5163026415e98bb9,"2019-01-04",36.19,10.86,21
b2141f3341478ce4ee74781f7da95dcbc3ee6d9a5309659d5163026415e98bb9,"2021-01-10",38.39,11.52,65
b2141f3341478ce4ee74781f7da95dcbc3ee6d9a5309659d5163026415e98bb9,"2020-11-18",24.09,7.23,985
b2141f3341478ce4ee74781f7da95dcbc3ee6d9a5309659d5163026415e98bb9,"2020-12-12",38.39,11.52,57
b2141f3341478ce4ee74781f7da95dcbc3ee6d9a5309659d5163026415e98bb9,"2019-03-29",36.19,10.86,27
b2141f3341478ce4ee74781f7da95dcbc3ee6d9a5309659d5163026415e98bb9,"2020-11-30",38.39,11.52,67
b2141f3341478ce4ee74781f7da95dcbc3ee6d9a5309659d5163026415e98bb9,"2019-09-21",36.19,10.86,30
b2141f3341478ce4ee74781f7da95dcbc3ee6d9a5309659d5163026415e98bb9,"2020-10-10",38.39,11.52,46
b2141f3341478ce4ee74781f7da95dcbc3ee6d9a5309659d5163026415e98bb9,"2019-03-14",36.19,10.86,32
b2141f3341478ce4ee74781f7da95dcbc3ee6d9a5309659d5163026415e98bb9,"2020-09-17",38.39,11.52,58
b2141f3341478ce4ee74781f7da95dcbc3ee6d9a5309659d5163026415e98bb9,"2019-07-11",36.19,10.86,37
b2141f3341478ce4ee74781f7da95dcbc3ee6d9a5309659d5163026415e98bb9,"2019-05-23",36.19,10.86,28
b2141f3341478ce4ee74781f7da95dcbc3ee6d9a5309659d5163026415e98bb9,"2020-06-29",38.39,11.52,34
b2141f3341478ce4ee74781f7da95dcbc3ee6d9a5309659d5163026415e98bb9,"2019-04-03",24.09,7.23,309
b2141f3341478ce4ee74781f7da95dcbc3ee6d9a5309659d5163026415e98bb9,"2020-12-31",38.39,11.52,12
b2141f3341478ce4ee74781f7da95dcbc3ee6d9a5309659d5163026415e98bb9,"2019-08-02",36.19,10.86,39
b2141f3341478ce4ee74781f7da95dcbc3ee6d9a5309659d5163026415e98bb9,"2020-09-06",38.39,11.52,33
b2141f3341478ce4ee74781f7da95dcbc3ee6d9a5309659d5163026415e98bb9,"2019-05-24",36.19,10.86,16
b2141f3341478ce4ee74781f7da95dcbc3ee6d9a5309659d5163026415e98bb9,"2019-07-09",36.19,10.86,18
b2141f3341478ce4ee74781f7da95dcbc3ee6d9a5309659d5163026415e98bb9,"2020-08-26",38.39,11.52,45
b2141f3341478ce4ee74781f7da95dcbc3ee6d9a5309659d5163026415e98bb9,"2019-07-20",36.19,10.86,31
b2141f3341478ce4ee74781f7da95dcbc3ee6d9a5309659d5163026415e98bb9,"2019-07-12",36.19,10.86,41
b2141f3341478ce4ee74781f7da95dcbc3ee6d9a5309659d5163026415e98bb9,"2020-06-07",38.39,11.52,85
b2141f3341478ce4ee74781f7da95dcbc3ee6d9a5309659d5163026415e98bb9,"2019-09-10",27.17,8.15,191
b2141f3341478ce4ee74781f7da95dcbc3ee6d9a5309659d5163026415e98bb9,"2019-10-07",36.19,10.86,24
b2141f3341478ce4ee74781f7da95dcbc3ee6d9a5309659d5163026415e98bb9,"2020-12-30",38.39,11.52,116
b2141f3341478ce4ee74781f7da95dcbc3ee6d9a5309659d5163026415e98bb9,"2019-11-25",36.19,10.86,32
b2141f3341478ce4ee74781f7da95dcbc3ee6d9a5309659d5163026415e98bb9,"2021-01-23",38.39,11.52,60
b2141f3341478ce4ee74781f7da95dcbc3ee6d9a5309659d5163026415e98bb9,"2020-04-20",38.39,11.52,71
b2141f3341478ce4ee74781f7da95dcbc3ee6d9a5309659d5163026415e98bb9,"2020-08-30",38.39,11.52,42
b2141f3341478ce4ee74781f7da95dcbc3ee6d9a5309659d5163026415e98bb9,"2019-12-17",27.39,8.22,310
b2141f3341478ce4ee74781f7da95dcbc3ee6d9a5309659d5163026415e98bb9,"2019-08-09",36.19,10.86,26
b2141f3341478ce4ee74781f7da95dcbc3ee6d9a5309659d5163026415e98bb9,"2020-09-04",38.39,11.52,54
b2141f3341478ce4ee74781f7da95dcbc3ee6d9a5309659d5163026415e98bb9,"2019-07-23",36.19,10.86,22
b2141f3341478ce4ee74781f7da95dcbc3ee6d9a5309659d5163026415e98bb9,"2019-10-04",36.19,10.86,47
b2141f3341478ce4ee74781f7da95dcbc3ee6d9a5309659d5163026415e98bb9,"2019-03-23",36.19,10.86,26
b2141f3341478ce4ee74781f7da95dcbc3ee6d9a5309659d5163026415e98bb9,"2019-05-20",36.19,10.86,30
b2141f3341478ce4ee74781f7da95dcbc3ee6d9a5309659d5163026415e98bb9,"2020-06-01",35.70,10.71,366
b2141f3341478ce4ee74781f7da95dcbc3ee6d9a5309659d5163026415e98bb9,"2019-03-20",36.19,10.86,28
b2141f3341478ce4ee74781f7da95dcbc3ee6d9a5309659d5163026415e98bb9,"2020-01-28",24.09,7.23,250
b2141f3341478ce4ee74781f7da95dcbc3ee6d9a5309659d5163026415e98bb9,"2019-01-31",36.19,10.86,29
b2141f3341478ce4ee74781f7da95dcbc3ee6d9a5309659d5163026415e98bb9,"2019-08-20",24.09,7.23,204
b2141f3341478ce4ee74781f7da95dcbc3ee6d9a5309659d5163026415e98bb9,"2021-01-16",38.39,11.52,90
b2141f3341478ce4ee74781f7da95dcbc3ee6d9a5309659d5163026415e98bb9,"2019-09-08",27.45,8.23,104
b2141f3341478ce4ee74781f7da95dcbc3ee6d9a5309659d5163026415e98bb9,"2019-01-22",36.19,10.86,33
b2141f3341478ce4ee74781f7da95dcbc3ee6d9a5309659d5163026415e98bb9,"2019-01-05",36.19,10.86,24
b2141f3341478ce4ee74781f7da95dcbc3ee6d9a5309659d5163026415e98bb9,"2020-06-21",38.39,11.52,37
b2141f3341478ce4ee74781f7da95dcbc3ee6d9a5309659d5163026415e98bb9,"2019-05-16",36.19,10.86,65
b2141f3341478ce4ee74781f7da95dcbc3ee6d9a5309659d5163026415e98bb9,"2020-03-02",38.39,11.52,30
b2141f3341478ce4ee74781f7da95dcbc3ee6d9a5309659d5163026415e98bb9,"2020-04-12",38.39,11.52,44
b2141f3341478ce4ee74781f7da95dcbc3ee6d9a5309659d5163026415e98bb9,"2019-01-17",36.19,10.86,27
b2141f3341478ce4ee74781f7da95dcbc3ee6d9a5309659d5163026415e98bb9,"2020-12-29",38.39,11.52,135
b2141f3341478ce4ee74781f7da95dcbc3ee6d9a5309659d5163026415e98bb9,"2019-04-02",24.09,7.23,289
b2141f3341478ce4ee74781f7da95dcbc3ee6d9a5309659d5163026415e98bb9,"2020-03-05",38.39,11.52,43
b2141f3341478ce4ee74781f7da95dcbc3ee6d9a5309659d5163026415e98bb9,"2019-06-22",36.19,10.86,27
b2141f3341478ce4ee74781f7da95dcbc3ee6d9a5309659d5163026415e98bb9,"2019-08-21",24.09,7.23,273
b2141f3341478ce4ee74781f7da95dcbc3ee6d9a5309659d5163026415e98bb9,"2019-01-21",36.19,10.86,28
b2141f3341478ce4ee74781f7da95dcbc3ee6d9a5309659d5163026415e98bb9,"2020-08-07",38.39,11.52,36
b2141f3341478ce4ee74781f7da95dcbc3ee6d9a5309659d5163026415e98bb9,"2019-10-02",36.19,10.86,47
b2141f3341478ce4ee74781f7da95dcbc3ee6d9a5309659d5163026415e98bb9,"2019-06-19",36.19,10.86,26
b2141f3341478ce4ee74781f7da95dcbc3ee6d9a5309659d5163026415e98bb9,"2019-06-23",36.19,10.86,31
b2141f3341478ce4ee74781f7da95dcbc3ee6d9a5309659d5163026415e98bb9,"2020-02-17",36.19,10.86,34
b2141f3341478ce4ee74781f7da95dcbc3ee6d9a5309659d5163026415e98bb9,"2020-02-13",36.19,10.86,66
b2141f3341478ce4ee74781f7da95dcbc3ee6d9a5309659d5163026415e98bb9,"2020-12-19",38.39,11.52,135
b2141f3341478ce4ee74781f7da95dcbc3ee6d9a5309659d5163026415e98bb9,"2020-08-18",24.09,7.23,632
b2141f3341478ce4ee74781f7da95dcbc3ee6d9a5309659d5163026415e98bb9,"2020-09-27",38.39,11.52,28
b2141f3341478ce4ee74781f7da95dcbc3ee6d9a5309659d5163026415e98bb9,"2019-05-08",36.19,10.86,22
b2141f3341478ce4ee74781f7da95dcbc3ee6d9a5309659d5163026415e98bb9,"2020-04-06",38.39,11.52,132
b2141f3341478ce4ee74781f7da95dcbc3ee6d9a5309659d5163026415e98bb9,"2020-07-19",38.39,11.52,36
b2141f3341478ce4ee74781f7da95dcbc3ee6d9a5309659d5163026415e98bb9,"2019-08-07",36.19,10.86,26
b2141f3341478ce4ee74781f7da95dcbc3ee6d9a5309659d5163026415e98bb9,"2019-06-12",36.19,10.86,32
b2141f3341478ce4ee74781f7da95dcbc3ee6d9a5309659d5163026415e98bb9,"2020-05-30",24.09,7.23,499
b2141f3341478ce4ee74781f7da95dcbc3ee6d9a5309659d5163026415e98bb9,"2019-05-10",36.19,10.86,33
b2141f3341478ce4ee74781f7da95dcbc3ee6d9a5309659d5163026415e98bb9,"2019-12-29",36.19,10.86,82
b2141f3341478ce4ee74781f7da95dcbc3ee6d9a5309659d5163026415e98bb9,"2019-05-09",36.19,10.86,43
b2141f3341478ce4ee74781f7da95dcbc3ee6d9a5309659d5163026415e98bb9,"2019-12-07",36.19,10.86,21
b2141f3341478ce4ee74781f7da95dcbc3ee6d9a5309659d5163026415e98bb9,"2020-02-23",38.39,11.52,29
b2141f3341478ce4ee74781f7da95dcbc3ee6d9a5309659d5163026415e98bb9,"2019-02-04",36.19,10.86,34
b2141f3341478ce4ee74781f7da95dcbc3ee6d9a5309659d5163026415e98bb9,"2019-07-04",36.19,10.86,26
b2141f3341478ce4ee74781f7da95dcbc3ee6d9a5309659d5163026415e98bb9,"2020-05-12",38.39,11.52,86
b2141f3341478ce4ee74781f7da95dcbc3ee6d9a5309659d5163026415e98bb9,"2019-01-27",36.19,10.86,42
b2141f3341478ce4ee74781f7da95dcbc3ee6d9a5309659d5163026415e98bb9,"2019-05-30",36.19,10.86,41
b2141f3341478ce4ee74781f7da95dcbc3ee6d9a5309659d5163026415e98bb9,"2020-03-18",38.39,11.52,36
b2141f3341478ce4ee74781f7da95dcbc3ee6d9a5309659d5163026415e98bb9,"2019-07-08",36.19,10.86,32
b2141f3341478ce4ee74781f7da95dcbc3ee6d9a5309659d5163026415e98bb9,"2020-09-26",38.39,11.52,43
b2141f3341478ce4ee74781f7da95dcbc3ee6d9a5309659d5163026415e98bb9,"2021-01-04",38.39,11.52,74
b2141f3341478ce4ee74781f7da95dcbc3ee6d9a5309659d5163026415e98bb9,"2020-02-29",38.39,11.52,32
b2141f3341478ce4ee74781f7da95dcbc3ee6d9a5309659d5163026415e98bb9,"2020-01-31",24.09,7.23,343
b2141f3341478ce4ee74781f7da95dcbc3ee6d9a5309659d5163026415e98bb9,"2019-03-18",36.19,10.86,12
b2141f3341478ce4ee74781f7da95dcbc3ee6d9a5309659d5163026415e98bb9,"2020-06-14",38.39,11.52,105
b2141f3341478ce4ee74781f7da95dcbc3ee6d9a5309659d5163026415e98bb9,"2019-12-01",36.19,10.86,21
b2141f3341478ce4ee74781f7da95dcbc3ee6d9a5309659d5163026415e98bb9,"2019-10-03",36.19,10.86,51
b2141f3341478ce4ee74781f7da95dcbc3ee6d9a5309659d5163026415e98bb9,"2020-06-26",38.39,11.52,46
b2141f3341478ce4ee74781f7da95dcbc3ee6d9a5309659d5163026415e98bb9,"2019-11-04",36.19,10.86,23
b2141f3341478ce4ee74781f7da95dcbc3ee6d9a5309659d5163026415e98bb9,"2021-01-18",38.39,11.52,92
b2141f3341478ce4ee74781f7da95dcbc3ee6d9a5309659d5163026415e98bb9,"2019-12-30",36.19,10.86,88
b2141f3341478ce4ee74781f7da95dcbc3ee6d9a5309659d5163026415e98bb9,"2019-02-21",36.19,10.86,32
b2141f3341478ce4ee74781f7da95dcbc3ee6d9a5309659d5163026415e98bb9,"2020-05-29",24.09,7.23,649
b2141f3341478ce4ee74781f7da95dcbc3ee6d9a5309659d5163026415e98bb9,"2019-06-01",36.19,10.86,19
b2141f3341478ce4ee74781f7da95dcbc3ee6d9a5309659d5163026415e98bb9,"2019-10-22",36.19,10.86,44
b2141f3341478ce4ee74781f7da95dcbc3ee6d9a5309659d5163026415e98bb9,"2019-02-25",36.19,10.86,27
b2141f3341478ce4ee74781f7da95dcbc3ee6d9a5309659d5163026415e98bb9,"2020-05-19",38.39,11.52,43
b2141f3341478ce4ee74781f7da95dcbc3ee6d9a5309659d5163026415e98bb9,"2020-06-11",38.39,11.52,93
b2141f3341478ce4ee74781f7da95dcbc3ee6d9a5309659d5163026415e98bb9,"2019-12-15",36.19,10.86,36
b2141f3341478ce4ee74781f7da95dcbc3ee6d9a5309659d5163026415e98bb9,"2020-09-01",38.39,11.52,53
b2141f3341478ce4ee74781f7da95dcbc3ee6d9a5309659d5163026415e98bb9,"2019-08-14",36.19,10.86,26
b2141f3341478ce4ee74781f7da95dcbc3ee6d9a5309659d5163026415e98bb9,"2019-08-17",36.19,10.86,29
b2141f3341478ce4ee74781f7da95dcbc3ee6d9a5309659d5163026415e98bb9,"2019-08-31",36.19,10.86,49
b2141f3341478ce4ee74781f7da95dcbc3ee6d9a5309659d5163026415e98bb9,"2019-05-03",30.78,9.23,150
b2141f3341478ce4ee74781f7da95dcbc3ee6d9a5309659d5163026415e98bb9,"2020-04-09",38.39,11.52,109
b2141f3341478ce4ee74781f7da95dcbc3ee6d9a5309659d5163026415e98bb9,"2019-10-08",36.19,10.86,54
b2141f3341478ce4ee74781f7da95dcbc3ee6d9a5309659d5163026415e98bb9,"2019-05-04",30.48,9.14,117
b2141f3341478ce4ee74781f7da95dcbc3ee6d9a5309659d5163026415e98bb9,"2019-07-02",36.19,10.86,21
b2141f3341478ce4ee74781f7da95dcbc3ee6d9a5309659d5163026415e98bb9,"2019-09-13",36.19,10.86,40
b2141f3341478ce4ee74781f7da95dcbc3ee6d9a5309659d5163026415e98bb9,"2020-12-26",38.39,11.52,80
b2141f3341478ce4ee74781f7da95dcbc3ee6d9a5309659d5163026415e98bb9,"2019-10-26",36.19,10.86,21
b2141f3341478ce4ee74781f7da95dcbc3ee6d9a5309659d5163026415e98bb9,"2019-05-15",36.19,10.86,47
b2141f3341478ce4ee74781f7da95dcbc3ee6d9a5309659d5163026415e98bb9,"2020-01-03",36.19,10.86,51
b2141f3341478ce4ee74781f7da95dcbc3ee6d9a5309659d5163026415e98bb9,"2019-12-13",27.57,8.27,165
b2141f3341478ce4ee74781f7da95dcbc3ee6d9a5309659d5163026415e98bb9,"2020-07-26",38.39,11.52,27
b2141f3341478ce4ee74781f7da95dcbc3ee6d9a5309659d5163026415e98bb9,"2020-04-03",38.39,11.52,88
b2141f3341478ce4ee74781f7da95dcbc3ee6d9a5309659d5163026415e98bb9,"2019-09-17",36.19,10.86,40
b2141f3341478ce4ee74781f7da95dcbc3ee6d9a5309659d5163026415e98bb9,"2019-10-18",36.19,10.86,43
b2141f3341478ce4ee74781f7da95dcbc3ee6d9a5309659d5163026415e98bb9,"2019-08-16",36.19,10.86,36
b2141f3341478ce4ee74781f7da95dcbc3ee6d9a5309659d5163026415e98bb9,"2019-03-25",36.19,10.86,28
b2141f3341478ce4ee74781f7da95dcbc3ee6d9a5309659d5163026415e98bb9,"2020-07-30",38.39,11.52,52
b2141f3341478ce4ee74781f7da95dcbc3ee6d9a5309659d5163026415e98bb9,"2020-04-19",38.39,11.52,61
b2141f3341478ce4ee74781f7da95dcbc3ee6d9a5309659d5163026415e98bb9,"2021-01-11",38.39,11.52,58
b2141f3341478ce4ee74781f7da95dcbc3ee6d9a5309659d5163026415e98bb9,"2019-06-24",36.19,10.86,43
b2141f3341478ce4ee74781f7da95dcbc3ee6d9a5309659d5163026415e98bb9,"2019-11-14",36.19,10.86,43
b2141f3341478ce4ee74781f7da95dcbc3ee6d9a5309659d5163026415e98bb9,"2019-02-01",36.19,10.86,32
b2141f3341478ce4ee74781f7da95dcbc3ee6d9a5309659d5163026415e98bb9,"2020-08-24",35.21,10.56,54
b2141f3341478ce4ee74781f7da95dcbc3ee6d9a5309659d5163026415e98bb9,"2020-07-18",38.39,11.52,25
b2141f3341478ce4ee74781f7da95dcbc3ee6d9a5309659d5163026415e98bb9,"2019-02-08",36.19,10.86,29
b2141f3341478ce4ee74781f7da95dcbc3ee6d9a5309659d5163026415e98bb9,"2020-10-24",38.39,11.52,30
b2141f3341478ce4ee74781f7da95dcbc3ee6d9a5309659d5163026415e98bb9,"2019-02-24",36.19,10.86,31
b2141f3341478ce4ee74781f7da95dcbc3ee6d9a5309659d5163026415e98bb9,"2019-12-11",24.09,7.23,308
b2141f3341478ce4ee74781f7da95dcbc3ee6d9a5309659d5163026415e98bb9,"2020-01-29",24.09,7.23,293
b2141f3341478ce4ee74781f7da95dcbc3ee6d9a5309659d5163026415e98bb9,"2020-01-14",36.19,10.86,33
b2141f3341478ce4ee74781f7da95dcbc3ee6d9a5309659d5163026415e98bb9,"2019-11-01",36.19,10.86,41
b2141f3341478ce4ee74781f7da95dcbc3ee6d9a5309659d5163026415e98bb9,"2020-08-16",38.39,11.52,29
b2141f3341478ce4ee74781f7da95dcbc3ee6d9a5309659d5163026415e98bb9,"2020-04-18",38.39,11.52,96
b2141f3341478ce4ee74781f7da95dcbc3ee6d9a5309659d5163026415e98bb9,"2019-06-04",36.19,10.86,70
b2141f3341478ce4ee74781f7da95dcbc3ee6d9a5309659d5163026415e98bb9,"2020-03-12",24.09,7.23,292
b2141f3341478ce4ee74781f7da95dcbc3ee6d9a5309659d5163026415e98bb9,"2019-09-19",36.19,10.86,39
b2141f3341478ce4ee74781f7da95dcbc3ee6d9a5309659d5163026415e98bb9,"2020-10-01",24.09,7.23,556
b2141f3341478ce4ee74781f7da95dcbc3ee6d9a5309659d5163026415e98bb9,"2019-10-05",36.19,10.86,36
b2141f3341478ce4ee74781f7da95dcbc3ee6d9a5309659d5163026415e98bb9,"2020-12-11",38.39,11.52,71
b2141f3341478ce4ee74781f7da95dcbc3ee6d9a5309659d5163026415e98bb9,"2019-04-11",36.19,10.86,44
b2141f3341478ce4ee74781f7da95dcbc3ee6d9a5309659d5163026415e98bb9,"2020-02-11",36.19,10.86,46
b2141f3341478ce4ee74781f7da95dcbc3ee6d9a5309659d5163026415e98bb9,"2020-03-01",38.39,11.52,28
b2141f3341478ce4ee74781f7da95dcbc3ee6d9a5309659d5163026415e98bb9,"2020-12-20",38.39,11.52,90
b2141f3341478ce4ee74781f7da95dcbc3ee6d9a5309659d5163026415e98bb9,"2019-04-10",36.19,10.86,45
b2141f3341478ce4ee74781f7da95dcbc3ee6d9a5309659d5163026415e98bb9,"2019-09-04",36.19,10.86,20
"42586e958c1c38c359654b9f2e9384a3c76377619fed4d958949c0305e25b85c","2019-05-11",47.19,14.16,7
"42586e958c1c38c359654b9f2e9384a3c76377619fed4d958949c0305e25b85c","2019-06-03",47.19,14.16,13
"42586e958c1c38c359654b9f2e9384a3c76377619fed4d958949c0305e25b85c","2020-12-14",38.39,11.52,45
"42586e958c1c38c359654b9f2e9384a3c76377619fed4d958949c0305e25b85c","2020-11-23",49.39,14.82,7
"42586e958c1c38c359654b9f2e9384a3c76377619fed4d958949c0305e25b85c","2019-07-13",39.49,11.85,14
"42586e958c1c38c359654b9f2e9384a3c76377619fed4d958949c0305e25b85c","2020-07-17",49.39,14.82,9
"42586e958c1c38c359654b9f2e9384a3c76377619fed4d958949c0305e25b85c","2019-02-09",47.19,14.16,3
"42586e958c1c38c359654b9f2e9384a3c76377619fed4d958949c0305e25b85c","2019-10-12",47.19,14.16,4
"42586e958c1c38c359654b9f2e9384a3c76377619fed4d958949c0305e25b85c","2019-10-02",47.19,14.16,5
"42586e958c1c38c359654b9f2e9384a3c76377619fed4d958949c0305e25b85c","2019-12-12",47.19,14.16,2
"42586e958c1c38c359654b9f2e9384a3c76377619fed4d958949c0305e25b85c","2019-03-08",47.19,14.16,5
"42586e958c1c38c359654b9f2e9384a3c76377619fed4d958949c0305e25b85c","2020-12-20",38.39,11.52,46
"42586e958c1c38c359654b9f2e9384a3c76377619fed4d958949c0305e25b85c","2020-07-24",49.39,14.82,9
"42586e958c1c38c359654b9f2e9384a3c76377619fed4d958949c0305e25b85c","2020-08-12",49.39,14.82,10
"42586e958c1c38c359654b9f2e9384a3c76377619fed4d958949c0305e25b85c","2021-01-06",49.39,14.82,16
"42586e958c1c38c359654b9f2e9384a3c76377619fed4d958949c0305e25b85c","2020-05-01",36.19,10.86,113
"42586e958c1c38c359654b9f2e9384a3c76377619fed4d958949c0305e25b85c","2020-04-02",49.39,14.82,15
"42586e958c1c38c359654b9f2e9384a3c76377619fed4d958949c0305e25b85c","2020-08-23",49.39,14.82,9
"42586e958c1c38c359654b9f2e9384a3c76377619fed4d958949c0305e25b85c","2020-04-22",49.39,14.82,51
"42586e958c1c38c359654b9f2e9384a3c76377619fed4d958949c0305e25b85c","2020-02-04",49.39,14.82,4
"42586e958c1c38c359654b9f2e9384a3c76377619fed4d958949c0305e25b85c","2020-03-03",49.39,14.82,2
"42586e958c1c38c359654b9f2e9384a3c76377619fed4d958949c0305e25b85c","2020-08-03",49.39,14.82,12
"42586e958c1c38c359654b9f2e9384a3c76377619fed4d958949c0305e25b85c","2020-09-09",49.39,14.82,16
"42586e958c1c38c359654b9f2e9384a3c76377619fed4d958949c0305e25b85c","2020-12-23",49.39,14.82,4
"42586e958c1c38c359654b9f2e9384a3c76377619fed4d958949c0305e25b85c","2019-12-22",47.19,14.16,4
"42586e958c1c38c359654b9f2e9384a3c76377619fed4d958949c0305e25b85c","2019-04-02",47.19,14.16,5
"42586e958c1c38c359654b9f2e9384a3c76377619fed4d958949c0305e25b85c","2020-05-23",49.39,14.82,18
"42586e958c1c38c359654b9f2e9384a3c76377619fed4d958949c0305e25b85c","2019-06-07",47.19,14.16,11
"42586e958c1c38c359654b9f2e9384a3c76377619fed4d958949c0305e25b85c","2019-10-21",47.19,14.16,7
