data/ml_task_data.csv
"product_id","date","sell_price","margin","sales"
"42586e958c1c38c359654b9f2e9384a3c76377619fed4d958949c0305e25b85c","2020-03-19",49.39,14.82,14
"42586e958c1c38c359654b9f2e9384a3c76377619fed4d958949c0305e25b85c","2020-09-25",49.39,14.82,15
"42586e958c1c38c359654b9f2e9384a3c76377619fed4d958949c0305e25b85c","2020-01-06",49.39,14.82,2
"42586e958c1c38c359654b9f2e9384a3c76377619fed4d958949c0305e25b85c","2019-04-30",47.19,14.16,9
"42586e958c1c38c359654b9f2e9384a3c76377619fed4d958949c0305e25b85c","2019-10-15",47.19,14.16,5
"42586e958c1c38c359654b9f2e9384a3c76377619fed4d958949c0305e25b85c","2020-12-16",38.39,11.52,28
"42586e958c1c38c359654b9f2e9384a3c76377619fed4d958949c0305e25b85c","2020-11-09",49.39,14.82,8
"42586e958c1c38c359654b9f2e9384a3c76377619fed4d958949c0305e25b85c","2019-06-23",47.19,14.16,1
"42586e958c1c38c359654b9f2e9384a3c76377619fed4d958949c0305e25b85c","2020-06-18",49.39,14.82,17
"42586e958c1c38c359654b9f2e9384a3c76377619fed4d958949c0305e25b85c","2019-10-18",47.19,14.16,5
"42586e958c1c38c359654b9f2e9384a3c76377619fed4d958949c0305e25b85c","2021-01-18",49.39,14.82,3
"42586e958c1c38c359654b9f2e9384a3c76377619fed4d958949c0305e25b85c","2019-08-04",47.19,14.16,11
"42586e958c1c38c359654b9f2e9384a3c76377619fed4d958949c0305e25b85c","2019-11-02",47.19,14.16,12
"42586e958c1c38c359654b9f2e9384a3c76377619fed4d958949c0305e25b85c","2020-06-25",49.39,14.82,11
"42586e958c1c38c359654b9f2e9384a3c76377619fed4d958949c0305e25b85c","2019-08-01",47.19,14.16,4
"42586e958c1c38c359654b9f2e9384a3c76377619fed4d958949c0305e25b85c","2019-11-05",47.19,14.16,4
"42586e958c1c38c359654b9f2e9384a3c76377619fed4d958949c0305e25b85c","2020-03-20",49.39,14.82,10
"42586e958c1c38c359654b9f2e9384a3c76377619fed4d958949c0305e25b85c","2020-05-07",49.39,14.82,41
"42586e958c1c38c359654b9f2e9384a3c76377619fed4d958949c0305e25b85c","2020-05-25",49.39,14.82,43
"42586e958c1c38c359654b9f2e9384a3c76377619fed4d958949c0305e25b85c","2020-07-31",49.39,14.82,13
"42586e958c1c38c359654b9f2e9384a3c76377619fed4d958949c0305e25b85c","2020-06-03",49.39,14.82,21
"42586e958c1c38c359654b9f2e9384a3c76377619fed4d958949c0305e25b85c","2019-08-30",47.19,14.16,13
"42586e958c1c38c359654b9f2e9384a3c76377619fed4d958949c0305e25b85c","2019-10-01",47.19,14.16,5
"42586e958c1c38c359654b9f2e9384a3c76377619fed4d958949c0305e25b85c","2020-10-14",49.39,14.82,6
"42586e958c1c38c359654b9f2e9384a3c76377619fed4d958949c0305e25b85c","2021-01-20",49.39,14.82,12
"42586e958c1c38c359654b9f2e9384a3c76377619fed4d958949c0305e25b85c","2020-12-08",49.39,14.82,2
"42586e958c1c38c359654b9f2e9384a3c76377619fed4d958949c0305e25b85c","2020-10-27",49.39,14.82,18
"42586e958c1c38c359654b9f2e9384a3c76377619fed4d958949c0305e25b85c","2020-10-24",49.39,14.82,6
"42586e958c1c38c359654b9f2e9384a3c76377619fed4d958949c0305e25b85c","2020-07-30",49.39,14.82,29
"42586e958c1c38c359654b9f2e9384a3c76377619fed4d958949c0305e25b85c","2019-05-12",47.19,14.16,7
"42586e958c1c38c359654b9f2e9384a3c76377619fed4d958949c0305e25b85c","2020-11-05",49.39,14.82,18
"42586e958c1c38c359654b9f2e9384a3c76377619fed4d958949c0305e25b85c","2019-06-28",47.19,14.16,4
"42586e958c1c38c359654b9f2e9384a3c76377619fed4d958949c0305e25b85c","2020-08-14",49.39,14.82,8
"42586e958c1c38c359654b9f2e9384a3c76377619fed4d958949c0305e25b85c","2019-10-19",47.19,14.16,9
"42586e958c1c38c359654b9f2e9384a3c76377619fed4d958949c0305e25b85c","2019-04-17",47.19,14.16,1
"42586e958c1c38c359654b9f2e9384a3c76377619fed4d958949c0305e25b85c","2020-11-16",49.39,14.82,5
"42586e958c1c38c359654b9f2e9384a3c76377619fed4d958949c0305e25b85c","2020-12-17",38.39,11.52,47
"42586e958c1c38c359654b9f2e9384a3c76377619fed4d958949c0305e25b85c","2019-04-14",47.19,14.16,10
"42586e958c1c38c359654b9f2e9384a3c76377619fed4d958949c0305e25b85c","2019-11-16",47.19,14.16,2
"42586e958c1c38c359654b9f2e9384a3c76377619fed4d958949c0305e25b85c","2019-05-13",47.19,14.16,9
"42586e958c1c38c359654b9f2e9384a3c76377619fed4d958949c0305e25b85c","2019-02-21",47.19,14.16,2
"42586e958c1c38c359654b9f2e9384a3c76377619fed4d958949c0305e25b85c","2019-05-02",47.19,14.16,4
"42586e958c1c38c359654b9f2e9384a3c76377619fed4d958949c0305e25b85c","2020-06-12",49.39,14.82,10
"42586e958c1c38c359654b9f2e9384a3c76377619fed4d958949c0305e25b85c","2019-10-04",47.19,14.16,11
"42586e958c1c38c359654b9f2e9384a3c76377619fed4d958949c0305e25b85c","2019-01-29",47.19,14.16,3
"42586e958c1c38c359654b9f2e9384a3c76377619fed4d958949c0305e25b85c","2019-02-25",47.19,14.16,2
"42586e958c1c38c359654b9f2e9384a3c76377619fed4d958949c0305e25b85c","2019-12-04",47.19,14.16,3
"42586e958c1c38c359654b9f2e9384a3c76377619fed4d958949c0305e25b85c","2020-09-29",49.39,14.82,13
"42586e958c1c38c359654b9f2e9384a3c76377619fed4d958949c0305e25b85c","2019-08-08",39.49,11.85,35
"42586e958c1c38c359654b9f2e9384a3c76377619fed4d958949c0305e25b85c","2019-01-12",43.89,13.17,5
"42586e958c1c38c359654b9f2e9384a3c76377619fed4d958949c0305e25b85c","2020-08-18",49.39,14.82,15
"42586e958c1c38c359654b9f2e9384a3c76377619fed4d958949c0305e25b85c","2019-10-29",47.19,14.16,2
"42586e958c1c38c359654b9f2e9384a3c76377619fed4d958949c0305e25b85c","2020-07-12",49.39,14.82,3
"42586e958c1c38c359654b9f2e9384a3c76377619fed4d958949c0305e25b85c","2020-01-02",49.39,14.82,1
"42586e958c1c38c359654b9f2e9384a3c76377619fed4d958949c0305e25b85c","2019-03-05",47.19,14.16,4
"42586e958c1c38c359654b9f2e9384a3c76377619fed4d958949c0305e25b85c","2019-07-01",47.19,14.16,10
"42586e958c1c38c359654b9f2e9384a3c76377619fed4d958949c0305e25b85c","2019-07-10",39.49,11.85,26
"42586e958c1c38c359654b9f2e9384a3c76377619fed4d958949c0305e25b85c","2020-02-24",49.39,14.82,1
"42586e958c1c38c359654b9f2e9384a3c76377619fed4d958949c0305e25b85c","2019-12-21",47.19,14.16,5
"42586e958c1c38c359654b9f2e9384a3c76377619fed4d958949c0305e25b85c","2020-07-15",49.39,14.82,14
"42586e958c1c38c359654b9f2e9384a3c76377619fed4d958949c0305e25b85c","2020-09-06",49.39,14.82,13
"42586e958c1c38c359654b9f2e9384a3c76377619fed4d958949c0305e25b85c","2020-11-08",49.39,14.82,8
"42586e958c1c38c359654b9f2e9384a3c76377619fed4d958949c0305e25b85c","2020-10-22",49.39,14.82,29
"42586e958c1c38c359654b9f2e9384a3c76377619fed4d958949c0305e25b85c","2021-01-19",49.39,14.82,9
"42586e958c1c38c359654b9f2e9384a3c76377619fed4d958949c0305e25b85c","2019-04-09",47.19,14.16,3
"42586e958c1c38c359654b9f2e9384a3c76377619fed4d958949c0305e25b85c","2020-05-06",49.39,14.82,29
"42586e958c1c38c359654b9f2e9384a3c76377619fed4d958949c0305e25b85c","2019-07-20",47.19,14.16,8
"42586e958c1c38c359654b9f2e9384a3c76377619fed4d958949c0305e25b85c","2019-05-22",47.19,14.16,6
"42586e958c1c38c359654b9f2e9384a3c76377619fed4d958949c0305e25b85c","2020-08-16",49.39,14.82,13
"42586e958c1c38c359654b9f2e9384a3c76377619fed4d958949c0305e25b85c","2019-07-24",47.19,14.16,3
"42586e958c1c38c359654b9f2e9384a3c76377619fed4d958949c0305e25b85c","2020-01-03",49.39,14.82,4
"42586e958c1c38c359654b9f2e9384a3c76377619fed4d958949c0305e25b85c","2020-05-13",49.39,14.82,20
"42586e958c1c38c359654b9f2e9384a3c76377619fed4d958949c0305e25b85c","2019-07-26",47.19,14.16,10
"42586e958c1c38c359654b9f2e9384a3c76377619fed4d958949c0305e25b85c","2019-10-13",47.19,14.16,4
"42586e958c1c38c359654b9f2e9384a3c76377619fed4d958949c0305e25b85c","2020-04-25",49.39,14.82,19
"42586e958c1c38c359654b9f2e9384a3c76377619fed4d958949c0305e25b85c","2020-10-12",49.39,14.82,11
"42586e958c1c38c359654b9f2e9384a3c76377619fed4d958949c0305e25b85c","2020-05-22",49.39,14.82,11
"42586e958c1c38c359654b9f2e9384a3c76377619fed4d958949c0305e25b85c","2019-07-30",47.19,14.16,16
"42586e958c1c38c359654b9f2e9384a3c76377619fed4d958949c0305e25b85c","2019-05-27",47.19,14.16,12
"42586e958c1c38c359654b9f2e9384a3c76377619fed4d958949c0305e25b85c","2020-09-03",49.39,14.82,22
"42586e958c1c38c359654b9f2e9384a3c76377619fed4d958949c0305e25b85c","2020-04-24",49.39,14.82,10
"42586e958c1c38c359654b9f2e9384a3c76377619fed4d958949c0305e25b85c","2019-12-30",47.19,14.16,2
"42586e958c1c38c359654b9f2e9384a3c76377619fed4d958949c0305e25b85c","2020-06-26",49.39,14.82,12
"42586e958c1c38c359654b9f2e9384a3c76377619fed4d958949c0305e25b85c","2020-08-04",49.39,14.82,21
"42586e958c1c38c359654b9f2e9384a3c76377619fed4d958949c0305e25b85c","2019-06-29",47.19,14.16,10
"42586e958c1c38c359654b9f2e9384a3c76377619fed4d958949c0305e25b85c","2020-02-25",49.39,14.82,8
"42586e958c1c38c359654b9f2e9384a3c76377619fed4d958949c0305e25b85c","2019-09-22",47.19,14.16,8
"42586e958c1c38c359654b9f2e9384a3c76377619fed4d958949c0305e25b85c","2020-12-04",49.39,14.82,8
"42586e958c1c38c359654b9f2e9384a3c76377619fed4d958949c0305e25b85c","2020-07-06",49.39,14.82,23
"42586e958c1c38c359654b9f2e9384a3c76377619fed4d958949c0305e25b85c","2019-10-25",47.19,14.16,2
"42586e958c1c38c359654b9f2e9384a3c76377619fed4d958949c0305e25b85c","2020-08-21",49.39,14.82,13
"42586e958c1c38c359654b9f2e9384a3c76377619fed4d958949c0305e25b85c","2019-09-03",47.19,14.16,1
"42586e958c1c38c359654b9f2e9384a3c76377619fed4d958949c0305e25b85c","2019-11-09",47.19,14.16,4
"42586e958c1c38c359654b9f2e9384a3c76377619fed4d958949c0305e25b85c","2019-08-17",47.19,14.16,8
"42586e958c1c38c359654b9f2e9384a3c76377619fed4d958949c0305e25b85c","2020-10-04",49.39,14.82,13
"42586e958c1c38c359654b9f2e9384a3c76377619fed4d958949c0305e25b85c","2019-10-08",47.19,14.16,1
"42586e958c1c38c359654b9f2e9384a3c76377619fed4d958949c0305e25b85c","2019-02-17",47.19,14.16,3
"42586e958c1c38c359654b9f2e9384a3c76377619fed4d958949c0305e25b85c","2019-12-08",47.19,14.16,8
"42586e958c1c38c359654b9f2e9384a3c76377619fed4d958949c0305e25b85c","2020-07-08",49.39,14.82,13
"42586e958c1c38c359654b9f2e9384a3c76377619fed4d958949c0305e25b85c","2020-02-08",49.39,14.82,2
"42586e958c1c38c359654b9f2e9384a3c76377619fed4d958949c0305e25b85c","2020-01-29",49.39,14.82,2
"42586e958c1c38c359654b9f2e9384a3c76377619fed4d958949c0305e25b85c","2019-12-10",47.19,14.16,1
"42586e958c1c38c359654b9f2e9384a3c76377619fed4d958949c0305e25b85c","2020-09-04",49.39,14.82,12
"42586e958c1c38c359654b9f2e9384a3c76377619fed4d958949c0305e25b85c","2020-08-02",49.39,14.82,11
"42586e958c1c38c359654b9f2e9384a3c76377619fed4d958949c0305e25b85c","2020-12-19",38.39,11.52,86
"42586e958c1c38c359654b9f2e9384a3c76377619fed4d958949c0305e25b85c","2020-03-06",49.39,14.82,4
"42586e958c1c38c359654b9f2e9384a3c76377619fed4d958949c0305e25b85c","2019-06-25",47.19,14.16,14
"42586e958c1c38c359654b9f2e9384a3c76377619fed4d958949c0305e25b85c","2020-09-30",49.39,14.82,11
"42586e958c1c38c359654b9f2e9384a3c76377619fed4d958949c0305e25b85c","2019-11-15",47.19,14.16,4
"42586e958c1c38c359654b9f2e9384a3c76377619fed4d958949c0305e25b85c","2020-11-15",49.39,14.82,13
"42586e958c1c38c359654b9f2e9384a3c76377619fed4d958949c0305e25b85c","2020-06-27",49.39,14.82,7
"42586e958c1c38c359654b9f2e9384a3c76377619fed4d958949c0305e25b85c","2020-05-03",36.19,10.86,139
"42586e958c1c38c359654b9f2e9384a3c76377619fed4d958949c0305e25b85c","2020-11-07",49.39,14.82,25
"42586e958c1c38c359654b9f2e9384a3c76377619fed4d958949c0305e25b85c","2020-04-18",49.39,14.82,16
"42586e958c1c38c359654b9f2e9384a3c76377619fed4d958949c0305e25b85c","2020-12-18",38.39,11.52,63
"42586e958c1c38c359654b9f2e9384a3c76377619fed4d958949c0305e25b85c","2019-08-18",47.19,14.16,4
"42586e958c1c38c359654b9f2e9384a3c76377619fed4d958949c0305e25b85c","2020-09-28",49.39,14.82,13
"42586e958c1c38c359654b9f2e9384a3c76377619fed4d958949c0305e25b85c","2020-05-30",49.39,14.82,11
"42586e958c1c38c359654b9f2e9384a3c76377619fed4d958949c0305e25b85c","2019-06-16",47.19,14.16,10
"42586e958c1c38c359654b9f2e9384a3c76377619fed4d958949c0305e25b85c","2019-05-21",47.19,14.16,1
"42586e958c1c38c359654b9f2e9384a3c76377619fed4d958949c0305e25b85c","2019-07-28",47.19,14.16,2
"42586e958c1c38c359654b9f2e9384a3c76377619fed4d958949c0305e25b85c","2020-08-20",49.39,14.82,6
"42586e958c1c38c359654b9f2e9384a3c76377619fed4d958949c0305e25b85c","2020-09-18",49.39,14.82,8
"42586e958c1c38c359654b9f2e9384a3c76377619fed4d958949c0305e25b85c","2019-07-18",47.19,14.16,14
"42586e958c1c38c359654b9f2e9384a3c76377619fed4d958949c0305e25b85c","2020-10-09",49.39,14.82,5
"42586e958c1c38c359654b9f2e9384a3c76377619fed4d958949c0305e25b85c","2020-08-31",49.39,14.82,4
"42586e958c1c38c359654b9f2e9384a3c76377619fed4d958949c0305e25b85c","2020-02-07",49.39,14.82,2
"42586e958c1c38c359654b9f2e9384a3c76377619fed4d958949c0305e25b85c","2020-09-10",49.39,14.82,1
"42586e958c1c38c359654b9f2e9384a3c76377619fed4d958949c0305e25b85c","2019-07-19",47.19,14.16,7
"42586e958c1c38c359654b9f2e9384a3c76377619fed4d958949c0305e25b85c","2020-02-23",49.39,14.82,6
"42586e958c1c38c359654b9f2e9384a3c76377619fed4d958949c0305e25b85c","2020-04-01",49.39,14.82,6
"42586e958c1c38c359654b9f2e9384a3c76377619fed4d958949c0305e25b85c","2019-02-08",47.19,14.16,1
"42586e958c1c38c359654b9f2e9384a3c76377619fed4d958949c0305e25b85c","2019-04-15",47.19,14.16,3
"42586e958c1c38c359654b9f2e9384a3c76377619fed4d958949c0305e25b85c","2020-04-19",49.39,14.82,11
"42586e958c1c38c359654b9f2e9384a3c76377619fed4d958949c0305e25b85c","2019-03-31",47.19,14.16,7
"42586e958c1c38c359654b9f2e9384a3c76377619fed4d958949c0305e25b85c","2019-09-16",47.19,14.16,13
"42586e958c1c38c359654b9f2e9384a3c76377619fed4d958949c0305e25b85c","2020-10-20",49.39,14.82,12
"42586e958c1c38c359654b9f2e9384a3c76377619fed4d958949c0305e25b85c","2019-08-31",47.19,14.16,8
"42586e958c1c38c359654b9f2e9384a3c76377619fed4d958949c0305e25b85c","2020-05-20",49.39,14.82,20
"42586e958c1c38c359654b9f2e9384a3c76377619fed4d958949c0305e25b85c","2020-04-28",36.19,10.86,144
"42586e958c1c38c359654b9f2e9384a3c76377619fed4d958949c0305e25b85c","2019-10-30",47.19,14.16,2
"42586e958c1c38c359654b9f2e9384a3c76377619fed4d958949c0305e25b85c","2019-09-19",47.19,14.16,2
"42586e958c1c38c359654b9f2e9384a3c76377619fed4d958949c0305e25b85c","2019-02-06",47.19,14.16,3
"42586e958c1c38c359654b9f2e9384a3c76377619fed4d958949c0305e25b85c","2020-01-11",49.39,14.82,1
"42586e958c1c38c359654b9f2e9384a3c76377619fed4d958949c0305e25b85c","2020-12-21",49.39,14.82,13
"42586e958c1c38c359654b9f2e9384a3c76377619fed4d958949c0305e25b85c","2020-03-15",49.39,14.82,8
"42586e958c1c38c359654b9f2e9384a3c76377619fed4d958949c0305e25b85c","2019-12-31",47.19,14.16,6
"42586e958c1c38c359654b9f2e9384a3c76377619fed4d958949c0305e25b85c","2020-01-16",49.39,14.82,2
"42586e958c1c38c359654b9f2e9384a3c76377619fed4d958949c0305e25b85c","2020-11-14",49.39,14.82,17
"42586e958c1c38c359654b9f2e9384a3c76377619fed4d958949c0305e25b85c","2019-05-24",47.19,14.16,3
"42586e958c1c38c359654b9f2e9384a3c76377619fed4d958949c0305e25b85c","2019-06-05",47.19,14.16,3
"42586e958c1c38c359654b9f2e9384a3c76377619fed4d958949c0305e25b85c","2019-08-19",47.19,14.16,14
"42586e958c1c38c359654b9f2e9384a3c76377619fed4d958949c0305e25b85c","2020-09-22",49.39,14.82,10
"42586e958c1c38c359654b9f2e9384a3c76377619fed4d958949c0305e25b85c","2019-01-31",47.19,14.16,6
"42586e958c1c38c359654b9f2e9384a3c76377619fed4d958949c0305e25b85c","2019-12-11",47.19,14.16,1
"42586e958c1c38c359654b9f2e9384a3c76377619fed4d958949c0305e25b85c","2019-08-12",47.19,14.16,10
"42586e958c1c38c359654b9f2e9384a3c76377619fed4d958949c0305e25b85c","2019-07-14",39.49,11.85,10
"42586e958c1c38c359654b9f2e9384a3c76377619fed4d958949c0305e25b85c","2019-09-06",47.19,14.16,9
"42586e958c1c38c359654b9f2e9384a3c76377619fed4d958949c0305e25b85c","2021-01-21",49.39,14.82,5
"42586e958c1c38c359654b9f2e9384a3c76377619fed4d958949c0305e25b85c","2019-05-16",47.19,14.16,9
"42586e958c1c38c359654b9f2e9384a3c76377619fed4d958949c0305e25b85c","2020-01-21",49.39,14.82,4
"42586e958c1c38c359654b9f2e9384a3c76377619fed4d958949c0305e25b85c","2020-01-20",49.39,14.82,4
"42586e958c1c38c359654b9f2e9384a3c76377619fed4d958949c0305e25b85c","2020-07-16",49.39,14.82,7
"42586e958c1c38c359654b9f2e9384a3c76377619fed4d958949c0305e25b85c","2020-03-10",49.39,14.82,5
"42586e958c1c38c359654b9f2e9384a3c76377619fed4d958949c0305e25b85c","2019-06-18",47.19,14.16,12
"42586e958c1c38c359654b9f2e9384a3c76377619fed4d958949c0305e25b85c","2019-08-13",47.19,14.16,34
"42586e958c1c38c359654b9f2e9384a3c76377619fed4d958949c0305e25b85c","2020-10-25",49.39,14.82,34
"42586e958c1c38c359654b9f2e9384a3c76377619fed4d958949c0305e25b85c","2019-11-26",47.19,14.16,8
"42586e958c1c38c359654b9f2e9384a3c76377619fed4d958949c0305e25b85c","2019-02-02",47.19,14.16,1
"42586e958c1c38c359654b9f2e9384a3c76377619fed4d958949c0305e25b85c","2019-03-04",47.19,14.16,1
"42586e958c1c38c359654b9f2e9384a3c76377619fed4d958949c0305e25b85c","2020-06-17",49.39,14.82,6
"42586e958c1c38c359654b9f2e9384a3c76377619fed4d958949c0305e25b85c","2020-05-27",49.39,14.82,20
"42586e958c1c38c359654b9f2e9384a3c76377619fed4d958949c0305e25b85c","2020-07-11",49.39,14.82,22
"42586e958c1c38c359654b9f2e9384a3c76377619fed4d958949c0305e25b85c","2021-01-08",49.39,14.82,17
"42586e958c1c38c359654b9f2e9384a3c76377619fed4d958949c0305e25b85c","2021-01-12",49.39,14.82,11
"42586e958c1c38c359654b9f2e9384a3c76377619fed4d958949c0305e25b85c","2019-02-14",47.19,14.16,3
"42586e958c1c38c359654b9f2e9384a3c76377619fed4d958949c0305e25b85c","2019-05-07",47.19,14.16,4
"42586e958c1c38c359654b9f2e9384a3c76377619fed4d958949c0305e25b85c","2019-04-16",47.19,14.16,3
"42586e958c1c38c359654b9f2e9384a3c76377619fed4d958949c0305e25b85c","2019-09-02",47.19,14.16,4
"42586e958c1c38c359654b9f2e9384a3c76377619fed4d958949c0305e25b85c","2019-07-16",47.19,14.16,11
"42586e958c1c38c359654b9f2e9384a3c76377619fed4d958949c0305e25b85c","2019-06-04",47.19,14.16,3
"42586e958c1c38c359654b9f2e9384a3c76377619fed4d958949c0305e25b85c","2020-06-29",49.39,14.82,9
"42586e958c1c38c359654b9f2e9384a3c76377619fed4d958949c0305e25b85c","2020-10-08",49.39,14.82,12
"42586e958c1c38c359654b9f2e9384a3c76377619fed4d958949c0305e25b85c","2020-10-10",49.39,14.82,5
"42586e958c1c38c359654b9f2e9384a3c76377619fed4d958949c0305e25b85c","2020-05-19",49.39,14.82,15
"42586e958c1c38c359654b9f2e9384a3c76377619fed4d958949c0305e25b85c","2019-03-09",47.19,14.16,2
"42586e958c1c38c359654b9f2e9384a3c76377619fed4d958949c0305e25b85c","2020-02-22",49.39,14.82,4
"42586e958c1c38c359654b9f2e9384a3c76377619fed4d958949c0305e25b85c","2020-02-19",49.39,14.82,4
"42586e958c1c38c359654b9f2e9384a3c76377619fed4d958949c0305e25b85c","2020-02-01",49.39,14.82,6
