data/ml_task_data.csv
"product_id","date","sell_price","margin","sales"
"42586e958c1c38c359654b9f2e9384a3c76377619fed4d958949c0305e25b85c","2020-04-16",49.39,14.82,28
"42586e958c1c38c359654b9f2e9384a3c76377619fed4d958949c0305e25b85c","2020-03-08",49.39,14.82,15
"42586e958c1c38c359654b9f2e9384a3c76377619fed4d958949c0305e25b85c","2020-10-03",49.39,14.82,11
"42586e958c1c38c359654b9f2e9384a3c76377619fed4d958949c0305e25b85c","2020-02-29",49.39,14.82,13
"42586e958c1c38c359654b9f2e9384a3c76377619fed4d958949c0305e25b85c","2020-11-28",49.39,14.82,13
"42586e958c1c38c359654b9f2e9384a3c76377619fed4d958949c0305e25b85c","2019-05-25",47.19,14.16,3
"42586e958c1c38c359654b9f2e9384a3c76377619fed4d958949c0305e25b85c","2019-09-21",47.19,14.16,10
"42586e958c1c38c359654b9f2e9384a3c76377619fed4d958949c0305e25b85c","2019-09-07",47.19,14.16,5
"42586e958c1c38c359654b9f2e9384a3c76377619fed4d958949c0305e25b85c","2020-04-23",49.39,14.82,45
"42586e958c1c38c359654b9f2e9384a3c76377619fed4d958949c0305e25b85c","2019-08-03",47.19,14.16,6
"42586e958c1c38c359654b9f2e9384a3c76377619fed4d958949c0305e25b85c","2020-12-30",49.39,14.82,8
"42586e958c1c38c359654b9f2e9384a3c76377619fed4d958949c0305e25b85c","2020-07-03",49.39,14.82,9
"42586e958c1c38c359654b9f2e9384a3c76377619fed4d958949c0305e25b85c","2019-09-27",39.49,11.85,13
"42586e958c1c38c359654b9f2e9384a3c76377619fed4d958949c0305e25b85c","2020-03-12",49.39,14.82,2
"42586e958c1c38c359654b9f2e9384a3c76377619fed4d958949c0305e25b85c","2019-01-28",47.19,14.16,4
"42586e958c1c38c359654b9f2e9384a3c76377619fed4d958949c0305e25b85c","2020-01-23",49.39,14.82,1
"42586e958c1c38c359654b9f2e9384a3c76377619fed4d958949c0305e25b85c","2019-05-01",47.19,14.16,12
"42586e958c1c38c359654b9f2e9384a3c76377619fed4d958949c0305e25b85c","2020-02-02",49.39,14.82,4
"42586e958c1c38c359654b9f2e9384a3c76377619fed4d958949c0305e25b85c","2020-06-02",49.39,14.82,15
"42586e958c1c38c359654b9f2e9384a3c76377619fed4d958949c0305e25b85c","2019-01-17",43.89,13.17,8
"42586e958c1c38c359654b9f2e9384a3c76377619fed4d958949c0305e25b85c","2020-10-16",49.39,14.82,14
"42586e958c1c38c359654b9f2e9384a3c76377619fed4d958949c0305e25b85c","2020-04-20",49.39,14.82,40
"42586e958c1c38c359654b9f2e9384a3c76377619fed4d958949c0305e25b85c","2020-08-07",49.39,14.82,15
"42586e958c1c38c359654b9f2e9384a3c76377619fed4d958949c0305e25b85c","2019-06-08",47.19,14.16,12
"42586e958c1c38c359654b9f2e9384a3c76377619fed4d958949c0305e25b85c","2020-08-05",49.39,14.82,19
"42586e958c1c38c359654b9f2e9384a3c76377619fed4d958949c0305e25b85c","2019-09-26",39.49,11.85,17
"42586e958c1c38c359654b9f2e9384a3c76377619fed4d958949c0305e25b85c","2019-07-25",47.19,14.16,32
"42586e958c1c38c359654b9f2e9384a3c76377619fed4d958949c0305e25b85c","2019-11-30",47.19,14.16,5
"42586e958c1c38c359654b9f2e9384a3c76377619fed4d958949c0305e25b85c","2020-02-28",49.39,14.82,3
"42586e958c1c38c359654b9f2e9384a3c76377619fed4d958949c0305e25b85c","2020-08-15",49.39,14.82,18
"42586e958c1c38c359654b9f2e9384a3c76377619fed4d958949c0305e25b85c","2020-05-05",46.52,13.96,24
"42586e958c1c38c359654b9f2e9384a3c76377619fed4d958949c0305e25b85c","2020-01-26",49.39,14.82,1
"42586e958c1c38c359654b9f2e9384a3c76377619fed4d958949c0305e25b85c","2019-08-24",47.19,14.16,5
"42586e958c1c38c359654b9f2e9384a3c76377619fed4d958949c0305e25b85c","2019-07-27",47.19,14.16,8
"42586e958c1c38c359654b9f2e9384a3c76377619fed4d958949c0305e25b85c","2020-04-26",49.39,14.82,9
"42586e958c1c38c359654b9f2e9384a3c76377619fed4d958949c0305e25b85c","2019-02-18",47.19,14.16,1
"42586e958c1c38c359654b9f2e9384a3c76377619fed4d958949c0305e25b85c","2020-09-21",49.39,14.82,13
"42586e958c1c38c359654b9f2e9384a3c76377619fed4d958949c0305e25b85c","2019-05-08",47.19,14.16,6
"42586e958c1c38c359654b9f2e9384a3c76377619fed4d958949c0305e25b85c","2019-08-28",47.19,14.16,5
"42586e958c1c38c359654b9f2e9384a3c76377619fed4d958949c0305e25b85c","2019-03-30",47.19,14.16,1
"42586e958c1c38c359654b9f2e9384a3c76377619fed4d958949c0305e25b85c","2020-10-23",49.39,14.82,11
"42586e958c1c38c359654b9f2e9384a3c76377619fed4d958949c0305e25b85c","2020-08-09",49.39,14.82,9
"42586e958c1c38c359654b9f2e9384a3c76377619fed4d958949c0305e25b85c","2019-03-15",47.19,14.16,2
"42586e958c1c38c359654b9f2e9384a3c76377619fed4d958949c0305e25b85c","2019-03-14",47.19,14.16,3
"42586e958c1c38c359654b9f2e9384a3c76377619fed4d958949c0305e25b85c","2020-07-26",49.39,14.82,10
"42586e958c1c38c359654b9f2e9384a3c76377619fed4d958949c0305e25b85c","2020-11-12",49.39,14.82,9
"42586e958c1c38c359654b9f2e9384a3c76377619fed4d958949c0305e25b85c","2019-05-19",47.19,14.16,6
"42586e958c1c38c359654b9f2e9384a3c76377619fed4d958949c0305e25b85c","2020-09-12",49.39,14.82,7
"42586e958c1c38c359654b9f2e9384a3c76377619fed4d958949c0305e25b85c","2019-06-26",47.19,14.16,5
"42586e958c1c38c359654b9f2e9384a3c76377619fed4d958949c0305e25b85c","2019-01-27",47.19,14.16,8
"42586e958c1c38c359654b9f2e9384a3c76377619fed4d958949c0305e25b85c","2020-10-06",49.39,14.82,9
"42586e958c1c38c359654b9f2e9384a3c76377619fed4d958949c0305e25b85c","2020-05-12",49.39,14.82,11
"42586e958c1c38c359654b9f2e9384a3c76377619fed4d958949c0305e25b85c","2021-01-26",49.39,14.82,4
"42586e958c1c38c359654b9f2e9384a3c76377619fed4d958949c0305e25b85c","2019-01-07",43.89,13.17,2
"42586e958c1c38c359654b9f2e9384a3c76377619fed4d958949c0305e25b85c","2020-01-07",49.39,14.82,5
"42586e958c1c38c359654b9f2e9384a3c76377619fed4d958949c0305e25b85c","2019-12-16",47.19,14.16,2
"42586e958c1c38c359654b9f2e9384a3c76377619fed4d958949c0305e25b85c","2020-05-28",49.39,14.82,13
"42586e958c1c38c359654b9f2e9384a3c76377619fed4d958949c0305e25b85c","2019-12-15",47.19,14.16,6
"42586e958c1c38c359654b9f2e9384a3c76377619fed4d958949c0305e25b85c","2019-09-08",47.19,14.16,5
"42586e958c1c38c359654b9f2e9384a3c76377619fed4d958949c0305e25b85c","2020-06-19",49.39,14.82,19
"42586e958c1c38c359654b9f2e9384a3c76377619fed4d958949c0305e25b85c","2019-10-16",47.19,14.16,7
"42586e958c1c38c359654b9f2e9384a3c76377619fed4d958949c0305e25b85c","2019-12-19",47.19,14.16,8
"42586e958c1c38c359654b9f2e9384a3c76377619fed4d958949c0305e25b85c","2019-10-31",47.19,14.16,3
"42586e958c1c38c359654b9f2e9384a3c76377619fed4d958949c0305e25b85c","2019-06-24",47.19,14.16,11
"42586e958c1c38c359654b9f2e9384a3c76377619fed4d958949c0305e25b85c","2019-05-05",47.19,14.16,7
"42586e958c1c38c359654b9f2e9384a3c76377619fed4d958949c0305e25b85c","2019-04-28",47.19,14.16,4
"42586e958c1c38c359654b9f2e9384a3c76377619fed4d958949c0305e25b85c","2021-01-02",49.39,14.82,3
"42586e958c1c38c359654b9f2e9384a3c76377619fed4d958949c0305e25b85c","2019-05-17",47.19,14.16,8
"42586e958c1c38c359654b9f2e9384a3c76377619fed4d958949c0305e25b85c","2020-01-28",49.39,14.82,1
"42586e958c1c38c359654b9f2e9384a3c76377619fed4d958949c0305e25b85c","2019-10-05",47.19,14.16,6
"42586e958c1c38c359654b9f2e9384a3c76377619fed4d958949c0305e25b85c","2020-06-22",49.39,14.82,11
"42586e958c1c38c359654b9f2e9384a3c76377619fed4d958949c0305e25b85c","2020-10-05",49.39,14.82,1
"42586e958c1c38c359654b9f2e9384a3c76377619fed4d958949c0305e25b85c","2019-07-17",47.19,14.16,5
"42586e958c1c38c359654b9f2e9384a3c76377619fed4d958949c0305e25b85c","2019-05-28",47.19,14.16,4
"42586e958c1c38c359654b9f2e9384a3c76377619fed4d958949c0305e25b85c","2020-01-22",49.39,14.82,5
"42586e958c1c38c359654b9f2e9384a3c76377619fed4d958949c0305e25b85c","2019-11-03",47.19,14.16,1
"42586e958c1c38c359654b9f2e9384a3c76377619fed4d958949c0305e25b85c","2019-02-23",47.19,14.16,5
"42586e958c1c38c359654b9f2e9384a3c76377619fed4d958949c0305e25b85c","2019-02-04",47.19,14.16,2
"42586e958c1c38c359654b9f2e9384a3c76377619fed4d958949c0305e25b85c","2020-02-05",49.39,14.82,2
"42586e958c1c38c359654b9f2e9384a3c76377619fed4d958949c0305e25b85c","2020-01-24",49.39,14.82,3
"42586e958c1c38c359654b9f2e9384a3c76377619fed4d958949c0305e25b85c","2020-01-04",49.39,14.82,10
"42586e958c1c38c359654b9f2e9384a3c76377619fed4d958949c0305e25b85c","2019-09-23",39.49,11.85,5
"42586e958c1c38c359654b9f2e9384a3c76377619fed4d958949c0305e25b85c","2020-05-16",49.39,14.82,29
"42586e958c1c38c359654b9f2e9384a3c76377619fed4d958949c0305e25b85c","2020-07-18",49.39,14.82,8
"42586e958c1c38c359654b9f2e9384a3c76377619fed4d958949c0305e25b85c","2020-06-06",49.39,14.82,11
"42586e958c1c38c359654b9f2e9384a3c76377619fed4d958949c0305e25b85c","2019-05-10",47.19,14.16,10
"42586e958c1c38c359654b9f2e9384a3c76377619fed4d958949c0305e25b85c","2020-12-07",49.39,14.82,3
"42586e958c1c38c359654b9f2e9384a3c76377619fed4d958949c0305e25b85c","2020-12-02",49.39,14.82,18
"42586e958c1c38c359654b9f2e9384a3c76377619fed4d958949c0305e25b85c","2020-09-11",49.39,14.82,15
"42586e958c1c38c359654b9f2e9384a3c76377619fed4d958949c0305e25b85c","2019-08-10",39.49,11.85,15
"42586e958c1c38c359654b9f2e9384a3c76377619fed4d958949c0305e25b85c","2019-01-14",43.89,13.17,6
"42586e958c1c38c359654b9f2e9384a3c76377619fed4d958949c0305e25b85c","2019-07-06",47.19,14.16,8
"42586e958c1c38c359654b9f2e9384a3c76377619fed4d958949c0305e25b85c","2020-02-26",49.39,14.82,4
"42586e958c1c38c359654b9f2e9384a3c76377619fed4d958949c0305e25b85c","2019-04-13",47.19,14.16,2
"42586e958c1c38c359654b9f2e9384a3c76377619fed4d958949c0305e25b85c","2019-05-18",47.19,14.16,6
"42586e958c1c38c359654b9f2e9384a3c76377619fed4d958949c0305e25b85c","2019-06-12",47.19,14.16,11
"42586e958c1c38c359654b9f2e9384a3c76377619fed4d958949c0305e25b85c","2019-08-11",39.49,11.85,26
"42586e958c1c38c359654b9f2e9384a3c76377619fed4d958949c0305e25b85c","2019-06-13",47.19,14.16,3
"42586e958c1c38c359654b9f2e9384a3c76377619fed4d958949c0305e25b85c","2021-01-13",49.39,14.82,16
"42586e958c1c38c359654b9f2e9384a3c76377619fed4d958949c0305e25b85c","2019-06-17",47.19,14.16,2
"42586e958c1c38c359654b9f2e9384a3c76377619fed4d958949c0305e25b85c","2020-11-25",49.39,14.82,8
"42586e958c1c38c359654b9f2e9384a3c76377619fed4d958949c0305e25b85c","2020-07-29",49.39,14.82,11
"42586e958c1c38c359654b9f2e9384a3c76377619fed4d958949c0305e25b85c","2019-01-23",47.19,14.16,2
"42586e958c1c38c359654b9f2e9384a3c76377619fed4d958949c0305e25b85c","2020-03-01",49.39,14.82,1
"42586e958c1c38c359654b9f2e9384a3c76377619fed4d958949c0305e25b85c","2019-01-01",43.89,13.17,1
"42586e958c1c38c359654b9f2e9384a3c76377619fed4d958949c0305e25b85c","2020-07-21",49.39,14.82,25
"42586e958c1c38c359654b9f2e9384a3c76377619fed4d958949c0305e25b85c","2019-11-24",47.19,14.16,5
"42586e958c1c38c359654b9f2e9384a3c76377619fed4d958949c0305e25b85c","2020-05-26",49.39,14.82,28
"42586e958c1c38c359654b9f2e9384a3c76377619fed4d958949c0305e25b85c","2020-10-11",49.39,14.82,6
"42586e958c1c38c359654b9f2e9384a3c76377619fed4d958949c0305e25b85c","2019-03-23",47.19,14.16,19
"42586e958c1c38c359654b9f2e9384a3c76377619fed4d958949c0305e25b85c","2019-12-18",47.19,14.16,1
"42586e958c1c38c359654b9f2e9384a3c76377619fed4d958949c0305e25b85c","2020-12-15",38.39,11.52,29
"42586e958c1c38c359654b9f2e9384a3c76377619fed4d958949c0305e25b85c","2019-06-19",47.19,14.16,8
"42586e958c1c38c359654b9f2e9384a3c76377619fed4d958949c0305e25b85c","2019-05-06",47.19,14.16,5
"42586e958c1c38c359654b9f2e9384a3c76377619fed4d958949c0305e25b85c","2020-05-18",49.39,14.82,29
"42586e958c1c38c359654b9f2e9384a3c76377619fed4d958949c0305e25b85c","2020-08-17",49.39,14.82,14
"42586e958c1c38c359654b9f2e9384a3c76377619fed4d958949c0305e25b85c","2020-06-08",49.39,14.82,6
"42586e958c1c38c359654b9f2e9384a3c76377619fed4d958949c0305e25b85c","2019-01-02",43.89,13.17,2
"42586e958c1c38c359654b9f2e9384a3c76377619fed4d958949c0305e25b85c","2019-07-09",43.34,13.00,12
"42586e958c1c38c359654b9f2e9384a3c76377619fed4d958949c0305e25b85c","2020-05-14",49.39,14.82,22
"42586e958c1c38c359654b9f2e9384a3c76377619fed4d958949c0305e25b85c","2020-02-06",49.39,14.82,3
"42586e958c1c38c359654b9f2e9384a3c76377619fed4d958949c0305e25b85c","2021-01-17",49.39,14.82,2
"42586e958c1c38c359654b9f2e9384a3c76377619fed4d958949c0305e25b85c","2019-07-29",47.19,14.16,4
"42586e958c1c38c359654b9f2e9384a3c76377619fed4d958949c0305e25b85c","2019-06-22",47.19,14.16,4
"42586e958c1c38c359654b9f2e9384a3c76377619fed4d958949c0305e25b85c","2020-12-05",49.39,14.82,26
"42586e958c1c38c359654b9f2e9384a3c76377619fed4d958949c0305e25b85c","2020-07-09",49.39,14.82,6
"42586e958c1c38c359654b9f2e9384a3c76377619fed4d958949c0305e25b85c","2019-04-24",47.19,14.16,5
"42586e958c1c38c359654b9f2e9384a3c76377619fed4d958949c0305e25b85c","2019-08-05",39.49,11.85,37
"42586e958c1c38c359654b9f2e9384a3c76377619fed4d958949c0305e25b85c","2019-04-01",47.19,14.16,1
"42586e958c1c38c359654b9f2e9384a3c76377619fed4d958949c0305e25b85c","2020-09-01",49.39,14.82,13
"42586e958c1c38c359654b9f2e9384a3c76377619fed4d958949c0305e25b85c","2019-11-06",47.19,14.16,4
"42586e958c1c38c359654b9f2e9384a3c76377619fed4d958949c0305e25b85c","2020-12-10",49.39,14.82,2
"42586e958c1c38c359654b9f2e9384a3c76377619fed4d958949c0305e25b85c","2020-05-10",49.39,14.82,16
"42586e958c1c38c359654b9f2e9384a3c76377619fed4d958949c0305e25b85c","2020-10-01",49.39,14.82,1
"42586e958c1c38c359654b9f2e9384a3c76377619fed4d958949c0305e25b85c","2020-11-13",49.39,14.82,10
"42586e958c1c38c359654b9f2e9384a3c76377619fed4d958949c0305e25b85c","2019-01-20",43.89,13.17,2
"42586e958c1c38c359654b9f2e9384a3c76377619fed4d958949c0305e25b85c","2019-04-04",47.19,14.16,2
"42586e958c1c38c359654b9f2e9384a3c76377619fed4d958949c0305e25b85c","2019-02-07",47.19,14.16,4
"42586e958c1c38c359654b9f2e9384a3c76377619fed4d958949c0305e25b85c","2020-09-27",49.39,14.82,8
"42586e958c1c38c359654b9f2e9384a3c76377619fed4d958949c0305e25b85c","2020-06-20",49.39,14.82,21
"42586e958c1c38c359654b9f2e9384a3c76377619fed4d958949c0305e25b85c","2019-01-19",43.89,13.17,2
"42586e958c1c38c359654b9f2e9384a3c76377619fed4d958949c0305e25b85c","2019-09-25",39.49,11.85,10
"42586e958c1c38c359654b9f2e9384a3c76377619fed4d958949c0305e25b85c","2020-04-09",49.39,14.82,58
"42586e958c1c38c359654b9f2e9384a3c76377619fed4d958949c0305e25b85c","2019-09-11",47.19,14.16,8
"42586e958c1c38c359654b9f2e9384a3c76377619fed4d958949c0305e25b85c","2021-01-27",49.39,14.82,19
"42586e958c1c38c359654b9f2e9384a3c76377619fed4d958949c0305e25b85c","2020-10-30",49.39,14.82,11
"42586e958c1c38c359654b9f2e9384a3c76377619fed4d958949c0305e25b85c","2020-11-17",49.39,14.82,14
"42586e958c1c38c359654b9f2e9384a3c76377619fed4d958949c0305e25b85c","2020-03-07",49.39,14.82,9
"42586e958c1c38c359654b9f2e9384a3c76377619fed4d958949c0305e25b85c","2019-10-23",47.19,14.16,6
"42586e958c1c38c359654b9f2e9384a3c76377619fed4d958949c0305e25b85c","2019-03-16",47.19,14.16,7
"42586e958c1c38c359654b9f2e9384a3c76377619fed4d958949c0305e25b85c","2019-12-09",47.19,14.16,2
"42586e958c1c38c359654b9f2e9384a3c76377619fed4d958949c0305e25b85c","2020-08-01",49.39,14.82,10
"42586e958c1c38c359654b9f2e9384a3c76377619fed4d958949c0305e25b85c","2020-08-06",49.39,14.82,16
"42586e958c1c38c359654b9f2e9384a3c76377619fed4d958949c0305e25b85c","2019-11-25",47.19,14.16,9
"42586e958c1c38c359654b9f2e9384a3c76377619fed4d958949c0305e25b85c","2020-01-09",49.39,14.82,2
"42586e958c1c38c359654b9f2e9384a3c76377619fed4d958949c0305e25b85c","2020-09-26",49.39,14.82,11
"42586e958c1c38c359654b9f2e9384a3c76377619fed4d958949c0305e25b85c","2019-10-28",47.19,14.16,10
"42586e958c1c38c359654b9f2e9384a3c76377619fed4d958949c0305e25b85c","2019-06-20",47.19,14.16,15
"42586e958c1c38c359654b9f2e9384a3c76377619fed4d958949c0305e25b85c","2019-01-25",47.19,14.16,8
"42586e958c1c38c359654b9f2e9384a3c76377619fed4d958949c0305e25b85c","2020-06-15",49.39,14.82,29
"42586e958c1c38c359654b9f2e9384a3c76377619fed4d958949c0305e25b85c","2019-03-17",47.19,14.16,9
"42586e958c1c38c359654b9f2e9384a3c76377619fed4d958949c0305e25b85c","2020-06-23",49.39,14.82,9
"42586e958c1c38c359654b9f2e9384a3c76377619fed4d958949c0305e25b85c","2020-11-27",49.39,14.82,25
"42586e958c1c38c359654b9f2e9384a3c76377619fed4d958949c0305e25b85c","2020-05-15",49.39,14.82,24
"42586e958c1c38c359654b9f2e9384a3c76377619fed4d958949c0305e25b85c","2019-02-01",47.19,14.16,6
"42586e958c1c38c359654b9f2e9384a3c76377619fed4d958949c0305e25b85c","2019-08-02",47.19,14.16,17
"42586e958c1c38c359654b9f2e9384a3c76377619fed4d958949c0305e25b85c","2020-10-02",49.39,14.82,8
"42586e958c1c38c359654b9f2e9384a3c76377619fed4d958949c0305e25b85c","2020-06-14",49.39,14.82,23
"42586e958c1c38c359654b9f2e9384a3c76377619fed4d958949c0305e25b85c","2019-11-04",47.19,14.16,6
"42586e958c1c38c359654b9f2e9384a3c76377619fed4d958949c0305e25b85c","2019-03-26",47.19,14.16,1
"42586e958c1c38c359654b9f2e9384a3c76377619fed4d958949c0305e25b85c","2019-03-24",47.19,14.16,9
"42586e958c1c38c359654b9f2e9384a3c76377619fed4d958949c0305e25b85c","2020-03-04",49.39,14.82,2
"42586e958c1c38c359654b9f2e9384a3c76377619fed4d958949c0305e25b85c","2019-01-04",43.89,13.17,5
"42586e958c1c38c359654b9f2e9384a3c76377619fed4d958949c0305e25b85c","2020-05-08",49.39,14.82,17
"42586e958c1c38c359654b9f2e9384a3c76377619fed4d958949c0305e25b85c","2020-11-02",49.39,14.82,9
"42586e958c1c38c359654b9f2e9384a3c76377619fed4d958949c0305e25b85c","2020-09-13",49.39,14.82,36
"42586e958c1c38c359654b9f2e9384a3c76377619fed4d958949c0305e25b85c","2019-08-29",47.19,14.16,21
"42586e958c1c38c359654b9f2e9384a3c76377619fed4d958949c0305e25b85c","2020-10-13",49.39,14.82,12
"42586e958c1c38c359654b9f2e9384a3c76377619fed4d958949c0305e25b85c","2020-09-17",49.39,14.82,6
"42586e958c1c38c359654b9f2e9384a3c76377619fed4d958949c0305e25b85c","2019-06-14",47.19,14.16,32
"42586e958c1c38c359654b9f2e9384a3c76377619fed4d958949c0305e25b85c","2019-12-07",47.19,14.16,4
"42586e958c1c38c359654b9f2e9384a3c76377619fed4d958949c0305e25b85c","2019-06-15",47.19,14.16,8
"42586e958c1c38c359654b9f2e9384a3c76377619fed4d958949c0305e25b85c","2020-02-18",49.39,14.82,2
"42586e958c1c38c359654b9f2e9384a3c76377619fed4d958949c0305e25b85c","2020-09-08",49.39,14.82,5
"42586e958c1c38c359654b9f2e9384a3c76377619fed4d958949c0305e25b85c","2020-08-27",49.39,14.82,10
"42586e958c1c38c359654b9f2e9384a3c76377619fed4d958949c0305e25b85c","2020-12-25",49.39,14.82,2
"42586e958c1c38c359654b9f2e9384a3c76377619fed4d958949c0305e25b85c","2020-07-27",49.39,14.82,20
"42586e958c1c38c359654b9f2e9384a3c76377619fed4d958949c0305e25b85c","2020-12-27",49.39,14.82,12
"42586e958c1c38c359654b9f2e9384a3c76377619fed4d958949c0305e25b85c","2019-12-28",47.19,14.16,7
