data/ml_task_data.csv
"product_id","date","sell_price","margin","sales"
"42586e958c1c38c359654b9f2e9384a3c76377619fed4d958949c0305e25b85c","2020-11-10",49.39,14.82,13
"42586e958c1c38c359654b9f2e9384a3c76377619fed4d958949c0305e25b85c","2020-12-24",49.39,14.82,2
"42586e958c1c38c359654b9f2e9384a3c76377619fed4d958949c0305e25b85c","2019-04-23",47.19,14.16,4
"42586e958c1c38c359654b9f2e9384a3c76377619fed4d958949c0305e25b85c","2019-07-31",47.19,14.16,9
"42586e958c1c38c359654b9f2e9384a3c76377619fed4d958949c0305e25b85c","2020-12-22",49.39,14.82,9
"42586e958c1c38c359654b9f2e9384a3c76377619fed4d958949c0305e25b85c","2019-04-11",47.19,14.16,5
"42586e958c1c38c359654b9f2e9384a3c76377619fed4d958949c0305e25b85c","2019-03-12",47.19,14.16,1
"42586e958c1c38c359654b9f2e9384a3c76377619fed4d958949c0305e25b85c","2019-10-07",47.19,14.16,4
"42586e958c1c38c359654b9f2e9384a3c76377619fed4d958949c0305e25b85c","2020-07-28",49.39,14.82,10
"42586e958c1c38c359654b9f2e9384a3c76377619fed4d958949c0305e25b85c","2019-10-17",47.19,14.16,9
"42586e958c1c38c359654b9f2e9384a3c76377619fed4d958949c0305e25b85c","2019-09-17",47.19,14.16,4
"42586e958c1c38c359654b9f2e9384a3c76377619fed4d958949c0305e25b85c","2021-01-22",49.39,14.82,30
"42586e958c1c38c359654b9f2e9384a3c76377619fed4d958949c0305e25b85c","2019-12-05",47.19,14.16,7
"42586e958c1c38c359654b9f2e9384a3c76377619fed4d958949c0305e25b85c","2019-11-22",47.19,14.16,7
"42586e958c1c38c359654b9f2e9384a3c76377619fed4d958949c0305e25b85c","2019-07-05",47.19,14.16,16
"42586e958c1c38c359654b9f2e9384a3c76377619fed4d958949c0305e25b85c","2020-06-04",49.39,14.82,34
"42586e958c1c38c359654b9f2e9384a3c76377619fed4d958949c0305e25b85c","2020-07-19",49.39,14.82,13
"42586e958c1c38c359654b9f2e9384a3c76377619fed4d958949c0305e25b85c","2020-04-29",36.19,10.86,159
"42586e958c1c38c359654b9f2e9384a3c76377619fed4d958949c0305e25b85c","2020-09-16",49.39,14.82,9
"42586e958c1c38c359654b9f2e9384a3c76377619fed4d958949c0305e25b85c","2019-05-04",47.19,14.16,7
"42586e958c1c38c359654b9f2e9384a3c76377619fed4d958949c0305e25b85c","2019-01-10",43.89,13.17,2
"42586e958c1c38c359654b9f2e9384a3c76377619fed4d958949c0305e25b85c","2020-06-28",49.39,14.82,13
"42586e958c1c38c359654b9f2e9384a3c76377619fed4d958949c0305e25b85c","2020-07-01",49.39,14.82,16
"42586e958c1c38c359654b9f2e9384a3c76377619fed4d958949c0305e25b85c","2019-02-15",47.19,14.16,5
"42586e958c1c38c359654b9f2e9384a3c76377619fed4d958949c0305e25b85c","2020-06-07",49.39,14.82,12
"42586e958c1c38c359654b9f2e9384a3c76377619fed4d958949c0305e25b85c","2019-11-12",47.19,14.16,6
"42586e958c1c38c359654b9f2e9384a3c76377619fed4d958949c0305e25b85c","2020-10-18",49.39,14.82,1
"42586e958c1c38c359654b9f2e9384a3c76377619fed4d958949c0305e25b85c","2020-08-19",49.39,14.82,16
"42586e958c1c38c359654b9f2e9384a3c76377619fed4d958949c0305e25b85c","2019-01-16",43.89,13.17,6
"42586e958c1c38c359654b9f2e9384a3c76377619fed4d958949c0305e25b85c","2019-06-06",47.19,14.16,6
"42586e958c1c38c359654b9f2e9384a3c76377619fed4d958949c0305e25b85c","2019-10-09",47.19,14.16,5
"42586e958c1c38c359654b9f2e9384a3c76377619fed4d958949c0305e25b85c","2019-05-29",47.19,14.16,5
"42586e958c1c38c359654b9f2e9384a3c76377619fed4d958949c0305e25b85c","2020-12-26",49.39,14.82,2
"42586e958c1c38c359654b9f2e9384a3c76377619fed4d958949c0305e25b85c","2020-06-21",49.39,14.82,22
"42586e958c1c38c359654b9f2e9384a3c76377619fed4d958949c0305e25b85c","2021-01-16",49.39,14.82,10
"42586e958c1c38c359654b9f2e9384a3c76377619fed4d958949c0305e25b85c","2020-03-09",49.39,14.82,1
"42586e958c1c38c359654b9f2e9384a3c76377619fed4d958949c0305e25b85c","2019-09-10",47.19,14.16,7
"42586e958c1c38c359654b9f2e9384a3c76377619fed4d958949c0305e25b85c","2019-01-09",43.89,13.17,7
"42586e958c1c38c359654b9f2e9384a3c76377619fed4d958949c0305e25b85c","2019-07-07",47.19,14.16,5
"42586e958c1c38c359654b9f2e9384a3c76377619fed4d958949c0305e25b85c","2020-05-04",46.68,14.01,41
"42586e958c1c38c359654b9f2e9384a3c76377619fed4d958949c0305e25b85c","2019-01-08",43.89,13.17,7
"42586e958c1c38c359654b9f2e9384a3c76377619fed4d958949c0305e25b85c","2020-01-25",49.39,14.82,5
"42586e958c1c38c359654b9f2e9384a3c76377619fed4d958949c0305e25b85c","2020-04-10",49.39,14.82,24
"42586e958c1c38c359654b9f2e9384a3c76377619fed4d958949c0305e25b85c","2019-06-09",47.19,14.16,8
"42586e958c1c38c359654b9f2e9384a3c76377619fed4d958949c0305e25b85c","2020-06-10",49.39,14.82,11
"42586e958c1c38c359654b9f2e9384a3c76377619fed4d958949c0305e25b85c","2019-06-02",47.19,14.16,7
"42586e958c1c38c359654b9f2e9384a3c76377619fed4d958949c0305e25b85c","2019-11-10",47.19,14.16,5
"42586e958c1c38c359654b9f2e9384a3c76377619fed4d958949c0305e25b85c","2019-06-21",47.19,14.16,13
"42586e958c1c38c359654b9f2e9384a3c76377619fed4d958949c0305e25b85c","2019-04-27",47.19,14.16,7
"42586e958c1c38c359654b9f2e9384a3c76377619fed4d958949c0305e25b85c","2019-10-27",47.19,14.16,2
"42586e958c1c38c359654b9f2e9384a3c76377619fed4d958949c0305e25b85c","2020-07-20",49.39,14.82,18
"42586e958c1c38c359654b9f2e9384a3c76377619fed4d958949c0305e25b85c","2019-05-31",47.19,14.16,5
"42586e958c1c38c359654b9f2e9384a3c76377619fed4d958949c0305e25b85c","2020-11-19",49.39,14.82,21
"42586e958c1c38c359654b9f2e9384a3c76377619fed4d958949c0305e25b85c","2019-10-06",47.19,14.16,13
"42586e958c1c38c359654b9f2e9384a3c76377619fed4d958949c0305e25b85c","2019-05-03",47.19,14.16,5
"42586e958c1c38c359654b9f2e9384a3c76377619fed4d958949c0305e25b85c","2020-10-31",49.39,14.82,7
"42586e958c1c38c359654b9f2e9384a3c76377619fed4d958949c0305e25b85c","2020-10-21",49.39,14.82,5
"42586e958c1c38c359654b9f2e9384a3c76377619fed4d958949c0305e25b85c","2019-07-02",47.19,14.16,7
"42586e958c1c38c359654b9f2e9384a3c76377619fed4d958949c0305e25b85c","2020-11-20",49.39,14.82,20
"42586e958c1c38c359654b9f2e9384a3c76377619fed4d958949c0305e25b85c","2020-12-13",49.39,14.82,5
"42586e958c1c38c359654b9f2e9384a3c76377619fed4d958949c0305e25b85c","2020-01-10",49.39,14.82,6
"42586e958c1c38c359654b9f2e9384a3c76377619fed4d958949c0305e25b85c","2020-01-30",49.39,14.82,2
"42586e958c1c38c359654b9f2e9384a3c76377619fed4d958949c0305e25b85c","2021-01-03",49.39,14.82,6
"42586e958c1c38c359654b9f2e9384a3c76377619fed4d958949c0305e25b85c","2020-07-05",49.39,14.82,13
"42586e958c1c38c359654b9f2e9384a3c76377619fed4d958949c0305e25b85c","2019-06-30",47.19,14.16,13
"42586e958c1c38c359654b9f2e9384a3c76377619fed4d958949c0305e25b85c","2020-01-27",49.39,14.82,7
"42586e958c1c38c359654b9f2e9384a3c76377619fed4d958949c0305e25b85c","2020-07-10",49.39,14.82,12
"42586e958c1c38c359654b9f2e9384a3c76377619fed4d958949c0305e25b85c","2020-03-21",49.39,14.82,22
"42586e958c1c38c359654b9f2e9384a3c76377619fed4d958949c0305e25b85c","2020-11-01",49.39,14.82,9
"42586e958c1c38c359654b9f2e9384a3c76377619fed4d958949c0305e25b85c","2019-05-23",47.19,14.16,4
"42586e958c1c38c359654b9f2e9384a3c76377619fed4d958949c0305e25b85c","2019-06-11",47.19,14.16,10
"42586e958c1c38c359654b9f2e9384a3c76377619fed4d958949c0305e25b85c","2020-02-27",49.39,14.82,5
"42586e958c1c38c359654b9f2e9384a3c76377619fed4d958949c0305e25b85c","2020-01-08",49.39,14.82,9
"42586e958c1c38c359654b9f2e9384a3c76377619fed4d958949c0305e25b85c","2019-04-25",47.19,14.16,10
"42586e958c1c38c359654b9f2e9384a3c76377619fed4d958949c0305e25b85c","2020-09-05",49.39,14.82,20
"42586e958c1c38c359654b9f2e9384a3c76377619fed4d958949c0305e25b85c","2020-11-30",49.39,14.82,11
"42586e958c1c38c359654b9f2e9384a3c76377619fed4d958949c0305e25b85c","2019-05-15",47.19,14.16,11
"42586e958c1c38c359654b9f2e9384a3c76377619fed4d958949c0305e25b85c","2019-08-16",47.19,14.16,12
"42586e958c1c38c359654b9f2e9384a3c76377619fed4d958949c0305e25b85c","2019-03-27",47.19,14.16,3
"42586e958c1c38c359654b9f2e9384a3c76377619fed4d958949c0305e25b85c","2020-09-15",49.39,14.82,8
"42586e958c1c38c359654b9f2e9384a3c76377619fed4d958949c0305e25b85c","2019-07-11",39.49,11.85,20
"42586e958c1c38c359654b9f2e9384a3c76377619fed4d958949c0305e25b85c","2019-02-12",47.19,14.16,1
"42586e958c1c38c359654b9f2e9384a3c76377619fed4d958949c0305e25b85c","2020-12-03",49.39,14.82,10
"42586e958c1c38c359654b9f2e9384a3c76377619fed4d958949c0305e25b85c","2020-06-11",49.39,14.82,20
"42586e958c1c38c359654b9f2e9384a3c76377619fed4d958949c0305e25b85c","2019-01-05",43.89,13.17,6
"42586e958c1c38c359654b9f2e9384a3c76377619fed4d958949c0305e25b85c","2019-05-26",47.19,14.16,7
"42586e958c1c38c359654b9f2e9384a3c76377619fed4d958949c0305e25b85c","2019-05-09",47.19,14.16,7
"42586e958c1c38c359654b9f2e9384a3c76377619fed4d958949c0305e25b85c","2019-12-13",47.19,14.16,2
"42586e958c1c38c359654b9f2e9384a3c76377619fed4d958949c0305e25b85c","2019-08-14",47.19,14.16,16
"42586e958c1c38c359654b9f2e9384a3c76377619fed4d958949c0305e25b85c","2020-05-11",49.39,14.82,6
"42586e958c1c38c359654b9f2e9384a3c76377619fed4d958949c0305e25b85c","2020-08-22",49.39,14.82,20
"42586e958c1c38c359654b9f2e9384a3c76377619fed4d958949c0305e25b85c","2019-11-17",47.19,14.16,4
"42586e958c1c38c359654b9f2e9384a3c76377619fed4d958949c0305e25b85c","2019-03-22",47.19,14.16,14
"42586e958c1c38c359654b9f2e9384a3c76377619fed4d958949c0305e25b85c","2020-11-18",49.39,14.82,10
"42586e958c1c38c359654b9f2e9384a3c76377619fed4d958949c0305e25b85c","2020-04-17",49.39,14.82,36
"42586e958c1c38c359654b9f2e9384a3c76377619fed4d958949c0305e25b85c","2020-11-06",49.39,14.82,13
"42586e958c1c38c359654b9f2e9384a3c76377619fed4d958949c0305e25b85c","2019-10-22",47.19,14.16,4
"42586e958c1c38c359654b9f2e9384a3c76377619fed4d958949c0305e25b85c","2019-04-21",47.19,14.16,5
"42586e958c1c38c359654b9f2e9384a3c76377619fed4d958949c0305e25b85c","2020-02-15",49.39,14.82,6
"42586e958c1c38c359654b9f2e9384a3c76377619fed4d958949c0305e25b85c","2019-11-13",47.19,14.16,2
"42586e958c1c38c359654b9f2e9384a3c76377619fed4d958949c0305e25b85c","2020-03-16",49.39,14.82,5
"42586e958c1c38c359654b9f2e9384a3c76377619fed4d958949c0305e25b85c","2020-06-01",49.39,14.82,17
"42586e958c1c38c359654b9f2e9384a3c76377619fed4d958949c0305e25b85c","2020-10-15",49.39,14.82,12
"42586e958c1c38c359654b9f2e9384a3c76377619fed4d958949c0305e25b85c","2019-03-07",47.19,14.16,2
"42586e958c1c38c359654b9f2e9384a3c76377619fed4d958949c0305e25b85c","2021-01-15",49.39,14.82,7
"42586e958c1c38c359654b9f2e9384a3c76377619fed4d958949c0305e25b85c","2020-01-13",49.39,14.82,2
"42586e958c1c38c359654b9f2e9384a3c76377619fed4d958949c0305e25b85c","2020-11-03",49.39,14.82,13
"42586e958c1c38c359654b9f2e9384a3c76377619fed4d958949c0305e25b85c","2020-11-29",49.39,14.82,3
"42586e958c1c38c359654b9f2e9384a3c76377619fed4d958949c0305e25b85c","2019-08-23",47.19,14.16,5
"42586e958c1c38c359654b9f2e9384a3c76377619fed4d958949c0305e25b85c","2019-11-08",47.19,14.16,8
"42586e958c1c38c359654b9f2e9384a3c76377619fed4d958949c0305e25b85c","2019-12-02",47.19,14.16,7
"42586e958c1c38c359654b9f2e9384a3c76377619fed4d958949c0305e25b85c","2020-08-28",49.39,14.82,8
"42586e958c1c38c359654b9f2e9384a3c76377619fed4d958949c0305e25b85c","2019-09-01",47.19,14.16,4
"42586e958c1c38c359654b9f2e9384a3c76377619fed4d958949c0305e25b85c","2019-10-10",47.19,14.16,6
"42586e958c1c38c359654b9f2e9384a3c76377619fed4d958949c0305e25b85c","2020-03-13",49.39,14.82,5
"42586e958c1c38c359654b9f2e9384a3c76377619fed4d958949c0305e25b85c","2020-07-13",49.39,14.82,8
"42586e958c1c38c359654b9f2e9384a3c76377619fed4d958949c0305e25b85c","2021-01-10",49.39,14.82,18
"42586e958c1c38c359654b9f2e9384a3c76377619fed4d958949c0305e25b85c","2019-06-27",47.19,14.16,30
"42586e958c1c38c359654b9f2e9384a3c76377619fed4d958949c0305e25b85c","2019-09-30",47.19,14.16,13
"42586e958c1c38c359654b9f2e9384a3c76377619fed4d958949c0305e25b85c","2020-10-19",49.39,14.82,1
"42586e958c1c38c359654b9f2e9384a3c76377619fed4d958949c0305e25b85c","2019-03-13",47.19,14.16,1
"42586e958c1c38c359654b9f2e9384a3c76377619fed4d958949c0305e25b85c","2020-02-12",49.39,14.82,2
"42586e958c1c38c359654b9f2e9384a3c76377619fed4d958949c0305e25b85c","2020-06-05",49.39,14.82,11
"42586e958c1c38c359654b9f2e9384a3c76377619fed4d958949c0305e25b85c","2021-01-07",49.39,14.82,6
"42586e958c1c38c359654b9f2e9384a3c76377619fed4d958949c0305e25b85c","2019-12-27",47.19,14.16,2
"42586e958c1c38c359654b9f2e9384a3c76377619fed4d958949c0305e25b85c","2019-02-28",47.19,14.16,2
"42586e958c1c38c359654b9f2e9384a3c76377619fed4d958949c0305e25b85c","2020-05-29",49.39,14.82,34
"42586e958c1c38c359654b9f2e9384a3c76377619fed4d958949c0305e25b85c","2020-05-02",36.19,10.86,141
"42586e958c1c38c359654b9f2e9384a3c76377619fed4d958949c0305e25b85c","2019-11-14",47.19,14.16,3
"42586e958c1c38c359654b9f2e9384a3c76377619fed4d958949c0305e25b85c","2020-05-09",49.39,14.82,23
"42586e958c1c38c359654b9f2e9384a3c76377619fed4d958949c0305e25b85c","2019-03-10",47.19,14.16,7
"42586e958c1c38c359654b9f2e9384a3c76377619fed4d958949c0305e25b85c","2020-11-22",49.39,14.82,10
"42586e958c1c38c359654b9f2e9384a3c76377619fed4d958949c0305e25b85c","2019-04-29",47.19,14.16,9
"42586e958c1c38c359654b9f2e9384a3c76377619fed4d958949c0305e25b85c","2019-09-20",47.19,14.16,8
"42586e958c1c38c359654b9f2e9384a3c76377619fed4d958949c0305e25b85c","2019-11-28",47.19,14.16,3
"42586e958c1c38c359654b9f2e9384a3c76377619fed4d958949c0305e25b85c","2019-09-29",39.49,11.85,7
"42586e958c1c38c359654b9f2e9384a3c76377619fed4d958949c0305e25b85c","2020-09-23",49.39,14.82,13
"42586e958c1c38c359654b9f2e9384a3c76377619fed4d958949c0305e25b85c","2020-05-31",49.39,14.82,28
"42586e958c1c38c359654b9f2e9384a3c76377619fed4d958949c0305e25b85c","2020-03-17",49.39,14.82,10
"42586e958c1c38c359654b9f2e9384a3c76377619fed4d958949c0305e25b85c","2019-11-27",47.19,14.16,1
"42586e958c1c38c359654b9f2e9384a3c76377619fed4d958949c0305e25b85c","2019-04-06",47.19,14.16,7
"42586e958c1c38c359654b9f2e9384a3c76377619fed4d958949c0305e25b85c","2019-04-18",47.19,14.16,6
"42586e958c1c38c359654b9f2e9384a3c76377619fed4d958949c0305e25b85c","2019-09-14",47.19,14.16,11
"42586e958c1c38c359654b9f2e9384a3c76377619fed4d958949c0305e25b85c","2019-01-21",47.19,14.16,8
"42586e958c1c38c359654b9f2e9384a3c76377619fed4d958949c0305e25b85c","2020-07-04",49.39,14.82,12
"42586e958c1c38c359654b9f2e9384a3c76377619fed4d958949c0305e25b85c","2020-08-30",49.39,14.82,6
"42586e958c1c38c359654b9f2e9384a3c76377619fed4d958949c0305e25b85c","2020-03-11",49.39,14.82,8
"42586e958c1c38c359654b9f2e9384a3c76377619fed4d958949c0305e25b85c","2019-09-04",47.19,14.16,2
"42586e958c1c38c359654b9f2e9384a3c76377619fed4d958949c0305e25b85c","2020-11-21",49.39,14.82,14
"42586e958c1c38c359654b9f2e9384a3c76377619fed4d958949c0305e25b85c","2019-09-12",47.19,14.16,9
"42586e958c1c38c359654b9f2e9384a3c76377619fed4d958949c0305e25b85c","2019-04-05",47.19,14.16,13
"42586e958c1c38c359654b9f2e9384a3c76377619fed4d958949c0305e25b85c","2019-03-18",47.19,14.16,8
"42586e958c1c38c359654b9f2e9384a3c76377619fed4d958949c0305e25b85c","2020-08-25",49.39,14.82,11
"42586e958c1c38c359654b9f2e9384a3c76377619fed4d958949c0305e25b85c","2020-12-01",49.39,14.82,25
"42586e958c1c38c359654b9f2e9384a3c76377619fed4d958949c0305e25b85c","2019-09-13",47.19,14.16,8
"42586e958c1c38c359654b9f2e9384a3c76377619fed4d958949c0305e25b85c","2019-08-26",47.19,14.16,19
"42586e958c1c38c359654b9f2e9384a3c76377619fed4d958949c0305e25b85c","2020-06-24",49.39,14.82,18
"42586e958c1c38c359654b9f2e9384a3c76377619fed4d958949c0305e25b85c","2019-05-30",47.19,14.16,7
"42586e958c1c38c359654b9f2e9384a3c76377619fed4d958949c0305e25b85c","2020-02-13",49.39,14.82,5
"42586e958c1c38c359654b9f2e9384a3c76377619fed4d958949c0305e25b85c","2019-06-01",47.19,14.16,7
"42586e958c1c38c359654b9f2e9384a3c76377619fed4d958949c0305e25b85c","2019-07-12",39.49,11.85,21
"42586e958c1c38c359654b9f2e9384a3c76377619fed4d958949c0305e25b85c","2020-02-16",49.39,14.82,3
"42586e958c1c38c359654b9f2e9384a3c76377619fed4d958949c0305e25b85c","2020-08-08",49.39,14.82,26
"42586e958c1c38c359654b9f2e9384a3c76377619fed4d958949c0305e25b85c","2020-08-29",49.39,14.82,11
"42586e958c1c38c359654b9f2e9384a3c76377619fed4d958949c0305e25b85c","2019-09-15",47.19,14.16,4
"42586e958c1c38c359654b9f2e9384a3c76377619fed4d958949c0305e25b85c","2019-08-09",39.49,11.85,20
"42586e958c1c38c359654b9f2e9384a3c76377619fed4d958949c0305e25b85c","2020-08-10",49.39,14.82,15
"42586e958c1c38c359654b9f2e9384a3c76377619fed4d958949c0305e25b85c","2020-11-11",49.39,14.82,5
"42586e958c1c38c359654b9f2e9384a3c76377619fed4d958949c0305e25b85c","2019-04-20",47.19,14.16,8
"42586e958c1c38c359654b9f2e9384a3c76377619fed4d958949c0305e25b85c","2020-09-20",49.39,14.82,2
"42586e958c1c38c359654b9f2e9384a3c76377619fed4d958949c0305e25b85c","2019-12-01",47.19,14.16,1
"42586e958c1c38c359654b9f2e9384a3c76377619fed4d958949c0305e25b85c","2020-04-21",49.39,14.82,31
"42586e958c1c38c359654b9f2e9384a3c76377619fed4d958949c0305e25b85c","2019-04-19",47.19,14.16,30
"42586e958c1c38c359654b9f2e9384a3c76377619fed4d958949c0305e25b85c","2019-09-24",39.49,11.85,14
"42586e958c1c38c359654b9f2e9384a3c76377619fed4d958949c0305e25b85c","2020-12-09",49.39,14.82,16
"42586e958c1c38c359654b9f2e9384a3c76377619fed4d958949c0305e25b85c","2019-06-10",47.19,14.16,6
"42586e958c1c38c359654b9f2e9384a3c76377619fed4d958949c0305e25b85c","2019-02-24",47.19,14.16,4
"42586e958c1c38c359654b9f2e9384a3c76377619fed4d958949c0305e25b85c","2020-09-19",49.39,14.82,5
"42586e958c1c38c359654b9f2e9384a3c76377619fed4d958949c0305e25b85c","2020-07-22",49.39,14.82,7
"42586e958c1c38c359654b9f2e9384a3c76377619fed4d958949c0305e25b85c","2019-01-13",43.89,13.17,5
"42586e958c1c38c359654b9f2e9384a3c76377619fed4d958949c0305e25b85c","2019-10-24",47.19,14.16,6
"42586e958c1c38c359654b9f2e9384a3c76377619fed4d958949c0305e25b85c","2020-07-25",49.39,14.82,18
"42586e958c1c38c359654b9f2e9384a3c76377619fed4d958949c0305e25b85c","2020-09-14",49.39,14.82,17
"42586e958c1c38c359654b9f2e9384a3c76377619fed4d958949c0305e25b85c","2020-04-08",49.39,14.82,32
"42586e958c1c38c359654b9f2e9384a3c76377619fed4d958949c0305e25b85c","2019-08-27",47.19,14.16,8
"42586e958c1c38c359654b9f2e9384a3c76377619fed4d958949c0305e25b85c","2020-02-21",49.39,14.82,7
"42586e958c1c38c359654b9f2e9384a3c76377619fed4d958949c0305e25b85c","2020-06-09",49.39,14.82,11
"42586e958c1c38c359654b9f2e9384a3c76377619fed4d958949c0305e25b85c","2020-01-19",49.39,14.82,1
"42586e958c1c38c359654b9f2e9384a3c76377619fed4d958949c0305e25b85c","2020-04-03",49.39,14.82,6
