data/ml_task_data.csv
"product_id","date","sell_price","margin","sales"
"42586e958c1c38c359654b9f2e9384a3c76377619fed4d958949c0305e25b85c","2020-03-05",49.39,14.82,11
"42586e958c1c38c359654b9f2e9384a3c76377619fed4d958949c0305e25b85c","2020-07-23",49.39,14.82,15
"42586e958c1c38c359654b9f2e9384a3c76377619fed4d958949c0305e25b85c","2020-04-30",36.19,10.86,203
"42586e958c1c38c359654b9f2e9384a3c76377619fed4d958949c0305e25b85c","2020-11-24",49.39,14.82,15
"42586e958c1c38c359654b9f2e9384a3c76377619fed4d958949c0305e25b85c","2020-09-24",49.39,14.82,4
"42586e958c1c38c359654b9f2e9384a3c76377619fed4d958949c0305e25b85c","2021-01-25",49.39,14.82,7
"42586e958c1c38c359654b9f2e9384a3c76377619fed4d958949c0305e25b85c","2019-03-06",47.19,14.16,3
"42586e958c1c38c359654b9f2e9384a3c76377619fed4d958949c0305e25b85c","2020-10-29",49.39,14.82,17
"42586e958c1c38c359654b9f2e9384a3c76377619fed4d958949c0305e25b85c","2019-03-11",47.19,14.16,2
"42586e958c1c38c359654b9f2e9384a3c76377619fed4d958949c0305e25b85c","2020-12-12",49.39,14.82,2
"42586e958c1c38c359654b9f2e9384a3c76377619fed4d958949c0305e25b85c","2021-01-23",49.39,14.82,5
"42586e958c1c38c359654b9f2e9384a3c76377619fed4d958949c0305e25b85c","2020-10-17",49.39,14.82,5
"42586e958c1c38c359654b9f2e9384a3c76377619fed4d958949c0305e25b85c","2019-03-19",47.19,14.16,2
"42586e958c1c38c359654b9f2e9384a3c76377619fed4d958949c0305e25b85c","2019-08-25",47.19,14.16,7
"42586e958c1c38c359654b9f2e9384a3c76377619fed4d958949c0305e25b85c","2020-10-26",49.39,14.82,9
"42586e958c1c38c359654b9f2e9384a3c76377619fed4d958949c0305e25b85c","2020-10-07",49.39,14.82,13
"42586e958c1c38c359654b9f2e9384a3c76377619fed4d958949c0305e25b85c","2020-03-14",49.39,14.82,7
"42586e958c1c38c359654b9f2e9384a3c76377619fed4d958949c0305e25b85c","2019-08-22",47.19,14.16,26
"42586e958c1c38c359654b9f2e9384a3c76377619fed4d958949c0305e25b85c","2020-06-16",49.39,14.82,12
"42586e958c1c38c359654b9f2e9384a3c76377619fed4d958949c0305e25b85c","2019-01-26",47.19,14.16,8
"42586e958c1c38c359654b9f2e9384a3c76377619fed4d958949c0305e25b85c","2020-08-13",49.39,14.82,20
"42586e958c1c38c359654b9f2e9384a3c76377619fed4d958949c0305e25b85c","2020-01-18",49.39,14.82,4
"42586e958c1c38c359654b9f2e9384a3c76377619fed4d958949c0305e25b85c","2020-01-17",49.39,14.82,7
"42586e958c1c38c359654b9f2e9384a3c76377619fed4d958949c0305e25b85c","2019-11-01",47.19,14.16,7
"42586e958c1c38c359654b9f2e9384a3c76377619fed4d958949c0305e25b85c","2021-01-24",49.39,14.82,19
"42586e958c1c38c359654b9f2e9384a3c76377619fed4d958949c0305e25b85c","2019-07-08",47.19,14.16,7
"42586e958c1c38c359654b9f2e9384a3c76377619fed4d958949c0305e25b85c","2020-11-26",49.39,14.82,14
"42586e958c1c38c359654b9f2e9384a3c76377619fed4d958949c0305e25b85c","2020-09-02",49.39,14.82,3
"42586e958c1c38c359654b9f2e9384a3c76377619fed4d958949c0305e25b85c","2021-01-09",49.39,14.82,10
"42586e958c1c38c359654b9f2e9384a3c76377619fed4d958949c0305e25b85c","2020-12-11",49.39,14.82,26
"42586e958c1c38c359654b9f2e9384a3c76377619fed4d958949c0305e25b85c","2021-01-04",49.39,14.82,14
"42586e958c1c38c359654b9f2e9384a3c76377619fed4d958949c0305e25b85c","2020-05-24",49.39,14.82,41
"42586e958c1c38c359654b9f2e9384a3c76377619fed4d958949c0305e25b85c","2019-08-07",39.49,11.85,21
"42586e958c1c38c359654b9f2e9384a3c76377619fed4d958949c0305e25b85c","2019-08-20",47.19,14.16,6
"42586e958c1c38c359654b9f2e9384a3c76377619fed4d958949c0305e25b85c","2020-07-14",49.39,14.82,11
"42586e958c1c38c359654b9f2e9384a3c76377619fed4d958949c0305e25b85c","2020-04-15",49.39,14.82,24
"42586e958c1c38c359654b9f2e9384a3c76377619fed4d958949c0305e25b85c","2020-03-18",49.39,14.82,5
"42586e958c1c38c359654b9f2e9384a3c76377619fed4d958949c0305e25b85c","2021-01-11",49.39,14.82,8
"42586e958c1c38c359654b9f2e9384a3c76377619fed4d958949c0305e25b85c","2019-07-23",47.19,14.16,5
"42586e958c1c38c359654b9f2e9384a3c76377619fed4d958949c0305e25b85c","2020-05-21",49.39,14.82,23
"42586e958c1c38c359654b9f2e9384a3c76377619fed4d958949c0305e25b85c","2019-11-29",47.19,14.16,2
"42586e958c1c38c359654b9f2e9384a3c76377619fed4d958949c0305e25b85c","2021-01-05",49.39,14.82,13
"42586e958c1c38c359654b9f2e9384a3c76377619fed4d958949c0305e25b85c","2020-05-17",49.39,14.82,13
"42586e958c1c38c359654b9f2e9384a3c76377619fed4d958949c0305e25b85c","2019-01-30",47.19,14.16,5
"42586e958c1c38c359654b9f2e9384a3c76377619fed4d958949c0305e25b85c","2019-02-10",47.19,14.16,12
"42586e958c1c38c359654b9f2e9384a3c76377619fed4d958949c0305e25b85c","2019-07-03",47.19,14.16,20
"42586e958c1c38c359654b9f2e9384a3c76377619fed4d958949c0305e25b85c","2019-05-20",47.19,14.16,4
"42586e958c1c38c359654b9f2e9384a3c76377619fed4d958949c0305e25b85c","2021-01-14",49.39,14.82,4
"42586e958c1c38c359654b9f2e9384a3c76377619fed4d958949c0305e25b85c","2019-03-02",47.19,14.16,8
"42586e958c1c38c359654b9f2e9384a3c76377619fed4d958949c0305e25b85c","2019-04-10",47.19,14.16,2
"42586e958c1c38c359654b9f2e9384a3c76377619fed4d958949c0305e25b85c","2020-07-02",49.39,14.82,25
"42586e958c1c38c359654b9f2e9384a3c76377619fed4d958949c0305e25b85c","2019-12-14",47.19,14.16,11
"42586e958c1c38c359654b9f2e9384a3c76377619fed4d958949c0305e25b85c","2019-02-16",47.19,14.16,2
"42586e958c1c38c359654b9f2e9384a3c76377619fed4d958949c0305e25b85c","2020-08-24",49.39,14.82,3
"42586e958c1c38c359654b9f2e9384a3c76377619fed4d958949c0305e25b85c","2020-01-31",49.39,14.82,7
"42586e958c1c38c359654b9f2e9384a3c76377619fed4d958949c0305e25b85c","2019-12-17",47.19,14.16,4
"42586e958c1c38c359654b9f2e9384a3c76377619fed4d958949c0305e25b85c","2019-10-03",47.19,14.16,2
"42586e958c1c38c359654b9f2e9384a3c76377619fed4d958949c0305e25b85c","2019-11-07",47.19,14.16,14
"42586e958c1c38c359654b9f2e9384a3c76377619fed4d958949c0305e25b85c","2019-11-19",47.19,14.16,1
"42586e958c1c38c359654b9f2e9384a3c76377619fed4d958949c0305e25b85c","2019-09-28",39.49,11.85,35
"42586e958c1c38c359654b9f2e9384a3c76377619fed4d958949c0305e25b85c","2019-08-21",47.19,14.16,19
"42586e958c1c38c359654b9f2e9384a3c76377619fed4d958949c0305e25b85c","2020-12-06",49.39,14.82,10
"42586e958c1c38c359654b9f2e9384a3c76377619fed4d958949c0305e25b85c","2020-09-07",49.39,14.82,9
"42586e958c1c38c359654b9f2e9384a3c76377619fed4d958949c0305e25b85c","2019-03-25",47.19,14.16,6
"42586e958c1c38c359654b9f2e9384a3c76377619fed4d958949c0305e25b85c","2019-04-22",47.19,14.16,17
"42586e958c1c38c359654b9f2e9384a3c76377619fed4d958949c0305e25b85c","2020-01-05",49.39,14.82,3
"42586e958c1c38c359654b9f2e9384a3c76377619fed4d958949c0305e25b85c","2020-08-26",49.39,14.82,15
"42586e958c1c38c359654b9f2e9384a3c76377619fed4d958949c0305e25b85c","2019-03-20",47.19,14.16,4
"42586e958c1c38c359654b9f2e9384a3c76377619fed4d958949c0305e25b85c","2019-03-21",47.19,14.16,2
"42586e958c1c38c359654b9f2e9384a3c76377619fed4d958949c0305e25b85c","2020-06-30",49.39,14.82,17
"42586e958c1c38c359654b9f2e9384a3c76377619fed4d958949c0305e25b85c","2020-12-29",49.39,14.82,19
"42586e958c1c38c359654b9f2e9384a3c76377619fed4d958949c0305e25b85c","2020-02-10",49.39,14.82,3
"42586e958c1c38c359654b9f2e9384a3c76377619fed4d958949c0305e25b85c","2020-06-13",49.39,14.82,32
"42586e958c1c38c359654b9f2e9384a3c76377619fed4d958949c0305e25b85c","2019-03-03",47.19,14.16,5
"42586e958c1c38c359654b9f2e9384a3c76377619fed4d958949c0305e25b85c","2019-03-28",47.19,14.16,7
"42586e958c1c38c359654b9f2e9384a3c76377619fed4d958949c0305e25b85c","2019-10-20",47.19,14.16,1
"42586e958c1c38c359654b9f2e9384a3c76377619fed4d958949c0305e25b85c","2019-08-06",39.49,11.85,23
"42586e958c1c38c359654b9f2e9384a3c76377619fed4d958949c0305e25b85c","2019-10-14",47.19,14.16,7
"42586e958c1c38c359654b9f2e9384a3c76377619fed4d958949c0305e25b85c","2020-08-11",49.39,14.82,32
"42586e958c1c38c359654b9f2e9384a3c76377619fed4d958949c0305e25b85c","2019-10-11",47.19,14.16,8
"42586e958c1c38c359654b9f2e9384a3c76377619fed4d958949c0305e25b85c","2019-02-11",47.19,14.16,2
"82b9ca49aa8b92fd1cf0963b52fb1734eda3232303c669d02f2537ecdcbd8314","2019-05-22",71.39,21.42,24
"82b9ca49aa8b92fd1cf0963b52fb1734eda3232303c669d02f2537ecdcbd8314","2020-12-02",54.89,16.47,355
"82b9ca49aa8b92fd1cf0963b52fb1734eda3232303c669d02f2537ecdcbd8314","2020-08-08",71.39,21.42,39
"82b9ca49aa8b92fd1cf0963b52fb1734eda3232303c669d02f2537ecdcbd8314","2019-07-29",71.39,21.42,22
"82b9ca49aa8b92fd1cf0963b52fb1734eda3232303c669d02f2537ecdcbd8314","2019-05-20",71.39,21.42,18
"82b9ca49aa8b92fd1cf0963b52fb1734eda3232303c669d02f2537ecdcbd8314","2019-02-28",65.89,19.77,29
"82b9ca49aa8b92fd1cf0963b52fb1734eda3232303c669d02f2537ecdcbd8314","2019-06-08",71.39,21.42,25
"82b9ca49aa8b92fd1cf0963b52fb1734eda3232303c669d02f2537ecdcbd8314","2020-11-07",51.59,15.48,180
"82b9ca49aa8b92fd1cf0963b52fb1734eda3232303c669d02f2537ecdcbd8314","2019-12-02",43.89,13.17,198
"82b9ca49aa8b92fd1cf0963b52fb1734eda3232303c669d02f2537ecdcbd8314","2020-11-23",54.89,16.47,323
"82b9ca49aa8b92fd1cf0963b52fb1734eda3232303c669d02f2537ecdcbd8314","2019-01-25",65.89,19.77,18
"82b9ca49aa8b92fd1cf0963b52fb1734eda3232303c669d02f2537ecdcbd8314","2019-07-26",71.39,21.42,29
"82b9ca49aa8b92fd1cf0963b52fb1734eda3232303c669d02f2537ecdcbd8314","2019-05-02",71.39,21.42,26
"82b9ca49aa8b92fd1cf0963b52fb1734eda3232303c669d02f2537ecdcbd8314","2020-01-23",60.39,18.12,27
"82b9ca49aa8b92fd1cf0963b52fb1734eda3232303c669d02f2537ecdcbd8314","2019-07-30",71.39,21.42,22
"82b9ca49aa8b92fd1cf0963b52fb1734eda3232303c669d02f2537ecdcbd8314","2019-03-06",71.39,21.42,19
"82b9ca49aa8b92fd1cf0963b52fb1734eda3232303c669d02f2537ecdcbd8314","2021-01-04",71.39,21.42,66
"82b9ca49aa8b92fd1cf0963b52fb1734eda3232303c669d02f2537ecdcbd8314","2019-08-06",71.39,21.42,15
"82b9ca49aa8b92fd1cf0963b52fb1734eda3232303c669d02f2537ecdcbd8314","2020-07-03",71.39,21.42,69
"82b9ca49aa8b92fd1cf0963b52fb1734eda3232303c669d02f2537ecdcbd8314","2019-12-26",71.39,21.42,24
"82b9ca49aa8b92fd1cf0963b52fb1734eda3232303c669d02f2537ecdcbd8314","2019-02-19",36.19,10.86,87
"82b9ca49aa8b92fd1cf0963b52fb1734eda3232303c669d02f2537ecdcbd8314","2020-12-25",71.39,21.42,42
"82b9ca49aa8b92fd1cf0963b52fb1734eda3232303c669d02f2537ecdcbd8314","2019-12-15",32.89,9.87,574
"82b9ca49aa8b92fd1cf0963b52fb1734eda3232303c669d02f2537ecdcbd8314","2019-02-06",65.89,19.77,15
"82b9ca49aa8b92fd1cf0963b52fb1734eda3232303c669d02f2537ecdcbd8314","2020-05-25",65.89,19.77,82
"82b9ca49aa8b92fd1cf0963b52fb1734eda3232303c669d02f2537ecdcbd8314","2020-11-06",51.59,15.48,253
"82b9ca49aa8b92fd1cf0963b52fb1734eda3232303c669d02f2537ecdcbd8314","2019-12-24",43.89,13.17,12
"82b9ca49aa8b92fd1cf0963b52fb1734eda3232303c669d02f2537ecdcbd8314","2019-05-01",71.39,21.42,31
"82b9ca49aa8b92fd1cf0963b52fb1734eda3232303c669d02f2537ecdcbd8314","2019-06-17",71.39,21.42,24
"82b9ca49aa8b92fd1cf0963b52fb1734eda3232303c669d02f2537ecdcbd8314","2020-05-26",65.89,19.77,76
"82b9ca49aa8b92fd1cf0963b52fb1734eda3232303c669d02f2537ecdcbd8314","2020-06-13",71.39,21.42,38
"82b9ca49aa8b92fd1cf0963b52fb1734eda3232303c669d02f2537ecdcbd8314","2020-09-13",43.89,13.17,196
"82b9ca49aa8b92fd1cf0963b52fb1734eda3232303c669d02f2537ecdcbd8314","2020-01-29",60.39,18.12,9
"82b9ca49aa8b92fd1cf0963b52fb1734eda3232303c669d02f2537ecdcbd8314","2020-03-03",47.19,14.16,68
"82b9ca49aa8b92fd1cf0963b52fb1734eda3232303c669d02f2537ecdcbd8314","2020-05-17",65.89,19.77,88
"82b9ca49aa8b92fd1cf0963b52fb1734eda3232303c669d02f2537ecdcbd8314","2020-11-11",51.59,15.48,264
"82b9ca49aa8b92fd1cf0963b52fb1734eda3232303c669d02f2537ecdcbd8314","2019-03-25",71.15,21.34,23
"82b9ca49aa8b92fd1cf0963b52fb1734eda3232303c669d02f2537ecdcbd8314","2019-02-24",36.19,10.86,81
"82b9ca49aa8b92fd1cf0963b52fb1734eda3232303c669d02f2537ecdcbd8314","2020-10-28",51.59,15.48,258
"82b9ca49aa8b92fd1cf0963b52fb1734eda3232303c669d02f2537ecdcbd8314","2020-09-14",71.39,21.42,52
"82b9ca49aa8b92fd1cf0963b52fb1734eda3232303c669d02f2537ecdcbd8314","2019-08-12",71.39,21.42,32
"82b9ca49aa8b92fd1cf0963b52fb1734eda3232303c669d02f2537ecdcbd8314","2020-02-26",60.39,18.12,71
"82b9ca49aa8b92fd1cf0963b52fb1734eda3232303c669d02f2537ecdcbd8314","2020-12-28",71.39,21.42,187
"82b9ca49aa8b92fd1cf0963b52fb1734eda3232303c669d02f2537ecdcbd8314","2019-10-29",71.39,21.42,23
"82b9ca49aa8b92fd1cf0963b52fb1734eda3232303c669d02f2537ecdcbd8314","2020-01-18",60.39,18.12,8
"82b9ca49aa8b92fd1cf0963b52fb1734eda3232303c669d02f2537ecdcbd8314","2020-05-16",65.89,19.77,65
"82b9ca49aa8b92fd1cf0963b52fb1734eda3232303c669d02f2537ecdcbd8314","2020-03-04",47.19,14.16,80
"82b9ca49aa8b92fd1cf0963b52fb1734eda3232303c669d02f2537ecdcbd8314","2020-04-21",60.39,18.12,105
"82b9ca49aa8b92fd1cf0963b52fb1734eda3232303c669d02f2537ecdcbd8314","2019-09-28",71.39,21.42,30
"82b9ca49aa8b92fd1cf0963b52fb1734eda3232303c669d02f2537ecdcbd8314","2019-09-14",71.39,21.42,31
"82b9ca49aa8b92fd1cf0963b52fb1734eda3232303c669d02f2537ecdcbd8314","2019-02-04",65.89,19.77,12
"82b9ca49aa8b92fd1cf0963b52fb1734eda3232303c669d02f2537ecdcbd8314","2019-10-03",71.39,21.42,36
"82b9ca49aa8b92fd1cf0963b52fb1734eda3232303c669d02f2537ecdcbd8314","2020-06-17",71.39,21.42,63
"82b9ca49aa8b92fd1cf0963b52fb1734eda3232303c669d02f2537ecdcbd8314","2019-01-01",65.89,19.77,8
"82b9ca49aa8b92fd1cf0963b52fb1734eda3232303c669d02f2537ecdcbd8314","2019-04-03",71.39,21.42,20
"82b9ca49aa8b92fd1cf0963b52fb1734eda3232303c669d02f2537ecdcbd8314","2019-02-16",65.89,19.77,16
"82b9ca49aa8b92fd1cf0963b52fb1734eda3232303c669d02f2537ecdcbd8314","2019-01-29",65.89,19.77,12
"82b9ca49aa8b92fd1cf0963b52fb1734eda3232303c669d02f2537ecdcbd8314","2020-04-18",60.39,18.12,44
"82b9ca49aa8b92fd1cf0963b52fb1734eda3232303c669d02f2537ecdcbd8314","2020-09-17",71.39,21.42,61
"82b9ca49aa8b92fd1cf0963b52fb1734eda3232303c669d02f2537ecdcbd8314","2019-07-22",71.39,21.42,29
"82b9ca49aa8b92fd1cf0963b52fb1734eda3232303c669d02f2537ecdcbd8314","2019-03-17",71.39,21.42,15
"82b9ca49aa8b92fd1cf0963b52fb1734eda3232303c669d02f2537ecdcbd8314","2020-07-05",71.39,21.42,39
"82b9ca49aa8b92fd1cf0963b52fb1734eda3232303c669d02f2537ecdcbd8314","2021-01-03",71.39,21.42,58
"82b9ca49aa8b92fd1cf0963b52fb1734eda3232303c669d02f2537ecdcbd8314","2019-10-06",71.39,21.42,24
"82b9ca49aa8b92fd1cf0963b52fb1734eda3232303c669d02f2537ecdcbd8314","2019-02-12",65.89,19.77,14
"82b9ca49aa8b92fd1cf0963b52fb1734eda3232303c669d02f2537ecdcbd8314","2020-06-09",47.19,14.16,173
"82b9ca49aa8b92fd1cf0963b52fb1734eda3232303c669d02f2537ecdcbd8314","2020-03-02",47.19,14.16,70
"82b9ca49aa8b92fd1cf0963b52fb1734eda3232303c669d02f2537ecdcbd8314","2020-01-22",60.39,18.12,14
"82b9ca49aa8b92fd1cf0963b52fb1734eda3232303c669d02f2537ecdcbd8314","2019-03-30",71.39,21.42,26
"82b9ca49aa8b92fd1cf0963b52fb1734eda3232303c669d02f2537ecdcbd8314","2019-06-21",71.39,21.42,26
"82b9ca49aa8b92fd1cf0963b52fb1734eda3232303c669d02f2537ecdcbd8314","2020-06-28",71.39,21.42,44
"82b9ca49aa8b92fd1cf0963b52fb1734eda3232303c669d02f2537ecdcbd8314","2020-04-01",47.19,14.16,129
"82b9ca49aa8b92fd1cf0963b52fb1734eda3232303c669d02f2537ecdcbd8314","2020-08-30",71.39,21.42,46
"82b9ca49aa8b92fd1cf0963b52fb1734eda3232303c669d02f2537ecdcbd8314","2019-06-22",71.39,21.42,13
"82b9ca49aa8b92fd1cf0963b52fb1734eda3232303c669d02f2537ecdcbd8314","2019-04-16",71.39,21.42,19
"82b9ca49aa8b92fd1cf0963b52fb1734eda3232303c669d02f2537ecdcbd8314","2019-07-27",71.39,21.42,18
"82b9ca49aa8b92fd1cf0963b52fb1734eda3232303c669d02f2537ecdcbd8314","2019-09-03",71.39,21.42,28
"82b9ca49aa8b92fd1cf0963b52fb1734eda3232303c669d02f2537ecdcbd8314","2020-09-26",71.39,21.42,46
"82b9ca49aa8b92fd1cf0963b52fb1734eda3232303c669d02f2537ecdcbd8314","2019-06-11",71.39,21.42,19
"82b9ca49aa8b92fd1cf0963b52fb1734eda3232303c669d02f2537ecdcbd8314","2019-08-13",71.39,21.42,28
"82b9ca49aa8b92fd1cf0963b52fb1734eda3232303c669d02f2537ecdcbd8314","2020-12-21",67.27,20.18,30
"82b9ca49aa8b92fd1cf0963b52fb1734eda3232303c669d02f2537ecdcbd8314","2020-11-12",51.59,15.48,246
"82b9ca49aa8b92fd1cf0963b52fb1734eda3232303c669d02f2537ecdcbd8314","2020-11-10",51.59,15.48,524
"82b9ca49aa8b92fd1cf0963b52fb1734eda3232303c669d02f2537ecdcbd8314","2020-12-26",71.39,21.42,80
"82b9ca49aa8b92fd1cf0963b52fb1734eda3232303c669d02f2537ecdcbd8314","2021-01-14",71.39,21.42,96
"82b9ca49aa8b92fd1cf0963b52fb1734eda3232303c669d02f2537ecdcbd8314","2019-01-31",65.89,19.77,15
"82b9ca49aa8b92fd1cf0963b52fb1734eda3232303c669d02f2537ecdcbd8314","2020-06-12",71.39,21.42,73
"82b9ca49aa8b92fd1cf0963b52fb1734eda3232303c669d02f2537ecdcbd8314","2020-07-30",71.39,21.42,49
"82b9ca49aa8b92fd1cf0963b52fb1734eda3232303c669d02f2537ecdcbd8314","2020-10-06",51.59,15.48,188
"82b9ca49aa8b92fd1cf0963b52fb1734eda3232303c669d02f2537ecdcbd8314","2019-03-15",71.39,21.42,25
"82b9ca49aa8b92fd1cf0963b52fb1734eda3232303c669d02f2537ecdcbd8314","2020-06-25",71.39,21.42,60
"82b9ca49aa8b92fd1cf0963b52fb1734eda3232303c669d02f2537ecdcbd8314","2020-03-29",47.19,14.16,279
"82b9ca49aa8b92fd1cf0963b52fb1734eda3232303c669d02f2537ecdcbd8314","2020-03-01",60.39,18.12,45
"82b9ca49aa8b92fd1cf0963b52fb1734eda3232303c669d02f2537ecdcbd8314","2019-06-19",71.39,21.42,27
"82b9ca49aa8b92fd1cf0963b52fb1734eda3232303c669d02f2537ecdcbd8314","2020-03-23",47.19,14.16,34
"82b9ca49aa8b92fd1cf0963b52fb1734eda3232303c669d02f2537ecdcbd8314","2020-07-11",71.39,21.42,48
"82b9ca49aa8b92fd1cf0963b52fb1734eda3232303c669d02f2537ecdcbd8314","2020-07-28",71.39,21.42,49
"82b9ca49aa8b92fd1cf0963b52fb1734eda3232303c669d02f2537ecdcbd8314","2019-02-22",36.19,10.86,122
"82b9ca49aa8b92fd1cf0963b52fb1734eda3232303c669d02f2537ecdcbd8314","2021-01-20",71.39,21.42,65
"82b9ca49aa8b92fd1cf0963b52fb1734eda3232303c669d02f2537ecdcbd8314","2019-10-08",71.39,21.42,33
"82b9ca49aa8b92fd1cf0963b52fb1734eda3232303c669d02f2537ecdcbd8314","2020-07-16",43.89,13.17,248
"82b9ca49aa8b92fd1cf0963b52fb1734eda3232303c669d02f2537ecdcbd8314","2021-01-12",71.39,21.42,61
"82b9ca49aa8b92fd1cf0963b52fb1734eda3232303c669d02f2537ecdcbd8314","2019-03-28",71.39,21.42,31
"82b9ca49aa8b92fd1cf0963b52fb1734eda3232303c669d02f2537ecdcbd8314","2020-09-07",43.89,13.17,227
"82b9ca49aa8b92fd1cf0963b52fb1734eda3232303c669d02f2537ecdcbd8314","2020-09-27",71.39,21.42,53
"82b9ca49aa8b92fd1cf0963b52fb1734eda3232303c669d02f2537ecdcbd8314","2020-10-29",51.59,15.48,274
"82b9ca49aa8b92fd1cf0963b52fb1734eda3232303c669d02f2537ecdcbd8314","2019-07-15",71.39,21.42,22
"82b9ca49aa8b92fd1cf0963b52fb1734eda3232303c669d02f2537ecdcbd8314","2020-06-10",68.71,20.61,47
