data/ml_task_data.csv
"product_id","date","sell_price","margin","sales"
"82b9ca49aa8b92fd1cf0963b52fb1734eda3232303c669d02f2537ecdcbd8314","2020-03-07",47.19,14.16,95
"82b9ca49aa8b92fd1cf0963b52fb1734eda3232303c669d02f2537ecdcbd8314","2020-06-23",71.39,21.42,46
"82b9ca49aa8b92fd1cf0963b52fb1734eda3232303c669d02f2537ecdcbd8314","2019-04-12",29.59,8.88,306
"82b9ca49aa8b92fd1cf0963b52fb1734eda3232303c669d02f2537ecdcbd8314","2020-08-09",71.39,21.42,39
"82b9ca49aa8b92fd1cf0963b52fb1734eda3232303c669d02f2537ecdcbd8314","2020-07-29",71.39,21.42,41
"82b9ca49aa8b92fd1cf0963b52fb1734eda3232303c669d02f2537ecdcbd8314","2019-08-10",71.39,21.42,15
"82b9ca49aa8b92fd1cf0963b52fb1734eda3232303c669d02f2537ecdcbd8314","2020-08-18",71.39,21.42,32
"82b9ca49aa8b92fd1cf0963b52fb1734eda3232303c669d02f2537ecdcbd8314","2019-02-25",65.89,19.77,17
"82b9ca49aa8b92fd1cf0963b52fb1734eda3232303c669d02f2537ecdcbd8314","2020-04-20",60.39,18.12,18
"82b9ca49aa8b92fd1cf0963b52fb1734eda3232303c669d02f2537ecdcbd8314","2020-11-20",54.89,16.47,330
"82b9ca49aa8b92fd1cf0963b52fb1734eda3232303c669d02f2537ecdcbd8314","2019-03-01",65.89,19.77,28
"82b9ca49aa8b92fd1cf0963b52fb1734eda3232303c669d02f2537ecdcbd8314","2020-12-13",54.96,16.49,513
"82b9ca49aa8b92fd1cf0963b52fb1734eda3232303c669d02f2537ecdcbd8314","2020-07-27",71.39,21.42,41
"82b9ca49aa8b92fd1cf0963b52fb1734eda3232303c669d02f2537ecdcbd8314","2021-01-10",71.39,21.42,52
"82b9ca49aa8b92fd1cf0963b52fb1734eda3232303c669d02f2537ecdcbd8314","2019-11-30",43.89,13.17,143
"82b9ca49aa8b92fd1cf0963b52fb1734eda3232303c669d02f2537ecdcbd8314","2019-05-15",38.80,11.64,161
"82b9ca49aa8b92fd1cf0963b52fb1734eda3232303c669d02f2537ecdcbd8314","2019-06-04",71.39,21.42,28
"82b9ca49aa8b92fd1cf0963b52fb1734eda3232303c669d02f2537ecdcbd8314","2019-08-08",71.39,21.42,26
"82b9ca49aa8b92fd1cf0963b52fb1734eda3232303c669d02f2537ecdcbd8314","2019-12-13",32.89,9.87,694
"82b9ca49aa8b92fd1cf0963b52fb1734eda3232303c669d02f2537ecdcbd8314","2019-10-23",71.39,21.42,41
"82b9ca49aa8b92fd1cf0963b52fb1734eda3232303c669d02f2537ecdcbd8314","2020-11-13",51.59,15.48,243
"82b9ca49aa8b92fd1cf0963b52fb1734eda3232303c669d02f2537ecdcbd8314","2020-01-19",60.39,18.12,17
"82b9ca49aa8b92fd1cf0963b52fb1734eda3232303c669d02f2537ecdcbd8314","2020-08-11",71.39,21.42,34
"82b9ca49aa8b92fd1cf0963b52fb1734eda3232303c669d02f2537ecdcbd8314","2020-11-26",54.89,16.47,360
"82b9ca49aa8b92fd1cf0963b52fb1734eda3232303c669d02f2537ecdcbd8314","2020-02-03",60.39,18.12,19
"82b9ca49aa8b92fd1cf0963b52fb1734eda3232303c669d02f2537ecdcbd8314","2020-06-07",47.19,14.16,176
"82b9ca49aa8b92fd1cf0963b52fb1734eda3232303c669d02f2537ecdcbd8314","2019-03-27",71.39,21.42,25
"82b9ca49aa8b92fd1cf0963b52fb1734eda3232303c669d02f2537ecdcbd8314","2019-08-01",71.39,21.42,28
"82b9ca49aa8b92fd1cf0963b52fb1734eda3232303c669d02f2537ecdcbd8314","2019-01-11",65.89,19.77,26
"82b9ca49aa8b92fd1cf0963b52fb1734eda3232303c669d02f2537ecdcbd8314","2020-02-18",60.39,18.12,14
"82b9ca49aa8b92fd1cf0963b52fb1734eda3232303c669d02f2537ecdcbd8314","2019-11-28",43.89,13.17,169
"82b9ca49aa8b92fd1cf0963b52fb1734eda3232303c669d02f2537ecdcbd8314","2019-03-03",65.89,19.77,20
"82b9ca49aa8b92fd1cf0963b52fb1734eda3232303c669d02f2537ecdcbd8314","2020-08-24",71.39,21.42,30
"82b9ca49aa8b92fd1cf0963b52fb1734eda3232303c669d02f2537ecdcbd8314","2020-09-16",71.39,21.42,40
"82b9ca49aa8b92fd1cf0963b52fb1734eda3232303c669d02f2537ecdcbd8314","2019-07-07",71.39,21.42,21
"82b9ca49aa8b92fd1cf0963b52fb1734eda3232303c669d02f2537ecdcbd8314","2020-08-27",71.39,21.42,46
"82b9ca49aa8b92fd1cf0963b52fb1734eda3232303c669d02f2537ecdcbd8314","2021-01-18",71.39,21.42,99
"82b9ca49aa8b92fd1cf0963b52fb1734eda3232303c669d02f2537ecdcbd8314","2019-01-17",65.89,19.77,46
"82b9ca49aa8b92fd1cf0963b52fb1734eda3232303c669d02f2537ecdcbd8314","2020-05-30",65.89,19.77,84
"82b9ca49aa8b92fd1cf0963b52fb1734eda3232303c669d02f2537ecdcbd8314","2020-11-15",51.59,15.48,232
"82b9ca49aa8b92fd1cf0963b52fb1734eda3232303c669d02f2537ecdcbd8314","2020-05-28",65.89,19.77,123
"82b9ca49aa8b92fd1cf0963b52fb1734eda3232303c669d02f2537ecdcbd8314","2020-08-05",71.39,21.42,43
"82b9ca49aa8b92fd1cf0963b52fb1734eda3232303c669d02f2537ecdcbd8314","2019-03-22",71.39,21.42,27
"82b9ca49aa8b92fd1cf0963b52fb1734eda3232303c669d02f2537ecdcbd8314","2020-05-19",65.89,19.77,105
"82b9ca49aa8b92fd1cf0963b52fb1734eda3232303c669d02f2537ecdcbd8314","2019-10-05",71.39,21.42,42
"82b9ca49aa8b92fd1cf0963b52fb1734eda3232303c669d02f2537ecdcbd8314","2020-04-12",60.39,18.12,21
"82b9ca49aa8b92fd1cf0963b52fb1734eda3232303c669d02f2537ecdcbd8314","2019-05-18",38.39,11.52,117
"82b9ca49aa8b92fd1cf0963b52fb1734eda3232303c669d02f2537ecdcbd8314","2020-10-23",51.59,15.48,200
"82b9ca49aa8b92fd1cf0963b52fb1734eda3232303c669d02f2537ecdcbd8314","2019-02-23",36.19,10.86,144
"82b9ca49aa8b92fd1cf0963b52fb1734eda3232303c669d02f2537ecdcbd8314","2020-08-15",71.39,21.42,54
"82b9ca49aa8b92fd1cf0963b52fb1734eda3232303c669d02f2537ecdcbd8314","2020-10-01",71.39,21.42,87
"82b9ca49aa8b92fd1cf0963b52fb1734eda3232303c669d02f2537ecdcbd8314","2019-12-25",71.39,21.42,8
"82b9ca49aa8b92fd1cf0963b52fb1734eda3232303c669d02f2537ecdcbd8314","2020-01-25",60.39,18.12,18
"82b9ca49aa8b92fd1cf0963b52fb1734eda3232303c669d02f2537ecdcbd8314","2021-01-08",71.39,21.42,92
"82b9ca49aa8b92fd1cf0963b52fb1734eda3232303c669d02f2537ecdcbd8314","2019-10-15",71.39,21.42,27
"82b9ca49aa8b92fd1cf0963b52fb1734eda3232303c669d02f2537ecdcbd8314","2020-11-27",54.89,16.47,304
"82b9ca49aa8b92fd1cf0963b52fb1734eda3232303c669d02f2537ecdcbd8314","2019-12-16",43.89,13.17,403
"82b9ca49aa8b92fd1cf0963b52fb1734eda3232303c669d02f2537ecdcbd8314","2019-06-14",71.39,21.42,32
"82b9ca49aa8b92fd1cf0963b52fb1734eda3232303c669d02f2537ecdcbd8314","2020-04-28",60.39,18.12,100
"82b9ca49aa8b92fd1cf0963b52fb1734eda3232303c669d02f2537ecdcbd8314","2019-01-08",65.89,19.77,28
"82b9ca49aa8b92fd1cf0963b52fb1734eda3232303c669d02f2537ecdcbd8314","2019-07-25",71.39,21.42,26
"82b9ca49aa8b92fd1cf0963b52fb1734eda3232303c669d02f2537ecdcbd8314","2020-02-05",60.39,18.12,13
"82b9ca49aa8b92fd1cf0963b52fb1734eda3232303c669d02f2537ecdcbd8314","2019-10-30",71.39,21.42,27
"82b9ca49aa8b92fd1cf0963b52fb1734eda3232303c669d02f2537ecdcbd8314","2020-06-16",71.39,21.42,37
"82b9ca49aa8b92fd1cf0963b52fb1734eda3232303c669d02f2537ecdcbd8314","2019-01-02",65.89,19.77,26
"82b9ca49aa8b92fd1cf0963b52fb1734eda3232303c669d02f2537ecdcbd8314","2021-01-16",71.39,21.42,78
"82b9ca49aa8b92fd1cf0963b52fb1734eda3232303c669d02f2537ecdcbd8314","2019-10-22",71.39,21.42,38
"82b9ca49aa8b92fd1cf0963b52fb1734eda3232303c669d02f2537ecdcbd8314","2021-01-15",71.39,21.42,100
"82b9ca49aa8b92fd1cf0963b52fb1734eda3232303c669d02f2537ecdcbd8314","2019-06-02",71.39,21.42,16
"82b9ca49aa8b92fd1cf0963b52fb1734eda3232303c669d02f2537ecdcbd8314","2020-10-11",51.59,15.48,179
"82b9ca49aa8b92fd1cf0963b52fb1734eda3232303c669d02f2537ecdcbd8314","2019-05-29",71.39,21.42,22
"82b9ca49aa8b92fd1cf0963b52fb1734eda3232303c669d02f2537ecdcbd8314","2020-02-21",60.39,18.12,22
"82b9ca49aa8b92fd1cf0963b52fb1734eda3232303c669d02f2537ecdcbd8314","2020-05-09",60.39,18.12,76
"82b9ca49aa8b92fd1cf0963b52fb1734eda3232303c669d02f2537ecdcbd8314","2020-12-30",71.39,21.42,208
"82b9ca49aa8b92fd1cf0963b52fb1734eda3232303c669d02f2537ecdcbd8314","2020-05-03",60.39,18.12,93
"82b9ca49aa8b92fd1cf0963b52fb1734eda3232303c669d02f2537ecdcbd8314","2020-03-28",47.19,14.16,192
"82b9ca49aa8b92fd1cf0963b52fb1734eda3232303c669d02f2537ecdcbd8314","2020-11-02",51.67,15.50,269
"82b9ca49aa8b92fd1cf0963b52fb1734eda3232303c669d02f2537ecdcbd8314","2021-01-21",71.39,21.42,83
"82b9ca49aa8b92fd1cf0963b52fb1734eda3232303c669d02f2537ecdcbd8314","2019-08-22",71.39,21.42,59
"82b9ca49aa8b92fd1cf0963b52fb1734eda3232303c669d02f2537ecdcbd8314","2019-09-04",71.39,21.42,29
"82b9ca49aa8b92fd1cf0963b52fb1734eda3232303c669d02f2537ecdcbd8314","2019-05-07",71.39,21.42,25
"82b9ca49aa8b92fd1cf0963b52fb1734eda3232303c669d02f2537ecdcbd8314","2020-02-08",60.39,18.12,22
"82b9ca49aa8b92fd1cf0963b52fb1734eda3232303c669d02f2537ecdcbd8314","2020-07-18",43.89,13.17,156
"82b9ca49aa8b92fd1cf0963b52fb1734eda3232303c669d02f2537ecdcbd8314","2020-06-03",47.28,14.18,219
"82b9ca49aa8b92fd1cf0963b52fb1734eda3232303c669d02f2537ecdcbd8314","2019-08-14",71.39,21.42,28
"82b9ca49aa8b92fd1cf0963b52fb1734eda3232303c669d02f2537ecdcbd8314","2019-04-17",71.39,21.42,75
"82b9ca49aa8b92fd1cf0963b52fb1734eda3232303c669d02f2537ecdcbd8314","2019-10-24",71.39,21.42,52
"82b9ca49aa8b92fd1cf0963b52fb1734eda3232303c669d02f2537ecdcbd8314","2020-08-12",71.39,21.42,49
"82b9ca49aa8b92fd1cf0963b52fb1734eda3232303c669d02f2537ecdcbd8314","2020-12-29",71.39,21.42,161
"82b9ca49aa8b92fd1cf0963b52fb1734eda3232303c669d02f2537ecdcbd8314","2019-01-05",65.89,19.77,18
"82b9ca49aa8b92fd1cf0963b52fb1734eda3232303c669d02f2537ecdcbd8314","2019-05-30",71.39,21.42,27
"82b9ca49aa8b92fd1cf0963b52fb1734eda3232303c669d02f2537ecdcbd8314","2020-08-14",71.39,21.42,45
"82b9ca49aa8b92fd1cf0963b52fb1734eda3232303c669d02f2537ecdcbd8314","2020-10-04",71.05,21.31,60
"82b9ca49aa8b92fd1cf0963b52fb1734eda3232303c669d02f2537ecdcbd8314","2019-08-24",71.39,21.42,17
"82b9ca49aa8b92fd1cf0963b52fb1734eda3232303c669d02f2537ecdcbd8314","2021-01-26",71.39,21.42,71
"82b9ca49aa8b92fd1cf0963b52fb1734eda3232303c669d02f2537ecdcbd8314","2020-09-04",71.39,21.42,65
"82b9ca49aa8b92fd1cf0963b52fb1734eda3232303c669d02f2537ecdcbd8314","2019-04-06",71.39,21.42,30
"82b9ca49aa8b92fd1cf0963b52fb1734eda3232303c669d02f2537ecdcbd8314","2020-04-11",60.39,18.12,105
"82b9ca49aa8b92fd1cf0963b52fb1734eda3232303c669d02f2537ecdcbd8314","2021-01-06",71.39,21.42,107
"82b9ca49aa8b92fd1cf0963b52fb1734eda3232303c669d02f2537ecdcbd8314","2019-11-26",43.89,13.17,159
"82b9ca49aa8b92fd1cf0963b52fb1734eda3232303c669d02f2537ecdcbd8314","2020-06-04",47.19,14.16,269
"82b9ca49aa8b92fd1cf0963b52fb1734eda3232303c669d02f2537ecdcbd8314","2019-04-04",71.39,21.42,27
"82b9ca49aa8b92fd1cf0963b52fb1734eda3232303c669d02f2537ecdcbd8314","2019-11-10",71.39,21.42,28
"82b9ca49aa8b92fd1cf0963b52fb1734eda3232303c669d02f2537ecdcbd8314","2020-12-01",54.89,16.47,327
"82b9ca49aa8b92fd1cf0963b52fb1734eda3232303c669d02f2537ecdcbd8314","2019-07-24",71.39,21.42,22
"82b9ca49aa8b92fd1cf0963b52fb1734eda3232303c669d02f2537ecdcbd8314","2019-12-01",43.89,13.17,150
"82b9ca49aa8b92fd1cf0963b52fb1734eda3232303c669d02f2537ecdcbd8314","2019-03-10",71.39,21.42,17
"82b9ca49aa8b92fd1cf0963b52fb1734eda3232303c669d02f2537ecdcbd8314","2019-11-01",71.39,21.42,29
"82b9ca49aa8b92fd1cf0963b52fb1734eda3232303c669d02f2537ecdcbd8314","2019-09-20",71.39,21.42,37
"82b9ca49aa8b92fd1cf0963b52fb1734eda3232303c669d02f2537ecdcbd8314","2020-10-08",51.59,15.48,268
"82b9ca49aa8b92fd1cf0963b52fb1734eda3232303c669d02f2537ecdcbd8314","2020-08-20",71.39,21.42,50
"82b9ca49aa8b92fd1cf0963b52fb1734eda3232303c669d02f2537ecdcbd8314","2019-10-02",71.39,21.42,31
"82b9ca49aa8b92fd1cf0963b52fb1734eda3232303c669d02f2537ecdcbd8314","2019-06-20",71.39,21.42,25
"82b9ca49aa8b92fd1cf0963b52fb1734eda3232303c669d02f2537ecdcbd8314","2019-03-04",70.17,21.05,9
"82b9ca49aa8b92fd1cf0963b52fb1734eda3232303c669d02f2537ecdcbd8314","2020-01-12",71.39,21.42,5
"82b9ca49aa8b92fd1cf0963b52fb1734eda3232303c669d02f2537ecdcbd8314","2020-01-21",60.39,18.12,9
"82b9ca49aa8b92fd1cf0963b52fb1734eda3232303c669d02f2537ecdcbd8314","2019-05-17",38.39,11.52,154
"82b9ca49aa8b92fd1cf0963b52fb1734eda3232303c669d02f2537ecdcbd8314","2020-05-29",65.89,19.77,126
"82b9ca49aa8b92fd1cf0963b52fb1734eda3232303c669d02f2537ecdcbd8314","2019-08-23",71.39,21.42,23
"82b9ca49aa8b92fd1cf0963b52fb1734eda3232303c669d02f2537ecdcbd8314","2019-07-13",71.39,21.42,24
"82b9ca49aa8b92fd1cf0963b52fb1734eda3232303c669d02f2537ecdcbd8314","2019-12-03",43.89,13.17,182
"82b9ca49aa8b92fd1cf0963b52fb1734eda3232303c669d02f2537ecdcbd8314","2020-07-13",43.89,13.17,51
"82b9ca49aa8b92fd1cf0963b52fb1734eda3232303c669d02f2537ecdcbd8314","2019-03-05",71.39,21.42,13
"82b9ca49aa8b92fd1cf0963b52fb1734eda3232303c669d02f2537ecdcbd8314","2020-03-17",47.19,14.16,266
"82b9ca49aa8b92fd1cf0963b52fb1734eda3232303c669d02f2537ecdcbd8314","2019-11-02",71.39,21.42,36
"82b9ca49aa8b92fd1cf0963b52fb1734eda3232303c669d02f2537ecdcbd8314","2019-06-05",71.39,21.42,19
"82b9ca49aa8b92fd1cf0963b52fb1734eda3232303c669d02f2537ecdcbd8314","2019-01-30",65.89,19.77,13
"82b9ca49aa8b92fd1cf0963b52fb1734eda3232303c669d02f2537ecdcbd8314","2020-12-18",71.39,21.42,238
"82b9ca49aa8b92fd1cf0963b52fb1734eda3232303c669d02f2537ecdcbd8314","2020-07-07",71.39,21.42,48
"82b9ca49aa8b92fd1cf0963b52fb1734eda3232303c669d02f2537ecdcbd8314","2019-07-03",71.39,21.42,28
"82b9ca49aa8b92fd1cf0963b52fb1734eda3232303c669d02f2537ecdcbd8314","2019-05-09",71.39,21.42,36
"82b9ca49aa8b92fd1cf0963b52fb1734eda3232303c669d02f2537ecdcbd8314","2021-01-19",71.39,21.42,76
"82b9ca49aa8b92fd1cf0963b52fb1734eda3232303c669d02f2537ecdcbd8314","2019-03-21",71.39,21.42,29
"82b9ca49aa8b92fd1cf0963b52fb1734eda3232303c669d02f2537ecdcbd8314","2021-01-09",71.39,21.42,102
"82b9ca49aa8b92fd1cf0963b52fb1734eda3232303c669d02f2537ecdcbd8314","2021-01-05",71.39,21.42,91
"82b9ca49aa8b92fd1cf0963b52fb1734eda3232303c669d02f2537ecdcbd8314","2020-01-30",60.39,18.12,13
"82b9ca49aa8b92fd1cf0963b52fb1734eda3232303c669d02f2537ecdcbd8314","2019-12-19",43.89,13.17,556
"82b9ca49aa8b92fd1cf0963b52fb1734eda3232303c669d02f2537ecdcbd8314","2020-08-31",71.39,21.42,48
"82b9ca49aa8b92fd1cf0963b52fb1734eda3232303c669d02f2537ecdcbd8314","2020-06-22",71.39,21.42,33
"82b9ca49aa8b92fd1cf0963b52fb1734eda3232303c669d02f2537ecdcbd8314","2019-01-10",65.89,19.77,21
"82b9ca49aa8b92fd1cf0963b52fb1734eda3232303c669d02f2537ecdcbd8314","2019-11-03",71.39,21.42,25
"82b9ca49aa8b92fd1cf0963b52fb1734eda3232303c669d02f2537ecdcbd8314","2021-01-02",71.39,21.42,76
"82b9ca49aa8b92fd1cf0963b52fb1734eda3232303c669d02f2537ecdcbd8314","2020-06-06",47.19,14.16,172
"82b9ca49aa8b92fd1cf0963b52fb1734eda3232303c669d02f2537ecdcbd8314","2020-09-22",71.39,21.42,40
"82b9ca49aa8b92fd1cf0963b52fb1734eda3232303c669d02f2537ecdcbd8314","2020-01-11",71.39,21.42,7
"82b9ca49aa8b92fd1cf0963b52fb1734eda3232303c669d02f2537ecdcbd8314","2020-11-22",54.89,16.47,284
"82b9ca49aa8b92fd1cf0963b52fb1734eda3232303c669d02f2537ecdcbd8314","2019-01-27",65.89,19.77,14
"82b9ca49aa8b92fd1cf0963b52fb1734eda3232303c669d02f2537ecdcbd8314","2019-10-09",71.39,21.42,31
"82b9ca49aa8b92fd1cf0963b52fb1734eda3232303c669d02f2537ecdcbd8314","2019-08-28",71.39,21.42,22
"82b9ca49aa8b92fd1cf0963b52fb1734eda3232303c669d02f2537ecdcbd8314","2019-02-13",65.89,19.77,18
"82b9ca49aa8b92fd1cf0963b52fb1734eda3232303c669d02f2537ecdcbd8314","2019-09-29",71.39,21.42,27
"82b9ca49aa8b92fd1cf0963b52fb1734eda3232303c669d02f2537ecdcbd8314","2020-10-13",51.59,15.48,252
"82b9ca49aa8b92fd1cf0963b52fb1734eda3232303c669d02f2537ecdcbd8314","2019-09-08",71.39,21.42,22
"82b9ca49aa8b92fd1cf0963b52fb1734eda3232303c669d02f2537ecdcbd8314","2020-08-10",71.39,21.42,33
"82b9ca49aa8b92fd1cf0963b52fb1734eda3232303c669d02f2537ecdcbd8314","2020-05-24",65.89,19.77,72
"82b9ca49aa8b92fd1cf0963b52fb1734eda3232303c669d02f2537ecdcbd8314","2019-09-11",71.39,21.42,24
"82b9ca49aa8b92fd1cf0963b52fb1734eda3232303c669d02f2537ecdcbd8314","2020-03-26",47.19,14.16,185
"82b9ca49aa8b92fd1cf0963b52fb1734eda3232303c669d02f2537ecdcbd8314","2020-03-21",47.19,14.16,52
"82b9ca49aa8b92fd1cf0963b52fb1734eda3232303c669d02f2537ecdcbd8314","2019-05-04",71.39,21.42,17
"82b9ca49aa8b92fd1cf0963b52fb1734eda3232303c669d02f2537ecdcbd8314","2019-02-07",65.89,19.77,27
"82b9ca49aa8b92fd1cf0963b52fb1734eda3232303c669d02f2537ecdcbd8314","2020-10-21",51.59,15.48,284
"82b9ca49aa8b92fd1cf0963b52fb1734eda3232303c669d02f2537ecdcbd8314","2019-09-01",71.39,21.42,28
"82b9ca49aa8b92fd1cf0963b52fb1734eda3232303c669d02f2537ecdcbd8314","2020-07-19",43.89,13.17,163
"82b9ca49aa8b92fd1cf0963b52fb1734eda3232303c669d02f2537ecdcbd8314","2020-04-16",60.39,18.12,145
"82b9ca49aa8b92fd1cf0963b52fb1734eda3232303c669d02f2537ecdcbd8314","2020-04-10",60.39,18.12,92
"82b9ca49aa8b92fd1cf0963b52fb1734eda3232303c669d02f2537ecdcbd8314","2020-10-17",51.59,15.48,156
"82b9ca49aa8b92fd1cf0963b52fb1734eda3232303c669d02f2537ecdcbd8314","2019-10-14",71.39,21.42,29
"82b9ca49aa8b92fd1cf0963b52fb1734eda3232303c669d02f2537ecdcbd8314","2020-11-30",54.89,16.47,317
"82b9ca49aa8b92fd1cf0963b52fb1734eda3232303c669d02f2537ecdcbd8314","2020-07-26",71.39,21.42,38
"82b9ca49aa8b92fd1cf0963b52fb1734eda3232303c669d02f2537ecdcbd8314","2019-07-04",71.39,21.42,27
"82b9ca49aa8b92fd1cf0963b52fb1734eda3232303c669d02f2537ecdcbd8314","2019-06-13",71.39,21.42,31
"82b9ca49aa8b92fd1cf0963b52fb1734eda3232303c669d02f2537ecdcbd8314","2020-10-15",51.59,15.48,279
"82b9ca49aa8b92fd1cf0963b52fb1734eda3232303c669d02f2537ecdcbd8314","2019-01-09",65.89,19.77,20
"82b9ca49aa8b92fd1cf0963b52fb1734eda3232303c669d02f2537ecdcbd8314","2020-09-20",71.39,21.42,48
"82b9ca49aa8b92fd1cf0963b52fb1734eda3232303c669d02f2537ecdcbd8314","2020-11-19",54.89,16.47,338
"82b9ca49aa8b92fd1cf0963b52fb1734eda3232303c669d02f2537ecdcbd8314","2019-09-18",71.39,21.42,32
"82b9ca49aa8b92fd1cf0963b52fb1734eda3232303c669d02f2537ecdcbd8314","2020-09-24",71.39,21.42,68
"82b9ca49aa8b92fd1cf0963b52fb1734eda3232303c669d02f2537ecdcbd8314","2019-10-21",71.39,21.42,41
"82b9ca49aa8b92fd1cf0963b52fb1734eda3232303c669d02f2537ecdcbd8314","2020-08-19",71.39,21.42,49
"82b9ca49aa8b92fd1cf0963b52fb1734eda3232303c669d02f2537ecdcbd8314","2020-07-14",43.89,13.17,68
"82b9ca49aa8b92fd1cf0963b52fb1734eda3232303c669d02f2537ecdcbd8314","2020-09-23",71.39,21.42,50
"82b9ca49aa8b92fd1cf0963b52fb1734eda3232303c669d02f2537ecdcbd8314","2019-11-27",43.89,13.17,139
"82b9ca49aa8b92fd1cf0963b52fb1734eda3232303c669d02f2537ecdcbd8314","2020-10-30",51.59,15.48,244
"82b9ca49aa8b92fd1cf0963b52fb1734eda3232303c669d02f2537ecdcbd8314","2020-01-14",71.39,21.42,6
"82b9ca49aa8b92fd1cf0963b52fb1734eda3232303c669d02f2537ecdcbd8314","2019-04-10",29.59,8.88,359
"82b9ca49aa8b92fd1cf0963b52fb1734eda3232303c669d02f2537ecdcbd8314","2021-01-11",71.39,21.42,69
"82b9ca49aa8b92fd1cf0963b52fb1734eda3232303c669d02f2537ecdcbd8314","2020-01-05",71.39,21.42,23
"82b9ca49aa8b92fd1cf0963b52fb1734eda3232303c669d02f2537ecdcbd8314","2020-09-15",71.39,21.42,53
