data/ml_task_data.csv
"product_id","date","sell_price","margin","sales"
"82b9ca49aa8b92fd1cf0963b52fb1734eda3232303c669d02f2537ecdcbd8314","2019-03-19",71.39,21.42,17
"82b9ca49aa8b92fd1cf0963b52fb1734eda3232303c669d02f2537ecdcbd8314","2019-05-26",71.39,21.42,27
"82b9ca49aa8b92fd1cf0963b52fb1734eda3232303c669d02f2537ecdcbd8314","2019-06-25",71.39,21.42,28
"82b9ca49aa8b92fd1cf0963b52fb1734eda3232303c669d02f2537ecdcbd8314","2019-10-18",71.39,21.42,30
"82b9ca49aa8b92fd1cf0963b52fb1734eda3232303c669d02f2537ecdcbd8314","2020-03-08",47.19,14.16,77
"82b9ca49aa8b92fd1cf0963b52fb1734eda3232303c669d02f2537ecdcbd8314","2019-12-11",43.89,13.17,292
"82b9ca49aa8b92fd1cf0963b52fb1734eda3232303c669d02f2537ecdcbd8314","2019-11-24",43.89,13.17,147
"82b9ca49aa8b92fd1cf0963b52fb1734eda3232303c669d02f2537ecdcbd8314","2019-08-25",71.39,21.42,23
"82b9ca49aa8b92fd1cf0963b52fb1734eda3232303c669d02f2537ecdcbd8314","2019-03-23",71.39,21.42,27
"82b9ca49aa8b92fd1cf0963b52fb1734eda3232303c669d02f2537ecdcbd8314","2019-02-02",65.89,19.77,14
"82b9ca49aa8b92fd1cf0963b52fb1734eda3232303c669d02f2537ecdcbd8314","2020-11-24",54.89,16.47,213
"82b9ca49aa8b92fd1cf0963b52fb1734eda3232303c669d02f2537ecdcbd8314","2020-05-18",65.89,19.77,104
"82b9ca49aa8b92fd1cf0963b52fb1734eda3232303c669d02f2537ecdcbd8314","2020-03-24",47.19,14.16,232
"82b9ca49aa8b92fd1cf0963b52fb1734eda3232303c669d02f2537ecdcbd8314","2019-07-11",71.39,21.42,35
"82b9ca49aa8b92fd1cf0963b52fb1734eda3232303c669d02f2537ecdcbd8314","2019-09-12",71.39,21.42,35
"82b9ca49aa8b92fd1cf0963b52fb1734eda3232303c669d02f2537ecdcbd8314","2020-08-26",71.39,21.42,39
"82b9ca49aa8b92fd1cf0963b52fb1734eda3232303c669d02f2537ecdcbd8314","2020-04-26",60.39,18.12,88
"82b9ca49aa8b92fd1cf0963b52fb1734eda3232303c669d02f2537ecdcbd8314","2020-12-27",71.39,21.42,111
"82b9ca49aa8b92fd1cf0963b52fb1734eda3232303c669d02f2537ecdcbd8314","2019-05-31",71.39,21.42,37
"82b9ca49aa8b92fd1cf0963b52fb1734eda3232303c669d02f2537ecdcbd8314","2019-08-18",71.39,21.42,21
"82b9ca49aa8b92fd1cf0963b52fb1734eda3232303c669d02f2537ecdcbd8314","2019-05-14",38.39,11.52,104
"82b9ca49aa8b92fd1cf0963b52fb1734eda3232303c669d02f2537ecdcbd8314","2020-09-08",43.89,13.17,225
"82b9ca49aa8b92fd1cf0963b52fb1734eda3232303c669d02f2537ecdcbd8314","2020-10-22",51.59,15.48,229
"82b9ca49aa8b92fd1cf0963b52fb1734eda3232303c669d02f2537ecdcbd8314","2020-06-21",71.39,21.42,40
"82b9ca49aa8b92fd1cf0963b52fb1734eda3232303c669d02f2537ecdcbd8314","2020-11-09",51.59,15.48,252
"82b9ca49aa8b92fd1cf0963b52fb1734eda3232303c669d02f2537ecdcbd8314","2020-09-03",71.39,21.42,70
"82b9ca49aa8b92fd1cf0963b52fb1734eda3232303c669d02f2537ecdcbd8314","2019-03-02",65.89,19.77,25
"82b9ca49aa8b92fd1cf0963b52fb1734eda3232303c669d02f2537ecdcbd8314","2019-10-07",71.39,21.42,20
"82b9ca49aa8b92fd1cf0963b52fb1734eda3232303c669d02f2537ecdcbd8314","2019-02-14",65.89,19.77,24
"82b9ca49aa8b92fd1cf0963b52fb1734eda3232303c669d02f2537ecdcbd8314","2020-05-21",65.89,19.77,114
"82b9ca49aa8b92fd1cf0963b52fb1734eda3232303c669d02f2537ecdcbd8314","2019-11-08",71.39,21.42,47
"82b9ca49aa8b92fd1cf0963b52fb1734eda3232303c669d02f2537ecdcbd8314","2020-02-22",60.39,18.12,20
"82b9ca49aa8b92fd1cf0963b52fb1734eda3232303c669d02f2537ecdcbd8314","2019-08-03",71.39,21.42,14
"82b9ca49aa8b92fd1cf0963b52fb1734eda3232303c669d02f2537ecdcbd8314","2019-11-14",55.11,16.53,78
"82b9ca49aa8b92fd1cf0963b52fb1734eda3232303c669d02f2537ecdcbd8314","2020-12-03",54.89,16.47,394
"82b9ca49aa8b92fd1cf0963b52fb1734eda3232303c669d02f2537ecdcbd8314","2019-08-09",71.39,21.42,24
"82b9ca49aa8b92fd1cf0963b52fb1734eda3232303c669d02f2537ecdcbd8314","2020-03-30",47.19,14.16,191
"82b9ca49aa8b92fd1cf0963b52fb1734eda3232303c669d02f2537ecdcbd8314","2020-01-26",60.39,18.12,15
"82b9ca49aa8b92fd1cf0963b52fb1734eda3232303c669d02f2537ecdcbd8314","2019-04-11",29.59,8.88,256
"82b9ca49aa8b92fd1cf0963b52fb1734eda3232303c669d02f2537ecdcbd8314","2019-04-13",29.59,8.88,173
"82b9ca49aa8b92fd1cf0963b52fb1734eda3232303c669d02f2537ecdcbd8314","2020-01-28",60.39,18.12,17
"82b9ca49aa8b92fd1cf0963b52fb1734eda3232303c669d02f2537ecdcbd8314","2019-07-21",71.39,21.42,16
"82b9ca49aa8b92fd1cf0963b52fb1734eda3232303c669d02f2537ecdcbd8314","2020-02-02",60.39,18.12,11
"82b9ca49aa8b92fd1cf0963b52fb1734eda3232303c669d02f2537ecdcbd8314","2020-12-10",54.89,16.47,517
"82b9ca49aa8b92fd1cf0963b52fb1734eda3232303c669d02f2537ecdcbd8314","2019-03-31",71.39,21.42,24
"82b9ca49aa8b92fd1cf0963b52fb1734eda3232303c669d02f2537ecdcbd8314","2019-09-07",71.39,21.42,32
"82b9ca49aa8b92fd1cf0963b52fb1734eda3232303c669d02f2537ecdcbd8314","2019-03-20",71.39,21.42,17
"82b9ca49aa8b92fd1cf0963b52fb1734eda3232303c669d02f2537ecdcbd8314","2021-01-24",71.39,21.42,63
"82b9ca49aa8b92fd1cf0963b52fb1734eda3232303c669d02f2537ecdcbd8314","2020-12-31",71.39,21.42,24
"82b9ca49aa8b92fd1cf0963b52fb1734eda3232303c669d02f2537ecdcbd8314","2020-12-08",54.89,16.47,414
"82b9ca49aa8b92fd1cf0963b52fb1734eda3232303c669d02f2537ecdcbd8314","2020-01-02",71.39,21.42,22
"82b9ca49aa8b92fd1cf0963b52fb1734eda3232303c669d02f2537ecdcbd8314","2020-02-01",60.39,18.12,7
"82b9ca49aa8b92fd1cf0963b52fb1734eda3232303c669d02f2537ecdcbd8314","2019-05-06",71.39,21.42,22
"82b9ca49aa8b92fd1cf0963b52fb1734eda3232303c669d02f2537ecdcbd8314","2019-01-20",65.89,19.77,18
"82b9ca49aa8b92fd1cf0963b52fb1734eda3232303c669d02f2537ecdcbd8314","2020-10-16",51.59,15.48,186
"82b9ca49aa8b92fd1cf0963b52fb1734eda3232303c669d02f2537ecdcbd8314","2019-07-01",71.39,21.42,21
"82b9ca49aa8b92fd1cf0963b52fb1734eda3232303c669d02f2537ecdcbd8314","2019-04-01",71.39,21.42,21
"82b9ca49aa8b92fd1cf0963b52fb1734eda3232303c669d02f2537ecdcbd8314","2020-10-27",51.59,15.48,304
"82b9ca49aa8b92fd1cf0963b52fb1734eda3232303c669d02f2537ecdcbd8314","2020-03-10",47.19,14.16,160
"82b9ca49aa8b92fd1cf0963b52fb1734eda3232303c669d02f2537ecdcbd8314","2020-07-15",43.89,13.17,179
"82b9ca49aa8b92fd1cf0963b52fb1734eda3232303c669d02f2537ecdcbd8314","2020-12-15",71.27,21.38,238
"82b9ca49aa8b92fd1cf0963b52fb1734eda3232303c669d02f2537ecdcbd8314","2019-11-15",43.89,13.17,162
"82b9ca49aa8b92fd1cf0963b52fb1734eda3232303c669d02f2537ecdcbd8314","2020-11-18",53.93,16.18,335
"82b9ca49aa8b92fd1cf0963b52fb1734eda3232303c669d02f2537ecdcbd8314","2019-06-18",71.39,21.42,15
"82b9ca49aa8b92fd1cf0963b52fb1734eda3232303c669d02f2537ecdcbd8314","2020-06-08",47.19,14.16,192
"82b9ca49aa8b92fd1cf0963b52fb1734eda3232303c669d02f2537ecdcbd8314","2020-12-14",71.32,21.40,260
"82b9ca49aa8b92fd1cf0963b52fb1734eda3232303c669d02f2537ecdcbd8314","2019-05-05",71.39,21.42,34
"82b9ca49aa8b92fd1cf0963b52fb1734eda3232303c669d02f2537ecdcbd8314","2020-04-05",47.19,14.16,177
"82b9ca49aa8b92fd1cf0963b52fb1734eda3232303c669d02f2537ecdcbd8314","2020-05-05",60.39,18.12,103
"82b9ca49aa8b92fd1cf0963b52fb1734eda3232303c669d02f2537ecdcbd8314","2019-08-07",71.39,21.42,13
"82b9ca49aa8b92fd1cf0963b52fb1734eda3232303c669d02f2537ecdcbd8314","2020-01-31",60.39,18.12,21
"82b9ca49aa8b92fd1cf0963b52fb1734eda3232303c669d02f2537ecdcbd8314","2019-04-23",71.39,21.42,19
"82b9ca49aa8b92fd1cf0963b52fb1734eda3232303c669d02f2537ecdcbd8314","2020-03-27",47.19,14.16,76
"82b9ca49aa8b92fd1cf0963b52fb1734eda3232303c669d02f2537ecdcbd8314","2019-11-07",71.39,21.42,31
"82b9ca49aa8b92fd1cf0963b52fb1734eda3232303c669d02f2537ecdcbd8314","2020-09-28",71.39,21.42,66
"82b9ca49aa8b92fd1cf0963b52fb1734eda3232303c669d02f2537ecdcbd8314","2020-10-14",51.59,15.48,252
"82b9ca49aa8b92fd1cf0963b52fb1734eda3232303c669d02f2537ecdcbd8314","2019-10-25",71.39,21.42,43
"82b9ca49aa8b92fd1cf0963b52fb1734eda3232303c669d02f2537ecdcbd8314","2020-03-09",47.19,14.16,88
"82b9ca49aa8b92fd1cf0963b52fb1734eda3232303c669d02f2537ecdcbd8314","2020-07-24",71.39,21.42,53
"82b9ca49aa8b92fd1cf0963b52fb1734eda3232303c669d02f2537ecdcbd8314","2020-12-07",54.89,16.47,378
"82b9ca49aa8b92fd1cf0963b52fb1734eda3232303c669d02f2537ecdcbd8314","2020-03-16",47.19,14.16,295
"82b9ca49aa8b92fd1cf0963b52fb1734eda3232303c669d02f2537ecdcbd8314","2019-09-21",71.39,21.42,17
"82b9ca49aa8b92fd1cf0963b52fb1734eda3232303c669d02f2537ecdcbd8314","2019-11-29",43.89,13.17,230
"82b9ca49aa8b92fd1cf0963b52fb1734eda3232303c669d02f2537ecdcbd8314","2019-09-23",71.39,21.42,36
"82b9ca49aa8b92fd1cf0963b52fb1734eda3232303c669d02f2537ecdcbd8314","2019-03-07",71.39,21.42,28
"82b9ca49aa8b92fd1cf0963b52fb1734eda3232303c669d02f2537ecdcbd8314","2020-08-13",71.39,21.42,63
"82b9ca49aa8b92fd1cf0963b52fb1734eda3232303c669d02f2537ecdcbd8314","2019-11-11",71.39,21.42,16
"82b9ca49aa8b92fd1cf0963b52fb1734eda3232303c669d02f2537ecdcbd8314","2019-02-20",36.19,10.86,115
"82b9ca49aa8b92fd1cf0963b52fb1734eda3232303c669d02f2537ecdcbd8314","2019-08-19",71.39,21.42,20
"82b9ca49aa8b92fd1cf0963b52fb1734eda3232303c669d02f2537ecdcbd8314","2019-01-21",65.89,19.77,9
"82b9ca49aa8b92fd1cf0963b52fb1734eda3232303c669d02f2537ecdcbd8314","2019-09-17",71.39,21.42,22
"82b9ca49aa8b92fd1cf0963b52fb1734eda3232303c669d02f2537ecdcbd8314","2020-09-06",69.10,20.73,50
"82b9ca49aa8b92fd1cf0963b52fb1734eda3232303c669d02f2537ecdcbd8314","2019-09-25",71.39,21.42,17
"82b9ca49aa8b92fd1cf0963b52fb1734eda3232303c669d02f2537ecdcbd8314","2020-08-25",71.39,21.42,42
"82b9ca49aa8b92fd1cf0963b52fb1734eda3232303c669d02f2537ecdcbd8314","2020-12-24",71.39,21.42,20
"82b9ca49aa8b92fd1cf0963b52fb1734eda3232303c669d02f2537ecdcbd8314","2019-10-11",71.39,21.42,50
"82b9ca49aa8b92fd1cf0963b52fb1734eda3232303c669d02f2537ecdcbd8314","2019-11-19",43.89,13.17,152
"82b9ca49aa8b92fd1cf0963b52fb1734eda3232303c669d02f2537ecdcbd8314","2020-05-12",63.99,19.20,111
"82b9ca49aa8b92fd1cf0963b52fb1734eda3232303c669d02f2537ecdcbd8314","2019-10-12",71.39,21.42,29
"82b9ca49aa8b92fd1cf0963b52fb1734eda3232303c669d02f2537ecdcbd8314","2020-12-12",54.89,16.47,406
"82b9ca49aa8b92fd1cf0963b52fb1734eda3232303c669d02f2537ecdcbd8314","2020-07-17",43.89,13.17,205
"82b9ca49aa8b92fd1cf0963b52fb1734eda3232303c669d02f2537ecdcbd8314","2019-01-23",65.89,19.77,21
"82b9ca49aa8b92fd1cf0963b52fb1734eda3232303c669d02f2537ecdcbd8314","2020-10-20",51.59,15.48,167
"82b9ca49aa8b92fd1cf0963b52fb1734eda3232303c669d02f2537ecdcbd8314","2019-06-27",71.39,21.42,18
"82b9ca49aa8b92fd1cf0963b52fb1734eda3232303c669d02f2537ecdcbd8314","2020-09-09",43.89,13.17,282
"82b9ca49aa8b92fd1cf0963b52fb1734eda3232303c669d02f2537ecdcbd8314","2019-06-10",71.39,21.42,27
"82b9ca49aa8b92fd1cf0963b52fb1734eda3232303c669d02f2537ecdcbd8314","2019-12-07",43.89,13.17,206
"82b9ca49aa8b92fd1cf0963b52fb1734eda3232303c669d02f2537ecdcbd8314","2020-04-29",60.39,18.12,58
"82b9ca49aa8b92fd1cf0963b52fb1734eda3232303c669d02f2537ecdcbd8314","2019-12-20",43.89,13.17,618
"82b9ca49aa8b92fd1cf0963b52fb1734eda3232303c669d02f2537ecdcbd8314","2019-05-12",71.39,21.42,24
"82b9ca49aa8b92fd1cf0963b52fb1734eda3232303c669d02f2537ecdcbd8314","2019-09-09",71.39,21.42,28
"82b9ca49aa8b92fd1cf0963b52fb1734eda3232303c669d02f2537ecdcbd8314","2020-03-05",47.19,14.16,94
"82b9ca49aa8b92fd1cf0963b52fb1734eda3232303c669d02f2537ecdcbd8314","2020-05-13",65.85,19.75,125
"82b9ca49aa8b92fd1cf0963b52fb1734eda3232303c669d02f2537ecdcbd8314","2019-07-12",71.39,21.42,38
"82b9ca49aa8b92fd1cf0963b52fb1734eda3232303c669d02f2537ecdcbd8314","2020-10-07",51.59,15.48,214
"82b9ca49aa8b92fd1cf0963b52fb1734eda3232303c669d02f2537ecdcbd8314","2019-05-08",71.39,21.42,28
"82b9ca49aa8b92fd1cf0963b52fb1734eda3232303c669d02f2537ecdcbd8314","2020-10-12",51.59,15.48,257
"82b9ca49aa8b92fd1cf0963b52fb1734eda3232303c669d02f2537ecdcbd8314","2020-07-22",71.39,21.42,58
"82b9ca49aa8b92fd1cf0963b52fb1734eda3232303c669d02f2537ecdcbd8314","2020-06-29",71.39,21.42,44
"82b9ca49aa8b92fd1cf0963b52fb1734eda3232303c669d02f2537ecdcbd8314","2019-07-19",71.39,21.42,31
"82b9ca49aa8b92fd1cf0963b52fb1734eda3232303c669d02f2537ecdcbd8314","2020-05-04",60.39,18.12,118
"82b9ca49aa8b92fd1cf0963b52fb1734eda3232303c669d02f2537ecdcbd8314","2019-10-28",71.39,21.42,31
"82b9ca49aa8b92fd1cf0963b52fb1734eda3232303c669d02f2537ecdcbd8314","2019-09-05",71.39,21.42,33
"82b9ca49aa8b92fd1cf0963b52fb1734eda3232303c669d02f2537ecdcbd8314","2019-10-26",71.39,21.42,21
"82b9ca49aa8b92fd1cf0963b52fb1734eda3232303c669d02f2537ecdcbd8314","2019-05-28",71.39,21.42,25
"82b9ca49aa8b92fd1cf0963b52fb1734eda3232303c669d02f2537ecdcbd8314","2020-11-16",51.61,15.48,294
"82b9ca49aa8b92fd1cf0963b52fb1734eda3232303c669d02f2537ecdcbd8314","2019-09-10",71.39,21.42,21
"82b9ca49aa8b92fd1cf0963b52fb1734eda3232303c669d02f2537ecdcbd8314","2019-07-05",71.39,21.42,20
"82b9ca49aa8b92fd1cf0963b52fb1734eda3232303c669d02f2537ecdcbd8314","2020-02-11",60.39,18.12,19
"82b9ca49aa8b92fd1cf0963b52fb1734eda3232303c669d02f2537ecdcbd8314","2020-01-27",60.39,18.12,14
"82b9ca49aa8b92fd1cf0963b52fb1734eda3232303c669d02f2537ecdcbd8314","2020-04-25",60.39,18.12,85
"82b9ca49aa8b92fd1cf0963b52fb1734eda3232303c669d02f2537ecdcbd8314","2019-06-15",71.39,21.42,12
"82b9ca49aa8b92fd1cf0963b52fb1734eda3232303c669d02f2537ecdcbd8314","2020-08-02",71.39,21.42,39
"82b9ca49aa8b92fd1cf0963b52fb1734eda3232303c669d02f2537ecdcbd8314","2021-01-23",71.39,21.42,72
"82b9ca49aa8b92fd1cf0963b52fb1734eda3232303c669d02f2537ecdcbd8314","2019-04-26",71.39,21.42,35
"82b9ca49aa8b92fd1cf0963b52fb1734eda3232303c669d02f2537ecdcbd8314","2020-06-30",71.39,21.42,54
"82b9ca49aa8b92fd1cf0963b52fb1734eda3232303c669d02f2537ecdcbd8314","2019-01-18",65.89,19.77,26
"82b9ca49aa8b92fd1cf0963b52fb1734eda3232303c669d02f2537ecdcbd8314","2020-08-07",71.39,21.42,51
"82b9ca49aa8b92fd1cf0963b52fb1734eda3232303c669d02f2537ecdcbd8314","2020-07-10",71.39,21.42,48
"82b9ca49aa8b92fd1cf0963b52fb1734eda3232303c669d02f2537ecdcbd8314","2020-03-06",47.19,14.16,100
"82b9ca49aa8b92fd1cf0963b52fb1734eda3232303c669d02f2537ecdcbd8314","2020-09-11",43.89,13.17,226
"82b9ca49aa8b92fd1cf0963b52fb1734eda3232303c669d02f2537ecdcbd8314","2020-05-07",60.39,18.12,89
"82b9ca49aa8b92fd1cf0963b52fb1734eda3232303c669d02f2537ecdcbd8314","2019-12-05",43.89,13.17,226
"82b9ca49aa8b92fd1cf0963b52fb1734eda3232303c669d02f2537ecdcbd8314","2019-12-23",43.89,13.17,43
"82b9ca49aa8b92fd1cf0963b52fb1734eda3232303c669d02f2537ecdcbd8314","2019-07-23",71.39,21.42,17
"82b9ca49aa8b92fd1cf0963b52fb1734eda3232303c669d02f2537ecdcbd8314","2020-03-20",47.19,14.16,304
"82b9ca49aa8b92fd1cf0963b52fb1734eda3232303c669d02f2537ecdcbd8314","2019-02-01",65.89,19.77,26
"82b9ca49aa8b92fd1cf0963b52fb1734eda3232303c669d02f2537ecdcbd8314","2019-02-05",65.89,19.77,11
"82b9ca49aa8b92fd1cf0963b52fb1734eda3232303c669d02f2537ecdcbd8314","2020-01-15",71.39,21.42,17
"82b9ca49aa8b92fd1cf0963b52fb1734eda3232303c669d02f2537ecdcbd8314","2020-10-24",51.59,15.48,140
"82b9ca49aa8b92fd1cf0963b52fb1734eda3232303c669d02f2537ecdcbd8314","2020-02-09",60.39,18.12,13
"82b9ca49aa8b92fd1cf0963b52fb1734eda3232303c669d02f2537ecdcbd8314","2019-03-24",71.39,21.42,20
"82b9ca49aa8b92fd1cf0963b52fb1734eda3232303c669d02f2537ecdcbd8314","2019-06-26",71.39,21.42,14
"82b9ca49aa8b92fd1cf0963b52fb1734eda3232303c669d02f2537ecdcbd8314","2019-09-22",71.39,21.42,17
"82b9ca49aa8b92fd1cf0963b52fb1734eda3232303c669d02f2537ecdcbd8314","2020-05-01",60.39,18.12,87
"82b9ca49aa8b92fd1cf0963b52fb1734eda3232303c669d02f2537ecdcbd8314","2019-06-28",71.39,21.42,24
"82b9ca49aa8b92fd1cf0963b52fb1734eda3232303c669d02f2537ecdcbd8314","2019-06-23",71.39,21.42,11
"82b9ca49aa8b92fd1cf0963b52fb1734eda3232303c669d02f2537ecdcbd8314","2020-01-13",71.39,21.42,7
"82b9ca49aa8b92fd1cf0963b52fb1734eda3232303c669d02f2537ecdcbd8314","2019-08-17",71.39,21.42,24
"82b9ca49aa8b92fd1cf0963b52fb1734eda3232303c669d02f2537ecdcbd8314","2020-08-23",71.39,21.42,46
"82b9ca49aa8b92fd1cf0963b52fb1734eda3232303c669d02f2537ecdcbd8314","2019-04-25",71.39,21.42,34
"82b9ca49aa8b92fd1cf0963b52fb1734eda3232303c669d02f2537ecdcbd8314","2019-04-05",71.39,21.42,26
"82b9ca49aa8b92fd1cf0963b52fb1734eda3232303c669d02f2537ecdcbd8314","2019-03-11",71.39,21.42,14
"82b9ca49aa8b92fd1cf0963b52fb1734eda3232303c669d02f2537ecdcbd8314","2019-09-02",71.39,21.42,22
"82b9ca49aa8b92fd1cf0963b52fb1734eda3232303c669d02f2537ecdcbd8314","2019-08-15",71.39,21.42,65
"82b9ca49aa8b92fd1cf0963b52fb1734eda3232303c669d02f2537ecdcbd8314","2020-06-27",71.39,21.42,61
"82b9ca49aa8b92fd1cf0963b52fb1734eda3232303c669d02f2537ecdcbd8314","2020-11-29",54.89,16.47,314
"82b9ca49aa8b92fd1cf0963b52fb1734eda3232303c669d02f2537ecdcbd8314","2020-10-09",51.59,15.48,225
"82b9ca49aa8b92fd1cf0963b52fb1734eda3232303c669d02f2537ecdcbd8314","2019-03-16",71.39,21.42,16
"82b9ca49aa8b92fd1cf0963b52fb1734eda3232303c669d02f2537ecdcbd8314","2019-09-13",71.39,21.42,37
"82b9ca49aa8b92fd1cf0963b52fb1734eda3232303c669d02f2537ecdcbd8314","2019-06-24",71.39,21.42,12
"82b9ca49aa8b92fd1cf0963b52fb1734eda3232303c669d02f2537ecdcbd8314","2021-01-13",71.39,21.42,82
"82b9ca49aa8b92fd1cf0963b52fb1734eda3232303c669d02f2537ecdcbd8314","2020-02-29",60.39,18.12,29
"82b9ca49aa8b92fd1cf0963b52fb1734eda3232303c669d02f2537ecdcbd8314","2019-11-09",71.39,21.42,36
"82b9ca49aa8b92fd1cf0963b52fb1734eda3232303c669d02f2537ecdcbd8314","2020-07-20",67.60,20.28,58
"82b9ca49aa8b92fd1cf0963b52fb1734eda3232303c669d02f2537ecdcbd8314","2019-10-04",71.39,21.42,48
"82b9ca49aa8b92fd1cf0963b52fb1734eda3232303c669d02f2537ecdcbd8314","2019-07-14",71.39,21.42,21
"82b9ca49aa8b92fd1cf0963b52fb1734eda3232303c669d02f2537ecdcbd8314","2020-09-02",71.39,21.42,44
"82b9ca49aa8b92fd1cf0963b52fb1734eda3232303c669d02f2537ecdcbd8314","2019-08-02",71.39,21.42,22
"82b9ca49aa8b92fd1cf0963b52fb1734eda3232303c669d02f2537ecdcbd8314","2019-07-02",71.39,21.42,25
"82b9ca49aa8b92fd1cf0963b52fb1734eda3232303c669d02f2537ecdcbd8314","2020-12-04",54.89,16.47,257
"82b9ca49aa8b92fd1cf0963b52fb1734eda3232303c669d02f2537ecdcbd8314","2020-04-03",47.19,14.16,362
"82b9ca49aa8b92fd1cf0963b52fb1734eda3232303c669d02f2537ecdcbd8314","2019-01-28",65.89,19.77,14
"82b9ca49aa8b92fd1cf0963b52fb1734eda3232303c669d02f2537ecdcbd8314","2020-05-15",65.89,19.77,101
"82b9ca49aa8b92fd1cf0963b52fb1734eda3232303c669d02f2537ecdcbd8314","2019-12-28",71.39,21.42,43
"82b9ca49aa8b92fd1cf0963b52fb1734eda3232303c669d02f2537ecdcbd8314","2020-07-08",71.39,21.42,39
"82b9ca49aa8b92fd1cf0963b52fb1734eda3232303c669d02f2537ecdcbd8314","2019-08-30",71.39,21.42,26
"82b9ca49aa8b92fd1cf0963b52fb1734eda3232303c669d02f2537ecdcbd8314","2019-07-08",71.39,21.42,21
