data/ml_task_data.csv
"product_id","date","sell_price","margin","sales"
"82b9ca49aa8b92fd1cf0963b52fb1734eda3232303c669d02f2537ecdcbd8314","2020-04-17",60.39,18.12,57
"82b9ca49aa8b92fd1cf0963b52fb1734eda3232303c669d02f2537ecdcbd8314","2020-04-22",60.39,18.12,116
"82b9ca49aa8b92fd1cf0963b52fb1734eda3232303c669d02f2537ecdcbd8314","2020-05-08",60.39,18.12,114
"82b9ca49aa8b92fd1cf0963b52fb1734eda3232303c669d02f2537ecdcbd8314","2020-04-04",47.19,14.16,284
"82b9ca49aa8b92fd1cf0963b52fb1734eda3232303c669d02f2537ecdcbd8314","2019-12-12",38.51,11.55,432
"82b9ca49aa8b92fd1cf0963b52fb1734eda3232303c669d02f2537ecdcbd8314","2020-01-24",60.39,18.12,17
"82b9ca49aa8b92fd1cf0963b52fb1734eda3232303c669d02f2537ecdcbd8314","2019-01-07",65.89,19.77,19
"82b9ca49aa8b92fd1cf0963b52fb1734eda3232303c669d02f2537ecdcbd8314","2019-11-23",43.89,13.17,160
"82b9ca49aa8b92fd1cf0963b52fb1734eda3232303c669d02f2537ecdcbd8314","2020-10-19",51.59,15.48,173
"82b9ca49aa8b92fd1cf0963b52fb1734eda3232303c669d02f2537ecdcbd8314","2020-02-10",60.39,18.12,28
"82b9ca49aa8b92fd1cf0963b52fb1734eda3232303c669d02f2537ecdcbd8314","2019-02-08",65.89,19.77,35
"82b9ca49aa8b92fd1cf0963b52fb1734eda3232303c669d02f2537ecdcbd8314","2020-08-04",71.39,21.42,30
"82b9ca49aa8b92fd1cf0963b52fb1734eda3232303c669d02f2537ecdcbd8314","2019-07-31",71.39,21.42,19
"82b9ca49aa8b92fd1cf0963b52fb1734eda3232303c669d02f2537ecdcbd8314","2019-02-21",36.19,10.86,133
"82b9ca49aa8b92fd1cf0963b52fb1734eda3232303c669d02f2537ecdcbd8314","2019-03-12",71.39,21.42,22
"82b9ca49aa8b92fd1cf0963b52fb1734eda3232303c669d02f2537ecdcbd8314","2020-11-14",51.59,15.48,237
"82b9ca49aa8b92fd1cf0963b52fb1734eda3232303c669d02f2537ecdcbd8314","2019-02-15",65.89,19.77,23
"82b9ca49aa8b92fd1cf0963b52fb1734eda3232303c669d02f2537ecdcbd8314","2020-07-01",71.39,21.42,38
"82b9ca49aa8b92fd1cf0963b52fb1734eda3232303c669d02f2537ecdcbd8314","2020-05-02",60.39,18.12,77
"82b9ca49aa8b92fd1cf0963b52fb1734eda3232303c669d02f2537ecdcbd8314","2019-04-29",71.39,21.42,21
"82b9ca49aa8b92fd1cf0963b52fb1734eda3232303c669d02f2537ecdcbd8314","2020-06-26",71.39,21.42,76
"82b9ca49aa8b92fd1cf0963b52fb1734eda3232303c669d02f2537ecdcbd8314","2020-12-22",71.39,21.42,620
"82b9ca49aa8b92fd1cf0963b52fb1734eda3232303c669d02f2537ecdcbd8314","2020-07-25",71.39,21.42,42
"82b9ca49aa8b92fd1cf0963b52fb1734eda3232303c669d02f2537ecdcbd8314","2019-03-13",71.39,21.42,18
"82b9ca49aa8b92fd1cf0963b52fb1734eda3232303c669d02f2537ecdcbd8314","2019-09-15",71.39,21.42,16
"82b9ca49aa8b92fd1cf0963b52fb1734eda3232303c669d02f2537ecdcbd8314","2019-03-08",71.39,21.42,27
"82b9ca49aa8b92fd1cf0963b52fb1734eda3232303c669d02f2537ecdcbd8314","2019-10-16",71.39,21.42,27
"82b9ca49aa8b92fd1cf0963b52fb1734eda3232303c669d02f2537ecdcbd8314","2020-11-17",51.61,15.48,327
"82b9ca49aa8b92fd1cf0963b52fb1734eda3232303c669d02f2537ecdcbd8314","2019-10-17",71.39,21.42,36
"82b9ca49aa8b92fd1cf0963b52fb1734eda3232303c669d02f2537ecdcbd8314","2020-07-02",71.39,21.42,72
"82b9ca49aa8b92fd1cf0963b52fb1734eda3232303c669d02f2537ecdcbd8314","2019-06-30",71.39,21.42,22
"82b9ca49aa8b92fd1cf0963b52fb1734eda3232303c669d02f2537ecdcbd8314","2019-07-09",71.39,21.42,19
"82b9ca49aa8b92fd1cf0963b52fb1734eda3232303c669d02f2537ecdcbd8314","2019-03-18",71.39,21.42,19
"82b9ca49aa8b92fd1cf0963b52fb1734eda3232303c669d02f2537ecdcbd8314","2020-01-08",71.39,21.42,13
"82b9ca49aa8b92fd1cf0963b52fb1734eda3232303c669d02f2537ecdcbd8314","2020-08-03",71.39,21.42,46
"82b9ca49aa8b92fd1cf0963b52fb1734eda3232303c669d02f2537ecdcbd8314","2019-05-27",71.39,21.42,21
"82b9ca49aa8b92fd1cf0963b52fb1734eda3232303c669d02f2537ecdcbd8314","2019-11-22",43.89,13.17,231
"82b9ca49aa8b92fd1cf0963b52fb1734eda3232303c669d02f2537ecdcbd8314","2020-05-27",65.89,19.77,99
"82b9ca49aa8b92fd1cf0963b52fb1734eda3232303c669d02f2537ecdcbd8314","2020-09-29",71.39,21.42,74
"82b9ca49aa8b92fd1cf0963b52fb1734eda3232303c669d02f2537ecdcbd8314","2020-07-21",70.76,21.23,44
"82b9ca49aa8b92fd1cf0963b52fb1734eda3232303c669d02f2537ecdcbd8314","2020-05-22",65.89,19.77,107
"82b9ca49aa8b92fd1cf0963b52fb1734eda3232303c669d02f2537ecdcbd8314","2020-03-31",47.19,14.16,268
"82b9ca49aa8b92fd1cf0963b52fb1734eda3232303c669d02f2537ecdcbd8314","2019-04-28",71.39,21.42,12
"82b9ca49aa8b92fd1cf0963b52fb1734eda3232303c669d02f2537ecdcbd8314","2019-12-27",71.39,21.42,27
"82b9ca49aa8b92fd1cf0963b52fb1734eda3232303c669d02f2537ecdcbd8314","2020-02-23",60.39,18.12,14
"82b9ca49aa8b92fd1cf0963b52fb1734eda3232303c669d02f2537ecdcbd8314","2020-11-03",51.59,15.48,228
"82b9ca49aa8b92fd1cf0963b52fb1734eda3232303c669d02f2537ecdcbd8314","2020-02-13",60.39,18.12,34
"82b9ca49aa8b92fd1cf0963b52fb1734eda3232303c669d02f2537ecdcbd8314","2019-06-06",71.39,21.42,33
"82b9ca49aa8b92fd1cf0963b52fb1734eda3232303c669d02f2537ecdcbd8314","2019-07-06",71.39,21.42,25
"82b9ca49aa8b92fd1cf0963b52fb1734eda3232303c669d02f2537ecdcbd8314","2019-05-10",71.39,21.42,34
"82b9ca49aa8b92fd1cf0963b52fb1734eda3232303c669d02f2537ecdcbd8314","2019-02-17",65.89,19.77,14
"82b9ca49aa8b92fd1cf0963b52fb1734eda3232303c669d02f2537ecdcbd8314","2020-02-25",59.93,17.98,37
"82b9ca49aa8b92fd1cf0963b52fb1734eda3232303c669d02f2537ecdcbd8314","2020-08-06",71.39,21.42,55
"82b9ca49aa8b92fd1cf0963b52fb1734eda3232303c669d02f2537ecdcbd8314","2020-02-19",60.39,18.12,14
"82b9ca49aa8b92fd1cf0963b52fb1734eda3232303c669d02f2537ecdcbd8314","2019-12-18",43.89,13.17,519
"82b9ca49aa8b92fd1cf0963b52fb1734eda3232303c669d02f2537ecdcbd8314","2020-01-16",65.40,19.62,11
"82b9ca49aa8b92fd1cf0963b52fb1734eda3232303c669d02f2537ecdcbd8314","2019-04-09",29.83,8.95,221
"82b9ca49aa8b92fd1cf0963b52fb1734eda3232303c669d02f2537ecdcbd8314","2020-11-25",54.89,16.47,288
"82b9ca49aa8b92fd1cf0963b52fb1734eda3232303c669d02f2537ecdcbd8314","2019-12-30",70.86,21.26,72
"82b9ca49aa8b92fd1cf0963b52fb1734eda3232303c669d02f2537ecdcbd8314","2019-12-21",43.89,13.17,379
"82b9ca49aa8b92fd1cf0963b52fb1734eda3232303c669d02f2537ecdcbd8314","2020-09-12",43.89,13.17,186
"82b9ca49aa8b92fd1cf0963b52fb1734eda3232303c669d02f2537ecdcbd8314","2019-06-07",71.39,21.42,27
"82b9ca49aa8b92fd1cf0963b52fb1734eda3232303c669d02f2537ecdcbd8314","2019-02-18",36.19,10.86,95
"82b9ca49aa8b92fd1cf0963b52fb1734eda3232303c669d02f2537ecdcbd8314","2019-11-05",71.39,21.42,30
"82b9ca49aa8b92fd1cf0963b52fb1734eda3232303c669d02f2537ecdcbd8314","2019-07-16",71.39,21.42,18
"82b9ca49aa8b92fd1cf0963b52fb1734eda3232303c669d02f2537ecdcbd8314","2019-02-11",65.89,19.77,17
"82b9ca49aa8b92fd1cf0963b52fb1734eda3232303c669d02f2537ecdcbd8314","2019-06-01",71.39,21.42,20
"82b9ca49aa8b92fd1cf0963b52fb1734eda3232303c669d02f2537ecdcbd8314","2020-01-10",71.39,21.42,10
"82b9ca49aa8b92fd1cf0963b52fb1734eda3232303c669d02f2537ecdcbd8314","2019-11-16",43.89,13.17,147
"82b9ca49aa8b92fd1cf0963b52fb1734eda3232303c669d02f2537ecdcbd8314","2019-05-21",71.39,21.42,8
"82b9ca49aa8b92fd1cf0963b52fb1734eda3232303c669d02f2537ecdcbd8314","2019-03-14",71.39,21.42,19
"82b9ca49aa8b92fd1cf0963b52fb1734eda3232303c669d02f2537ecdcbd8314","2020-04-24",60.39,18.12,112
"82b9ca49aa8b92fd1cf0963b52fb1734eda3232303c669d02f2537ecdcbd8314","2019-05-11",71.39,21.42,21
"82b9ca49aa8b92fd1cf0963b52fb1734eda3232303c669d02f2537ecdcbd8314","2020-01-03",71.39,21.42,17
"82b9ca49aa8b92fd1cf0963b52fb1734eda3232303c669d02f2537ecdcbd8314","2019-04-27",71.39,21.42,30
"82b9ca49aa8b92fd1cf0963b52fb1734eda3232303c669d02f2537ecdcbd8314","2019-07-28",71.39,21.42,22
"82b9ca49aa8b92fd1cf0963b52fb1734eda3232303c669d02f2537ecdcbd8314","2019-09-06",71.39,21.42,41
"82b9ca49aa8b92fd1cf0963b52fb1734eda3232303c669d02f2537ecdcbd8314","2021-01-17",71.39,21.42,57
"82b9ca49aa8b92fd1cf0963b52fb1734eda3232303c669d02f2537ecdcbd8314","2019-06-29",71.39,21.42,28
"82b9ca49aa8b92fd1cf0963b52fb1734eda3232303c669d02f2537ecdcbd8314","2020-02-24",60.39,18.12,12
"82b9ca49aa8b92fd1cf0963b52fb1734eda3232303c669d02f2537ecdcbd8314","2019-01-06",65.89,19.77,12
"82b9ca49aa8b92fd1cf0963b52fb1734eda3232303c669d02f2537ecdcbd8314","2019-09-19",71.39,21.42,26
"82b9ca49aa8b92fd1cf0963b52fb1734eda3232303c669d02f2537ecdcbd8314","2019-01-22",65.89,19.77,12
"82b9ca49aa8b92fd1cf0963b52fb1734eda3232303c669d02f2537ecdcbd8314","2019-04-24",71.39,21.42,24
"82b9ca49aa8b92fd1cf0963b52fb1734eda3232303c669d02f2537ecdcbd8314","2020-03-25",47.19,14.16,179
"82b9ca49aa8b92fd1cf0963b52fb1734eda3232303c669d02f2537ecdcbd8314","2019-02-27",65.89,19.77,27
"82b9ca49aa8b92fd1cf0963b52fb1734eda3232303c669d02f2537ecdcbd8314","2020-12-05",54.89,16.47,263
"82b9ca49aa8b92fd1cf0963b52fb1734eda3232303c669d02f2537ecdcbd8314","2019-05-03",71.39,21.42,27
"82b9ca49aa8b92fd1cf0963b52fb1734eda3232303c669d02f2537ecdcbd8314","2021-01-22",71.39,21.42,105
"82b9ca49aa8b92fd1cf0963b52fb1734eda3232303c669d02f2537ecdcbd8314","2019-02-09",65.89,19.77,18
"82b9ca49aa8b92fd1cf0963b52fb1734eda3232303c669d02f2537ecdcbd8314","2020-08-28",71.39,21.42,57
"82b9ca49aa8b92fd1cf0963b52fb1734eda3232303c669d02f2537ecdcbd8314","2019-01-12",65.89,19.77,31
"82b9ca49aa8b92fd1cf0963b52fb1734eda3232303c669d02f2537ecdcbd8314","2019-05-25",71.39,21.42,28
"82b9ca49aa8b92fd1cf0963b52fb1734eda3232303c669d02f2537ecdcbd8314","2019-09-27",71.39,21.42,43
"82b9ca49aa8b92fd1cf0963b52fb1734eda3232303c669d02f2537ecdcbd8314","2020-03-15",47.19,14.16,213
"82b9ca49aa8b92fd1cf0963b52fb1734eda3232303c669d02f2537ecdcbd8314","2019-10-19",71.39,21.42,41
"82b9ca49aa8b92fd1cf0963b52fb1734eda3232303c669d02f2537ecdcbd8314","2019-08-04",71.39,21.42,20
"82b9ca49aa8b92fd1cf0963b52fb1734eda3232303c669d02f2537ecdcbd8314","2020-02-07",60.39,18.12,21
"82b9ca49aa8b92fd1cf0963b52fb1734eda3232303c669d02f2537ecdcbd8314","2020-10-10",51.59,15.48,228
"82b9ca49aa8b92fd1cf0963b52fb1734eda3232303c669d02f2537ecdcbd8314","2020-09-30",71.39,21.42,63
"82b9ca49aa8b92fd1cf0963b52fb1734eda3232303c669d02f2537ecdcbd8314","2019-11-20",43.89,13.17,198
"82b9ca49aa8b92fd1cf0963b52fb1734eda3232303c669d02f2537ecdcbd8314","2019-01-03",65.89,19.77,19
"82b9ca49aa8b92fd1cf0963b52fb1734eda3232303c669d02f2537ecdcbd8314","2020-12-23",71.39,21.42,113
"82b9ca49aa8b92fd1cf0963b52fb1734eda3232303c669d02f2537ecdcbd8314","2020-11-04",51.87,15.56,146
"82b9ca49aa8b92fd1cf0963b52fb1734eda3232303c669d02f2537ecdcbd8314","2020-03-11",47.19,14.16,156
"82b9ca49aa8b92fd1cf0963b52fb1734eda3232303c669d02f2537ecdcbd8314","2020-02-12",60.39,18.12,30
"82b9ca49aa8b92fd1cf0963b52fb1734eda3232303c669d02f2537ecdcbd8314","2020-01-09",71.39,21.42,11
"82b9ca49aa8b92fd1cf0963b52fb1734eda3232303c669d02f2537ecdcbd8314","2020-04-27",60.39,18.12,103
"82b9ca49aa8b92fd1cf0963b52fb1734eda3232303c669d02f2537ecdcbd8314","2020-12-17",71.39,21.42,331
"82b9ca49aa8b92fd1cf0963b52fb1734eda3232303c669d02f2537ecdcbd8314","2020-07-31",71.39,21.42,44
"82b9ca49aa8b92fd1cf0963b52fb1734eda3232303c669d02f2537ecdcbd8314","2020-11-28",54.89,16.47,433
"82b9ca49aa8b92fd1cf0963b52fb1734eda3232303c669d02f2537ecdcbd8314","2019-09-26",71.39,21.42,28
"82b9ca49aa8b92fd1cf0963b52fb1734eda3232303c669d02f2537ecdcbd8314","2019-04-08",32.89,9.87,162
"82b9ca49aa8b92fd1cf0963b52fb1734eda3232303c669d02f2537ecdcbd8314","2019-05-23",71.39,21.42,24
"82b9ca49aa8b92fd1cf0963b52fb1734eda3232303c669d02f2537ecdcbd8314","2019-09-24",71.39,21.42,26
"82b9ca49aa8b92fd1cf0963b52fb1734eda3232303c669d02f2537ecdcbd8314","2020-04-07",60.39,18.12,22
"82b9ca49aa8b92fd1cf0963b52fb1734eda3232303c669d02f2537ecdcbd8314","2019-10-10",71.39,21.42,52
"82b9ca49aa8b92fd1cf0963b52fb1734eda3232303c669d02f2537ecdcbd8314","2020-02-20",60.39,18.12,15
"82b9ca49aa8b92fd1cf0963b52fb1734eda3232303c669d02f2537ecdcbd8314","2020-06-18",71.39,21.42,84
"82b9ca49aa8b92fd1cf0963b52fb1734eda3232303c669d02f2537ecdcbd8314","2019-10-01",71.39,21.42,30
"82b9ca49aa8b92fd1cf0963b52fb1734eda3232303c669d02f2537ecdcbd8314","2020-03-19",47.19,14.16,327
"82b9ca49aa8b92fd1cf0963b52fb1734eda3232303c669d02f2537ecdcbd8314","2019-08-27",71.39,21.42,23
"82b9ca49aa8b92fd1cf0963b52fb1734eda3232303c669d02f2537ecdcbd8314","2019-07-17",71.39,21.42,21
"82b9ca49aa8b92fd1cf0963b52fb1734eda3232303c669d02f2537ecdcbd8314","2019-08-20",71.39,21.42,20
"82b9ca49aa8b92fd1cf0963b52fb1734eda3232303c669d02f2537ecdcbd8314","2019-03-09",71.39,21.42,30
"82b9ca49aa8b92fd1cf0963b52fb1734eda3232303c669d02f2537ecdcbd8314","2019-11-25",43.89,13.17,171
"82b9ca49aa8b92fd1cf0963b52fb1734eda3232303c669d02f2537ecdcbd8314","2019-08-29",71.39,21.42,36
"82b9ca49aa8b92fd1cf0963b52fb1734eda3232303c669d02f2537ecdcbd8314","2020-09-18",71.39,21.42,86
"82b9ca49aa8b92fd1cf0963b52fb1734eda3232303c669d02f2537ecdcbd8314","2020-02-04",60.39,18.12,19
"82b9ca49aa8b92fd1cf0963b52fb1734eda3232303c669d02f2537ecdcbd8314","2020-07-12",71.39,21.42,38
"82b9ca49aa8b92fd1cf0963b52fb1734eda3232303c669d02f2537ecdcbd8314","2020-06-20",71.39,21.42,56
"82b9ca49aa8b92fd1cf0963b52fb1734eda3232303c669d02f2537ecdcbd8314","2020-06-05",47.19,14.16,251
"82b9ca49aa8b92fd1cf0963b52fb1734eda3232303c669d02f2537ecdcbd8314","2020-05-06",60.39,18.12,58
"82b9ca49aa8b92fd1cf0963b52fb1734eda3232303c669d02f2537ecdcbd8314","2020-04-15",60.39,18.12,42
"82b9ca49aa8b92fd1cf0963b52fb1734eda3232303c669d02f2537ecdcbd8314","2019-07-10",71.39,21.42,28
"82b9ca49aa8b92fd1cf0963b52fb1734eda3232303c669d02f2537ecdcbd8314","2020-01-06",71.39,21.42,13
"82b9ca49aa8b92fd1cf0963b52fb1734eda3232303c669d02f2537ecdcbd8314","2019-08-16",71.39,21.42,33
"82b9ca49aa8b92fd1cf0963b52fb1734eda3232303c669d02f2537ecdcbd8314","2020-08-22",71.39,21.42,42
"82b9ca49aa8b92fd1cf0963b52fb1734eda3232303c669d02f2537ecdcbd8314","2020-07-04",71.39,21.42,37
"82b9ca49aa8b92fd1cf0963b52fb1734eda3232303c669d02f2537ecdcbd8314","2019-09-30",71.39,21.42,29
"82b9ca49aa8b92fd1cf0963b52fb1734eda3232303c669d02f2537ecdcbd8314","2019-02-26",65.89,19.77,17
"82b9ca49aa8b92fd1cf0963b52fb1734eda3232303c669d02f2537ecdcbd8314","2020-11-08",51.59,15.48,245
"82b9ca49aa8b92fd1cf0963b52fb1734eda3232303c669d02f2537ecdcbd8314","2020-04-02",47.19,14.16,97
"82b9ca49aa8b92fd1cf0963b52fb1734eda3232303c669d02f2537ecdcbd8314","2019-12-14",32.89,9.87,598
"82b9ca49aa8b92fd1cf0963b52fb1734eda3232303c669d02f2537ecdcbd8314","2020-08-21",71.39,21.42,56
"82b9ca49aa8b92fd1cf0963b52fb1734eda3232303c669d02f2537ecdcbd8314","2019-05-24",71.39,21.42,27
"82b9ca49aa8b92fd1cf0963b52fb1734eda3232303c669d02f2537ecdcbd8314","2020-08-17",71.39,21.42,48
"82b9ca49aa8b92fd1cf0963b52fb1734eda3232303c669d02f2537ecdcbd8314","2020-02-14",60.39,18.12,45
"82b9ca49aa8b92fd1cf0963b52fb1734eda3232303c669d02f2537ecdcbd8314","2019-05-16",38.39,11.52,160
"82b9ca49aa8b92fd1cf0963b52fb1734eda3232303c669d02f2537ecdcbd8314","2020-07-09",71.39,21.42,54
"82b9ca49aa8b92fd1cf0963b52fb1734eda3232303c669d02f2537ecdcbd8314","2020-05-23",65.89,19.77,98
"82b9ca49aa8b92fd1cf0963b52fb1734eda3232303c669d02f2537ecdcbd8314","2020-01-07",71.39,21.42,20
"82b9ca49aa8b92fd1cf0963b52fb1734eda3232303c669d02f2537ecdcbd8314","2021-01-01",71.39,21.42,27
"82b9ca49aa8b92fd1cf0963b52fb1734eda3232303c669d02f2537ecdcbd8314","2019-12-10",43.89,13.17,275
"82b9ca49aa8b92fd1cf0963b52fb1734eda3232303c669d02f2537ecdcbd8314","2019-12-31",71.39,21.42,6
"82b9ca49aa8b92fd1cf0963b52fb1734eda3232303c669d02f2537ecdcbd8314","2020-05-20",65.89,19.77,93
"82b9ca49aa8b92fd1cf0963b52fb1734eda3232303c669d02f2537ecdcbd8314","2020-03-14",47.19,14.16,192
"82b9ca49aa8b92fd1cf0963b52fb1734eda3232303c669d02f2537ecdcbd8314","2020-09-01",71.39,21.42,40
"82b9ca49aa8b92fd1cf0963b52fb1734eda3232303c669d02f2537ecdcbd8314","2019-08-11",71.39,21.42,14
"82b9ca49aa8b92fd1cf0963b52fb1734eda3232303c669d02f2537ecdcbd8314","2019-12-17",43.89,13.17,286
"82b9ca49aa8b92fd1cf0963b52fb1734eda3232303c669d02f2537ecdcbd8314","2019-12-09",43.89,13.17,241
"82b9ca49aa8b92fd1cf0963b52fb1734eda3232303c669d02f2537ecdcbd8314","2020-02-27",60.39,18.12,56
"82b9ca49aa8b92fd1cf0963b52fb1734eda3232303c669d02f2537ecdcbd8314","2019-05-13",38.39,11.52,130
"82b9ca49aa8b92fd1cf0963b52fb1734eda3232303c669d02f2537ecdcbd8314","2020-11-01",51.59,15.48,256
"82b9ca49aa8b92fd1cf0963b52fb1734eda3232303c669d02f2537ecdcbd8314","2020-10-25",51.59,15.48,186
"82b9ca49aa8b92fd1cf0963b52fb1734eda3232303c669d02f2537ecdcbd8314","2019-06-03",71.39,21.42,19
"82b9ca49aa8b92fd1cf0963b52fb1734eda3232303c669d02f2537ecdcbd8314","2020-08-29",71.39,21.42,46
"82b9ca49aa8b92fd1cf0963b52fb1734eda3232303c669d02f2537ecdcbd8314","2019-05-19",38.76,11.63,89
"82b9ca49aa8b92fd1cf0963b52fb1734eda3232303c669d02f2537ecdcbd8314","2020-02-16",60.39,18.12,23
"82b9ca49aa8b92fd1cf0963b52fb1734eda3232303c669d02f2537ecdcbd8314","2019-07-18",71.39,21.42,24
"82b9ca49aa8b92fd1cf0963b52fb1734eda3232303c669d02f2537ecdcbd8314","2020-12-20",57.88,17.36,13
"82b9ca49aa8b92fd1cf0963b52fb1734eda3232303c669d02f2537ecdcbd8314","2019-06-09",71.39,21.42,21
"82b9ca49aa8b92fd1cf0963b52fb1734eda3232303c669d02f2537ecdcbd8314","2020-03-18",47.19,14.16,262
"82b9ca49aa8b92fd1cf0963b52fb1734eda3232303c669d02f2537ecdcbd8314","2020-06-24",71.39,21.42,42
"82b9ca49aa8b92fd1cf0963b52fb1734eda3232303c669d02f2537ecdcbd8314","2019-08-26",71.39,21.42,35
"82b9ca49aa8b92fd1cf0963b52fb1734eda3232303c669d02f2537ecdcbd8314","2019-02-03",65.89,19.77,15
"82b9ca49aa8b92fd1cf0963b52fb1734eda3232303c669d02f2537ecdcbd8314","2020-10-18",51.59,15.48,149
"82b9ca49aa8b92fd1cf0963b52fb1734eda3232303c669d02f2537ecdcbd8314","2020-12-09",54.89,16.47,406
"82b9ca49aa8b92fd1cf0963b52fb1734eda3232303c669d02f2537ecdcbd8314","2020-06-02",67.36,20.21,90
"82b9ca49aa8b92fd1cf0963b52fb1734eda3232303c669d02f2537ecdcbd8314","2020-10-26",51.59,15.48,263
"82b9ca49aa8b92fd1cf0963b52fb1734eda3232303c669d02f2537ecdcbd8314","2019-10-31",71.39,21.42,36
"82b9ca49aa8b92fd1cf0963b52fb1734eda3232303c669d02f2537ecdcbd8314","2019-12-06",43.89,13.17,347
"82b9ca49aa8b92fd1cf0963b52fb1734eda3232303c669d02f2537ecdcbd8314","2020-06-01",65.89,19.77,93
"82b9ca49aa8b92fd1cf0963b52fb1734eda3232303c669d02f2537ecdcbd8314","2020-06-15",71.39,21.42,79
"82b9ca49aa8b92fd1cf0963b52fb1734eda3232303c669d02f2537ecdcbd8314","2019-11-06",71.39,21.42,37
"82b9ca49aa8b92fd1cf0963b52fb1734eda3232303c669d02f2537ecdcbd8314","2019-12-29",71.39,21.42,52
"82b9ca49aa8b92fd1cf0963b52fb1734eda3232303c669d02f2537ecdcbd8314","2020-01-20",60.39,18.12,15
"82b9ca49aa8b92fd1cf0963b52fb1734eda3232303c669d02f2537ecdcbd8314","2019-12-22",43.89,13.17,141
