data/ml_task_data.csv
"product_id","date","sell_price","margin","sales"
"82b9ca49aa8b92fd1cf0963b52fb1734eda3232303c669d02f2537ecdcbd8314","2020-04-23",60.39,18.12,136
"82b9ca49aa8b92fd1cf0963b52fb1734eda3232303c669d02f2537ecdcbd8314","2019-01-19",65.89,19.77,13
"82b9ca49aa8b92fd1cf0963b52fb1734eda3232303c669d02f2537ecdcbd8314","2020-10-03",71.05,21.31,58
"82b9ca49aa8b92fd1cf0963b52fb1734eda3232303c669d02f2537ecdcbd8314","2020-08-16",71.39,21.42,29
"82b9ca49aa8b92fd1cf0963b52fb1734eda3232303c669d02f2537ecdcbd8314","2019-12-08",43.89,13.17,177
"82b9ca49aa8b92fd1cf0963b52fb1734eda3232303c669d02f2537ecdcbd8314","2020-09-21",71.39,21.42,43
"82b9ca49aa8b92fd1cf0963b52fb1734eda3232303c669d02f2537ecdcbd8314","2019-08-21",71.39,21.42,34
"82b9ca49aa8b92fd1cf0963b52fb1734eda3232303c669d02f2537ecdcbd8314","2020-05-11",60.39,18.12,121
"82b9ca49aa8b92fd1cf0963b52fb1734eda3232303c669d02f2537ecdcbd8314","2020-10-05",51.59,15.48,201
"82b9ca49aa8b92fd1cf0963b52fb1734eda3232303c669d02f2537ecdcbd8314","2019-01-24",65.89,19.77,17
"82b9ca49aa8b92fd1cf0963b52fb1734eda3232303c669d02f2537ecdcbd8314","2020-09-10",43.89,13.17,337
"82b9ca49aa8b92fd1cf0963b52fb1734eda3232303c669d02f2537ecdcbd8314","2019-03-29",71.39,21.42,23
"82b9ca49aa8b92fd1cf0963b52fb1734eda3232303c669d02f2537ecdcbd8314","2020-12-11",54.89,16.47,479
"82b9ca49aa8b92fd1cf0963b52fb1734eda3232303c669d02f2537ecdcbd8314","2020-02-06",60.39,18.12,27
"82b9ca49aa8b92fd1cf0963b52fb1734eda3232303c669d02f2537ecdcbd8314","2021-01-25",71.39,21.42,84
"82b9ca49aa8b92fd1cf0963b52fb1734eda3232303c669d02f2537ecdcbd8314","2019-11-13",71.39,21.42,23
"82b9ca49aa8b92fd1cf0963b52fb1734eda3232303c669d02f2537ecdcbd8314","2020-01-04",71.39,21.42,21
"82b9ca49aa8b92fd1cf0963b52fb1734eda3232303c669d02f2537ecdcbd8314","2019-04-02",71.39,21.42,18
"82b9ca49aa8b92fd1cf0963b52fb1734eda3232303c669d02f2537ecdcbd8314","2019-01-26",65.89,19.77,14
"82b9ca49aa8b92fd1cf0963b52fb1734eda3232303c669d02f2537ecdcbd8314","2020-08-01",71.39,21.42,29
"82b9ca49aa8b92fd1cf0963b52fb1734eda3232303c669d02f2537ecdcbd8314","2020-06-11",71.08,21.32,82
"82b9ca49aa8b92fd1cf0963b52fb1734eda3232303c669d02f2537ecdcbd8314","2020-09-19",71.39,21.42,49
"82b9ca49aa8b92fd1cf0963b52fb1734eda3232303c669d02f2537ecdcbd8314","2020-12-19",71.39,21.42,207
"82b9ca49aa8b92fd1cf0963b52fb1734eda3232303c669d02f2537ecdcbd8314","2020-01-01",71.39,21.42,6
"82b9ca49aa8b92fd1cf0963b52fb1734eda3232303c669d02f2537ecdcbd8314","2019-04-18",71.39,21.42,82
"82b9ca49aa8b92fd1cf0963b52fb1734eda3232303c669d02f2537ecdcbd8314","2020-03-13",47.19,14.16,179
"82b9ca49aa8b92fd1cf0963b52fb1734eda3232303c669d02f2537ecdcbd8314","2019-10-13",71.39,21.42,17
"82b9ca49aa8b92fd1cf0963b52fb1734eda3232303c669d02f2537ecdcbd8314","2020-09-05",71.39,21.42,53
"82b9ca49aa8b92fd1cf0963b52fb1734eda3232303c669d02f2537ecdcbd8314","2020-05-31",65.89,19.77,76
"82b9ca49aa8b92fd1cf0963b52fb1734eda3232303c669d02f2537ecdcbd8314","2020-10-31",51.59,15.48,192
"82b9ca49aa8b92fd1cf0963b52fb1734eda3232303c669d02f2537ecdcbd8314","2019-07-20",71.39,21.42,30
"82b9ca49aa8b92fd1cf0963b52fb1734eda3232303c669d02f2537ecdcbd8314","2020-06-19",71.39,21.42,59
"82b9ca49aa8b92fd1cf0963b52fb1734eda3232303c669d02f2537ecdcbd8314","2020-04-30",60.39,18.12,75
"82b9ca49aa8b92fd1cf0963b52fb1734eda3232303c669d02f2537ecdcbd8314","2019-04-30",71.39,21.42,6
"82b9ca49aa8b92fd1cf0963b52fb1734eda3232303c669d02f2537ecdcbd8314","2021-01-07",71.39,21.42,105
"82b9ca49aa8b92fd1cf0963b52fb1734eda3232303c669d02f2537ecdcbd8314","2019-06-12",71.39,21.42,27
"82b9ca49aa8b92fd1cf0963b52fb1734eda3232303c669d02f2537ecdcbd8314","2020-06-14",71.39,21.42,84
"82b9ca49aa8b92fd1cf0963b52fb1734eda3232303c669d02f2537ecdcbd8314","2020-11-21",54.95,16.48,291
"82b9ca49aa8b92fd1cf0963b52fb1734eda3232303c669d02f2537ecdcbd8314","2020-07-23",71.39,21.42,67
"82b9ca49aa8b92fd1cf0963b52fb1734eda3232303c669d02f2537ecdcbd8314","2019-01-04",65.89,19.77,20
"82b9ca49aa8b92fd1cf0963b52fb1734eda3232303c669d02f2537ecdcbd8314","2020-11-05",51.59,15.48,263
"82b9ca49aa8b92fd1cf0963b52fb1734eda3232303c669d02f2537ecdcbd8314","2020-05-10",60.39,18.12,102
"82b9ca49aa8b92fd1cf0963b52fb1734eda3232303c669d02f2537ecdcbd8314","2020-05-14",65.74,19.72,74
"82b9ca49aa8b92fd1cf0963b52fb1734eda3232303c669d02f2537ecdcbd8314","2019-10-27",71.39,21.42,23
"82b9ca49aa8b92fd1cf0963b52fb1734eda3232303c669d02f2537ecdcbd8314","2019-10-20",71.39,21.42,30
"82b9ca49aa8b92fd1cf0963b52fb1734eda3232303c669d02f2537ecdcbd8314","2020-02-28",60.39,18.12,42
"82b9ca49aa8b92fd1cf0963b52fb1734eda3232303c669d02f2537ecdcbd8314","2019-09-16",71.39,21.42,27
"82b9ca49aa8b92fd1cf0963b52fb1734eda3232303c669d02f2537ecdcbd8314","2020-12-06",54.89,16.47,292
"82b9ca49aa8b92fd1cf0963b52fb1734eda3232303c669d02f2537ecdcbd8314","2020-10-02",71.39,21.42,74
"82b9ca49aa8b92fd1cf0963b52fb1734eda3232303c669d02f2537ecdcbd8314","2020-02-15",60.39,18.12,21
"82b9ca49aa8b92fd1cf0963b52fb1734eda3232303c669d02f2537ecdcbd8314","2021-01-27",71.39,21.42,81
"82b9ca49aa8b92fd1cf0963b52fb1734eda3232303c669d02f2537ecdcbd8314","2020-12-16",71.39,21.42,177
"82b9ca49aa8b92fd1cf0963b52fb1734eda3232303c669d02f2537ecdcbd8314","2019-08-31",71.39,21.42,33
"82b9ca49aa8b92fd1cf0963b52fb1734eda3232303c669d02f2537ecdcbd8314","2020-07-06",71.39,21.42,53
"82b9ca49aa8b92fd1cf0963b52fb1734eda3232303c669d02f2537ecdcbd8314","2019-08-05",71.39,21.42,14
"82b9ca49aa8b92fd1cf0963b52fb1734eda3232303c669d02f2537ecdcbd8314","2019-12-04",43.89,13.17,260
"82b9ca49aa8b92fd1cf0963b52fb1734eda3232303c669d02f2537ecdcbd8314","2020-04-08",60.39,18.12,78
"82b9ca49aa8b92fd1cf0963b52fb1734eda3232303c669d02f2537ecdcbd8314","2019-11-21",43.89,13.17,228
"82b9ca49aa8b92fd1cf0963b52fb1734eda3232303c669d02f2537ecdcbd8314","2019-11-04",71.39,21.42,23
"82b9ca49aa8b92fd1cf0963b52fb1734eda3232303c669d02f2537ecdcbd8314","2020-09-25",71.39,21.42,73
"82b9ca49aa8b92fd1cf0963b52fb1734eda3232303c669d02f2537ecdcbd8314","2019-11-12",71.39,21.42,23
"82b9ca49aa8b92fd1cf0963b52fb1734eda3232303c669d02f2537ecdcbd8314","2019-06-16",71.39,21.42,20
"82b9ca49aa8b92fd1cf0963b52fb1734eda3232303c669d02f2537ecdcbd8314","2019-03-26",71.39,21.42,20
"82b9ca49aa8b92fd1cf0963b52fb1734eda3232303c669d02f2537ecdcbd8314","2019-11-18",43.89,13.17,197
"82b9ca49aa8b92fd1cf0963b52fb1734eda3232303c669d02f2537ecdcbd8314","2019-02-10",65.89,19.77,14
"56154e85b0dacaa9d34e280f4470e0dd2db370c22d98ec775c7d2fd6827eba5c","2020-12-15",219.89,65.97,123
"56154e85b0dacaa9d34e280f4470e0dd2db370c22d98ec775c7d2fd6827eba5c","2020-07-30",219.89,65.97,117
"56154e85b0dacaa9d34e280f4470e0dd2db370c22d98ec775c7d2fd6827eba5c","2020-09-05",219.89,65.97,78
"56154e85b0dacaa9d34e280f4470e0dd2db370c22d98ec775c7d2fd6827eba5c","2019-07-28",219.89,65.97,81
"56154e85b0dacaa9d34e280f4470e0dd2db370c22d98ec775c7d2fd6827eba5c","2020-05-05",212.78,63.84,173
"56154e85b0dacaa9d34e280f4470e0dd2db370c22d98ec775c7d2fd6827eba5c","2019-08-29",66.99,20.10,160
"56154e85b0dacaa9d34e280f4470e0dd2db370c22d98ec775c7d2fd6827eba5c","2020-02-16",219.89,65.97,119
"56154e85b0dacaa9d34e280f4470e0dd2db370c22d98ec775c7d2fd6827eba5c","2020-04-09",219.89,65.97,279
"56154e85b0dacaa9d34e280f4470e0dd2db370c22d98ec775c7d2fd6827eba5c","2020-05-02",219.89,65.97,184
"56154e85b0dacaa9d34e280f4470e0dd2db370c22d98ec775c7d2fd6827eba5c","2020-01-14",219.89,65.97,93
"56154e85b0dacaa9d34e280f4470e0dd2db370c22d98ec775c7d2fd6827eba5c","2019-11-10",219.89,65.97,80
"56154e85b0dacaa9d34e280f4470e0dd2db370c22d98ec775c7d2fd6827eba5c","2019-11-15",167.79,50.34,120
"56154e85b0dacaa9d34e280f4470e0dd2db370c22d98ec775c7d2fd6827eba5c","2019-12-01",218.91,65.67,80
"56154e85b0dacaa9d34e280f4470e0dd2db370c22d98ec775c7d2fd6827eba5c","2019-12-16",219.89,65.97,100
"56154e85b0dacaa9d34e280f4470e0dd2db370c22d98ec775c7d2fd6827eba5c","2019-09-16",219.89,65.97,100
"56154e85b0dacaa9d34e280f4470e0dd2db370c22d98ec775c7d2fd6827eba5c","2019-09-21",219.89,65.97,64
"56154e85b0dacaa9d34e280f4470e0dd2db370c22d98ec775c7d2fd6827eba5c","2019-04-30",210.47,63.14,3
"56154e85b0dacaa9d34e280f4470e0dd2db370c22d98ec775c7d2fd6827eba5c","2019-08-16",219.89,65.97,75
"56154e85b0dacaa9d34e280f4470e0dd2db370c22d98ec775c7d2fd6827eba5c","2021-01-16",219.89,65.97,281
"56154e85b0dacaa9d34e280f4470e0dd2db370c22d98ec775c7d2fd6827eba5c","2020-07-27",219.89,65.97,130
"56154e85b0dacaa9d34e280f4470e0dd2db370c22d98ec775c7d2fd6827eba5c","2019-10-26",219.89,65.97,69
"56154e85b0dacaa9d34e280f4470e0dd2db370c22d98ec775c7d2fd6827eba5c","2020-06-05",219.67,65.90,167
"56154e85b0dacaa9d34e280f4470e0dd2db370c22d98ec775c7d2fd6827eba5c","2020-08-18",219.89,65.97,69
"56154e85b0dacaa9d34e280f4470e0dd2db370c22d98ec775c7d2fd6827eba5c","2020-07-02",219.89,65.97,146
"56154e85b0dacaa9d34e280f4470e0dd2db370c22d98ec775c7d2fd6827eba5c","2020-03-05",219.56,65.87,81
"56154e85b0dacaa9d34e280f4470e0dd2db370c22d98ec775c7d2fd6827eba5c","2020-12-25",219.89,65.97,129
"56154e85b0dacaa9d34e280f4470e0dd2db370c22d98ec775c7d2fd6827eba5c","2021-01-22",219.89,65.97,61
"56154e85b0dacaa9d34e280f4470e0dd2db370c22d98ec775c7d2fd6827eba5c","2019-09-11",219.89,65.97,68
"56154e85b0dacaa9d34e280f4470e0dd2db370c22d98ec775c7d2fd6827eba5c","2019-06-24",219.89,65.97,80
"56154e85b0dacaa9d34e280f4470e0dd2db370c22d98ec775c7d2fd6827eba5c","2019-10-08",219.89,65.97,76
"56154e85b0dacaa9d34e280f4470e0dd2db370c22d98ec775c7d2fd6827eba5c","2019-08-21",219.89,65.97,50
"56154e85b0dacaa9d34e280f4470e0dd2db370c22d98ec775c7d2fd6827eba5c","2019-10-07",219.89,65.97,96
"56154e85b0dacaa9d34e280f4470e0dd2db370c22d98ec775c7d2fd6827eba5c","2020-06-09",219.89,65.97,188
"56154e85b0dacaa9d34e280f4470e0dd2db370c22d98ec775c7d2fd6827eba5c","2019-05-21",219.89,65.97,79
"56154e85b0dacaa9d34e280f4470e0dd2db370c22d98ec775c7d2fd6827eba5c","2020-04-29",219.89,65.97,240
"56154e85b0dacaa9d34e280f4470e0dd2db370c22d98ec775c7d2fd6827eba5c","2019-11-12",219.89,65.97,75
"56154e85b0dacaa9d34e280f4470e0dd2db370c22d98ec775c7d2fd6827eba5c","2020-12-12",219.89,65.97,192
"56154e85b0dacaa9d34e280f4470e0dd2db370c22d98ec775c7d2fd6827eba5c","2019-08-28",145.94,43.78,81
"56154e85b0dacaa9d34e280f4470e0dd2db370c22d98ec775c7d2fd6827eba5c","2020-10-11",219.89,65.97,209
"56154e85b0dacaa9d34e280f4470e0dd2db370c22d98ec775c7d2fd6827eba5c","2019-06-15",219.89,65.97,61
"56154e85b0dacaa9d34e280f4470e0dd2db370c22d98ec775c7d2fd6827eba5c","2019-06-08",219.89,65.97,66
"56154e85b0dacaa9d34e280f4470e0dd2db370c22d98ec775c7d2fd6827eba5c","2019-08-02",219.89,65.97,67
"56154e85b0dacaa9d34e280f4470e0dd2db370c22d98ec775c7d2fd6827eba5c","2020-01-10",219.89,65.97,155
"56154e85b0dacaa9d34e280f4470e0dd2db370c22d98ec775c7d2fd6827eba5c","2020-06-15",219.89,65.97,220
"56154e85b0dacaa9d34e280f4470e0dd2db370c22d98ec775c7d2fd6827eba5c","2019-05-03",219.89,65.97,87
"56154e85b0dacaa9d34e280f4470e0dd2db370c22d98ec775c7d2fd6827eba5c","2020-04-25",219.89,65.97,175
"56154e85b0dacaa9d34e280f4470e0dd2db370c22d98ec775c7d2fd6827eba5c","2020-03-29",219.89,65.97,133
"56154e85b0dacaa9d34e280f4470e0dd2db370c22d98ec775c7d2fd6827eba5c","2019-06-29",219.89,65.97,57
"56154e85b0dacaa9d34e280f4470e0dd2db370c22d98ec775c7d2fd6827eba5c","2020-03-23",219.56,65.87,94
"56154e85b0dacaa9d34e280f4470e0dd2db370c22d98ec775c7d2fd6827eba5c","2020-03-16",219.89,65.97,100
"56154e85b0dacaa9d34e280f4470e0dd2db370c22d98ec775c7d2fd6827eba5c","2019-08-18",219.63,65.89,61
"56154e85b0dacaa9d34e280f4470e0dd2db370c22d98ec775c7d2fd6827eba5c","2020-09-08",219.89,65.97,107
"56154e85b0dacaa9d34e280f4470e0dd2db370c22d98ec775c7d2fd6827eba5c","2020-06-20",219.89,65.97,146
"56154e85b0dacaa9d34e280f4470e0dd2db370c22d98ec775c7d2fd6827eba5c","2019-05-19",219.89,65.97,68
"56154e85b0dacaa9d34e280f4470e0dd2db370c22d98ec775c7d2fd6827eba5c","2020-03-26",165.44,49.63,1
"56154e85b0dacaa9d34e280f4470e0dd2db370c22d98ec775c7d2fd6827eba5c","2020-02-28",219.89,65.97,135
"56154e85b0dacaa9d34e280f4470e0dd2db370c22d98ec775c7d2fd6827eba5c","2020-08-30",219.89,65.97,153
"56154e85b0dacaa9d34e280f4470e0dd2db370c22d98ec775c7d2fd6827eba5c","2020-06-07",219.81,65.94,194
"56154e85b0dacaa9d34e280f4470e0dd2db370c22d98ec775c7d2fd6827eba5c","2020-03-28",219.89,65.97,55
"56154e85b0dacaa9d34e280f4470e0dd2db370c22d98ec775c7d2fd6827eba5c","2019-11-16",219.89,65.97,68
"56154e85b0dacaa9d34e280f4470e0dd2db370c22d98ec775c7d2fd6827eba5c","2019-04-26",219.89,65.97,101
"56154e85b0dacaa9d34e280f4470e0dd2db370c22d98ec775c7d2fd6827eba5c","2020-02-21",219.89,65.97,90
"56154e85b0dacaa9d34e280f4470e0dd2db370c22d98ec775c7d2fd6827eba5c","2020-08-07",219.89,65.97,91
"56154e85b0dacaa9d34e280f4470e0dd2db370c22d98ec775c7d2fd6827eba5c","2020-07-01",219.89,65.97,104
"56154e85b0dacaa9d34e280f4470e0dd2db370c22d98ec775c7d2fd6827eba5c","2020-01-30",219.89,65.97,105
"56154e85b0dacaa9d34e280f4470e0dd2db370c22d98ec775c7d2fd6827eba5c","2020-08-16",219.89,65.97,154
"56154e85b0dacaa9d34e280f4470e0dd2db370c22d98ec775c7d2fd6827eba5c","2019-06-13",219.89,65.97,86
"56154e85b0dacaa9d34e280f4470e0dd2db370c22d98ec775c7d2fd6827eba5c","2020-05-31",219.89,65.97,165
"56154e85b0dacaa9d34e280f4470e0dd2db370c22d98ec775c7d2fd6827eba5c","2020-12-07",219.89,65.97,171
"56154e85b0dacaa9d34e280f4470e0dd2db370c22d98ec775c7d2fd6827eba5c","2019-05-24",219.89,65.97,98
"56154e85b0dacaa9d34e280f4470e0dd2db370c22d98ec775c7d2fd6827eba5c","2020-12-09",214.04,64.21,196
"56154e85b0dacaa9d34e280f4470e0dd2db370c22d98ec775c7d2fd6827eba5c","2020-01-18",219.89,65.97,83
"56154e85b0dacaa9d34e280f4470e0dd2db370c22d98ec775c7d2fd6827eba5c","2020-05-03",219.89,65.97,195
"56154e85b0dacaa9d34e280f4470e0dd2db370c22d98ec775c7d2fd6827eba5c","2019-12-05",217.98,65.39,92
"56154e85b0dacaa9d34e280f4470e0dd2db370c22d98ec775c7d2fd6827eba5c","2020-11-13",219.89,65.97,160
"56154e85b0dacaa9d34e280f4470e0dd2db370c22d98ec775c7d2fd6827eba5c","2020-04-12",219.27,65.78,105
"56154e85b0dacaa9d34e280f4470e0dd2db370c22d98ec775c7d2fd6827eba5c","2019-12-24",175.89,52.77,6
"56154e85b0dacaa9d34e280f4470e0dd2db370c22d98ec775c7d2fd6827eba5c","2019-11-24",219.89,65.97,88
"56154e85b0dacaa9d34e280f4470e0dd2db370c22d98ec775c7d2fd6827eba5c","2019-08-13",219.89,65.97,101
"56154e85b0dacaa9d34e280f4470e0dd2db370c22d98ec775c7d2fd6827eba5c","2019-09-30",219.89,65.97,91
"56154e85b0dacaa9d34e280f4470e0dd2db370c22d98ec775c7d2fd6827eba5c","2019-08-17",219.89,65.97,57
"56154e85b0dacaa9d34e280f4470e0dd2db370c22d98ec775c7d2fd6827eba5c","2020-04-10",219.89,65.97,157
"56154e85b0dacaa9d34e280f4470e0dd2db370c22d98ec775c7d2fd6827eba5c","2020-09-30",219.89,65.97,176
"56154e85b0dacaa9d34e280f4470e0dd2db370c22d98ec775c7d2fd6827eba5c","2019-08-09",219.89,65.97,65
"56154e85b0dacaa9d34e280f4470e0dd2db370c22d98ec775c7d2fd6827eba5c","2020-07-18",219.89,65.97,123
"56154e85b0dacaa9d34e280f4470e0dd2db370c22d98ec775c7d2fd6827eba5c","2020-02-04",219.89,65.97,84
"56154e85b0dacaa9d34e280f4470e0dd2db370c22d98ec775c7d2fd6827eba5c","2020-01-15",200.62,60.19,117
"56154e85b0dacaa9d34e280f4470e0dd2db370c22d98ec775c7d2fd6827eba5c","2020-02-10",219.89,65.97,75
"56154e85b0dacaa9d34e280f4470e0dd2db370c22d98ec775c7d2fd6827eba5c","2021-01-19",219.89,65.97,112
"56154e85b0dacaa9d34e280f4470e0dd2db370c22d98ec775c7d2fd6827eba5c","2020-02-18",219.89,65.97,90
"56154e85b0dacaa9d34e280f4470e0dd2db370c22d98ec775c7d2fd6827eba5c","2020-11-07",219.89,65.97,175
"56154e85b0dacaa9d34e280f4470e0dd2db370c22d98ec775c7d2fd6827eba5c","2020-01-19",219.89,65.97,90
"56154e85b0dacaa9d34e280f4470e0dd2db370c22d98ec775c7d2fd6827eba5c","2020-11-24",219.89,65.97,166
"56154e85b0dacaa9d34e280f4470e0dd2db370c22d98ec775c7d2fd6827eba5c","2020-08-29",219.89,65.97,133
"56154e85b0dacaa9d34e280f4470e0dd2db370c22d98ec775c7d2fd6827eba5c","2020-03-31",219.89,65.97,165
"56154e85b0dacaa9d34e280f4470e0dd2db370c22d98ec775c7d2fd6827eba5c","2020-05-18",219.89,65.97,222
"56154e85b0dacaa9d34e280f4470e0dd2db370c22d98ec775c7d2fd6827eba5c","2020-05-26",187.11,56.13,318
"56154e85b0dacaa9d34e280f4470e0dd2db370c22d98ec775c7d2fd6827eba5c","2020-04-02",219.89,65.97,139
"56154e85b0dacaa9d34e280f4470e0dd2db370c22d98ec775c7d2fd6827eba5c","2019-05-20",219.20,65.76,108
"56154e85b0dacaa9d34e280f4470e0dd2db370c22d98ec775c7d2fd6827eba5c","2019-09-01",219.34,65.80,53
"56154e85b0dacaa9d34e280f4470e0dd2db370c22d98ec775c7d2fd6827eba5c","2020-08-13",216.67,65.00,155
"56154e85b0dacaa9d34e280f4470e0dd2db370c22d98ec775c7d2fd6827eba5c","2020-01-21",218.21,65.46,89
"56154e85b0dacaa9d34e280f4470e0dd2db370c22d98ec775c7d2fd6827eba5c","2020-11-01",219.89,65.97,240
"56154e85b0dacaa9d34e280f4470e0dd2db370c22d98ec775c7d2fd6827eba5c","2019-12-07",217.83,65.35,90
"56154e85b0dacaa9d34e280f4470e0dd2db370c22d98ec775c7d2fd6827eba5c","2020-02-12",219.89,65.97,110
"56154e85b0dacaa9d34e280f4470e0dd2db370c22d98ec775c7d2fd6827eba5c","2020-04-26",219.89,65.97,177
"56154e85b0dacaa9d34e280f4470e0dd2db370c22d98ec775c7d2fd6827eba5c","2019-07-04",219.89,65.97,49
"56154e85b0dacaa9d34e280f4470e0dd2db370c22d98ec775c7d2fd6827eba5c","2020-05-25",199.51,59.85,216
"56154e85b0dacaa9d34e280f4470e0dd2db370c22d98ec775c7d2fd6827eba5c","2020-02-29",219.89,65.97,99
"56154e85b0dacaa9d34e280f4470e0dd2db370c22d98ec775c7d2fd6827eba5c","2019-09-15",219.66,65.90,77
"56154e85b0dacaa9d34e280f4470e0dd2db370c22d98ec775c7d2fd6827eba5c","2020-11-04",219.89,65.97,67
"56154e85b0dacaa9d34e280f4470e0dd2db370c22d98ec775c7d2fd6827eba5c","2019-12-10",219.56,65.87,91
"56154e85b0dacaa9d34e280f4470e0dd2db370c22d98ec775c7d2fd6827eba5c","2019-06-25",219.89,65.97,66
"56154e85b0dacaa9d34e280f4470e0dd2db370c22d98ec775c7d2fd6827eba5c","2020-06-27",219.66,65.90,77
"56154e85b0dacaa9d34e280f4470e0dd2db370c22d98ec775c7d2fd6827eba5c","2020-03-27",203.20,60.96,214
"56154e85b0dacaa9d34e280f4470e0dd2db370c22d98ec775c7d2fd6827eba5c","2019-08-11",219.63,65.89,68
"56154e85b0dacaa9d34e280f4470e0dd2db370c22d98ec775c7d2fd6827eba5c","2019-04-14",219.89,65.97,60
"56154e85b0dacaa9d34e280f4470e0dd2db370c22d98ec775c7d2fd6827eba5c","2020-07-11",219.89,65.97,132
"56154e85b0dacaa9d34e280f4470e0dd2db370c22d98ec775c7d2fd6827eba5c","2019-08-01",216.92,65.08,56
"56154e85b0dacaa9d34e280f4470e0dd2db370c22d98ec775c7d2fd6827eba5c","2019-10-03",217.72,65.32,118
"56154e85b0dacaa9d34e280f4470e0dd2db370c22d98ec775c7d2fd6827eba5c","2020-06-02",219.89,65.97,159
