data/ml_task_data.csv
"product_id","date","sell_price","margin","sales"
"56154e85b0dacaa9d34e280f4470e0dd2db370c22d98ec775c7d2fd6827eba5c","2020-10-22",219.89,65.97,190
"56154e85b0dacaa9d34e280f4470e0dd2db370c22d98ec775c7d2fd6827eba5c","2020-04-15",219.41,65.82,168
"56154e85b0dacaa9d34e280f4470e0dd2db370c22d98ec775c7d2fd6827eba5c","2019-12-17",219.89,65.97,75
"56154e85b0dacaa9d34e280f4470e0dd2db370c22d98ec775c7d2fd6827eba5c","2020-11-28",219.89,65.97,298
"56154e85b0dacaa9d34e280f4470e0dd2db370c22d98ec775c7d2fd6827eba5c","2020-10-09",219.89,65.97,1
"56154e85b0dacaa9d34e280f4470e0dd2db370c22d98ec775c7d2fd6827eba5c","2020-10-23",219.89,65.97,175
"56154e85b0dacaa9d34e280f4470e0dd2db370c22d98ec775c7d2fd6827eba5c","2019-10-14",148.52,44.56,145
"56154e85b0dacaa9d34e280f4470e0dd2db370c22d98ec775c7d2fd6827eba5c","2020-12-19",219.89,65.97,346
"56154e85b0dacaa9d34e280f4470e0dd2db370c22d98ec775c7d2fd6827eba5c","2020-10-27",219.89,65.97,168
"56154e85b0dacaa9d34e280f4470e0dd2db370c22d98ec775c7d2fd6827eba5c","2019-12-13",219.89,65.97,112
"56154e85b0dacaa9d34e280f4470e0dd2db370c22d98ec775c7d2fd6827eba5c","2019-04-27",219.89,65.97,47
"56154e85b0dacaa9d34e280f4470e0dd2db370c22d98ec775c7d2fd6827eba5c","2020-02-13",219.89,65.97,118
"56154e85b0dacaa9d34e280f4470e0dd2db370c22d98ec775c7d2fd6827eba5c","2020-02-07",218.81,65.64,106
"56154e85b0dacaa9d34e280f4470e0dd2db370c22d98ec775c7d2fd6827eba5c","2019-09-13",219.89,65.97,85
"56154e85b0dacaa9d34e280f4470e0dd2db370c22d98ec775c7d2fd6827eba5c","2019-05-08",219.89,65.97,70
"56154e85b0dacaa9d34e280f4470e0dd2db370c22d98ec775c7d2fd6827eba5c","2019-07-03",219.89,65.97,75
"56154e85b0dacaa9d34e280f4470e0dd2db370c22d98ec775c7d2fd6827eba5c","2019-11-09",219.89,65.97,86
"56154e85b0dacaa9d34e280f4470e0dd2db370c22d98ec775c7d2fd6827eba5c","2019-06-05",209.07,62.72,84
"56154e85b0dacaa9d34e280f4470e0dd2db370c22d98ec775c7d2fd6827eba5c","2020-01-07",219.65,65.89,153
"56154e85b0dacaa9d34e280f4470e0dd2db370c22d98ec775c7d2fd6827eba5c","2020-06-01",219.77,65.93,188
"56154e85b0dacaa9d34e280f4470e0dd2db370c22d98ec775c7d2fd6827eba5c","2019-12-26",109.89,32.97,116
"56154e85b0dacaa9d34e280f4470e0dd2db370c22d98ec775c7d2fd6827eba5c","2020-08-10",219.89,65.97,184
"56154e85b0dacaa9d34e280f4470e0dd2db370c22d98ec775c7d2fd6827eba5c","2020-02-08",219.89,65.97,101
"56154e85b0dacaa9d34e280f4470e0dd2db370c22d98ec775c7d2fd6827eba5c","2019-09-06",219.89,65.97,56
"56154e85b0dacaa9d34e280f4470e0dd2db370c22d98ec775c7d2fd6827eba5c","2020-12-02",219.89,65.97,187
"56154e85b0dacaa9d34e280f4470e0dd2db370c22d98ec775c7d2fd6827eba5c","2020-08-12",216.74,65.02,47
"56154e85b0dacaa9d34e280f4470e0dd2db370c22d98ec775c7d2fd6827eba5c","2020-01-31",219.89,65.97,70
"56154e85b0dacaa9d34e280f4470e0dd2db370c22d98ec775c7d2fd6827eba5c","2020-05-16",219.89,65.97,217
"56154e85b0dacaa9d34e280f4470e0dd2db370c22d98ec775c7d2fd6827eba5c","2020-12-16",219.89,65.97,169
"56154e85b0dacaa9d34e280f4470e0dd2db370c22d98ec775c7d2fd6827eba5c","2020-10-03",219.89,65.97,154
"56154e85b0dacaa9d34e280f4470e0dd2db370c22d98ec775c7d2fd6827eba5c","2019-11-29",219.65,65.89,108
"56154e85b0dacaa9d34e280f4470e0dd2db370c22d98ec775c7d2fd6827eba5c","2021-01-15",219.89,65.97,108
"56154e85b0dacaa9d34e280f4470e0dd2db370c22d98ec775c7d2fd6827eba5c","2020-05-29",218.91,65.67,189
"56154e85b0dacaa9d34e280f4470e0dd2db370c22d98ec775c7d2fd6827eba5c","2019-11-05",219.89,65.97,69
"56154e85b0dacaa9d34e280f4470e0dd2db370c22d98ec775c7d2fd6827eba5c","2019-07-23",219.89,65.97,79
"56154e85b0dacaa9d34e280f4470e0dd2db370c22d98ec775c7d2fd6827eba5c","2020-05-19",219.89,65.97,223
"56154e85b0dacaa9d34e280f4470e0dd2db370c22d98ec775c7d2fd6827eba5c","2019-06-28",219.89,65.97,67
"56154e85b0dacaa9d34e280f4470e0dd2db370c22d98ec775c7d2fd6827eba5c","2019-12-12",219.07,65.72,114
"56154e85b0dacaa9d34e280f4470e0dd2db370c22d98ec775c7d2fd6827eba5c","2020-01-01",218.91,65.67,61
"56154e85b0dacaa9d34e280f4470e0dd2db370c22d98ec775c7d2fd6827eba5c","2020-03-15",219.89,65.97,133
"56154e85b0dacaa9d34e280f4470e0dd2db370c22d98ec775c7d2fd6827eba5c","2019-08-15",207.81,62.34,138
"56154e85b0dacaa9d34e280f4470e0dd2db370c22d98ec775c7d2fd6827eba5c","2019-10-16",205.23,61.57,111
"56154e85b0dacaa9d34e280f4470e0dd2db370c22d98ec775c7d2fd6827eba5c","2020-06-26",219.89,65.97,159
"56154e85b0dacaa9d34e280f4470e0dd2db370c22d98ec775c7d2fd6827eba5c","2020-10-30",219.89,65.97,111
"56154e85b0dacaa9d34e280f4470e0dd2db370c22d98ec775c7d2fd6827eba5c","2020-10-31",219.89,65.97,191
"56154e85b0dacaa9d34e280f4470e0dd2db370c22d98ec775c7d2fd6827eba5c","2020-07-06",219.89,65.97,132
"56154e85b0dacaa9d34e280f4470e0dd2db370c22d98ec775c7d2fd6827eba5c","2019-10-06",219.74,65.92,100
"56154e85b0dacaa9d34e280f4470e0dd2db370c22d98ec775c7d2fd6827eba5c","2020-02-22",219.89,65.97,108
"56154e85b0dacaa9d34e280f4470e0dd2db370c22d98ec775c7d2fd6827eba5c","2019-07-16",219.89,65.97,110
"56154e85b0dacaa9d34e280f4470e0dd2db370c22d98ec775c7d2fd6827eba5c","2020-12-29",214.25,64.27,258
"56154e85b0dacaa9d34e280f4470e0dd2db370c22d98ec775c7d2fd6827eba5c","2020-01-22",211.26,63.38,61
"56154e85b0dacaa9d34e280f4470e0dd2db370c22d98ec775c7d2fd6827eba5c","2019-10-17",191.70,57.51,120
"56154e85b0dacaa9d34e280f4470e0dd2db370c22d98ec775c7d2fd6827eba5c","2020-11-19",219.89,65.97,2
"56154e85b0dacaa9d34e280f4470e0dd2db370c22d98ec775c7d2fd6827eba5c","2020-03-09",219.89,65.97,100
"56154e85b0dacaa9d34e280f4470e0dd2db370c22d98ec775c7d2fd6827eba5c","2019-04-24",190.41,57.12,51
"56154e85b0dacaa9d34e280f4470e0dd2db370c22d98ec775c7d2fd6827eba5c","2020-04-04",219.76,65.93,181
"56154e85b0dacaa9d34e280f4470e0dd2db370c22d98ec775c7d2fd6827eba5c","2021-01-23",219.89,65.97,131
"56154e85b0dacaa9d34e280f4470e0dd2db370c22d98ec775c7d2fd6827eba5c","2020-09-01",219.89,65.97,115
"56154e85b0dacaa9d34e280f4470e0dd2db370c22d98ec775c7d2fd6827eba5c","2020-12-13",219.89,65.97,234
"56154e85b0dacaa9d34e280f4470e0dd2db370c22d98ec775c7d2fd6827eba5c","2020-02-25",219.89,65.97,162
"56154e85b0dacaa9d34e280f4470e0dd2db370c22d98ec775c7d2fd6827eba5c","2020-11-11",218.75,65.62,150
"56154e85b0dacaa9d34e280f4470e0dd2db370c22d98ec775c7d2fd6827eba5c","2019-12-11",217.73,65.32,82
"56154e85b0dacaa9d34e280f4470e0dd2db370c22d98ec775c7d2fd6827eba5c","2020-08-19",219.89,65.97,109
"56154e85b0dacaa9d34e280f4470e0dd2db370c22d98ec775c7d2fd6827eba5c","2020-01-28",219.89,65.97,71
"56154e85b0dacaa9d34e280f4470e0dd2db370c22d98ec775c7d2fd6827eba5c","2020-05-01",219.89,65.97,193
"56154e85b0dacaa9d34e280f4470e0dd2db370c22d98ec775c7d2fd6827eba5c","2019-10-05",219.89,65.97,91
"56154e85b0dacaa9d34e280f4470e0dd2db370c22d98ec775c7d2fd6827eba5c","2020-03-18",219.89,65.97,1
"56154e85b0dacaa9d34e280f4470e0dd2db370c22d98ec775c7d2fd6827eba5c","2020-12-17",219.89,65.97,274
"56154e85b0dacaa9d34e280f4470e0dd2db370c22d98ec775c7d2fd6827eba5c","2019-07-30",219.49,65.85,74
"56154e85b0dacaa9d34e280f4470e0dd2db370c22d98ec775c7d2fd6827eba5c","2020-08-08",219.69,65.91,144
"56154e85b0dacaa9d34e280f4470e0dd2db370c22d98ec775c7d2fd6827eba5c","2019-08-07",207.70,62.31,55
"56154e85b0dacaa9d34e280f4470e0dd2db370c22d98ec775c7d2fd6827eba5c","2020-11-30",219.89,65.97,245
"56154e85b0dacaa9d34e280f4470e0dd2db370c22d98ec775c7d2fd6827eba5c","2019-08-06",219.89,65.97,61
"56154e85b0dacaa9d34e280f4470e0dd2db370c22d98ec775c7d2fd6827eba5c","2021-01-18",219.89,65.97,160
"56154e85b0dacaa9d34e280f4470e0dd2db370c22d98ec775c7d2fd6827eba5c","2020-12-20",219.89,65.97,345
"56154e85b0dacaa9d34e280f4470e0dd2db370c22d98ec775c7d2fd6827eba5c","2019-09-14",217.94,65.38,90
"56154e85b0dacaa9d34e280f4470e0dd2db370c22d98ec775c7d2fd6827eba5c","2021-01-26",219.89,65.97,206
"56154e85b0dacaa9d34e280f4470e0dd2db370c22d98ec775c7d2fd6827eba5c","2019-10-23",212.67,63.80,56
"56154e85b0dacaa9d34e280f4470e0dd2db370c22d98ec775c7d2fd6827eba5c","2019-12-25",157.82,47.35,60
"56154e85b0dacaa9d34e280f4470e0dd2db370c22d98ec775c7d2fd6827eba5c","2019-04-16",202.06,60.62,23
"56154e85b0dacaa9d34e280f4470e0dd2db370c22d98ec775c7d2fd6827eba5c","2019-05-10",218.97,65.69,83
"56154e85b0dacaa9d34e280f4470e0dd2db370c22d98ec775c7d2fd6827eba5c","2020-01-23",219.89,65.97,103
"56154e85b0dacaa9d34e280f4470e0dd2db370c22d98ec775c7d2fd6827eba5c","2020-05-08",219.89,65.97,197
"56154e85b0dacaa9d34e280f4470e0dd2db370c22d98ec775c7d2fd6827eba5c","2020-04-23",219.89,65.97,244
"56154e85b0dacaa9d34e280f4470e0dd2db370c22d98ec775c7d2fd6827eba5c","2019-05-28",219.30,65.79,75
"56154e85b0dacaa9d34e280f4470e0dd2db370c22d98ec775c7d2fd6827eba5c","2020-01-02",219.89,65.97,262
"56154e85b0dacaa9d34e280f4470e0dd2db370c22d98ec775c7d2fd6827eba5c","2020-11-23",219.89,65.97,86
"56154e85b0dacaa9d34e280f4470e0dd2db370c22d98ec775c7d2fd6827eba5c","2019-06-06",219.47,65.84,104
"56154e85b0dacaa9d34e280f4470e0dd2db370c22d98ec775c7d2fd6827eba5c","2020-09-02",219.89,65.97,105
"56154e85b0dacaa9d34e280f4470e0dd2db370c22d98ec775c7d2fd6827eba5c","2019-09-28",219.89,65.97,92
"56154e85b0dacaa9d34e280f4470e0dd2db370c22d98ec775c7d2fd6827eba5c","2019-04-21",219.89,65.97,42
"56154e85b0dacaa9d34e280f4470e0dd2db370c22d98ec775c7d2fd6827eba5c","2020-12-11",131.70,39.51,316
"56154e85b0dacaa9d34e280f4470e0dd2db370c22d98ec775c7d2fd6827eba5c","2020-05-24",219.89,65.97,174
"56154e85b0dacaa9d34e280f4470e0dd2db370c22d98ec775c7d2fd6827eba5c","2020-02-20",219.89,65.97,78
"56154e85b0dacaa9d34e280f4470e0dd2db370c22d98ec775c7d2fd6827eba5c","2019-12-15",219.57,65.87,99
"56154e85b0dacaa9d34e280f4470e0dd2db370c22d98ec775c7d2fd6827eba5c","2020-07-08",219.89,65.97,113
"56154e85b0dacaa9d34e280f4470e0dd2db370c22d98ec775c7d2fd6827eba5c","2020-01-16",199.29,59.79,134
"56154e85b0dacaa9d34e280f4470e0dd2db370c22d98ec775c7d2fd6827eba5c","2020-09-19",219.89,65.97,82
"56154e85b0dacaa9d34e280f4470e0dd2db370c22d98ec775c7d2fd6827eba5c","2020-04-19",219.89,65.97,198
"56154e85b0dacaa9d34e280f4470e0dd2db370c22d98ec775c7d2fd6827eba5c","2019-08-14",207.38,62.21,83
"56154e85b0dacaa9d34e280f4470e0dd2db370c22d98ec775c7d2fd6827eba5c","2020-11-14",219.89,65.97,157
"56154e85b0dacaa9d34e280f4470e0dd2db370c22d98ec775c7d2fd6827eba5c","2020-04-13",219.63,65.89,93
"56154e85b0dacaa9d34e280f4470e0dd2db370c22d98ec775c7d2fd6827eba5c","2019-06-09",218.82,65.65,80
"56154e85b0dacaa9d34e280f4470e0dd2db370c22d98ec775c7d2fd6827eba5c","2019-09-27",217.61,65.28,122
"56154e85b0dacaa9d34e280f4470e0dd2db370c22d98ec775c7d2fd6827eba5c","2019-11-27",212.59,63.78,84
"56154e85b0dacaa9d34e280f4470e0dd2db370c22d98ec775c7d2fd6827eba5c","2019-10-02",212.65,63.80,76
"56154e85b0dacaa9d34e280f4470e0dd2db370c22d98ec775c7d2fd6827eba5c","2019-07-17",219.89,65.97,59
"56154e85b0dacaa9d34e280f4470e0dd2db370c22d98ec775c7d2fd6827eba5c","2020-05-04",219.89,65.97,229
"56154e85b0dacaa9d34e280f4470e0dd2db370c22d98ec775c7d2fd6827eba5c","2019-10-29",219.69,65.91,160
"56154e85b0dacaa9d34e280f4470e0dd2db370c22d98ec775c7d2fd6827eba5c","2020-09-20",219.89,65.97,167
"56154e85b0dacaa9d34e280f4470e0dd2db370c22d98ec775c7d2fd6827eba5c","2020-02-26",198.94,59.68,125
"56154e85b0dacaa9d34e280f4470e0dd2db370c22d98ec775c7d2fd6827eba5c","2020-01-13",219.89,65.97,112
"56154e85b0dacaa9d34e280f4470e0dd2db370c22d98ec775c7d2fd6827eba5c","2020-04-20",219.89,65.97,100
"56154e85b0dacaa9d34e280f4470e0dd2db370c22d98ec775c7d2fd6827eba5c","2020-10-29",219.89,65.97,185
"56154e85b0dacaa9d34e280f4470e0dd2db370c22d98ec775c7d2fd6827eba5c","2020-05-13",219.89,65.97,124
"56154e85b0dacaa9d34e280f4470e0dd2db370c22d98ec775c7d2fd6827eba5c","2020-08-26",219.89,65.97,120
"56154e85b0dacaa9d34e280f4470e0dd2db370c22d98ec775c7d2fd6827eba5c","2020-05-20",218.92,65.68,252
"56154e85b0dacaa9d34e280f4470e0dd2db370c22d98ec775c7d2fd6827eba5c","2020-07-13",219.89,65.97,43
"56154e85b0dacaa9d34e280f4470e0dd2db370c22d98ec775c7d2fd6827eba5c","2019-04-23",217.91,65.37,86
"56154e85b0dacaa9d34e280f4470e0dd2db370c22d98ec775c7d2fd6827eba5c","2019-11-03",219.89,65.97,84
"56154e85b0dacaa9d34e280f4470e0dd2db370c22d98ec775c7d2fd6827eba5c","2019-05-13",219.89,65.97,56
"56154e85b0dacaa9d34e280f4470e0dd2db370c22d98ec775c7d2fd6827eba5c","2019-07-08",219.70,65.91,118
"56154e85b0dacaa9d34e280f4470e0dd2db370c22d98ec775c7d2fd6827eba5c","2020-03-14",219.89,65.97,217
"56154e85b0dacaa9d34e280f4470e0dd2db370c22d98ec775c7d2fd6827eba5c","2019-08-23",219.89,65.97,51
"56154e85b0dacaa9d34e280f4470e0dd2db370c22d98ec775c7d2fd6827eba5c","2019-07-27",219.89,65.97,49
"56154e85b0dacaa9d34e280f4470e0dd2db370c22d98ec775c7d2fd6827eba5c","2020-08-20",219.89,65.97,132
"56154e85b0dacaa9d34e280f4470e0dd2db370c22d98ec775c7d2fd6827eba5c","2020-05-22",219.68,65.90,225
"56154e85b0dacaa9d34e280f4470e0dd2db370c22d98ec775c7d2fd6827eba5c","2021-01-09",219.89,65.97,427
"56154e85b0dacaa9d34e280f4470e0dd2db370c22d98ec775c7d2fd6827eba5c","2019-11-06",212.18,63.65,80
"56154e85b0dacaa9d34e280f4470e0dd2db370c22d98ec775c7d2fd6827eba5c","2019-10-22",219.89,65.97,73
"56154e85b0dacaa9d34e280f4470e0dd2db370c22d98ec775c7d2fd6827eba5c","2020-07-09",219.89,65.97,107
"56154e85b0dacaa9d34e280f4470e0dd2db370c22d98ec775c7d2fd6827eba5c","2019-11-26",219.89,65.97,66
"56154e85b0dacaa9d34e280f4470e0dd2db370c22d98ec775c7d2fd6827eba5c","2019-07-06",219.89,65.97,55
"56154e85b0dacaa9d34e280f4470e0dd2db370c22d98ec775c7d2fd6827eba5c","2020-02-19",219.89,65.97,74
"56154e85b0dacaa9d34e280f4470e0dd2db370c22d98ec775c7d2fd6827eba5c","2020-09-10",219.89,65.97,183
"56154e85b0dacaa9d34e280f4470e0dd2db370c22d98ec775c7d2fd6827eba5c","2020-08-23",219.64,65.89,124
"56154e85b0dacaa9d34e280f4470e0dd2db370c22d98ec775c7d2fd6827eba5c","2019-12-21",218.86,65.66,144
"56154e85b0dacaa9d34e280f4470e0dd2db370c22d98ec775c7d2fd6827eba5c","2020-11-17",219.89,65.97,231
"56154e85b0dacaa9d34e280f4470e0dd2db370c22d98ec775c7d2fd6827eba5c","2020-06-12",219.89,65.97,204
"56154e85b0dacaa9d34e280f4470e0dd2db370c22d98ec775c7d2fd6827eba5c","2020-07-31",219.89,65.97,125
"56154e85b0dacaa9d34e280f4470e0dd2db370c22d98ec775c7d2fd6827eba5c","2019-12-04",218.32,65.50,90
"56154e85b0dacaa9d34e280f4470e0dd2db370c22d98ec775c7d2fd6827eba5c","2021-01-04",214.70,64.41,194
"56154e85b0dacaa9d34e280f4470e0dd2db370c22d98ec775c7d2fd6827eba5c","2019-11-01",219.89,65.97,110
"56154e85b0dacaa9d34e280f4470e0dd2db370c22d98ec775c7d2fd6827eba5c","2019-09-25",207.74,62.32,82
"56154e85b0dacaa9d34e280f4470e0dd2db370c22d98ec775c7d2fd6827eba5c","2020-09-07",219.89,65.97,162
"56154e85b0dacaa9d34e280f4470e0dd2db370c22d98ec775c7d2fd6827eba5c","2020-08-14",219.89,65.97,181
"56154e85b0dacaa9d34e280f4470e0dd2db370c22d98ec775c7d2fd6827eba5c","2020-08-22",219.89,65.97,105
"56154e85b0dacaa9d34e280f4470e0dd2db370c22d98ec775c7d2fd6827eba5c","2020-11-22",219.89,65.97,315
"56154e85b0dacaa9d34e280f4470e0dd2db370c22d98ec775c7d2fd6827eba5c","2019-11-02",219.89,65.97,89
"56154e85b0dacaa9d34e280f4470e0dd2db370c22d98ec775c7d2fd6827eba5c","2020-10-18",219.89,65.97,188
"56154e85b0dacaa9d34e280f4470e0dd2db370c22d98ec775c7d2fd6827eba5c","2020-04-21",219.89,65.97,11
"56154e85b0dacaa9d34e280f4470e0dd2db370c22d98ec775c7d2fd6827eba5c","2019-09-24",219.68,65.90,78
"56154e85b0dacaa9d34e280f4470e0dd2db370c22d98ec775c7d2fd6827eba5c","2020-01-27",219.77,65.93,98
"56154e85b0dacaa9d34e280f4470e0dd2db370c22d98ec775c7d2fd6827eba5c","2019-11-19",217.22,65.17,94
"56154e85b0dacaa9d34e280f4470e0dd2db370c22d98ec775c7d2fd6827eba5c","2021-01-10",219.89,65.97,238
"56154e85b0dacaa9d34e280f4470e0dd2db370c22d98ec775c7d2fd6827eba5c","2019-07-13",219.89,65.97,82
"56154e85b0dacaa9d34e280f4470e0dd2db370c22d98ec775c7d2fd6827eba5c","2019-07-12",219.89,65.97,51
"56154e85b0dacaa9d34e280f4470e0dd2db370c22d98ec775c7d2fd6827eba5c","2019-05-25",219.89,65.97,54
"56154e85b0dacaa9d34e280f4470e0dd2db370c22d98ec775c7d2fd6827eba5c","2020-01-17",217.87,65.36,115
"56154e85b0dacaa9d34e280f4470e0dd2db370c22d98ec775c7d2fd6827eba5c","2020-04-05",219.89,65.97,188
"56154e85b0dacaa9d34e280f4470e0dd2db370c22d98ec775c7d2fd6827eba5c","2019-08-24",216.22,64.86,47
"56154e85b0dacaa9d34e280f4470e0dd2db370c22d98ec775c7d2fd6827eba5c","2021-01-20",219.57,65.87,214
"56154e85b0dacaa9d34e280f4470e0dd2db370c22d98ec775c7d2fd6827eba5c","2019-08-30",219.89,65.97,32
"56154e85b0dacaa9d34e280f4470e0dd2db370c22d98ec775c7d2fd6827eba5c","2020-09-23",219.89,65.97,161
"56154e85b0dacaa9d34e280f4470e0dd2db370c22d98ec775c7d2fd6827eba5c","2019-06-27",219.09,65.73,71
"56154e85b0dacaa9d34e280f4470e0dd2db370c22d98ec775c7d2fd6827eba5c","2020-10-06",219.89,65.97,92
"56154e85b0dacaa9d34e280f4470e0dd2db370c22d98ec775c7d2fd6827eba5c","2019-07-10",219.89,65.97,75
"56154e85b0dacaa9d34e280f4470e0dd2db370c22d98ec775c7d2fd6827eba5c","2020-12-05",219.89,65.97,168
"56154e85b0dacaa9d34e280f4470e0dd2db370c22d98ec775c7d2fd6827eba5c","2020-01-20",197.70,59.31,166
"56154e85b0dacaa9d34e280f4470e0dd2db370c22d98ec775c7d2fd6827eba5c","2020-09-03",219.89,65.97,123
"56154e85b0dacaa9d34e280f4470e0dd2db370c22d98ec775c7d2fd6827eba5c","2019-09-03",219.89,65.97,94
"56154e85b0dacaa9d34e280f4470e0dd2db370c22d98ec775c7d2fd6827eba5c","2019-11-13",215.73,64.72,60
"56154e85b0dacaa9d34e280f4470e0dd2db370c22d98ec775c7d2fd6827eba5c","2019-05-05",219.89,65.97,62
"56154e85b0dacaa9d34e280f4470e0dd2db370c22d98ec775c7d2fd6827eba5c","2019-09-29",219.68,65.90,82
"56154e85b0dacaa9d34e280f4470e0dd2db370c22d98ec775c7d2fd6827eba5c","2020-09-13",219.89,65.97,156
"56154e85b0dacaa9d34e280f4470e0dd2db370c22d98ec775c7d2fd6827eba5c","2020-07-15",219.89,65.97,144
"56154e85b0dacaa9d34e280f4470e0dd2db370c22d98ec775c7d2fd6827eba5c","2019-05-15",219.89,65.97,89
"56154e85b0dacaa9d34e280f4470e0dd2db370c22d98ec775c7d2fd6827eba5c","2020-06-22",219.89,65.97,162
"56154e85b0dacaa9d34e280f4470e0dd2db370c22d98ec775c7d2fd6827eba5c","2020-12-23",219.89,65.97,6
"56154e85b0dacaa9d34e280f4470e0dd2db370c22d98ec775c7d2fd6827eba5c","2020-01-06",219.89,65.97,97
"56154e85b0dacaa9d34e280f4470e0dd2db370c22d98ec775c7d2fd6827eba5c","2020-12-18",219.89,65.97,231
"56154e85b0dacaa9d34e280f4470e0dd2db370c22d98ec775c7d2fd6827eba5c","2019-08-04",219.89,65.97,69
"56154e85b0dacaa9d34e280f4470e0dd2db370c22d98ec775c7d2fd6827eba5c","2019-10-20",219.89,65.97,93
"56154e85b0dacaa9d34e280f4470e0dd2db370c22d98ec775c7d2fd6827eba5c","2020-11-27",219.89,65.97,138
"56154e85b0dacaa9d34e280f4470e0dd2db370c22d98ec775c7d2fd6827eba5c","2020-11-12",219.89,65.97,170
