data/ml_task_data.csv
"product_id","date","sell_price","margin","sales"
"56154e85b0dacaa9d34e280f4470e0dd2db370c22d98ec775c7d2fd6827eba5c","2020-03-04",219.89,65.97,60
"56154e85b0dacaa9d34e280f4470e0dd2db370c22d98ec775c7d2fd6827eba5c","2020-06-08",219.89,65.97,239
"56154e85b0dacaa9d34e280f4470e0dd2db370c22d98ec775c7d2fd6827eba5c","2020-07-25",219.89,65.97,84
"56154e85b0dacaa9d34e280f4470e0dd2db370c22d98ec775c7d2fd6827eba5c","2020-02-02",219.89,65.97,80
"56154e85b0dacaa9d34e280f4470e0dd2db370c22d98ec775c7d2fd6827eba5c","2020-08-11",219.89,65.97,145
"56154e85b0dacaa9d34e280f4470e0dd2db370c22d98ec775c7d2fd6827eba5c","2020-06-29",219.89,65.97,179
"56154e85b0dacaa9d34e280f4470e0dd2db370c22d98ec775c7d2fd6827eba5c","2021-01-06",219.89,65.97,282
"56154e85b0dacaa9d34e280f4470e0dd2db370c22d98ec775c7d2fd6827eba5c","2020-02-01",219.89,65.97,92
"56154e85b0dacaa9d34e280f4470e0dd2db370c22d98ec775c7d2fd6827eba5c","2019-07-09",219.89,65.97,88
"56154e85b0dacaa9d34e280f4470e0dd2db370c22d98ec775c7d2fd6827eba5c","2020-05-23",219.89,65.97,196
"56154e85b0dacaa9d34e280f4470e0dd2db370c22d98ec775c7d2fd6827eba5c","2020-04-22",219.89,65.97,196
"56154e85b0dacaa9d34e280f4470e0dd2db370c22d98ec775c7d2fd6827eba5c","2020-09-18",215.99,64.80,125
"56154e85b0dacaa9d34e280f4470e0dd2db370c22d98ec775c7d2fd6827eba5c","2019-11-08",218.28,65.49,120
"56154e85b0dacaa9d34e280f4470e0dd2db370c22d98ec775c7d2fd6827eba5c","2020-10-05",219.89,65.97,0
"56154e85b0dacaa9d34e280f4470e0dd2db370c22d98ec775c7d2fd6827eba5c","2021-01-24",219.89,65.97,187
"56154e85b0dacaa9d34e280f4470e0dd2db370c22d98ec775c7d2fd6827eba5c","2020-06-21",219.89,65.97,142
"56154e85b0dacaa9d34e280f4470e0dd2db370c22d98ec775c7d2fd6827eba5c","2020-06-16",219.89,65.97,114
"56154e85b0dacaa9d34e280f4470e0dd2db370c22d98ec775c7d2fd6827eba5c","2019-08-10",219.89,65.97,67
"56154e85b0dacaa9d34e280f4470e0dd2db370c22d98ec775c7d2fd6827eba5c","2020-04-24",219.89,65.97,175
"56154e85b0dacaa9d34e280f4470e0dd2db370c22d98ec775c7d2fd6827eba5c","2019-06-22",219.89,65.97,64
"56154e85b0dacaa9d34e280f4470e0dd2db370c22d98ec775c7d2fd6827eba5c","2020-07-19",219.60,65.88,127
"56154e85b0dacaa9d34e280f4470e0dd2db370c22d98ec775c7d2fd6827eba5c","2019-11-07",200.77,60.23,109
"56154e85b0dacaa9d34e280f4470e0dd2db370c22d98ec775c7d2fd6827eba5c","2020-01-29",219.89,65.97,82
"56154e85b0dacaa9d34e280f4470e0dd2db370c22d98ec775c7d2fd6827eba5c","2020-10-17",219.89,65.97,107
"56154e85b0dacaa9d34e280f4470e0dd2db370c22d98ec775c7d2fd6827eba5c","2019-05-04",219.89,65.97,48
"56154e85b0dacaa9d34e280f4470e0dd2db370c22d98ec775c7d2fd6827eba5c","2019-10-19",219.89,65.97,82
"56154e85b0dacaa9d34e280f4470e0dd2db370c22d98ec775c7d2fd6827eba5c","2020-10-19",219.89,65.97,84
"56154e85b0dacaa9d34e280f4470e0dd2db370c22d98ec775c7d2fd6827eba5c","2020-03-08",219.89,65.97,142
"56154e85b0dacaa9d34e280f4470e0dd2db370c22d98ec775c7d2fd6827eba5c","2019-07-29",219.22,65.77,73
"56154e85b0dacaa9d34e280f4470e0dd2db370c22d98ec775c7d2fd6827eba5c","2019-08-22",219.89,65.97,66
"56154e85b0dacaa9d34e280f4470e0dd2db370c22d98ec775c7d2fd6827eba5c","2019-05-17",218.71,65.61,71
"56154e85b0dacaa9d34e280f4470e0dd2db370c22d98ec775c7d2fd6827eba5c","2020-07-28",219.89,65.97,100
"56154e85b0dacaa9d34e280f4470e0dd2db370c22d98ec775c7d2fd6827eba5c","2019-12-06",218.20,65.46,109
"56154e85b0dacaa9d34e280f4470e0dd2db370c22d98ec775c7d2fd6827eba5c","2019-05-14",219.89,65.97,74
"56154e85b0dacaa9d34e280f4470e0dd2db370c22d98ec775c7d2fd6827eba5c","2020-05-15",219.89,65.97,291
"56154e85b0dacaa9d34e280f4470e0dd2db370c22d98ec775c7d2fd6827eba5c","2019-08-26",216.38,64.91,60
"56154e85b0dacaa9d34e280f4470e0dd2db370c22d98ec775c7d2fd6827eba5c","2019-07-31",219.89,65.97,75
"56154e85b0dacaa9d34e280f4470e0dd2db370c22d98ec775c7d2fd6827eba5c","2020-05-11",219.89,65.97,205
"56154e85b0dacaa9d34e280f4470e0dd2db370c22d98ec775c7d2fd6827eba5c","2020-11-06",219.89,65.97,208
"56154e85b0dacaa9d34e280f4470e0dd2db370c22d98ec775c7d2fd6827eba5c","2020-01-08",219.89,65.97,131
"56154e85b0dacaa9d34e280f4470e0dd2db370c22d98ec775c7d2fd6827eba5c","2020-10-13",219.65,65.89,106
"56154e85b0dacaa9d34e280f4470e0dd2db370c22d98ec775c7d2fd6827eba5c","2020-06-18",219.89,65.97,170
"56154e85b0dacaa9d34e280f4470e0dd2db370c22d98ec775c7d2fd6827eba5c","2021-01-08",219.89,65.97,291
"56154e85b0dacaa9d34e280f4470e0dd2db370c22d98ec775c7d2fd6827eba5c","2020-03-25",140.79,42.24,109
"56154e85b0dacaa9d34e280f4470e0dd2db370c22d98ec775c7d2fd6827eba5c","2020-06-06",219.89,65.97,154
"56154e85b0dacaa9d34e280f4470e0dd2db370c22d98ec775c7d2fd6827eba5c","2020-03-01",219.89,65.97,182
"56154e85b0dacaa9d34e280f4470e0dd2db370c22d98ec775c7d2fd6827eba5c","2020-07-26",219.89,65.97,118
"56154e85b0dacaa9d34e280f4470e0dd2db370c22d98ec775c7d2fd6827eba5c","2019-06-16",219.89,65.97,67
"56154e85b0dacaa9d34e280f4470e0dd2db370c22d98ec775c7d2fd6827eba5c","2019-05-27",219.04,65.71,61
"56154e85b0dacaa9d34e280f4470e0dd2db370c22d98ec775c7d2fd6827eba5c","2020-12-28",215.29,64.59,144
"56154e85b0dacaa9d34e280f4470e0dd2db370c22d98ec775c7d2fd6827eba5c","2020-04-01",219.89,65.97,61
"56154e85b0dacaa9d34e280f4470e0dd2db370c22d98ec775c7d2fd6827eba5c","2020-10-02",219.89,65.97,181
"56154e85b0dacaa9d34e280f4470e0dd2db370c22d98ec775c7d2fd6827eba5c","2020-07-12",219.89,65.97,160
"56154e85b0dacaa9d34e280f4470e0dd2db370c22d98ec775c7d2fd6827eba5c","2019-11-14",190.71,57.21,88
"56154e85b0dacaa9d34e280f4470e0dd2db370c22d98ec775c7d2fd6827eba5c","2019-09-23",219.49,65.85,85
"56154e85b0dacaa9d34e280f4470e0dd2db370c22d98ec775c7d2fd6827eba5c","2019-10-12",207.55,62.26,80
"56154e85b0dacaa9d34e280f4470e0dd2db370c22d98ec775c7d2fd6827eba5c","2020-12-06",219.89,65.97,160
"56154e85b0dacaa9d34e280f4470e0dd2db370c22d98ec775c7d2fd6827eba5c","2019-05-23",219.89,65.97,80
"56154e85b0dacaa9d34e280f4470e0dd2db370c22d98ec775c7d2fd6827eba5c","2019-07-26",219.89,65.97,103
"56154e85b0dacaa9d34e280f4470e0dd2db370c22d98ec775c7d2fd6827eba5c","2020-01-04",219.53,65.86,183
"56154e85b0dacaa9d34e280f4470e0dd2db370c22d98ec775c7d2fd6827eba5c","2019-11-30",219.22,65.77,81
"56154e85b0dacaa9d34e280f4470e0dd2db370c22d98ec775c7d2fd6827eba5c","2020-02-03",219.89,65.97,85
"56154e85b0dacaa9d34e280f4470e0dd2db370c22d98ec775c7d2fd6827eba5c","2020-11-20",219.22,65.77,172
"56154e85b0dacaa9d34e280f4470e0dd2db370c22d98ec775c7d2fd6827eba5c","2020-02-09",219.89,65.97,81
"56154e85b0dacaa9d34e280f4470e0dd2db370c22d98ec775c7d2fd6827eba5c","2019-12-09",218.83,65.65,85
"56154e85b0dacaa9d34e280f4470e0dd2db370c22d98ec775c7d2fd6827eba5c","2020-07-16",219.89,65.97,131
"56154e85b0dacaa9d34e280f4470e0dd2db370c22d98ec775c7d2fd6827eba5c","2019-11-17",219.89,65.97,87
"56154e85b0dacaa9d34e280f4470e0dd2db370c22d98ec775c7d2fd6827eba5c","2020-02-06",214.15,64.24,106
"56154e85b0dacaa9d34e280f4470e0dd2db370c22d98ec775c7d2fd6827eba5c","2020-10-26",219.89,65.97,96
"56154e85b0dacaa9d34e280f4470e0dd2db370c22d98ec775c7d2fd6827eba5c","2019-12-28",219.89,65.97,79
"56154e85b0dacaa9d34e280f4470e0dd2db370c22d98ec775c7d2fd6827eba5c","2019-11-22",219.55,65.86,115
"56154e85b0dacaa9d34e280f4470e0dd2db370c22d98ec775c7d2fd6827eba5c","2019-06-10",219.89,65.97,118
"56154e85b0dacaa9d34e280f4470e0dd2db370c22d98ec775c7d2fd6827eba5c","2020-07-21",219.89,65.97,60
"56154e85b0dacaa9d34e280f4470e0dd2db370c22d98ec775c7d2fd6827eba5c","2019-05-02",219.36,65.81,88
"56154e85b0dacaa9d34e280f4470e0dd2db370c22d98ec775c7d2fd6827eba5c","2020-08-17",219.89,65.97,155
"56154e85b0dacaa9d34e280f4470e0dd2db370c22d98ec775c7d2fd6827eba5c","2019-09-18",213.95,64.19,76
"56154e85b0dacaa9d34e280f4470e0dd2db370c22d98ec775c7d2fd6827eba5c","2020-07-20",219.89,65.97,120
"56154e85b0dacaa9d34e280f4470e0dd2db370c22d98ec775c7d2fd6827eba5c","2020-10-08",219.89,65.97,66
"56154e85b0dacaa9d34e280f4470e0dd2db370c22d98ec775c7d2fd6827eba5c","2020-06-30",219.89,65.97,99
"56154e85b0dacaa9d34e280f4470e0dd2db370c22d98ec775c7d2fd6827eba5c","2020-09-17",218.68,65.60,175
"56154e85b0dacaa9d34e280f4470e0dd2db370c22d98ec775c7d2fd6827eba5c","2020-10-24",219.89,65.97,133
"56154e85b0dacaa9d34e280f4470e0dd2db370c22d98ec775c7d2fd6827eba5c","2019-05-11",219.89,65.97,85
"56154e85b0dacaa9d34e280f4470e0dd2db370c22d98ec775c7d2fd6827eba5c","2019-05-01",219.62,65.88,56
"56154e85b0dacaa9d34e280f4470e0dd2db370c22d98ec775c7d2fd6827eba5c","2020-08-04",219.89,65.97,118
"56154e85b0dacaa9d34e280f4470e0dd2db370c22d98ec775c7d2fd6827eba5c","2020-05-14",219.89,65.97,163
"56154e85b0dacaa9d34e280f4470e0dd2db370c22d98ec775c7d2fd6827eba5c","2020-09-26",219.89,65.97,193
"56154e85b0dacaa9d34e280f4470e0dd2db370c22d98ec775c7d2fd6827eba5c","2019-09-17",219.89,65.97,72
"56154e85b0dacaa9d34e280f4470e0dd2db370c22d98ec775c7d2fd6827eba5c","2019-07-02",218.36,65.51,76
"56154e85b0dacaa9d34e280f4470e0dd2db370c22d98ec775c7d2fd6827eba5c","2019-07-11",219.89,65.97,66
"56154e85b0dacaa9d34e280f4470e0dd2db370c22d98ec775c7d2fd6827eba5c","2020-09-09",219.89,65.97,98
"56154e85b0dacaa9d34e280f4470e0dd2db370c22d98ec775c7d2fd6827eba5c","2019-09-12",219.89,65.97,76
"56154e85b0dacaa9d34e280f4470e0dd2db370c22d98ec775c7d2fd6827eba5c","2019-05-16",219.89,65.97,71
"56154e85b0dacaa9d34e280f4470e0dd2db370c22d98ec775c7d2fd6827eba5c","2020-06-17",219.51,65.85,145
"56154e85b0dacaa9d34e280f4470e0dd2db370c22d98ec775c7d2fd6827eba5c","2019-12-08",216.70,65.01,123
"56154e85b0dacaa9d34e280f4470e0dd2db370c22d98ec775c7d2fd6827eba5c","2019-08-25",198.46,59.54,77
"56154e85b0dacaa9d34e280f4470e0dd2db370c22d98ec775c7d2fd6827eba5c","2019-11-18",219.89,65.97,124
"56154e85b0dacaa9d34e280f4470e0dd2db370c22d98ec775c7d2fd6827eba5c","2020-10-16",219.89,65.97,73
"56154e85b0dacaa9d34e280f4470e0dd2db370c22d98ec775c7d2fd6827eba5c","2021-01-17",219.89,65.97,241
"56154e85b0dacaa9d34e280f4470e0dd2db370c22d98ec775c7d2fd6827eba5c","2020-12-14",219.70,65.91,161
"56154e85b0dacaa9d34e280f4470e0dd2db370c22d98ec775c7d2fd6827eba5c","2020-12-26",219.89,65.97,141
"56154e85b0dacaa9d34e280f4470e0dd2db370c22d98ec775c7d2fd6827eba5c","2019-04-10",219.89,65.97,1
"56154e85b0dacaa9d34e280f4470e0dd2db370c22d98ec775c7d2fd6827eba5c","2019-06-18",219.58,65.87,67
"56154e85b0dacaa9d34e280f4470e0dd2db370c22d98ec775c7d2fd6827eba5c","2020-08-09",219.89,65.97,159
"56154e85b0dacaa9d34e280f4470e0dd2db370c22d98ec775c7d2fd6827eba5c","2020-06-19",219.89,65.97,177
"56154e85b0dacaa9d34e280f4470e0dd2db370c22d98ec775c7d2fd6827eba5c","2020-02-05",202.51,60.75,130
"56154e85b0dacaa9d34e280f4470e0dd2db370c22d98ec775c7d2fd6827eba5c","2019-11-20",212.27,63.68,86
"56154e85b0dacaa9d34e280f4470e0dd2db370c22d98ec775c7d2fd6827eba5c","2020-07-29",219.89,65.97,117
"56154e85b0dacaa9d34e280f4470e0dd2db370c22d98ec775c7d2fd6827eba5c","2020-03-03",219.89,65.97,71
"56154e85b0dacaa9d34e280f4470e0dd2db370c22d98ec775c7d2fd6827eba5c","2020-02-27",219.89,65.97,147
"56154e85b0dacaa9d34e280f4470e0dd2db370c22d98ec775c7d2fd6827eba5c","2019-05-31",219.89,65.97,80
"56154e85b0dacaa9d34e280f4470e0dd2db370c22d98ec775c7d2fd6827eba5c","2020-01-09",219.89,65.97,138
"56154e85b0dacaa9d34e280f4470e0dd2db370c22d98ec775c7d2fd6827eba5c","2019-10-28",219.26,65.78,131
"56154e85b0dacaa9d34e280f4470e0dd2db370c22d98ec775c7d2fd6827eba5c","2020-11-26",219.89,65.97,259
"56154e85b0dacaa9d34e280f4470e0dd2db370c22d98ec775c7d2fd6827eba5c","2019-07-20",219.89,65.97,81
"56154e85b0dacaa9d34e280f4470e0dd2db370c22d98ec775c7d2fd6827eba5c","2020-06-10",219.09,65.73,99
"56154e85b0dacaa9d34e280f4470e0dd2db370c22d98ec775c7d2fd6827eba5c","2020-03-24",206.83,62.05,117
"56154e85b0dacaa9d34e280f4470e0dd2db370c22d98ec775c7d2fd6827eba5c","2019-10-30",219.89,65.97,64
"56154e85b0dacaa9d34e280f4470e0dd2db370c22d98ec775c7d2fd6827eba5c","2020-08-05",219.89,65.97,111
"56154e85b0dacaa9d34e280f4470e0dd2db370c22d98ec775c7d2fd6827eba5c","2020-07-14",219.89,65.97,75
"56154e85b0dacaa9d34e280f4470e0dd2db370c22d98ec775c7d2fd6827eba5c","2019-11-11",219.89,65.97,66
"56154e85b0dacaa9d34e280f4470e0dd2db370c22d98ec775c7d2fd6827eba5c","2019-05-12",219.89,65.97,62
"56154e85b0dacaa9d34e280f4470e0dd2db370c22d98ec775c7d2fd6827eba5c","2019-04-19",219.89,65.97,62
"56154e85b0dacaa9d34e280f4470e0dd2db370c22d98ec775c7d2fd6827eba5c","2021-01-07",219.89,65.97,146
"56154e85b0dacaa9d34e280f4470e0dd2db370c22d98ec775c7d2fd6827eba5c","2019-11-23",219.89,65.97,79
"56154e85b0dacaa9d34e280f4470e0dd2db370c22d98ec775c7d2fd6827eba5c","2019-05-07",219.89,65.97,29
"56154e85b0dacaa9d34e280f4470e0dd2db370c22d98ec775c7d2fd6827eba5c","2019-11-28",204.69,61.41,120
"56154e85b0dacaa9d34e280f4470e0dd2db370c22d98ec775c7d2fd6827eba5c","2019-09-04",211.96,63.59,78
"56154e85b0dacaa9d34e280f4470e0dd2db370c22d98ec775c7d2fd6827eba5c","2019-10-24",196.03,58.81,96
"56154e85b0dacaa9d34e280f4470e0dd2db370c22d98ec775c7d2fd6827eba5c","2020-02-24",219.89,65.97,103
"56154e85b0dacaa9d34e280f4470e0dd2db370c22d98ec775c7d2fd6827eba5c","2020-06-28",219.89,65.97,145
"56154e85b0dacaa9d34e280f4470e0dd2db370c22d98ec775c7d2fd6827eba5c","2019-10-04",219.89,65.97,110
"56154e85b0dacaa9d34e280f4470e0dd2db370c22d98ec775c7d2fd6827eba5c","2021-01-12",219.89,65.97,266
"56154e85b0dacaa9d34e280f4470e0dd2db370c22d98ec775c7d2fd6827eba5c","2020-12-03",219.89,65.97,230
"56154e85b0dacaa9d34e280f4470e0dd2db370c22d98ec775c7d2fd6827eba5c","2020-04-07",219.89,65.97,279
"56154e85b0dacaa9d34e280f4470e0dd2db370c22d98ec775c7d2fd6827eba5c","2021-01-25",219.89,65.97,226
"56154e85b0dacaa9d34e280f4470e0dd2db370c22d98ec775c7d2fd6827eba5c","2020-03-12",219.89,65.97,261
"56154e85b0dacaa9d34e280f4470e0dd2db370c22d98ec775c7d2fd6827eba5c","2019-12-22",219.38,65.82,55
"56154e85b0dacaa9d34e280f4470e0dd2db370c22d98ec775c7d2fd6827eba5c","2019-08-05",219.89,65.97,84
"56154e85b0dacaa9d34e280f4470e0dd2db370c22d98ec775c7d2fd6827eba5c","2019-05-30",219.89,65.97,74
"56154e85b0dacaa9d34e280f4470e0dd2db370c22d98ec775c7d2fd6827eba5c","2020-06-11",219.89,65.97,165
"56154e85b0dacaa9d34e280f4470e0dd2db370c22d98ec775c7d2fd6827eba5c","2020-10-07",219.89,65.97,149
"56154e85b0dacaa9d34e280f4470e0dd2db370c22d98ec775c7d2fd6827eba5c","2019-07-21",219.89,65.97,92
"56154e85b0dacaa9d34e280f4470e0dd2db370c22d98ec775c7d2fd6827eba5c","2019-05-18",219.89,65.97,45
"56154e85b0dacaa9d34e280f4470e0dd2db370c22d98ec775c7d2fd6827eba5c","2020-05-17",219.89,65.97,187
"56154e85b0dacaa9d34e280f4470e0dd2db370c22d98ec775c7d2fd6827eba5c","2019-07-01",219.89,65.97,91
"56154e85b0dacaa9d34e280f4470e0dd2db370c22d98ec775c7d2fd6827eba5c","2020-10-04",219.89,65.97,152
"56154e85b0dacaa9d34e280f4470e0dd2db370c22d98ec775c7d2fd6827eba5c","2019-10-09",203.03,60.91,107
"56154e85b0dacaa9d34e280f4470e0dd2db370c22d98ec775c7d2fd6827eba5c","2020-11-02",219.89,65.97,262
"56154e85b0dacaa9d34e280f4470e0dd2db370c22d98ec775c7d2fd6827eba5c","2019-06-20",218.13,65.44,66
"56154e85b0dacaa9d34e280f4470e0dd2db370c22d98ec775c7d2fd6827eba5c","2019-07-18",219.89,65.97,72
"56154e85b0dacaa9d34e280f4470e0dd2db370c22d98ec775c7d2fd6827eba5c","2019-09-09",219.33,65.80,141
"56154e85b0dacaa9d34e280f4470e0dd2db370c22d98ec775c7d2fd6827eba5c","2020-08-21",219.89,65.97,157
"56154e85b0dacaa9d34e280f4470e0dd2db370c22d98ec775c7d2fd6827eba5c","2019-09-08",218.63,65.59,110
"56154e85b0dacaa9d34e280f4470e0dd2db370c22d98ec775c7d2fd6827eba5c","2019-11-21",196.70,59.01,96
"56154e85b0dacaa9d34e280f4470e0dd2db370c22d98ec775c7d2fd6827eba5c","2019-09-05",202.82,60.85,113
"56154e85b0dacaa9d34e280f4470e0dd2db370c22d98ec775c7d2fd6827eba5c","2020-12-27",219.89,65.97,1
"56154e85b0dacaa9d34e280f4470e0dd2db370c22d98ec775c7d2fd6827eba5c","2020-12-10",206.75,62.02,239
"56154e85b0dacaa9d34e280f4470e0dd2db370c22d98ec775c7d2fd6827eba5c","2020-09-15",219.89,65.97,87
"56154e85b0dacaa9d34e280f4470e0dd2db370c22d98ec775c7d2fd6827eba5c","2019-05-22",219.89,65.97,71
"56154e85b0dacaa9d34e280f4470e0dd2db370c22d98ec775c7d2fd6827eba5c","2019-10-11",173.20,51.96,182
"56154e85b0dacaa9d34e280f4470e0dd2db370c22d98ec775c7d2fd6827eba5c","2020-03-22",218.65,65.59,136
"56154e85b0dacaa9d34e280f4470e0dd2db370c22d98ec775c7d2fd6827eba5c","2020-04-30",219.89,65.97,136
"56154e85b0dacaa9d34e280f4470e0dd2db370c22d98ec775c7d2fd6827eba5c","2021-01-02",219.89,65.97,212
"56154e85b0dacaa9d34e280f4470e0dd2db370c22d98ec775c7d2fd6827eba5c","2020-06-04",219.74,65.92,211
"56154e85b0dacaa9d34e280f4470e0dd2db370c22d98ec775c7d2fd6827eba5c","2019-12-20",210.31,63.09,158
"56154e85b0dacaa9d34e280f4470e0dd2db370c22d98ec775c7d2fd6827eba5c","2019-06-02",219.89,65.97,55
"56154e85b0dacaa9d34e280f4470e0dd2db370c22d98ec775c7d2fd6827eba5c","2020-07-03",219.89,65.97,100
"56154e85b0dacaa9d34e280f4470e0dd2db370c22d98ec775c7d2fd6827eba5c","2020-07-22",219.89,65.97,92
"56154e85b0dacaa9d34e280f4470e0dd2db370c22d98ec775c7d2fd6827eba5c","2020-04-06",219.89,65.97,100
"56154e85b0dacaa9d34e280f4470e0dd2db370c22d98ec775c7d2fd6827eba5c","2019-10-31",219.89,65.97,69
"56154e85b0dacaa9d34e280f4470e0dd2db370c22d98ec775c7d2fd6827eba5c","2019-09-07",219.89,65.97,80
"56154e85b0dacaa9d34e280f4470e0dd2db370c22d98ec775c7d2fd6827eba5c","2020-11-10",219.89,65.97,150
"56154e85b0dacaa9d34e280f4470e0dd2db370c22d98ec775c7d2fd6827eba5c","2020-11-03",219.89,65.97,116
"56154e85b0dacaa9d34e280f4470e0dd2db370c22d98ec775c7d2fd6827eba5c","2019-06-03",218.35,65.51,78
"56154e85b0dacaa9d34e280f4470e0dd2db370c22d98ec775c7d2fd6827eba5c","2019-12-02",219.04,65.71,93
"56154e85b0dacaa9d34e280f4470e0dd2db370c22d98ec775c7d2fd6827eba5c","2019-10-13",199.14,59.74,105
"56154e85b0dacaa9d34e280f4470e0dd2db370c22d98ec775c7d2fd6827eba5c","2020-10-14",219.89,65.97,225
"56154e85b0dacaa9d34e280f4470e0dd2db370c22d98ec775c7d2fd6827eba5c","2019-04-17",200.99,60.30,99
"56154e85b0dacaa9d34e280f4470e0dd2db370c22d98ec775c7d2fd6827eba5c","2020-11-29",219.89,65.97,222
"56154e85b0dacaa9d34e280f4470e0dd2db370c22d98ec775c7d2fd6827eba5c","2020-09-06",219.89,65.97,129
"56154e85b0dacaa9d34e280f4470e0dd2db370c22d98ec775c7d2fd6827eba5c","2019-10-18",214.39,64.32,102
"56154e85b0dacaa9d34e280f4470e0dd2db370c22d98ec775c7d2fd6827eba5c","2020-06-13",219.71,65.91,195
"56154e85b0dacaa9d34e280f4470e0dd2db370c22d98ec775c7d2fd6827eba5c","2020-11-25",219.89,65.97,237
"56154e85b0dacaa9d34e280f4470e0dd2db370c22d98ec775c7d2fd6827eba5c","2020-09-22",219.89,65.97,64
"56154e85b0dacaa9d34e280f4470e0dd2db370c22d98ec775c7d2fd6827eba5c","2019-08-08",218.30,65.49,71
