data/ml_task_data.csv
"product_id","date","sell_price","margin","sales"
"56154e85b0dacaa9d34e280f4470e0dd2db370c22d98ec775c7d2fd6827eba5c","2020-07-10",219.89,65.97,142
"56154e85b0dacaa9d34e280f4470e0dd2db370c22d98ec775c7d2fd6827eba5c","2021-01-13",219.89,65.97,231
"56154e85b0dacaa9d34e280f4470e0dd2db370c22d98ec775c7d2fd6827eba5c","2019-11-04",219.89,65.97,74
"56154e85b0dacaa9d34e280f4470e0dd2db370c22d98ec775c7d2fd6827eba5c","2020-03-20",219.25,65.78,141
"56154e85b0dacaa9d34e280f4470e0dd2db370c22d98ec775c7d2fd6827eba5c","2019-12-19",207.16,62.15,140
"56154e85b0dacaa9d34e280f4470e0dd2db370c22d98ec775c7d2fd6827eba5c","2019-09-20",219.65,65.89,79
"56154e85b0dacaa9d34e280f4470e0dd2db370c22d98ec775c7d2fd6827eba5c","2020-09-28",219.89,65.97,187
"56154e85b0dacaa9d34e280f4470e0dd2db370c22d98ec775c7d2fd6827eba5c","2020-01-26",219.48,65.84,95
"56154e85b0dacaa9d34e280f4470e0dd2db370c22d98ec775c7d2fd6827eba5c","2021-01-21",219.66,65.90,244
"56154e85b0dacaa9d34e280f4470e0dd2db370c22d98ec775c7d2fd6827eba5c","2019-06-04",219.89,65.97,85
"56154e85b0dacaa9d34e280f4470e0dd2db370c22d98ec775c7d2fd6827eba5c","2020-12-30",219.89,65.97,333
"56154e85b0dacaa9d34e280f4470e0dd2db370c22d98ec775c7d2fd6827eba5c","2019-05-09",219.89,65.97,104
"56154e85b0dacaa9d34e280f4470e0dd2db370c22d98ec775c7d2fd6827eba5c","2020-04-16",219.89,65.97,10
"56154e85b0dacaa9d34e280f4470e0dd2db370c22d98ec775c7d2fd6827eba5c","2020-05-28",218.85,65.65,197
"56154e85b0dacaa9d34e280f4470e0dd2db370c22d98ec775c7d2fd6827eba5c","2019-12-31",219.89,65.97,19
"56154e85b0dacaa9d34e280f4470e0dd2db370c22d98ec775c7d2fd6827eba5c","2020-05-30",219.89,65.97,121
"56154e85b0dacaa9d34e280f4470e0dd2db370c22d98ec775c7d2fd6827eba5c","2019-08-31",219.89,65.97,56
"56154e85b0dacaa9d34e280f4470e0dd2db370c22d98ec775c7d2fd6827eba5c","2020-05-21",219.89,65.97,193
"56154e85b0dacaa9d34e280f4470e0dd2db370c22d98ec775c7d2fd6827eba5c","2019-12-18",211.95,63.58,105
"56154e85b0dacaa9d34e280f4470e0dd2db370c22d98ec775c7d2fd6827eba5c","2020-02-11",219.89,65.97,91
"56154e85b0dacaa9d34e280f4470e0dd2db370c22d98ec775c7d2fd6827eba5c","2020-10-21",219.89,65.97,132
"56154e85b0dacaa9d34e280f4470e0dd2db370c22d98ec775c7d2fd6827eba5c","2020-09-16",205.62,61.69,118
"56154e85b0dacaa9d34e280f4470e0dd2db370c22d98ec775c7d2fd6827eba5c","2019-08-03",219.89,65.97,65
"56154e85b0dacaa9d34e280f4470e0dd2db370c22d98ec775c7d2fd6827eba5c","2020-03-21",219.89,65.97,138
"56154e85b0dacaa9d34e280f4470e0dd2db370c22d98ec775c7d2fd6827eba5c","2019-04-29",219.57,65.87,106
"56154e85b0dacaa9d34e280f4470e0dd2db370c22d98ec775c7d2fd6827eba5c","2020-03-02",219.89,65.97,114
"56154e85b0dacaa9d34e280f4470e0dd2db370c22d98ec775c7d2fd6827eba5c","2019-04-20",219.89,65.97,31
"56154e85b0dacaa9d34e280f4470e0dd2db370c22d98ec775c7d2fd6827eba5c","2019-10-25",145.11,43.53,176
"56154e85b0dacaa9d34e280f4470e0dd2db370c22d98ec775c7d2fd6827eba5c","2020-08-28",219.89,65.97,118
"56154e85b0dacaa9d34e280f4470e0dd2db370c22d98ec775c7d2fd6827eba5c","2020-10-25",219.89,65.97,214
"56154e85b0dacaa9d34e280f4470e0dd2db370c22d98ec775c7d2fd6827eba5c","2020-07-07",219.89,65.97,147
"56154e85b0dacaa9d34e280f4470e0dd2db370c22d98ec775c7d2fd6827eba5c","2020-02-15",219.89,65.97,116
"56154e85b0dacaa9d34e280f4470e0dd2db370c22d98ec775c7d2fd6827eba5c","2019-04-12",219.89,65.97,62
"56154e85b0dacaa9d34e280f4470e0dd2db370c22d98ec775c7d2fd6827eba5c","2020-09-27",219.89,65.97,153
"56154e85b0dacaa9d34e280f4470e0dd2db370c22d98ec775c7d2fd6827eba5c","2020-02-17",219.73,65.92,109
"56154e85b0dacaa9d34e280f4470e0dd2db370c22d98ec775c7d2fd6827eba5c","2020-07-05",219.89,65.97,84
"56154e85b0dacaa9d34e280f4470e0dd2db370c22d98ec775c7d2fd6827eba5c","2020-09-21",219.89,65.97,28
"56154e85b0dacaa9d34e280f4470e0dd2db370c22d98ec775c7d2fd6827eba5c","2019-06-21",219.89,65.97,79
"56154e85b0dacaa9d34e280f4470e0dd2db370c22d98ec775c7d2fd6827eba5c","2019-08-27",218.79,65.64,52
"56154e85b0dacaa9d34e280f4470e0dd2db370c22d98ec775c7d2fd6827eba5c","2019-06-23",219.62,65.88,63
"56154e85b0dacaa9d34e280f4470e0dd2db370c22d98ec775c7d2fd6827eba5c","2020-08-01",219.89,65.97,109
"56154e85b0dacaa9d34e280f4470e0dd2db370c22d98ec775c7d2fd6827eba5c","2020-09-11",219.89,65.97,122
"56154e85b0dacaa9d34e280f4470e0dd2db370c22d98ec775c7d2fd6827eba5c","2020-07-23",219.89,65.97,122
"56154e85b0dacaa9d34e280f4470e0dd2db370c22d98ec775c7d2fd6827eba5c","2019-07-05",219.89,65.97,40
"56154e85b0dacaa9d34e280f4470e0dd2db370c22d98ec775c7d2fd6827eba5c","2019-07-22",219.89,65.97,105
"56154e85b0dacaa9d34e280f4470e0dd2db370c22d98ec775c7d2fd6827eba5c","2020-06-23",219.67,65.90,148
"56154e85b0dacaa9d34e280f4470e0dd2db370c22d98ec775c7d2fd6827eba5c","2019-09-26",202.36,60.71,101
"56154e85b0dacaa9d34e280f4470e0dd2db370c22d98ec775c7d2fd6827eba5c","2020-03-10",219.89,65.97,204
"56154e85b0dacaa9d34e280f4470e0dd2db370c22d98ec775c7d2fd6827eba5c","2020-09-12",219.89,65.97,95
"56154e85b0dacaa9d34e280f4470e0dd2db370c22d98ec775c7d2fd6827eba5c","2019-04-18",219.89,65.97,51
"56154e85b0dacaa9d34e280f4470e0dd2db370c22d98ec775c7d2fd6827eba5c","2020-05-09",219.89,65.97,93
"56154e85b0dacaa9d34e280f4470e0dd2db370c22d98ec775c7d2fd6827eba5c","2020-06-25",219.89,65.97,132
"56154e85b0dacaa9d34e280f4470e0dd2db370c22d98ec775c7d2fd6827eba5c","2021-01-14",219.89,65.97,290
"56154e85b0dacaa9d34e280f4470e0dd2db370c22d98ec775c7d2fd6827eba5c","2020-02-14",219.89,65.97,77
"56154e85b0dacaa9d34e280f4470e0dd2db370c22d98ec775c7d2fd6827eba5c","2019-08-19",219.66,65.90,74
"56154e85b0dacaa9d34e280f4470e0dd2db370c22d98ec775c7d2fd6827eba5c","2020-05-07",219.89,65.97,136
"56154e85b0dacaa9d34e280f4470e0dd2db370c22d98ec775c7d2fd6827eba5c","2019-09-22",219.89,65.97,93
"56154e85b0dacaa9d34e280f4470e0dd2db370c22d98ec775c7d2fd6827eba5c","2020-12-24",219.89,65.97,38
"56154e85b0dacaa9d34e280f4470e0dd2db370c22d98ec775c7d2fd6827eba5c","2020-10-10",219.89,65.97,240
"56154e85b0dacaa9d34e280f4470e0dd2db370c22d98ec775c7d2fd6827eba5c","2019-10-10",194.52,58.36,147
"56154e85b0dacaa9d34e280f4470e0dd2db370c22d98ec775c7d2fd6827eba5c","2020-06-03",219.89,65.97,155
"56154e85b0dacaa9d34e280f4470e0dd2db370c22d98ec775c7d2fd6827eba5c","2020-02-23",219.89,65.97,91
"56154e85b0dacaa9d34e280f4470e0dd2db370c22d98ec775c7d2fd6827eba5c","2020-04-27",219.74,65.92,209
"56154e85b0dacaa9d34e280f4470e0dd2db370c22d98ec775c7d2fd6827eba5c","2020-11-21",219.89,65.97,257
"56154e85b0dacaa9d34e280f4470e0dd2db370c22d98ec775c7d2fd6827eba5c","2019-09-19",219.56,65.87,92
"56154e85b0dacaa9d34e280f4470e0dd2db370c22d98ec775c7d2fd6827eba5c","2019-06-07",219.89,65.97,72
"56154e85b0dacaa9d34e280f4470e0dd2db370c22d98ec775c7d2fd6827eba5c","2020-08-02",219.89,65.97,130
"56154e85b0dacaa9d34e280f4470e0dd2db370c22d98ec775c7d2fd6827eba5c","2019-04-11",219.89,65.97,10
"56154e85b0dacaa9d34e280f4470e0dd2db370c22d98ec775c7d2fd6827eba5c","2021-01-03",219.89,65.97,185
"56154e85b0dacaa9d34e280f4470e0dd2db370c22d98ec775c7d2fd6827eba5c","2019-05-06",219.89,65.97,60
"56154e85b0dacaa9d34e280f4470e0dd2db370c22d98ec775c7d2fd6827eba5c","2020-08-15",219.89,65.97,99
"56154e85b0dacaa9d34e280f4470e0dd2db370c22d98ec775c7d2fd6827eba5c","2020-05-12",219.89,65.97,196
"56154e85b0dacaa9d34e280f4470e0dd2db370c22d98ec775c7d2fd6827eba5c","2020-08-03",219.89,65.97,143
"56154e85b0dacaa9d34e280f4470e0dd2db370c22d98ec775c7d2fd6827eba5c","2020-05-10",219.52,65.85,149
"56154e85b0dacaa9d34e280f4470e0dd2db370c22d98ec775c7d2fd6827eba5c","2019-04-25",214.85,64.46,85
"56154e85b0dacaa9d34e280f4470e0dd2db370c22d98ec775c7d2fd6827eba5c","2020-11-09",219.89,65.97,160
"56154e85b0dacaa9d34e280f4470e0dd2db370c22d98ec775c7d2fd6827eba5c","2020-11-08",219.71,65.91,188
"56154e85b0dacaa9d34e280f4470e0dd2db370c22d98ec775c7d2fd6827eba5c","2019-07-07",219.42,65.83,69
"56154e85b0dacaa9d34e280f4470e0dd2db370c22d98ec775c7d2fd6827eba5c","2019-07-19",219.89,65.97,66
"56154e85b0dacaa9d34e280f4470e0dd2db370c22d98ec775c7d2fd6827eba5c","2020-05-06",219.26,65.78,175
"56154e85b0dacaa9d34e280f4470e0dd2db370c22d98ec775c7d2fd6827eba5c","2019-06-17",219.89,65.97,84
"56154e85b0dacaa9d34e280f4470e0dd2db370c22d98ec775c7d2fd6827eba5c","2019-06-12",219.89,65.97,78
"56154e85b0dacaa9d34e280f4470e0dd2db370c22d98ec775c7d2fd6827eba5c","2020-04-17",219.89,65.97,204
"56154e85b0dacaa9d34e280f4470e0dd2db370c22d98ec775c7d2fd6827eba5c","2019-06-19",206.76,62.03,66
"56154e85b0dacaa9d34e280f4470e0dd2db370c22d98ec775c7d2fd6827eba5c","2019-05-26",219.64,65.89,68
"56154e85b0dacaa9d34e280f4470e0dd2db370c22d98ec775c7d2fd6827eba5c","2020-01-24",205.91,61.77,109
"56154e85b0dacaa9d34e280f4470e0dd2db370c22d98ec775c7d2fd6827eba5c","2020-03-17",219.89,65.97,136
"56154e85b0dacaa9d34e280f4470e0dd2db370c22d98ec775c7d2fd6827eba5c","2020-03-19",219.32,65.80,10
"56154e85b0dacaa9d34e280f4470e0dd2db370c22d98ec775c7d2fd6827eba5c","2020-01-03",219.89,65.97,111
"56154e85b0dacaa9d34e280f4470e0dd2db370c22d98ec775c7d2fd6827eba5c","2019-08-12",219.70,65.91,89
"56154e85b0dacaa9d34e280f4470e0dd2db370c22d98ec775c7d2fd6827eba5c","2020-10-15",219.15,65.75,135
"56154e85b0dacaa9d34e280f4470e0dd2db370c22d98ec775c7d2fd6827eba5c","2020-03-07",219.89,65.97,86
"56154e85b0dacaa9d34e280f4470e0dd2db370c22d98ec775c7d2fd6827eba5c","2019-06-14",219.89,65.97,34
"56154e85b0dacaa9d34e280f4470e0dd2db370c22d98ec775c7d2fd6827eba5c","2020-05-27",194.02,58.21,180
"56154e85b0dacaa9d34e280f4470e0dd2db370c22d98ec775c7d2fd6827eba5c","2019-06-30",219.89,65.97,66
"56154e85b0dacaa9d34e280f4470e0dd2db370c22d98ec775c7d2fd6827eba5c","2020-03-06",219.89,65.97,139
"56154e85b0dacaa9d34e280f4470e0dd2db370c22d98ec775c7d2fd6827eba5c","2020-12-01",219.89,65.97,220
"56154e85b0dacaa9d34e280f4470e0dd2db370c22d98ec775c7d2fd6827eba5c","2019-07-24",219.89,65.97,63
"56154e85b0dacaa9d34e280f4470e0dd2db370c22d98ec775c7d2fd6827eba5c","2019-04-28",219.63,65.89,57
"56154e85b0dacaa9d34e280f4470e0dd2db370c22d98ec775c7d2fd6827eba5c","2020-06-14",219.89,65.97,212
"56154e85b0dacaa9d34e280f4470e0dd2db370c22d98ec775c7d2fd6827eba5c","2020-04-28",219.89,65.97,176
"56154e85b0dacaa9d34e280f4470e0dd2db370c22d98ec775c7d2fd6827eba5c","2020-09-04",219.89,65.97,73
"56154e85b0dacaa9d34e280f4470e0dd2db370c22d98ec775c7d2fd6827eba5c","2020-03-13",219.89,65.97,201
"56154e85b0dacaa9d34e280f4470e0dd2db370c22d98ec775c7d2fd6827eba5c","2019-09-02",217.33,65.20,73
"56154e85b0dacaa9d34e280f4470e0dd2db370c22d98ec775c7d2fd6827eba5c","2019-08-20",219.89,65.97,59
"56154e85b0dacaa9d34e280f4470e0dd2db370c22d98ec775c7d2fd6827eba5c","2020-10-20",219.89,65.97,140
"56154e85b0dacaa9d34e280f4470e0dd2db370c22d98ec775c7d2fd6827eba5c","2020-07-17",219.89,65.97,136
"56154e85b0dacaa9d34e280f4470e0dd2db370c22d98ec775c7d2fd6827eba5c","2019-12-14",219.43,65.83,119
"56154e85b0dacaa9d34e280f4470e0dd2db370c22d98ec775c7d2fd6827eba5c","2020-11-16",219.46,65.84,255
"56154e85b0dacaa9d34e280f4470e0dd2db370c22d98ec775c7d2fd6827eba5c","2020-07-04",219.89,65.97,73
"56154e85b0dacaa9d34e280f4470e0dd2db370c22d98ec775c7d2fd6827eba5c","2020-12-04",219.89,65.97,240
"56154e85b0dacaa9d34e280f4470e0dd2db370c22d98ec775c7d2fd6827eba5c","2020-11-15",219.89,65.97,182
"56154e85b0dacaa9d34e280f4470e0dd2db370c22d98ec775c7d2fd6827eba5c","2019-10-21",219.89,65.97,91
"56154e85b0dacaa9d34e280f4470e0dd2db370c22d98ec775c7d2fd6827eba5c","2019-09-10",219.89,65.97,83
"56154e85b0dacaa9d34e280f4470e0dd2db370c22d98ec775c7d2fd6827eba5c","2019-07-14",219.89,65.97,98
"56154e85b0dacaa9d34e280f4470e0dd2db370c22d98ec775c7d2fd6827eba5c","2020-07-24",219.89,65.97,99
"56154e85b0dacaa9d34e280f4470e0dd2db370c22d98ec775c7d2fd6827eba5c","2020-04-11",219.89,65.97,101
"56154e85b0dacaa9d34e280f4470e0dd2db370c22d98ec775c7d2fd6827eba5c","2020-11-05",219.66,65.90,210
"56154e85b0dacaa9d34e280f4470e0dd2db370c22d98ec775c7d2fd6827eba5c","2020-08-06",219.89,65.97,171
"56154e85b0dacaa9d34e280f4470e0dd2db370c22d98ec775c7d2fd6827eba5c","2019-10-15",219.89,65.97,99
"56154e85b0dacaa9d34e280f4470e0dd2db370c22d98ec775c7d2fd6827eba5c","2020-10-01",219.89,65.97,173
"56154e85b0dacaa9d34e280f4470e0dd2db370c22d98ec775c7d2fd6827eba5c","2020-08-27",219.89,65.97,136
"56154e85b0dacaa9d34e280f4470e0dd2db370c22d98ec775c7d2fd6827eba5c","2020-01-25",219.89,65.97,79
"56154e85b0dacaa9d34e280f4470e0dd2db370c22d98ec775c7d2fd6827eba5c","2019-07-15",219.89,65.97,97
"56154e85b0dacaa9d34e280f4470e0dd2db370c22d98ec775c7d2fd6827eba5c","2019-12-23",188.77,56.63,30
"56154e85b0dacaa9d34e280f4470e0dd2db370c22d98ec775c7d2fd6827eba5c","2021-01-11",219.89,65.97,64
"56154e85b0dacaa9d34e280f4470e0dd2db370c22d98ec775c7d2fd6827eba5c","2019-10-27",219.89,65.97,90
"56154e85b0dacaa9d34e280f4470e0dd2db370c22d98ec775c7d2fd6827eba5c","2021-01-27",219.89,65.97,278
"56154e85b0dacaa9d34e280f4470e0dd2db370c22d98ec775c7d2fd6827eba5c","2020-06-24",219.89,65.97,101
"56154e85b0dacaa9d34e280f4470e0dd2db370c22d98ec775c7d2fd6827eba5c","2019-10-01",219.89,65.97,110
"56154e85b0dacaa9d34e280f4470e0dd2db370c22d98ec775c7d2fd6827eba5c","2019-05-29",219.89,65.97,62
"56154e85b0dacaa9d34e280f4470e0dd2db370c22d98ec775c7d2fd6827eba5c","2020-10-28",219.45,65.84,182
"56154e85b0dacaa9d34e280f4470e0dd2db370c22d98ec775c7d2fd6827eba5c","2019-11-25",219.89,65.97,98
"56154e85b0dacaa9d34e280f4470e0dd2db370c22d98ec775c7d2fd6827eba5c","2020-04-03",219.89,65.97,141
"56154e85b0dacaa9d34e280f4470e0dd2db370c22d98ec775c7d2fd6827eba5c","2020-08-25",219.89,65.97,54
"56154e85b0dacaa9d34e280f4470e0dd2db370c22d98ec775c7d2fd6827eba5c","2019-06-01",219.89,65.97,59
"56154e85b0dacaa9d34e280f4470e0dd2db370c22d98ec775c7d2fd6827eba5c","2020-01-11",219.89,65.97,93
"56154e85b0dacaa9d34e280f4470e0dd2db370c22d98ec775c7d2fd6827eba5c","2020-04-18",219.89,65.97,158
"56154e85b0dacaa9d34e280f4470e0dd2db370c22d98ec775c7d2fd6827eba5c","2020-10-12",219.89,65.97,73
"56154e85b0dacaa9d34e280f4470e0dd2db370c22d98ec775c7d2fd6827eba5c","2019-07-25",219.89,65.97,68
"56154e85b0dacaa9d34e280f4470e0dd2db370c22d98ec775c7d2fd6827eba5c","2021-01-05",219.89,65.97,374
"56154e85b0dacaa9d34e280f4470e0dd2db370c22d98ec775c7d2fd6827eba5c","2020-12-21",219.89,65.97,166
"56154e85b0dacaa9d34e280f4470e0dd2db370c22d98ec775c7d2fd6827eba5c","2020-12-22",219.89,65.97,346
"56154e85b0dacaa9d34e280f4470e0dd2db370c22d98ec775c7d2fd6827eba5c","2020-08-24",219.89,65.97,151
"56154e85b0dacaa9d34e280f4470e0dd2db370c22d98ec775c7d2fd6827eba5c","2020-09-14",219.89,65.97,172
"56154e85b0dacaa9d34e280f4470e0dd2db370c22d98ec775c7d2fd6827eba5c","2020-12-08",218.90,65.67,174
"56154e85b0dacaa9d34e280f4470e0dd2db370c22d98ec775c7d2fd6827eba5c","2020-09-24",219.89,65.97,164
"56154e85b0dacaa9d34e280f4470e0dd2db370c22d98ec775c7d2fd6827eba5c","2019-12-03",216.73,65.02,74
"56154e85b0dacaa9d34e280f4470e0dd2db370c22d98ec775c7d2fd6827eba5c","2019-06-11",219.89,65.97,69
"56154e85b0dacaa9d34e280f4470e0dd2db370c22d98ec775c7d2fd6827eba5c","2019-04-13",219.89,65.97,54
"56154e85b0dacaa9d34e280f4470e0dd2db370c22d98ec775c7d2fd6827eba5c","2019-04-22",219.32,65.80,89
"56154e85b0dacaa9d34e280f4470e0dd2db370c22d98ec775c7d2fd6827eba5c","2020-09-25",219.89,65.97,2
"56154e85b0dacaa9d34e280f4470e0dd2db370c22d98ec775c7d2fd6827eba5c","2020-01-12",219.89,65.97,89
"56154e85b0dacaa9d34e280f4470e0dd2db370c22d98ec775c7d2fd6827eba5c","2020-11-18",214.10,64.23,253
